============================================================
METHANE SEGMENTATION ZCU104 OPTIMIZED BENCHMARK
============================================================
Batch: 1 ALWAYS
Profile: max-e2e
Dataset images: 5
Runners: 2
Pre workers: 2
Post workers: 1
Slots/runner: 1
Pin: no
DPU subgraphs: 6 | CPU fallback subgraphs: 6
Input  : [1,512,512,4] INT8 fix=5
Output : [1,512,512,1] FLOAT32

============================================================
max_end_to_end_throughput
============================================================
batch              = 1
runners            = 2
pre_workers        = 2
post_workers       = 1
slots_per_runner   = 1
completed          = 5
wall_s             = 1.213915
THROUGHPUT FPS     = 4.118904
POWER sensors/samples = 1/8.000000
POWER mean/min/max W = 14.913875/14.400000/16.075000
ENERGY estimated J   = 18.104177

FPS EQUIVALENT FROM PER-JOB LATENCY
 average = 1.798843
 min     = 1.507935
 max     = 2.419897
 p95     = 1.514828
 p99     = 1.509309

LATENCY ms
 mean   = 555.912996
 median = 635.676750
 min    = 413.240780
 max    = 663.158560
 p90    = 657.123584
 p95    = 660.141072
 p99    = 662.555062
 stddev = 114.318236
 CV     = 0.205641
 jitter p99-p50 = 26.878312 ms

DPU STAGE ms
 mean = 236.494718
 p95  = 240.274898
 p99  = 240.896452

PREPROCESS mean = 166.263562 ms
POSTPROCESS mean = 6.120338 ms

INTER-COMPLETION ms
 mean = 199.867620
 p95  = 395.630519
 p99  = 397.985904
OUTPUT-CADENCE FPS
 average(system wall) = 4.118904
 min = 2.508940
 max = 161.906874
 p95 = 2.527611
 p99 = 2.512652

Results saved to:
/home/root/Benchmark_ZCU104/results_all_models/methane_mobilenet_v2/runs/30_pre_workers__max_e2e__r2_pre2_post1_spr1_nopin__rep1__n5__samples5__cpu0
