============================================================
METHANE SEGMENTATION ZCU104 OPTIMIZED BENCHMARK
============================================================
Batch: 1 ALWAYS
Profile: max-model-only
Dataset images: 342
Runners: 2
Pre workers: 1
Post workers: 1
Slots/runner: 1
Pin: no
DPU subgraphs: 6 | CPU fallback subgraphs: 6
Input  : [1,512,512,4] INT8 fix=5
Output : [1,512,512,1] FLOAT32

============================================================
max_model_only_throughput
============================================================
batch              = 1
runners            = 2
pre_workers        = 0
post_workers       = 0
slots_per_runner   = 1
completed          = 342
wall_s             = 36.345325
THROUGHPUT FPS     = 9.409738
POWER sensors/samples = 1/183.000000
POWER mean/min/max W = 15.303317/14.425000/17.437000
ENERGY estimated J   = 556.204030

FPS EQUIVALENT FROM PER-JOB LATENCY
 average = 4.713344
 min     = 4.523106
 max     = 4.774283
 p95     = 4.658650
 p99     = 4.645510

LATENCY ms
 mean   = 212.163599
 median = 211.798695
 min    = 209.455520
 max    = 221.087000
 p90    = 214.479640
 p95    = 214.654440
 p99    = 215.261597
 stddev = 2.195941
 CV     = 0.010350
 jitter p99-p50 = 3.462902 ms

DPU STAGE ms
 mean = 212.163599
 p95  = 214.654440
 p99  = 215.261597

INTER-COMPLETION ms
 mean = 105.949937
 p95  = 201.438300
 p99  = 209.453604
OUTPUT-CADENCE FPS
 average(system wall) = 9.409738
 min = 4.751168
 max = 1158.775406
 p95 = 4.964299
 p99 = 4.774327

Results saved to:
/home/root/Benchmark_ZCU104/results_all_models/methane_mobilenet_v3/runs/70_full_model_only__max_model_only__r2_pre1_post1_spr1_nopin__rep1__n0__samples0__cpu2
