============================================================
METHANE SEGMENTATION ZCU104 OPTIMIZED BENCHMARK
============================================================
Batch: 1 ALWAYS
Profile: max-e2e
Dataset images: 342
Runners: 2
Pre workers: 1
Post workers: 1
Slots/runner: 1
Pin: no
DPU subgraphs: 1 | CPU fallback subgraphs: 1
Input  : [1,512,512,4] INT8 fix=5
Output : [1,512,512,1] FLOAT32

============================================================
max_end_to_end_throughput
============================================================
batch              = 1
runners            = 2
pre_workers        = 1
post_workers       = 1
slots_per_runner   = 1
completed          = 342
wall_s             = 60.680423
THROUGHPUT FPS     = 5.636085
POWER sensors/samples = 1/304.000000
POWER mean/min/max W = 20.924543/14.900000/27.400000
ENERGY estimated J   = 1269.710106

FPS EQUIVALENT FROM PER-JOB LATENCY
 average = 2.746816
 min     = 2.350192
 max     = 3.241702
 p95     = 2.556374
 p99     = 2.412791

LATENCY ms
 mean   = 364.057848
 median = 362.398750
 min    = 308.479930
 max    = 425.497240
 p90    = 383.618945
 p95    = 391.179019
 p99    = 414.457768
 stddev = 19.119076
 CV     = 0.052517
 jitter p99-p50 = 52.059018 ms

DPU STAGE ms
 mean = 181.422158
 p95  = 182.812447
 p99  = 183.141052

PREPROCESS mean = 162.647259 ms
POSTPROCESS mean = 6.170961 ms

INTER-COMPLETION ms
 mean = 176.902609
 p95  = 204.932130
 p99  = 227.891274
OUTPUT-CADENCE FPS
 average(system wall) = 5.636085
 min = 4.178385
 max = 8.295693
 p95 = 4.879664
 p99 = 4.388057

Results saved to:
/home/root/Benchmark_ZCU104/results_all_models/methane_depth_reduced/runs/80_full_end_to_end__max_e2e__r2_pre1_post1_spr1_nopin__rep1__n0__samples0__cpu2
