============================================================
METHANE SEGMENTATION ZCU104 OPTIMIZED BENCHMARK
============================================================
Batch: 1 ALWAYS
Profile: max-e2e
Dataset images: 342
Runners: 2
Pre workers: 2
Post workers: 1
Slots/runner: 1
Pin: no
DPU subgraphs: 1 | CPU fallback subgraphs: 1
Input  : [1,512,512,4] INT8 fix=5
Output : [1,512,512,1] FLOAT32

============================================================
max_end_to_end_throughput
============================================================
batch              = 1
runners            = 2
pre_workers        = 2
post_workers       = 1
slots_per_runner   = 1
completed          = 342
wall_s             = 56.049331
THROUGHPUT FPS     = 6.101768
POWER sensors/samples = 1/281.000000
POWER mean/min/max W = 20.273480/14.825000/28.137000
ENERGY estimated J   = 1136.315021

FPS EQUIVALENT FROM PER-JOB LATENCY
 average = 2.028284
 min     = 1.920458
 max     = 2.946459
 p95     = 1.959758
 p99     = 1.938045

LATENCY ms
 mean   = 493.027569
 median = 496.428405
 min    = 339.390420
 max    = 520.709020
 p90    = 507.356306
 p95    = 510.267119
 p99    = 515.983957
 stddev = 17.755328
 CV     = 0.036013
 jitter p99-p50 = 19.555552 ms

DPU STAGE ms
 mean = 160.147714
 p95  = 164.423584
 p99  = 165.938168

PREPROCESS mean = 161.200789 ms
POSTPROCESS mean = 6.184595 ms

INTER-COMPLETION ms
 mean = 163.368692
 p95  = 306.417570
 p99  = 311.962578
OUTPUT-CADENCE FPS
 average(system wall) = 6.101768
 min = 3.124392
 max = 164.526452
 p95 = 3.263520
 p99 = 3.205513

Results saved to:
/home/root/Benchmark_ZCU104/results_all_models/methane_skip_connections/runs/80_full_end_to_end__max_e2e__r2_pre2_post1_spr1_nopin__rep1__n0__samples0__cpu3
