============================================================
METHANE SEGMENTATION ZCU104 OPTIMIZED BENCHMARK
============================================================
Batch: 1 ALWAYS
Profile: max-e2e
Dataset images: 342
Runners: 2
Pre workers: 1
Post workers: 1
Slots/runner: 1
Pin: no
DPU subgraphs: 6 | CPU fallback subgraphs: 6
Input  : [1,512,512,4] INT8 fix=5
Output : [1,512,512,1] FLOAT32

============================================================
max_end_to_end_throughput
============================================================
batch              = 1
runners            = 2
pre_workers        = 1
post_workers       = 1
slots_per_runner   = 1
completed          = 342
wall_s             = 68.777159
THROUGHPUT FPS     = 4.972581
POWER sensors/samples = 1/344.000000
POWER mean/min/max W = 15.364573/14.437000/18.312000
ENERGY estimated J   = 1056.731656

FPS EQUIVALENT FROM PER-JOB LATENCY
 average = 2.264359
 min     = 1.894481
 max     = 2.746318
 p95     = 2.055329
 p99     = 1.956776

LATENCY ms
 mean   = 441.626095
 median = 440.994000
 min    = 364.123920
 max    = 527.849080
 p90    = 474.323559
 p95    = 486.540086
 p99    = 511.044584
 stddev = 26.274584
 CV     = 0.059495
 jitter p99-p50 = 70.050584 ms

DPU STAGE ms
 mean = 235.004481
 p95  = 235.662242
 p99  = 238.845298

PREPROCESS mean = 158.937112 ms
POSTPROCESS mean = 6.145114 ms

INTER-COMPLETION ms
 mean = 200.486127
 p95  = 245.169840
 p99  = 270.371470
OUTPUT-CADENCE FPS
 average(system wall) = 4.972581
 min = 3.482707
 max = 8.136618
 p95 = 4.078805
 p99 = 3.698615

Results saved to:
/home/root/Benchmark_ZCU104/results_all_models/methane_mobilenet_v2/runs/80_full_end_to_end__max_e2e__r2_pre1_post1_spr1_nopin__rep1__n0__samples0__cpu4
