============================================================
METHANE SEGMENTATION ZCU104 OPTIMIZED BENCHMARK
============================================================
Batch: 1 ALWAYS
Profile: max-e2e
Dataset images: 342
Runners: 2
Pre workers: 1
Post workers: 1
Slots/runner: 1
Pin: no
DPU subgraphs: 6 | CPU fallback subgraphs: 6
Input  : [1,512,512,4] INT8 fix=5
Output : [1,512,512,1] FLOAT32

============================================================
max_end_to_end_throughput
============================================================
batch              = 1
runners            = 2
pre_workers        = 1
post_workers       = 1
slots_per_runner   = 1
completed          = 342
wall_s             = 65.307969
THROUGHPUT FPS     = 5.236727
POWER sensors/samples = 1/327.000000
POWER mean/min/max W = 15.150942/14.437000/17.425000
ENERGY estimated J   = 989.477239

FPS EQUIVALENT FROM PER-JOB LATENCY
 average = 2.451813
 min     = 2.039957
 max     = 2.972496
 p95     = 2.222602
 p99     = 2.088338

LATENCY ms
 mean   = 407.861418
 median = 406.751745
 min    = 336.417580
 max    = 490.206420
 p90    = 446.122256
 p95    = 449.923037
 p99    = 478.849656
 stddev = 29.283728
 CV     = 0.071798
 jitter p99-p50 = 72.097911 ms

DPU STAGE ms
 mean = 211.344332
 p95  = 213.660949
 p99  = 217.706687

PREPROCESS mean = 159.868396 ms
POSTPROCESS mean = 6.110459 ms

INTER-COMPLETION ms
 mean = 190.379951
 p95  = 234.019670
 p99  = 263.240406
OUTPUT-CADENCE FPS
 average(system wall) = 5.236727
 min = 3.642156
 max = 8.500616
 p95 = 4.273145
 p99 = 3.798809

Results saved to:
/home/root/Benchmark_ZCU104/results_all_models/methane_mobilenet_v3/runs/80_full_end_to_end__max_e2e__r2_pre1_post1_spr1_nopin__rep1__n0__samples0__cpu3
