============================================================
METHANE SEGMENTATION ZCU104 OPTIMIZED BENCHMARK
============================================================
Batch: 1 ALWAYS
Profile: max-e2e
Dataset images: 5
Runners: 1
Pre workers: 2
Post workers: 1
Slots/runner: 1
Pin: no
DPU subgraphs: 6 | CPU fallback subgraphs: 6
Input  : [1,512,512,4] INT8 fix=5
Output : [1,512,512,1] FLOAT32

============================================================
max_end_to_end_throughput
============================================================
batch              = 1
runners            = 1
pre_workers        = 2
post_workers       = 1
slots_per_runner   = 1
completed          = 5
wall_s             = 2.019642
THROUGHPUT FPS     = 2.475686
POWER sensors/samples = 1/12.000000
POWER mean/min/max W = 15.041417/14.400000/17.312000
ENERGY estimated J   = 30.378277

FPS EQUIVALENT FROM PER-JOB LATENCY
 average = 1.146586
 min     = 0.953221
 max     = 2.446499
 p95     = 0.953421
 p99     = 0.953261

LATENCY ms
 mean   = 872.154628
 median = 1038.773450
 min    = 408.747360
 max    = 1049.074930
 p90    = 1048.633598
 p95    = 1048.854264
 p99    = 1049.030797
 stddev = 248.133351
 CV     = 0.284506
 jitter p99-p50 = 10.257347 ms

DPU STAGE ms
 mean = 233.325016
 p95  = 233.613768
 p99  = 233.623890

PREPROCESS mean = 164.188972 ms
POSTPROCESS mean = 6.083046 ms

INTER-COMPLETION ms
 mean = 402.438075
 p95  = 407.330631
 p99  = 407.435878
OUTPUT-CADENCE FPS
 average(system wall) = 2.475686
 min = 2.454215
 max = 2.538176
 p95 = 2.455008
 p99 = 2.454374

Results saved to:
/home/root/Benchmark_ZCU104/results_all_models/methane_mobilenet_v2/runs/20_e2e_runners__max_e2e__r1_pre2_post1_spr1_nopin__rep1__n5__samples5__cpu0
