XModel: 1 subgrafos DPU, 1 CPU; 3425 amostras
Executando model_only...
model_only: 0/3425
model_only: 13/3425
model_only: 98/3425
model_only: 182/3425
model_only: 267/3425
model_only: 352/3425
model_only: 437/3425
model_only: 521/3425
model_only: 606/3425
model_only: 691/3425
model_only: 775/3425
model_only: 860/3425
model_only: 945/3425
model_only: 1029/3425
model_only: 1114/3425
model_only: 1199/3425
model_only: 1283/3425
model_only: 1368/3425
model_only: 1453/3425
model_only: 1538/3425
model_only: 1622/3425
model_only: 1707/3425
model_only: 1792/3425
model_only: 1876/3425
model_only: 1961/3425
model_only: 2046/3425
model_only: 2130/3425
model_only: 2215/3425
model_only: 2300/3425
model_only: 2384/3425
model_only: 2469/3425
model_only: 2554/3425
model_only: 2638/3425
model_only: 2723/3425
model_only: 2808/3425
model_only: 2892/3425
model_only: 2977/3425
model_only: 3062/3425
model_only: 3146/3425
model_only: 3231/3425
model_only: 3316/3425
model_only: 3401/3425
model_only: 3425/3425
model_only: 3425 inferencias em 40.4561 s; 84.6596 FPS de throughput; 42.3474 FPS por latencia; latencia media 23.6142 ms; p99 26.7182 ms
Executando end_to_end...
end_to_end: 0/3425
end_to_end: 4/3425
end_to_end: 10/3425
end_to_end: 17/3425
end_to_end: 24/3425
end_to_end: 31/3425
end_to_end: 38/3425
end_to_end: 45/3425
end_to_end: 51/3425
end_to_end: 58/3425
end_to_end: 64/3425
end_to_end: 71/3425
end_to_end: 78/3425
end_to_end: 85/3425
end_to_end: 92/3425
end_to_end: 98/3425
end_to_end: 105/3425
end_to_end: 112/3425
end_to_end: 118/3425
end_to_end: 126/3425
end_to_end: 132/3425
end_to_end: 139/3425
end_to_end: 145/3425
end_to_end: 152/3425
end_to_end: 160/3425
end_to_end: 167/3425
end_to_end: 174/3425
end_to_end: 181/3425
end_to_end: 188/3425
end_to_end: 194/3425
end_to_end: 201/3425
end_to_end: 208/3425
end_to_end: 216/3425
end_to_end: 222/3425
end_to_end: 230/3425
end_to_end: 236/3425
end_to_end: 244/3425
end_to_end: 250/3425
end_to_end: 258/3425
end_to_end: 264/3425
end_to_end: 272/3425
end_to_end: 278/3425
end_to_end: 286/3425
end_to_end: 293/3425
end_to_end: 300/3425
end_to_end: 307/3425
end_to_end: 314/3425
end_to_end: 322/3425
end_to_end: 328/3425
end_to_end: 336/3425
end_to_end: 342/3425
end_to_end: 349/3425
end_to_end: 356/3425
end_to_end: 364/3425
end_to_end: 370/3425
end_to_end: 377/3425
end_to_end: 384/3425
end_to_end: 391/3425
end_to_end: 399/3425
end_to_end: 406/3425
end_to_end: 413/3425
end_to_end: 420/3425
end_to_end: 427/3425
end_to_end: 435/3425
end_to_end: 441/3425
end_to_end: 447/3425
end_to_end: 454/3425
end_to_end: 461/3425
end_to_end: 467/3425
end_to_end: 475/3425
end_to_end: 482/3425
end_to_end: 489/3425
end_to_end: 496/3425
end_to_end: 503/3425
end_to_end: 510/3425
end_to_end: 517/3425
end_to_end: 524/3425
end_to_end: 532/3425
end_to_end: 539/3425
end_to_end: 546/3425
end_to_end: 553/3425
end_to_end: 559/3425
end_to_end: 567/3425
end_to_end: 574/3425
end_to_end: 581/3425
end_to_end: 587/3425
end_to_end: 595/3425
end_to_end: 601/3425
end_to_end: 609/3425
end_to_end: 615/3425
end_to_end: 623/3425
end_to_end: 629/3425
end_to_end: 636/3425
end_to_end: 643/3425
end_to_end: 650/3425
end_to_end: 656/3425
end_to_end: 663/3425
end_to_end: 670/3425
end_to_end: 677/3425
end_to_end: 684/3425
end_to_end: 691/3425
end_to_end: 697/3425
end_to_end: 704/3425
end_to_end: 711/3425
end_to_end: 717/3425
end_to_end: 725/3425
end_to_end: 731/3425
end_to_end: 738/3425
end_to_end: 745/3425
end_to_end: 753/3425
end_to_end: 759/3425
end_to_end: 767/3425
end_to_end: 774/3425
end_to_end: 781/3425
end_to_end: 788/3425
end_to_end: 794/3425
end_to_end: 802/3425
end_to_end: 808/3425
end_to_end: 816/3425
end_to_end: 823/3425
end_to_end: 830/3425
end_to_end: 837/3425
end_to_end: 844/3425
end_to_end: 851/3425
end_to_end: 859/3425
end_to_end: 865/3425
end_to_end: 873/3425
end_to_end: 879/3425
end_to_end: 887/3425
end_to_end: 893/3425
end_to_end: 900/3425
end_to_end: 907/3425
end_to_end: 915/3425
end_to_end: 921/3425
end_to_end: 928/3425
end_to_end: 935/3425
end_to_end: 941/3425
end_to_end: 947/3425
end_to_end: 954/3425
end_to_end: 961/3425
end_to_end: 967/3425
end_to_end: 973/3425
end_to_end: 979/3425
end_to_end: 986/3425
end_to_end: 993/3425
end_to_end: 999/3425
end_to_end: 1005/3425
end_to_end: 1011/3425
end_to_end: 1017/3425
end_to_end: 1025/3425
end_to_end: 1031/3425
end_to_end: 1039/3425
end_to_end: 1045/3425
end_to_end: 1051/3425
end_to_end: 1059/3425
end_to_end: 1065/3425
end_to_end: 1073/3425
end_to_end: 1080/3425
end_to_end: 1087/3425
end_to_end: 1095/3425
end_to_end: 1101/3425
end_to_end: 1109/3425
end_to_end: 1115/3425
end_to_end: 1123/3425
end_to_end: 1131/3425
end_to_end: 1137/3425
end_to_end: 1145/3425
end_to_end: 1151/3425
end_to_end: 1158/3425
end_to_end: 1165/3425
end_to_end: 1171/3425
end_to_end: 1179/3425
end_to_end: 1185/3425
end_to_end: 1193/3425
end_to_end: 1200/3425
end_to_end: 1206/3425
end_to_end: 1214/3425
end_to_end: 1220/3425
end_to_end: 1227/3425
end_to_end: 1234/3425
end_to_end: 1240/3425
end_to_end: 1248/3425
end_to_end: 1254/3425
end_to_end: 1261/3425
end_to_end: 1267/3425
end_to_end: 1274/3425
end_to_end: 1282/3425
end_to_end: 1288/3425
end_to_end: 1294/3425
end_to_end: 1300/3425
end_to_end: 1306/3425
end_to_end: 1313/3425
end_to_end: 1320/3425
end_to_end: 1326/3425
end_to_end: 1334/3425
end_to_end: 1340/3425
end_to_end: 1347/3425
end_to_end: 1354/3425
end_to_end: 1360/3425
end_to_end: 1368/3425
end_to_end: 1374/3425
end_to_end: 1382/3425
end_to_end: 1389/3425
end_to_end: 1396/3425
end_to_end: 1402/3425
end_to_end: 1410/3425
end_to_end: 1417/3425
end_to_end: 1424/3425
end_to_end: 1430/3425
end_to_end: 1438/3425
end_to_end: 1444/3425
end_to_end: 1451/3425
end_to_end: 1458/3425
end_to_end: 1465/3425
end_to_end: 1472/3425
end_to_end: 1478/3425
end_to_end: 1485/3425
end_to_end: 1492/3425
end_to_end: 1499/3425
end_to_end: 1505/3425
end_to_end: 1513/3425
end_to_end: 1520/3425
end_to_end: 1527/3425
end_to_end: 1533/3425
end_to_end: 1541/3425
end_to_end: 1547/3425
end_to_end: 1553/3425
end_to_end: 1561/3425
end_to_end: 1567/3425
end_to_end: 1575/3425
end_to_end: 1581/3425
end_to_end: 1587/3425
end_to_end: 1595/3425
end_to_end: 1601/3425
end_to_end: 1607/3425
end_to_end: 1615/3425
end_to_end: 1621/3425
end_to_end: 1628/3425
end_to_end: 1635/3425
end_to_end: 1639/3425
end_to_end: 1647/3425
end_to_end: 1653/3425
end_to_end: 1659/3425
end_to_end: 1666/3425
end_to_end: 1673/3425
end_to_end: 1679/3425
end_to_end: 1686/3425
end_to_end: 1693/3425
end_to_end: 1699/3425
end_to_end: 1706/3425
end_to_end: 1713/3425
end_to_end: 1720/3425
end_to_end: 1728/3425
end_to_end: 1736/3425
end_to_end: 1742/3425
end_to_end: 1750/3425
end_to_end: 1759/3425
end_to_end: 1765/3425
end_to_end: 1773/3425
end_to_end: 1781/3425
end_to_end: 1789/3425
end_to_end: 1795/3425
end_to_end: 1804/3425
end_to_end: 1810/3425
end_to_end: 1818/3425
end_to_end: 1826/3425
end_to_end: 1834/3425
end_to_end: 1841/3425
end_to_end: 1848/3425
end_to_end: 1856/3425
end_to_end: 1864/3425
end_to_end: 1872/3425
end_to_end: 1879/3425
end_to_end: 1887/3425
end_to_end: 1894/3425
end_to_end: 1898/3425
end_to_end: 1906/3425
end_to_end: 1914/3425
end_to_end: 1921/3425
end_to_end: 1929/3425
end_to_end: 1936/3425
end_to_end: 1944/3425
end_to_end: 1951/3425
end_to_end: 1959/3425
end_to_end: 1966/3425
end_to_end: 1973/3425
end_to_end: 1981/3425
end_to_end: 1989/3425
end_to_end: 1996/3425
end_to_end: 2004/3425
end_to_end: 2011/3425
end_to_end: 2019/3425
end_to_end: 2026/3425
end_to_end: 2034/3425
end_to_end: 2042/3425
end_to_end: 2051/3425
end_to_end: 2058/3425
end_to_end: 2065/3425
end_to_end: 2075/3425
end_to_end: 2083/3425
end_to_end: 2089/3425
end_to_end: 2097/3425
end_to_end: 2104/3425
end_to_end: 2111/3425
end_to_end: 2118/3425
end_to_end: 2125/3425
end_to_end: 2133/3425
end_to_end: 2141/3425
end_to_end: 2148/3425
end_to_end: 2156/3425
end_to_end: 2163/3425
end_to_end: 2169/3425
end_to_end: 2176/3425
end_to_end: 2184/3425
end_to_end: 2192/3425
end_to_end: 2200/3425
end_to_end: 2208/3425
end_to_end: 2216/3425
end_to_end: 2224/3425
end_to_end: 2232/3425
end_to_end: 2240/3425
end_to_end: 2248/3425
end_to_end: 2254/3425
end_to_end: 2260/3425
end_to_end: 2268/3425
end_to_end: 2275/3425
end_to_end: 2282/3425
end_to_end: 2289/3425
end_to_end: 2296/3425
end_to_end: 2304/3425
end_to_end: 2311/3425
end_to_end: 2318/3425
end_to_end: 2326/3425
end_to_end: 2332/3425
end_to_end: 2340/3425
end_to_end: 2349/3425
end_to_end: 2356/3425
end_to_end: 2363/3425
end_to_end: 2371/3425
end_to_end: 2379/3425
end_to_end: 2386/3425
end_to_end: 2393/3425
end_to_end: 2398/3425
end_to_end: 2406/3425
end_to_end: 2412/3425
end_to_end: 2420/3425
end_to_end: 2427/3425
end_to_end: 2434/3425
end_to_end: 2442/3425
end_to_end: 2449/3425
end_to_end: 2456/3425
end_to_end: 2464/3425
end_to_end: 2471/3425
end_to_end: 2478/3425
end_to_end: 2485/3425
end_to_end: 2493/3425
end_to_end: 2499/3425
end_to_end: 2508/3425
end_to_end: 2516/3425
end_to_end: 2523/3425
end_to_end: 2531/3425
end_to_end: 2538/3425
end_to_end: 2546/3425
end_to_end: 2553/3425
end_to_end: 2561/3425
end_to_end: 2567/3425
end_to_end: 2575/3425
end_to_end: 2582/3425
end_to_end: 2589/3425
end_to_end: 2597/3425
end_to_end: 2603/3425
end_to_end: 2611/3425
end_to_end: 2618/3425
end_to_end: 2623/3425
end_to_end: 2631/3425
end_to_end: 2637/3425
end_to_end: 2643/3425
end_to_end: 2652/3425
end_to_end: 2659/3425
end_to_end: 2667/3425
end_to_end: 2674/3425
end_to_end: 2681/3425
end_to_end: 2688/3425
end_to_end: 2696/3425
end_to_end: 2704/3425
end_to_end: 2710/3425
end_to_end: 2718/3425
end_to_end: 2726/3425
end_to_end: 2732/3425
end_to_end: 2739/3425
end_to_end: 2747/3425
end_to_end: 2754/3425
end_to_end: 2762/3425
end_to_end: 2769/3425
end_to_end: 2776/3425
end_to_end: 2784/3425
end_to_end: 2792/3425
end_to_end: 2798/3425
end_to_end: 2804/3425
end_to_end: 2812/3425
end_to_end: 2820/3425
end_to_end: 2826/3425
end_to_end: 2834/3425
end_to_end: 2841/3425
end_to_end: 2850/3425
end_to_end: 2856/3425
end_to_end: 2864/3425
end_to_end: 2872/3425
end_to_end: 2880/3425
end_to_end: 2886/3425
end_to_end: 2894/3425
end_to_end: 2902/3425
end_to_end: 2908/3425
end_to_end: 2916/3425
end_to_end: 2926/3425
end_to_end: 2933/3425
end_to_end: 2941/3425
end_to_end: 2948/3425
end_to_end: 2955/3425
end_to_end: 2961/3425
end_to_end: 2969/3425
end_to_end: 2975/3425
end_to_end: 2983/3425
end_to_end: 2991/3425
end_to_end: 2999/3425
end_to_end: 3006/3425
end_to_end: 3014/3425
end_to_end: 3021/3425
end_to_end: 3028/3425
end_to_end: 3034/3425
end_to_end: 3042/3425
end_to_end: 3049/3425
end_to_end: 3056/3425
end_to_end: 3064/3425
end_to_end: 3071/3425
end_to_end: 3078/3425
end_to_end: 3085/3425
end_to_end: 3093/3425
end_to_end: 3100/3425
end_to_end: 3107/3425
end_to_end: 3113/3425
end_to_end: 3121/3425
end_to_end: 3129/3425
end_to_end: 3137/3425
end_to_end: 3144/3425
end_to_end: 3152/3425
end_to_end: 3160/3425
end_to_end: 3166/3425
end_to_end: 3175/3425
end_to_end: 3183/3425
end_to_end: 3190/3425
end_to_end: 3198/3425
end_to_end: 3206/3425
end_to_end: 3212/3425
end_to_end: 3219/3425
end_to_end: 3226/3425
end_to_end: 3235/3425
end_to_end: 3242/3425
end_to_end: 3250/3425
end_to_end: 3257/3425
end_to_end: 3265/3425
end_to_end: 3272/3425
end_to_end: 3279/3425
end_to_end: 3287/3425
end_to_end: 3293/3425
end_to_end: 3301/3425
end_to_end: 3310/3425
end_to_end: 3319/3425
end_to_end: 3326/3425
end_to_end: 3334/3425
end_to_end: 3342/3425
end_to_end: 3348/3425
end_to_end: 3356/3425
end_to_end: 3364/3425
end_to_end: 3371/3425
end_to_end: 3378/3425
end_to_end: 3383/3425
end_to_end: 3390/3425
end_to_end: 3397/3425
end_to_end: 3405/3425
end_to_end: 3413/3425
end_to_end: 3421/3425
end_to_end: 3425/3425
end_to_end: 3425 inferencias em 480.927 s; 7.12166 FPS de throughput; 3.26365 FPS por latencia; latencia media 306.406 ms; p99 390.293 ms
Validando segmentacao...
validacao: 0/3425
validacao: 4/3425
validacao: 8/3425
validacao: 12/3425
validacao: 15/3425
validacao: 19/3425
validacao: 23/3425
validacao: 27/3425
validacao: 31/3425
validacao: 34/3425
validacao: 38/3425
validacao: 42/3425
validacao: 46/3425
validacao: 49/3425
validacao: 53/3425
validacao: 57/3425
validacao: 61/3425
validacao: 64/3425
validacao: 68/3425
validacao: 72/3425
validacao: 76/3425
validacao: 79/3425
validacao: 83/3425
validacao: 87/3425
validacao: 91/3425
validacao: 94/3425
validacao: 98/3425
validacao: 102/3425
validacao: 105/3425
validacao: 109/3425
validacao: 112/3425
validacao: 116/3425
validacao: 120/3425
validacao: 124/3425
validacao: 128/3425
validacao: 131/3425
validacao: 135/3425
validacao: 139/3425
validacao: 142/3425
validacao: 146/3425
validacao: 150/3425
validacao: 154/3425
validacao: 158/3425
validacao: 162/3425
validacao: 166/3425
validacao: 169/3425
validacao: 173/3425
validacao: 177/3425
validacao: 181/3425
validacao: 185/3425
validacao: 189/3425
validacao: 193/3425
validacao: 196/3425
validacao: 200/3425
validacao: 204/3425
validacao: 208/3425
validacao: 212/3425
validacao: 216/3425
validacao: 219/3425
validacao: 223/3425
validacao: 227/3425
validacao: 231/3425
validacao: 235/3425
validacao: 239/3425
validacao: 243/3425
validacao: 247/3425
validacao: 250/3425
validacao: 254/3425
validacao: 258/3425
validacao: 262/3425
validacao: 266/3425
validacao: 269/3425
validacao: 273/3425
validacao: 277/3425
validacao: 281/3425
validacao: 285/3425
validacao: 288/3425
validacao: 292/3425
validacao: 296/3425
validacao: 300/3425
validacao: 304/3425
validacao: 308/3425
validacao: 312/3425
validacao: 316/3425
validacao: 319/3425
validacao: 323/3425
validacao: 327/3425
validacao: 331/3425
validacao: 335/3425
validacao: 339/3425
validacao: 342/3425
validacao: 346/3425
validacao: 350/3425
validacao: 353/3425
validacao: 357/3425
validacao: 361/3425
validacao: 365/3425
validacao: 369/3425
validacao: 373/3425
validacao: 376/3425
validacao: 380/3425
validacao: 384/3425
validacao: 388/3425
validacao: 392/3425
validacao: 396/3425
validacao: 400/3425
validacao: 403/3425
validacao: 407/3425
validacao: 411/3425
validacao: 415/3425
validacao: 419/3425
validacao: 423/3425
validacao: 427/3425
validacao: 431/3425
validacao: 434/3425
validacao: 438/3425
validacao: 442/3425
validacao: 446/3425
validacao: 449/3425
validacao: 453/3425
validacao: 457/3425
validacao: 461/3425
validacao: 464/3425
validacao: 468/3425
validacao: 472/3425
validacao: 476/3425
validacao: 480/3425
validacao: 484/3425
validacao: 488/3425
validacao: 491/3425
validacao: 495/3425
validacao: 499/3425
validacao: 503/3425
validacao: 507/3425
validacao: 511/3425
validacao: 515/3425
validacao: 518/3425
validacao: 522/3425
validacao: 526/3425
validacao: 530/3425
validacao: 534/3425
validacao: 538/3425
validacao: 542/3425
validacao: 546/3425
validacao: 549/3425
validacao: 553/3425
validacao: 557/3425
validacao: 561/3425
validacao: 565/3425
validacao: 569/3425
validacao: 573/3425
validacao: 576/3425
validacao: 580/3425
validacao: 583/3425
validacao: 587/3425
validacao: 591/3425
validacao: 595/3425
validacao: 599/3425
validacao: 603/3425
validacao: 606/3425
validacao: 610/3425
validacao: 614/3425
validacao: 618/3425
validacao: 622/3425
validacao: 626/3425
validacao: 630/3425
validacao: 634/3425
validacao: 637/3425
validacao: 641/3425
validacao: 645/3425
validacao: 649/3425
validacao: 652/3425
validacao: 656/3425
validacao: 660/3425
validacao: 664/3425
validacao: 668/3425
validacao: 671/3425
validacao: 675/3425
validacao: 679/3425
validacao: 683/3425
validacao: 687/3425
validacao: 691/3425
validacao: 694/3425
validacao: 698/3425
validacao: 702/3425
validacao: 706/3425
validacao: 710/3425
validacao: 713/3425
validacao: 717/3425
validacao: 721/3425
validacao: 724/3425
validacao: 728/3425
validacao: 732/3425
validacao: 736/3425
validacao: 739/3425
validacao: 743/3425
validacao: 747/3425
validacao: 751/3425
validacao: 755/3425
validacao: 759/3425
validacao: 763/3425
validacao: 766/3425
validacao: 770/3425
validacao: 774/3425
validacao: 778/3425
validacao: 782/3425
validacao: 786/3425
validacao: 789/3425
validacao: 793/3425
validacao: 797/3425
validacao: 801/3425
validacao: 805/3425
validacao: 809/3425
validacao: 813/3425
validacao: 817/3425
validacao: 820/3425
validacao: 824/3425
validacao: 828/3425
validacao: 832/3425
validacao: 836/3425
validacao: 840/3425
validacao: 844/3425
validacao: 848/3425
validacao: 851/3425
validacao: 855/3425
validacao: 859/3425
validacao: 863/3425
validacao: 867/3425
validacao: 870/3425
validacao: 874/3425
validacao: 878/3425
validacao: 882/3425
validacao: 886/3425
validacao: 889/3425
validacao: 893/3425
validacao: 897/3425
validacao: 901/3425
validacao: 905/3425
validacao: 909/3425
validacao: 913/3425
validacao: 917/3425
validacao: 920/3425
validacao: 924/3425
validacao: 928/3425
validacao: 931/3425
validacao: 935/3425
validacao: 939/3425
validacao: 942/3425
validacao: 946/3425
validacao: 950/3425
validacao: 953/3425
validacao: 957/3425
validacao: 960/3425
validacao: 964/3425
validacao: 967/3425
validacao: 971/3425
validacao: 975/3425
validacao: 978/3425
validacao: 982/3425
validacao: 985/3425
validacao: 989/3425
validacao: 993/3425
validacao: 996/3425
validacao: 1000/3425
validacao: 1003/3425
validacao: 1007/3425
validacao: 1011/3425
validacao: 1014/3425
validacao: 1018/3425
validacao: 1022/3425
validacao: 1025/3425
validacao: 1029/3425
validacao: 1033/3425
validacao: 1037/3425
validacao: 1041/3425
validacao: 1045/3425
validacao: 1048/3425
validacao: 1052/3425
validacao: 1056/3425
validacao: 1060/3425
validacao: 1064/3425
validacao: 1068/3425
validacao: 1071/3425
validacao: 1075/3425
validacao: 1079/3425
validacao: 1083/3425
validacao: 1087/3425
validacao: 1091/3425
validacao: 1095/3425
validacao: 1098/3425
validacao: 1102/3425
validacao: 1106/3425
validacao: 1110/3425
validacao: 1114/3425
validacao: 1117/3425
validacao: 1121/3425
validacao: 1125/3425
validacao: 1129/3425
validacao: 1133/3425
validacao: 1137/3425
validacao: 1141/3425
validacao: 1145/3425
validacao: 1149/3425
validacao: 1152/3425
validacao: 1156/3425
validacao: 1160/3425
validacao: 1164/3425
validacao: 1167/3425
validacao: 1171/3425
validacao: 1175/3425
validacao: 1179/3425
validacao: 1182/3425
validacao: 1186/3425
validacao: 1190/3425
validacao: 1194/3425
validacao: 1198/3425
validacao: 1201/3425
validacao: 1205/3425
validacao: 1209/3425
validacao: 1213/3425
validacao: 1217/3425
validacao: 1220/3425
validacao: 1224/3425
validacao: 1228/3425
validacao: 1232/3425
validacao: 1236/3425
validacao: 1239/3425
validacao: 1243/3425
validacao: 1247/3425
validacao: 1251/3425
validacao: 1255/3425
validacao: 1258/3425
validacao: 1262/3425
validacao: 1266/3425
validacao: 1269/3425
validacao: 1273/3425
validacao: 1277/3425
validacao: 1281/3425
validacao: 1285/3425
validacao: 1289/3425
validacao: 1292/3425
validacao: 1296/3425
validacao: 1299/3425
validacao: 1303/3425
validacao: 1307/3425
validacao: 1310/3425
validacao: 1314/3425
validacao: 1317/3425
validacao: 1321/3425
validacao: 1325/3425
validacao: 1329/3425
validacao: 1332/3425
validacao: 1336/3425
validacao: 1340/3425
validacao: 1344/3425
validacao: 1347/3425
validacao: 1351/3425
validacao: 1355/3425
validacao: 1358/3425
validacao: 1362/3425
validacao: 1366/3425
validacao: 1370/3425
validacao: 1374/3425
validacao: 1378/3425
validacao: 1382/3425
validacao: 1386/3425
validacao: 1389/3425
validacao: 1393/3425
validacao: 1397/3425
validacao: 1401/3425
validacao: 1405/3425
validacao: 1409/3425
validacao: 1413/3425
validacao: 1416/3425
validacao: 1420/3425
validacao: 1424/3425
validacao: 1428/3425
validacao: 1432/3425
validacao: 1435/3425
validacao: 1439/3425
validacao: 1443/3425
validacao: 1446/3425
validacao: 1450/3425
validacao: 1454/3425
validacao: 1458/3425
validacao: 1462/3425
validacao: 1466/3425
validacao: 1469/3425
validacao: 1473/3425
validacao: 1477/3425
validacao: 1481/3425
validacao: 1484/3425
validacao: 1488/3425
validacao: 1492/3425
validacao: 1496/3425
validacao: 1499/3425
validacao: 1503/3425
validacao: 1507/3425
validacao: 1511/3425
validacao: 1515/3425
validacao: 1519/3425
validacao: 1522/3425
validacao: 1526/3425
validacao: 1530/3425
validacao: 1534/3425
validacao: 1537/3425
validacao: 1541/3425
validacao: 1545/3425
validacao: 1549/3425
validacao: 1552/3425
validacao: 1556/3425
validacao: 1560/3425
validacao: 1563/3425
validacao: 1567/3425
validacao: 1571/3425
validacao: 1575/3425
validacao: 1579/3425
validacao: 1582/3425
validacao: 1586/3425
validacao: 1589/3425
validacao: 1593/3425
validacao: 1597/3425
validacao: 1600/3425
validacao: 1604/3425
validacao: 1608/3425
validacao: 1612/3425
validacao: 1615/3425
validacao: 1619/3425
validacao: 1623/3425
validacao: 1627/3425
validacao: 1630/3425
validacao: 1634/3425
validacao: 1638/3425
validacao: 1641/3425
validacao: 1645/3425
validacao: 1649/3425
validacao: 1652/3425
validacao: 1656/3425
validacao: 1660/3425
validacao: 1663/3425
validacao: 1667/3425
validacao: 1671/3425
validacao: 1674/3425
validacao: 1678/3425
validacao: 1682/3425
validacao: 1685/3425
validacao: 1689/3425
validacao: 1693/3425
validacao: 1696/3425
validacao: 1700/3425
validacao: 1704/3425
validacao: 1707/3425
validacao: 1711/3425
validacao: 1715/3425
validacao: 1719/3425
validacao: 1723/3425
validacao: 1727/3425
validacao: 1731/3425
validacao: 1735/3425
validacao: 1738/3425
validacao: 1743/3425
validacao: 1746/3425
validacao: 1750/3425
validacao: 1755/3425
validacao: 1759/3425
validacao: 1763/3425
validacao: 1767/3425
validacao: 1771/3425
validacao: 1775/3425
validacao: 1779/3425
validacao: 1783/3425
validacao: 1787/3425
validacao: 1791/3425
validacao: 1795/3425
validacao: 1799/3425
validacao: 1803/3425
validacao: 1807/3425
validacao: 1811/3425
validacao: 1815/3425
validacao: 1819/3425
validacao: 1823/3425
validacao: 1827/3425
validacao: 1831/3425
validacao: 1835/3425
validacao: 1839/3425
validacao: 1843/3425
validacao: 1847/3425
validacao: 1851/3425
validacao: 1855/3425
validacao: 1859/3425
validacao: 1863/3425
validacao: 1868/3425
validacao: 1872/3425
validacao: 1876/3425
validacao: 1880/3425
validacao: 1883/3425
validacao: 1887/3425
validacao: 1891/3425
validacao: 1895/3425
validacao: 1899/3425
validacao: 1903/3425
validacao: 1907/3425
validacao: 1912/3425
validacao: 1915/3425
validacao: 1919/3425
validacao: 1923/3425
validacao: 1927/3425
validacao: 1931/3425
validacao: 1935/3425
validacao: 1939/3425
validacao: 1943/3425
validacao: 1947/3425
validacao: 1951/3425
validacao: 1955/3425
validacao: 1959/3425
validacao: 1963/3425
validacao: 1967/3425
validacao: 1971/3425
validacao: 1975/3425
validacao: 1979/3425
validacao: 1983/3425
validacao: 1987/3425
validacao: 1990/3425
validacao: 1994/3425
validacao: 1999/3425
validacao: 2003/3425
validacao: 2007/3425
validacao: 2011/3425
validacao: 2015/3425
validacao: 2019/3425
validacao: 2023/3425
validacao: 2027/3425
validacao: 2031/3425
validacao: 2035/3425
validacao: 2040/3425
validacao: 2044/3425
validacao: 2047/3425
validacao: 2052/3425
validacao: 2056/3425
validacao: 2060/3425
validacao: 2063/3425
validacao: 2067/3425
validacao: 2072/3425
validacao: 2076/3425
validacao: 2080/3425
validacao: 2084/3425
validacao: 2088/3425
validacao: 2092/3425
validacao: 2096/3425
validacao: 2100/3425
validacao: 2104/3425
validacao: 2108/3425
validacao: 2112/3425
validacao: 2116/3425
validacao: 2119/3425
validacao: 2123/3425
validacao: 2127/3425
validacao: 2131/3425
validacao: 2135/3425
validacao: 2139/3425
validacao: 2143/3425
validacao: 2147/3425
validacao: 2151/3425
validacao: 2155/3425
validacao: 2159/3425
validacao: 2163/3425
validacao: 2167/3425
validacao: 2172/3425
validacao: 2176/3425
validacao: 2179/3425
validacao: 2184/3425
validacao: 2188/3425
validacao: 2192/3425
validacao: 2196/3425
validacao: 2199/3425
validacao: 2204/3425
validacao: 2207/3425
validacao: 2211/3425
validacao: 2215/3425
validacao: 2220/3425
validacao: 2224/3425
validacao: 2228/3425
validacao: 2232/3425
validacao: 2236/3425
validacao: 2240/3425
validacao: 2244/3425
validacao: 2248/3425
validacao: 2252/3425
validacao: 2256/3425
validacao: 2260/3425
validacao: 2264/3425
validacao: 2267/3425
validacao: 2271/3425
validacao: 2275/3425
validacao: 2278/3425
validacao: 2282/3425
validacao: 2286/3425
validacao: 2290/3425
validacao: 2294/3425
validacao: 2298/3425
validacao: 2302/3425
validacao: 2306/3425
validacao: 2310/3425
validacao: 2313/3425
validacao: 2317/3425
validacao: 2321/3425
validacao: 2325/3425
validacao: 2329/3425
validacao: 2333/3425
validacao: 2337/3425
validacao: 2341/3425
validacao: 2345/3425
validacao: 2349/3425
validacao: 2353/3425
validacao: 2357/3425
validacao: 2361/3425
validacao: 2365/3425
validacao: 2369/3425
validacao: 2373/3425
validacao: 2377/3425
validacao: 2381/3425
validacao: 2385/3425
validacao: 2389/3425
validacao: 2393/3425
validacao: 2397/3425
validacao: 2401/3425
validacao: 2405/3425
validacao: 2409/3425
validacao: 2412/3425
validacao: 2416/3425
validacao: 2419/3425
validacao: 2424/3425
validacao: 2428/3425
validacao: 2431/3425
validacao: 2436/3425
validacao: 2440/3425
validacao: 2444/3425
validacao: 2447/3425
validacao: 2451/3425
validacao: 2455/3425
validacao: 2459/3425
validacao: 2463/3425
validacao: 2467/3425
validacao: 2471/3425
validacao: 2475/3425
validacao: 2479/3425
validacao: 2483/3425
validacao: 2487/3425
validacao: 2491/3425
validacao: 2495/3425
validacao: 2499/3425
validacao: 2503/3425
validacao: 2507/3425
validacao: 2512/3425
validacao: 2516/3425
validacao: 2520/3425
validacao: 2524/3425
validacao: 2528/3425
validacao: 2532/3425
validacao: 2536/3425
validacao: 2540/3425
validacao: 2544/3425
validacao: 2548/3425
validacao: 2551/3425
validacao: 2555/3425
validacao: 2559/3425
validacao: 2563/3425
validacao: 2567/3425
validacao: 2571/3425
validacao: 2575/3425
validacao: 2579/3425
validacao: 2583/3425
validacao: 2587/3425
validacao: 2591/3425
validacao: 2595/3425
validacao: 2599/3425
validacao: 2602/3425
validacao: 2606/3425
validacao: 2610/3425
validacao: 2614/3425
validacao: 2618/3425
validacao: 2623/3425
validacao: 2626/3425
validacao: 2631/3425
validacao: 2634/3425
validacao: 2638/3425
validacao: 2642/3425
validacao: 2646/3425
validacao: 2650/3425
validacao: 2654/3425
validacao: 2658/3425
validacao: 2662/3425
validacao: 2666/3425
validacao: 2670/3425
validacao: 2674/3425
validacao: 2677/3425
validacao: 2681/3425
validacao: 2685/3425
validacao: 2689/3425
validacao: 2692/3425
validacao: 2696/3425
validacao: 2700/3425
validacao: 2704/3425
validacao: 2708/3425
validacao: 2712/3425
validacao: 2716/3425
validacao: 2720/3425
validacao: 2724/3425
validacao: 2728/3425
validacao: 2732/3425
validacao: 2736/3425
validacao: 2740/3425
validacao: 2744/3425
validacao: 2748/3425
validacao: 2752/3425
validacao: 2756/3425
validacao: 2760/3425
validacao: 2764/3425
validacao: 2768/3425
validacao: 2772/3425
validacao: 2776/3425
validacao: 2780/3425
validacao: 2784/3425
validacao: 2788/3425
validacao: 2792/3425
validacao: 2796/3425
validacao: 2800/3425
validacao: 2804/3425
validacao: 2808/3425
validacao: 2812/3425
validacao: 2816/3425
validacao: 2819/3425
validacao: 2823/3425
validacao: 2827/3425
validacao: 2831/3425
validacao: 2835/3425
validacao: 2839/3425
validacao: 2843/3425
validacao: 2848/3425
validacao: 2851/3425
validacao: 2855/3425
validacao: 2859/3425
validacao: 2863/3425
validacao: 2867/3425
validacao: 2871/3425
validacao: 2876/3425
validacao: 2880/3425
validacao: 2883/3425
validacao: 2888/3425
validacao: 2892/3425
validacao: 2896/3425
validacao: 2900/3425
validacao: 2904/3425
validacao: 2908/3425
validacao: 2911/3425
validacao: 2916/3425
validacao: 2920/3425
validacao: 2924/3425
validacao: 2929/3425
validacao: 2933/3425
validacao: 2937/3425
validacao: 2941/3425
validacao: 2944/3425
validacao: 2949/3425
validacao: 2953/3425
validacao: 2957/3425
validacao: 2961/3425
validacao: 2964/3425
validacao: 2968/3425
validacao: 2972/3425
validacao: 2976/3425
validacao: 2979/3425
validacao: 2983/3425
validacao: 2987/3425
validacao: 2992/3425
validacao: 2996/3425
validacao: 3000/3425
validacao: 3003/3425
validacao: 3007/3425
validacao: 3011/3425
validacao: 3015/3425
validacao: 3019/3425
validacao: 3022/3425
validacao: 3026/3425
validacao: 3030/3425
validacao: 3033/3425
validacao: 3036/3425
validacao: 3039/3425
validacao: 3043/3425
validacao: 3047/3425
validacao: 3051/3425
validacao: 3055/3425
validacao: 3059/3425
validacao: 3063/3425
validacao: 3067/3425
validacao: 3071/3425
validacao: 3075/3425
validacao: 3078/3425
validacao: 3083/3425
validacao: 3087/3425
validacao: 3091/3425
validacao: 3094/3425
validacao: 3098/3425
validacao: 3102/3425
validacao: 3106/3425
validacao: 3110/3425
validacao: 3114/3425
validacao: 3118/3425
validacao: 3122/3425
validacao: 3126/3425
validacao: 3130/3425
validacao: 3134/3425
validacao: 3138/3425
validacao: 3142/3425
validacao: 3146/3425
validacao: 3150/3425
validacao: 3154/3425
validacao: 3158/3425
validacao: 3162/3425
validacao: 3166/3425
validacao: 3170/3425
validacao: 3175/3425
validacao: 3178/3425
validacao: 3182/3425
validacao: 3186/3425
validacao: 3190/3425
validacao: 3194/3425
validacao: 3198/3425
validacao: 3202/3425
validacao: 3206/3425
validacao: 3210/3425
validacao: 3214/3425
validacao: 3217/3425
validacao: 3222/3425
validacao: 3226/3425
validacao: 3230/3425
validacao: 3234/3425
validacao: 3238/3425
validacao: 3242/3425
validacao: 3246/3425
validacao: 3250/3425
validacao: 3254/3425
validacao: 3258/3425
validacao: 3262/3425
validacao: 3266/3425
validacao: 3270/3425
validacao: 3274/3425
validacao: 3278/3425
validacao: 3282/3425
validacao: 3286/3425
validacao: 3289/3425
validacao: 3293/3425
validacao: 3297/3425
validacao: 3301/3425
validacao: 3305/3425
validacao: 3310/3425
validacao: 3314/3425
validacao: 3318/3425
validacao: 3323/3425
validacao: 3327/3425
validacao: 3331/3425
validacao: 3334/3425
validacao: 3339/3425
validacao: 3342/3425
validacao: 3346/3425
validacao: 3350/3425
validacao: 3354/3425
validacao: 3358/3425
validacao: 3363/3425
validacao: 3366/3425
validacao: 3370/3425
validacao: 3374/3425
validacao: 3378/3425
validacao: 3382/3425
validacao: 3385/3425
validacao: 3389/3425
validacao: 3393/3425
validacao: 3397/3425
validacao: 3401/3425
validacao: 3405/3425
validacao: 3409/3425
validacao: 3413/3425
validacao: 3417/3425
validacao: 3421/3425
validacao: 3425/3425
Validacao oficial: F1=0.782888 AP medio=0.884193
F1=0.782933 IoU=0.643295 AUPRC=0.798283 FPR tile=0.00291886
Resultados: "/home/root/thiago/benchmark/codigos_c/official_results_zcu104/20211119_173838/dataset_starcop/mobilenet_v3_dpu_512/rep1"
