============================================================
METHANE SEGMENTATION ZCU104 OPTIMIZED BENCHMARK
============================================================
Batch: 1 ALWAYS
Profile: max-e2e
Dataset images: 5
Runners: 2
Pre workers: 2
Post workers: 1
Slots/runner: 1
Pin: no
DPU subgraphs: 6 | CPU fallback subgraphs: 6
Input  : [1,512,512,4] INT8 fix=5
Output : [1,512,512,1] FLOAT32

============================================================
max_end_to_end_throughput
============================================================
batch              = 1
runners            = 2
pre_workers        = 2
post_workers       = 1
slots_per_runner   = 1
completed          = 5
wall_s             = 1.211337
THROUGHPUT FPS     = 4.127669
POWER sensors/samples = 1/8.000000
POWER mean/min/max W = 15.216875/14.387000/16.837000
ENERGY estimated J   = 18.432771

FPS EQUIVALENT FROM PER-JOB LATENCY
 average = 1.804271
 min     = 1.518291
 max     = 2.421396
 p95     = 1.523943
 p99     = 1.519418

LATENCY ms
 mean   = 554.240348
 median = 633.978820
 min    = 412.984830
 max    = 658.635220
 p90    = 653.749524
 p95    = 656.192372
 p99    = 658.146650
 stddev = 113.090840
 CV     = 0.204047
 jitter p99-p50 = 24.167830 ms

DPU STAGE ms
 mean = 235.340268
 p95  = 236.964162
 p99  = 237.084952

PREPROCESS mean = 165.350330 ms
POSTPROCESS mean = 6.180068 ms

INTER-COMPLETION ms
 mean = 199.285520
 p95  = 394.780798
 p99  = 396.893544
OUTPUT-CADENCE FPS
 average(system wall) = 4.127669
 min = 2.516219
 max = 161.281478
 p95 = 2.533051
 p99 = 2.519567

Results saved to:
/home/root/Benchmark_ZCU104/results_all_models/methane_mobilenet_v2/runs/60_final_c2__max_e2e__r2_pre2_post1_spr1_nopin__rep1__n5__samples5__cpu0
