============================================================
METHANE SEGMENTATION ZCU104 OPTIMIZED BENCHMARK
============================================================
Batch: 1 ALWAYS
Profile: max-e2e
Dataset images: 5
Runners: 2
Pre workers: 1
Post workers: 1
Slots/runner: 1
Pin: no
DPU subgraphs: 1 | CPU fallback subgraphs: 1
Input  : [1,512,512,4] INT8 fix=5
Output : [1,512,512,1] FLOAT32

============================================================
max_end_to_end_throughput
============================================================
batch              = 1
runners            = 2
pre_workers        = 1
post_workers       = 1
slots_per_runner   = 1
completed          = 5
wall_s             = 1.008770
THROUGHPUT FPS     = 4.956531
POWER sensors/samples = 1/7.000000
POWER mean/min/max W = 19.726429/14.512000/21.237000
ENERGY estimated J   = 19.899429

FPS EQUIVALENT FROM PER-JOB LATENCY
 average = 3.002645
 min     = 2.919508
 max     = 3.096890
 p95     = 2.919613
 p99     = 2.919529

LATENCY ms
 mean   = 333.039656
 median = 331.158660
 min    = 322.904640
 max    = 342.523450
 p90    = 342.498770
 p95    = 342.511110
 p99    = 342.520982
 stddev = 8.154082
 CV     = 0.024484
 jitter p99-p50 = 11.362322 ms

DPU STAGE ms
 mean = 157.723282
 p95  = 160.304934
 p99  = 160.389907

PREPROCESS mean = 168.540166 ms
POSTPROCESS mean = 6.117680 ms

INTER-COMPLETION ms
 mean = 169.124033
 p95  = 180.183763
 p99  = 180.209377
OUTPUT-CADENCE FPS
 average(system wall) = 4.956531
 min = 5.548904
 max = 6.378979
 p95 = 5.549890
 p99 = 5.549101

Results saved to:
/home/root/Benchmark_ZCU104/results_all_models/methane_skip_connections/runs/60_final_c2__max_e2e__r2_pre1_post1_spr1_nopin__rep1__n5__samples5__cpu0
