============================================================
METHANE SEGMENTATION ZCU104 OPTIMIZED BENCHMARK
============================================================
Batch: 1 ALWAYS
Profile: max-model-only
Dataset images: 342
Runners: 2
Pre workers: 1
Post workers: 1
Slots/runner: 1
Pin: no
DPU subgraphs: 1 | CPU fallback subgraphs: 1
Input  : [1,512,512,4] INT8 fix=5
Output : [1,512,512,1] FLOAT32

============================================================
max_model_only_throughput
============================================================
batch              = 1
runners            = 2
pre_workers        = 0
post_workers       = 0
slots_per_runner   = 1
completed          = 342
wall_s             = 27.631112
THROUGHPUT FPS     = 12.377352
POWER sensors/samples = 1/139.000000
POWER mean/min/max W = 25.898647/15.100000/28.912000
ENERGY estimated J   = 715.608438

FPS EQUIVALENT FROM PER-JOB LATENCY
 average = 6.205682
 min     = 5.922426
 max     = 6.341594
 p95     = 6.038510
 p99     = 5.931294

LATENCY ms
 mean   = 161.142642
 median = 161.895485
 min    = 157.689070
 max    = 168.849720
 p90    = 164.306961
 p95    = 165.603763
 p99    = 168.597287
 stddev = 2.669811
 CV     = 0.016568
 jitter p99-p50 = 6.701802 ms

DPU STAGE ms
 mean = 161.142642
 p95  = 165.603763
 p99  = 168.597287

INTER-COMPLETION ms
 mean = 80.554629
 p95  = 148.505440
 p99  = 159.955542
OUTPUT-CADENCE FPS
 average(system wall) = 12.377352
 min = 6.186793
 max = 1377.486363
 p95 = 6.733760
 p99 = 6.251737

Results saved to:
/home/root/Benchmark_ZCU104/results_all_models/methane_skip_connections/runs/70_full_model_only__max_model_only__r2_pre1_post1_spr1_nopin__rep1__n0__samples0__cpu3
