XModel: 1 subgrafos DPU, 1 CPU; 3425 amostras
Executando model_only...
model_only: 0/3425
model_only: 33/3425
model_only: 80/3425
model_only: 128/3425
model_only: 174/3425
model_only: 222/3425
model_only: 270/3425
model_only: 317/3425
model_only: 364/3425
model_only: 411/3425
model_only: 459/3425
model_only: 507/3425
model_only: 553/3425
model_only: 601/3425
model_only: 648/3425
model_only: 696/3425
model_only: 743/3425
model_only: 790/3425
model_only: 838/3425
model_only: 885/3425
model_only: 932/3425
model_only: 980/3425
model_only: 1027/3425
model_only: 1075/3425
model_only: 1121/3425
model_only: 1169/3425
model_only: 1217/3425
model_only: 1264/3425
model_only: 1311/3425
model_only: 1359/3425
model_only: 1406/3425
model_only: 1454/3425
model_only: 1500/3425
model_only: 1548/3425
model_only: 1596/3425
model_only: 1642/3425
model_only: 1690/3425
model_only: 1737/3425
model_only: 1785/3425
model_only: 1832/3425
model_only: 1879/3425
model_only: 1927/3425
model_only: 1973/3425
model_only: 2021/3425
model_only: 2068/3425
model_only: 2116/3425
model_only: 2162/3425
model_only: 2210/3425
model_only: 2258/3425
model_only: 2305/3425
model_only: 2352/3425
model_only: 2399/3425
model_only: 2447/3425
model_only: 2494/3425
model_only: 2541/3425
model_only: 2589/3425
model_only: 2636/3425
model_only: 2683/3425
model_only: 2730/3425
model_only: 2778/3425
model_only: 2826/3425
model_only: 2872/3425
model_only: 2920/3425
model_only: 2967/3425
model_only: 3015/3425
model_only: 3062/3425
model_only: 3109/3425
model_only: 3157/3425
model_only: 3203/3425
model_only: 3251/3425
model_only: 3298/3425
model_only: 3346/3425
model_only: 3393/3425
model_only: 3425/3425
model_only: 3425 inferencias em 72.3886 s; 47.3141 FPS de throughput; 23.6595 FPS por latencia; latencia media 42.2664 ms; p99 44.4961 ms
Executando end_to_end...
end_to_end: 0/3425
end_to_end: 8/3425
end_to_end: 14/3425
end_to_end: 21/3425
end_to_end: 27/3425
end_to_end: 35/3425
end_to_end: 41/3425
end_to_end: 47/3425
end_to_end: 55/3425
end_to_end: 61/3425
end_to_end: 67/3425
end_to_end: 74/3425
end_to_end: 81/3425
end_to_end: 87/3425
end_to_end: 95/3425
end_to_end: 101/3425
end_to_end: 108/3425
end_to_end: 115/3425
end_to_end: 122/3425
end_to_end: 129/3425
end_to_end: 136/3425
end_to_end: 142/3425
end_to_end: 149/3425
end_to_end: 156/3425
end_to_end: 164/3425
end_to_end: 170/3425
end_to_end: 177/3425
end_to_end: 184/3425
end_to_end: 192/3425
end_to_end: 198/3425
end_to_end: 206/3425
end_to_end: 212/3425
end_to_end: 220/3425
end_to_end: 226/3425
end_to_end: 234/3425
end_to_end: 241/3425
end_to_end: 248/3425
end_to_end: 255/3425
end_to_end: 262/3425
end_to_end: 268/3425
end_to_end: 275/3425
end_to_end: 282/3425
end_to_end: 289/3425
end_to_end: 296/3425
end_to_end: 303/3425
end_to_end: 310/3425
end_to_end: 318/3425
end_to_end: 324/3425
end_to_end: 332/3425
end_to_end: 338/3425
end_to_end: 345/3425
end_to_end: 352/3425
end_to_end: 360/3425
end_to_end: 366/3425
end_to_end: 373/3425
end_to_end: 380/3425
end_to_end: 387/3425
end_to_end: 394/3425
end_to_end: 401/3425
end_to_end: 408/3425
end_to_end: 416/3425
end_to_end: 422/3425
end_to_end: 430/3425
end_to_end: 436/3425
end_to_end: 444/3425
end_to_end: 450/3425
end_to_end: 458/3425
end_to_end: 464/3425
end_to_end: 470/3425
end_to_end: 478/3425
end_to_end: 485/3425
end_to_end: 492/3425
end_to_end: 499/3425
end_to_end: 506/3425
end_to_end: 514/3425
end_to_end: 520/3425
end_to_end: 528/3425
end_to_end: 536/3425
end_to_end: 542/3425
end_to_end: 549/3425
end_to_end: 556/3425
end_to_end: 563/3425
end_to_end: 570/3425
end_to_end: 577/3425
end_to_end: 583/3425
end_to_end: 591/3425
end_to_end: 598/3425
end_to_end: 605/3425
end_to_end: 611/3425
end_to_end: 619/3425
end_to_end: 625/3425
end_to_end: 631/3425
end_to_end: 638/3425
end_to_end: 645/3425
end_to_end: 651/3425
end_to_end: 659/3425
end_to_end: 666/3425
end_to_end: 672/3425
end_to_end: 679/3425
end_to_end: 686/3425
end_to_end: 693/3425
end_to_end: 700/3425
end_to_end: 707/3425
end_to_end: 714/3425
end_to_end: 721/3425
end_to_end: 728/3425
end_to_end: 735/3425
end_to_end: 742/3425
end_to_end: 749/3425
end_to_end: 756/3425
end_to_end: 762/3425
end_to_end: 770/3425
end_to_end: 776/3425
end_to_end: 783/3425
end_to_end: 790/3425
end_to_end: 796/3425
end_to_end: 804/3425
end_to_end: 811/3425
end_to_end: 818/3425
end_to_end: 825/3425
end_to_end: 832/3425
end_to_end: 840/3425
end_to_end: 846/3425
end_to_end: 854/3425
end_to_end: 861/3425
end_to_end: 868/3425
end_to_end: 874/3425
end_to_end: 880/3425
end_to_end: 888/3425
end_to_end: 895/3425
end_to_end: 902/3425
end_to_end: 910/3425
end_to_end: 916/3425
end_to_end: 923/3425
end_to_end: 930/3425
end_to_end: 936/3425
end_to_end: 942/3425
end_to_end: 949/3425
end_to_end: 955/3425
end_to_end: 962/3425
end_to_end: 968/3425
end_to_end: 974/3425
end_to_end: 981/3425
end_to_end: 988/3425
end_to_end: 994/3425
end_to_end: 1001/3425
end_to_end: 1007/3425
end_to_end: 1013/3425
end_to_end: 1019/3425
end_to_end: 1027/3425
end_to_end: 1033/3425
end_to_end: 1041/3425
end_to_end: 1047/3425
end_to_end: 1055/3425
end_to_end: 1061/3425
end_to_end: 1069/3425
end_to_end: 1075/3425
end_to_end: 1083/3425
end_to_end: 1089/3425
end_to_end: 1097/3425
end_to_end: 1104/3425
end_to_end: 1111/3425
end_to_end: 1117/3425
end_to_end: 1125/3425
end_to_end: 1132/3425
end_to_end: 1139/3425
end_to_end: 1146/3425
end_to_end: 1153/3425
end_to_end: 1160/3425
end_to_end: 1166/3425
end_to_end: 1173/3425
end_to_end: 1180/3425
end_to_end: 1187/3425
end_to_end: 1194/3425
end_to_end: 1200/3425
end_to_end: 1208/3425
end_to_end: 1214/3425
end_to_end: 1222/3425
end_to_end: 1228/3425
end_to_end: 1235/3425
end_to_end: 1242/3425
end_to_end: 1249/3425
end_to_end: 1256/3425
end_to_end: 1263/3425
end_to_end: 1269/3425
end_to_end: 1276/3425
end_to_end: 1283/3425
end_to_end: 1290/3425
end_to_end: 1296/3425
end_to_end: 1302/3425
end_to_end: 1309/3425
end_to_end: 1316/3425
end_to_end: 1322/3425
end_to_end: 1329/3425
end_to_end: 1336/3425
end_to_end: 1342/3425
end_to_end: 1350/3425
end_to_end: 1356/3425
end_to_end: 1362/3425
end_to_end: 1368/3425
end_to_end: 1376/3425
end_to_end: 1382/3425
end_to_end: 1390/3425
end_to_end: 1397/3425
end_to_end: 1404/3425
end_to_end: 1410/3425
end_to_end: 1418/3425
end_to_end: 1424/3425
end_to_end: 1430/3425
end_to_end: 1438/3425
end_to_end: 1444/3425
end_to_end: 1451/3425
end_to_end: 1458/3425
end_to_end: 1464/3425
end_to_end: 1470/3425
end_to_end: 1478/3425
end_to_end: 1484/3425
end_to_end: 1491/3425
end_to_end: 1498/3425
end_to_end: 1504/3425
end_to_end: 1512/3425
end_to_end: 1518/3425
end_to_end: 1525/3425
end_to_end: 1532/3425
end_to_end: 1539/3425
end_to_end: 1546/3425
end_to_end: 1552/3425
end_to_end: 1559/3425
end_to_end: 1565/3425
end_to_end: 1572/3425
end_to_end: 1579/3425
end_to_end: 1585/3425
end_to_end: 1592/3425
end_to_end: 1598/3425
end_to_end: 1605/3425
end_to_end: 1612/3425
end_to_end: 1619/3425
end_to_end: 1625/3425
end_to_end: 1632/3425
end_to_end: 1639/3425
end_to_end: 1645/3425
end_to_end: 1652/3425
end_to_end: 1658/3425
end_to_end: 1665/3425
end_to_end: 1671/3425
end_to_end: 1678/3425
end_to_end: 1685/3425
end_to_end: 1691/3425
end_to_end: 1698/3425
end_to_end: 1705/3425
end_to_end: 1712/3425
end_to_end: 1719/3425
end_to_end: 1726/3425
end_to_end: 1733/3425
end_to_end: 1741/3425
end_to_end: 1748/3425
end_to_end: 1757/3425
end_to_end: 1764/3425
end_to_end: 1772/3425
end_to_end: 1779/3425
end_to_end: 1787/3425
end_to_end: 1793/3425
end_to_end: 1801/3425
end_to_end: 1810/3425
end_to_end: 1816/3425
end_to_end: 1824/3425
end_to_end: 1832/3425
end_to_end: 1839/3425
end_to_end: 1846/3425
end_to_end: 1854/3425
end_to_end: 1862/3425
end_to_end: 1870/3425
end_to_end: 1877/3425
end_to_end: 1885/3425
end_to_end: 1892/3425
end_to_end: 1900/3425
end_to_end: 1906/3425
end_to_end: 1914/3425
end_to_end: 1922/3425
end_to_end: 1930/3425
end_to_end: 1936/3425
end_to_end: 1944/3425
end_to_end: 1951/3425
end_to_end: 1959/3425
end_to_end: 1967/3425
end_to_end: 1973/3425
end_to_end: 1981/3425
end_to_end: 1988/3425
end_to_end: 1996/3425
end_to_end: 2004/3425
end_to_end: 2011/3425
end_to_end: 2018/3425
end_to_end: 2026/3425
end_to_end: 2034/3425
end_to_end: 2042/3425
end_to_end: 2047/3425
end_to_end: 2055/3425
end_to_end: 2062/3425
end_to_end: 2071/3425
end_to_end: 2079/3425
end_to_end: 2087/3425
end_to_end: 2093/3425
end_to_end: 2101/3425
end_to_end: 2108/3425
end_to_end: 2116/3425
end_to_end: 2122/3425
end_to_end: 2130/3425
end_to_end: 2137/3425
end_to_end: 2144/3425
end_to_end: 2152/3425
end_to_end: 2160/3425
end_to_end: 2168/3425
end_to_end: 2176/3425
end_to_end: 2183/3425
end_to_end: 2190/3425
end_to_end: 2198/3425
end_to_end: 2206/3425
end_to_end: 2215/3425
end_to_end: 2222/3425
end_to_end: 2231/3425
end_to_end: 2238/3425
end_to_end: 2246/3425
end_to_end: 2252/3425
end_to_end: 2260/3425
end_to_end: 2266/3425
end_to_end: 2274/3425
end_to_end: 2280/3425
end_to_end: 2288/3425
end_to_end: 2296/3425
end_to_end: 2302/3425
end_to_end: 2310/3425
end_to_end: 2314/3425
end_to_end: 2322/3425
end_to_end: 2329/3425
end_to_end: 2336/3425
end_to_end: 2344/3425
end_to_end: 2351/3425
end_to_end: 2360/3425
end_to_end: 2366/3425
end_to_end: 2375/3425
end_to_end: 2382/3425
end_to_end: 2389/3425
end_to_end: 2396/3425
end_to_end: 2404/3425
end_to_end: 2410/3425
end_to_end: 2418/3425
end_to_end: 2424/3425
end_to_end: 2432/3425
end_to_end: 2440/3425
end_to_end: 2447/3425
end_to_end: 2454/3425
end_to_end: 2461/3425
end_to_end: 2469/3425
end_to_end: 2476/3425
end_to_end: 2483/3425
end_to_end: 2491/3425
end_to_end: 2497/3425
end_to_end: 2505/3425
end_to_end: 2513/3425
end_to_end: 2521/3425
end_to_end: 2529/3425
end_to_end: 2536/3425
end_to_end: 2544/3425
end_to_end: 2551/3425
end_to_end: 2557/3425
end_to_end: 2565/3425
end_to_end: 2573/3425
end_to_end: 2578/3425
end_to_end: 2585/3425
end_to_end: 2593/3425
end_to_end: 2600/3425
end_to_end: 2607/3425
end_to_end: 2615/3425
end_to_end: 2623/3425
end_to_end: 2629/3425
end_to_end: 2637/3425
end_to_end: 2643/3425
end_to_end: 2650/3425
end_to_end: 2658/3425
end_to_end: 2666/3425
end_to_end: 2672/3425
end_to_end: 2680/3425
end_to_end: 2687/3425
end_to_end: 2694/3425
end_to_end: 2703/3425
end_to_end: 2710/3425
end_to_end: 2717/3425
end_to_end: 2725/3425
end_to_end: 2733/3425
end_to_end: 2740/3425
end_to_end: 2747/3425
end_to_end: 2755/3425
end_to_end: 2763/3425
end_to_end: 2770/3425
end_to_end: 2778/3425
end_to_end: 2784/3425
end_to_end: 2792/3425
end_to_end: 2800/3425
end_to_end: 2806/3425
end_to_end: 2814/3425
end_to_end: 2820/3425
end_to_end: 2828/3425
end_to_end: 2835/3425
end_to_end: 2841/3425
end_to_end: 2849/3425
end_to_end: 2856/3425
end_to_end: 2864/3425
end_to_end: 2872/3425
end_to_end: 2880/3425
end_to_end: 2887/3425
end_to_end: 2894/3425
end_to_end: 2902/3425
end_to_end: 2909/3425
end_to_end: 2917/3425
end_to_end: 2926/3425
end_to_end: 2934/3425
end_to_end: 2941/3425
end_to_end: 2949/3425
end_to_end: 2955/3425
end_to_end: 2963/3425
end_to_end: 2970/3425
end_to_end: 2977/3425
end_to_end: 2984/3425
end_to_end: 2993/3425
end_to_end: 2999/3425
end_to_end: 3008/3425
end_to_end: 3015/3425
end_to_end: 3023/3425
end_to_end: 3029/3425
end_to_end: 3037/3425
end_to_end: 3043/3425
end_to_end: 3051/3425
end_to_end: 3058/3425
end_to_end: 3066/3425
end_to_end: 3073/3425
end_to_end: 3080/3425
end_to_end: 3087/3425
end_to_end: 3095/3425
end_to_end: 3102/3425
end_to_end: 3107/3425
end_to_end: 3114/3425
end_to_end: 3121/3425
end_to_end: 3130/3425
end_to_end: 3137/3425
end_to_end: 3145/3425
end_to_end: 3153/3425
end_to_end: 3160/3425
end_to_end: 3167/3425
end_to_end: 3175/3425
end_to_end: 3183/3425
end_to_end: 3191/3425
end_to_end: 3198/3425
end_to_end: 3206/3425
end_to_end: 3213/3425
end_to_end: 3220/3425
end_to_end: 3228/3425
end_to_end: 3236/3425
end_to_end: 3243/3425
end_to_end: 3251/3425
end_to_end: 3258/3425
end_to_end: 3266/3425
end_to_end: 3273/3425
end_to_end: 3281/3425
end_to_end: 3287/3425
end_to_end: 3295/3425
end_to_end: 3303/3425
end_to_end: 3311/3425
end_to_end: 3320/3425
end_to_end: 3328/3425
end_to_end: 3335/3425
end_to_end: 3342/3425
end_to_end: 3350/3425
end_to_end: 3357/3425
end_to_end: 3364/3425
end_to_end: 3372/3425
end_to_end: 3377/3425
end_to_end: 3384/3425
end_to_end: 3392/3425
end_to_end: 3399/3425
end_to_end: 3406/3425
end_to_end: 3414/3425
end_to_end: 3421/3425
end_to_end: 3425/3425
end_to_end: 3425 inferencias em 481.361 s; 7.11524 FPS de throughput; 3.03497 FPS por latencia; latencia media 329.492 ms; p99 409.301 ms
Validando segmentacao...
validacao: 0/3425
validacao: 1/3425
validacao: 5/3425
validacao: 8/3425
validacao: 12/3425
validacao: 15/3425
validacao: 19/3425
validacao: 22/3425
validacao: 26/3425
validacao: 29/3425
validacao: 33/3425
validacao: 36/3425
validacao: 39/3425
validacao: 43/3425
validacao: 46/3425
validacao: 50/3425
validacao: 53/3425
validacao: 57/3425
validacao: 60/3425
validacao: 63/3425
validacao: 67/3425
validacao: 70/3425
validacao: 74/3425
validacao: 77/3425
validacao: 81/3425
validacao: 84/3425
validacao: 87/3425
validacao: 91/3425
validacao: 95/3425
validacao: 98/3425
validacao: 102/3425
validacao: 105/3425
validacao: 108/3425
validacao: 112/3425
validacao: 115/3425
validacao: 119/3425
validacao: 122/3425
validacao: 126/3425
validacao: 129/3425
validacao: 133/3425
validacao: 136/3425
validacao: 140/3425
validacao: 143/3425
validacao: 146/3425
validacao: 150/3425
validacao: 154/3425
validacao: 157/3425
validacao: 161/3425
validacao: 164/3425
validacao: 168/3425
validacao: 172/3425
validacao: 175/3425
validacao: 179/3425
validacao: 182/3425
validacao: 186/3425
validacao: 189/3425
validacao: 193/3425
validacao: 196/3425
validacao: 200/3425
validacao: 204/3425
validacao: 207/3425
validacao: 211/3425
validacao: 214/3425
validacao: 218/3425
validacao: 221/3425
validacao: 225/3425
validacao: 229/3425
validacao: 232/3425
validacao: 236/3425
validacao: 239/3425
validacao: 243/3425
validacao: 247/3425
validacao: 250/3425
validacao: 254/3425
validacao: 257/3425
validacao: 261/3425
validacao: 264/3425
validacao: 268/3425
validacao: 271/3425
validacao: 275/3425
validacao: 278/3425
validacao: 282/3425
validacao: 285/3425
validacao: 289/3425
validacao: 292/3425
validacao: 296/3425
validacao: 300/3425
validacao: 303/3425
validacao: 307/3425
validacao: 311/3425
validacao: 314/3425
validacao: 318/3425
validacao: 321/3425
validacao: 325/3425
validacao: 328/3425
validacao: 332/3425
validacao: 336/3425
validacao: 339/3425
validacao: 342/3425
validacao: 346/3425
validacao: 349/3425
validacao: 353/3425
validacao: 356/3425
validacao: 360/3425
validacao: 364/3425
validacao: 367/3425
validacao: 371/3425
validacao: 374/3425
validacao: 378/3425
validacao: 381/3425
validacao: 385/3425
validacao: 388/3425
validacao: 392/3425
validacao: 396/3425
validacao: 399/3425
validacao: 403/3425
validacao: 406/3425
validacao: 410/3425
validacao: 413/3425
validacao: 417/3425
validacao: 421/3425
validacao: 424/3425
validacao: 428/3425
validacao: 431/3425
validacao: 435/3425
validacao: 438/3425
validacao: 442/3425
validacao: 445/3425
validacao: 449/3425
validacao: 453/3425
validacao: 456/3425
validacao: 460/3425
validacao: 463/3425
validacao: 466/3425
validacao: 470/3425
validacao: 473/3425
validacao: 477/3425
validacao: 481/3425
validacao: 484/3425
validacao: 488/3425
validacao: 491/3425
validacao: 495/3425
validacao: 499/3425
validacao: 502/3425
validacao: 505/3425
validacao: 509/3425
validacao: 513/3425
validacao: 516/3425
validacao: 520/3425
validacao: 523/3425
validacao: 527/3425
validacao: 531/3425
validacao: 534/3425
validacao: 538/3425
validacao: 542/3425
validacao: 545/3425
validacao: 549/3425
validacao: 552/3425
validacao: 556/3425
validacao: 559/3425
validacao: 563/3425
validacao: 566/3425
validacao: 570/3425
validacao: 573/3425
validacao: 577/3425
validacao: 580/3425
validacao: 584/3425
validacao: 587/3425
validacao: 591/3425
validacao: 595/3425
validacao: 598/3425
validacao: 602/3425
validacao: 605/3425
validacao: 609/3425
validacao: 612/3425
validacao: 616/3425
validacao: 619/3425
validacao: 623/3425
validacao: 627/3425
validacao: 630/3425
validacao: 634/3425
validacao: 637/3425
validacao: 641/3425
validacao: 644/3425
validacao: 648/3425
validacao: 651/3425
validacao: 654/3425
validacao: 658/3425
validacao: 662/3425
validacao: 665/3425
validacao: 669/3425
validacao: 672/3425
validacao: 676/3425
validacao: 679/3425
validacao: 683/3425
validacao: 686/3425
validacao: 690/3425
validacao: 694/3425
validacao: 697/3425
validacao: 701/3425
validacao: 704/3425
validacao: 708/3425
validacao: 711/3425
validacao: 715/3425
validacao: 718/3425
validacao: 722/3425
validacao: 725/3425
validacao: 729/3425
validacao: 732/3425
validacao: 736/3425
validacao: 739/3425
validacao: 743/3425
validacao: 746/3425
validacao: 750/3425
validacao: 753/3425
validacao: 757/3425
validacao: 761/3425
validacao: 764/3425
validacao: 768/3425
validacao: 771/3425
validacao: 775/3425
validacao: 778/3425
validacao: 782/3425
validacao: 785/3425
validacao: 789/3425
validacao: 793/3425
validacao: 796/3425
validacao: 800/3425
validacao: 803/3425
validacao: 807/3425
validacao: 811/3425
validacao: 814/3425
validacao: 818/3425
validacao: 821/3425
validacao: 825/3425
validacao: 829/3425
validacao: 832/3425
validacao: 836/3425
validacao: 839/3425
validacao: 843/3425
validacao: 846/3425
validacao: 850/3425
validacao: 853/3425
validacao: 857/3425
validacao: 861/3425
validacao: 864/3425
validacao: 868/3425
validacao: 871/3425
validacao: 875/3425
validacao: 878/3425
validacao: 882/3425
validacao: 885/3425
validacao: 889/3425
validacao: 892/3425
validacao: 896/3425
validacao: 899/3425
validacao: 903/3425
validacao: 907/3425
validacao: 910/3425
validacao: 914/3425
validacao: 917/3425
validacao: 921/3425
validacao: 924/3425
validacao: 928/3425
validacao: 931/3425
validacao: 935/3425
validacao: 938/3425
validacao: 941/3425
validacao: 945/3425
validacao: 948/3425
validacao: 951/3425
validacao: 955/3425
validacao: 958/3425
validacao: 961/3425
validacao: 964/3425
validacao: 968/3425
validacao: 971/3425
validacao: 975/3425
validacao: 978/3425
validacao: 981/3425
validacao: 985/3425
validacao: 988/3425
validacao: 991/3425
validacao: 995/3425
validacao: 998/3425
validacao: 1002/3425
validacao: 1005/3425
validacao: 1008/3425
validacao: 1012/3425
validacao: 1015/3425
validacao: 1019/3425
validacao: 1022/3425
validacao: 1025/3425
validacao: 1029/3425
validacao: 1032/3425
validacao: 1036/3425
validacao: 1040/3425
validacao: 1043/3425
validacao: 1047/3425
validacao: 1050/3425
validacao: 1054/3425
validacao: 1057/3425
validacao: 1061/3425
validacao: 1065/3425
validacao: 1068/3425
validacao: 1072/3425
validacao: 1075/3425
validacao: 1079/3425
validacao: 1082/3425
validacao: 1086/3425
validacao: 1090/3425
validacao: 1093/3425
validacao: 1097/3425
validacao: 1100/3425
validacao: 1104/3425
validacao: 1108/3425
validacao: 1111/3425
validacao: 1115/3425
validacao: 1118/3425
validacao: 1122/3425
validacao: 1125/3425
validacao: 1129/3425
validacao: 1133/3425
validacao: 1136/3425
validacao: 1140/3425
validacao: 1143/3425
validacao: 1147/3425
validacao: 1150/3425
validacao: 1154/3425
validacao: 1157/3425
validacao: 1161/3425
validacao: 1164/3425
validacao: 1167/3425
validacao: 1171/3425
validacao: 1174/3425
validacao: 1178/3425
validacao: 1181/3425
validacao: 1185/3425
validacao: 1188/3425
validacao: 1192/3425
validacao: 1196/3425
validacao: 1199/3425
validacao: 1203/3425
validacao: 1206/3425
validacao: 1210/3425
validacao: 1213/3425
validacao: 1217/3425
validacao: 1220/3425
validacao: 1224/3425
validacao: 1227/3425
validacao: 1231/3425
validacao: 1234/3425
validacao: 1238/3425
validacao: 1241/3425
validacao: 1245/3425
validacao: 1249/3425
validacao: 1252/3425
validacao: 1255/3425
validacao: 1259/3425
validacao: 1262/3425
validacao: 1266/3425
validacao: 1269/3425
validacao: 1273/3425
validacao: 1276/3425
validacao: 1280/3425
validacao: 1283/3425
validacao: 1287/3425
validacao: 1290/3425
validacao: 1294/3425
validacao: 1297/3425
validacao: 1301/3425
validacao: 1304/3425
validacao: 1307/3425
validacao: 1311/3425
validacao: 1314/3425
validacao: 1318/3425
validacao: 1321/3425
validacao: 1325/3425
validacao: 1328/3425
validacao: 1331/3425
validacao: 1335/3425
validacao: 1338/3425
validacao: 1342/3425
validacao: 1345/3425
validacao: 1349/3425
validacao: 1352/3425
validacao: 1356/3425
validacao: 1359/3425
validacao: 1363/3425
validacao: 1366/3425
validacao: 1370/3425
validacao: 1373/3425
validacao: 1377/3425
validacao: 1381/3425
validacao: 1384/3425
validacao: 1388/3425
validacao: 1391/3425
validacao: 1395/3425
validacao: 1399/3425
validacao: 1402/3425
validacao: 1406/3425
validacao: 1409/3425
validacao: 1413/3425
validacao: 1416/3425
validacao: 1420/3425
validacao: 1423/3425
validacao: 1427/3425
validacao: 1430/3425
validacao: 1434/3425
validacao: 1437/3425
validacao: 1441/3425
validacao: 1444/3425
validacao: 1448/3425
validacao: 1451/3425
validacao: 1455/3425
validacao: 1459/3425
validacao: 1462/3425
validacao: 1466/3425
validacao: 1469/3425
validacao: 1473/3425
validacao: 1476/3425
validacao: 1480/3425
validacao: 1483/3425
validacao: 1487/3425
validacao: 1490/3425
validacao: 1494/3425
validacao: 1497/3425
validacao: 1501/3425
validacao: 1504/3425
validacao: 1508/3425
validacao: 1511/3425
validacao: 1515/3425
validacao: 1518/3425
validacao: 1522/3425
validacao: 1525/3425
validacao: 1528/3425
validacao: 1532/3425
validacao: 1535/3425
validacao: 1539/3425
validacao: 1543/3425
validacao: 1546/3425
validacao: 1550/3425
validacao: 1553/3425
validacao: 1556/3425
validacao: 1560/3425
validacao: 1563/3425
validacao: 1567/3425
validacao: 1570/3425
validacao: 1574/3425
validacao: 1577/3425
validacao: 1581/3425
validacao: 1584/3425
validacao: 1588/3425
validacao: 1591/3425
validacao: 1594/3425
validacao: 1598/3425
validacao: 1601/3425
validacao: 1605/3425
validacao: 1608/3425
validacao: 1612/3425
validacao: 1615/3425
validacao: 1619/3425
validacao: 1622/3425
validacao: 1626/3425
validacao: 1629/3425
validacao: 1632/3425
validacao: 1636/3425
validacao: 1639/3425
validacao: 1643/3425
validacao: 1646/3425
validacao: 1649/3425
validacao: 1653/3425
validacao: 1656/3425
validacao: 1660/3425
validacao: 1663/3425
validacao: 1666/3425
validacao: 1670/3425
validacao: 1673/3425
validacao: 1677/3425
validacao: 1680/3425
validacao: 1684/3425
validacao: 1687/3425
validacao: 1690/3425
validacao: 1694/3425
validacao: 1697/3425
validacao: 1701/3425
validacao: 1704/3425
validacao: 1708/3425
validacao: 1711/3425
validacao: 1714/3425
validacao: 1718/3425
validacao: 1722/3425
validacao: 1725/3425
validacao: 1729/3425
validacao: 1733/3425
validacao: 1736/3425
validacao: 1740/3425
validacao: 1743/3425
validacao: 1747/3425
validacao: 1751/3425
validacao: 1755/3425
validacao: 1758/3425
validacao: 1762/3425
validacao: 1766/3425
validacao: 1770/3425
validacao: 1773/3425
validacao: 1777/3425
validacao: 1781/3425
validacao: 1785/3425
validacao: 1788/3425
validacao: 1792/3425
validacao: 1795/3425
validacao: 1800/3425
validacao: 1803/3425
validacao: 1807/3425
validacao: 1811/3425
validacao: 1814/3425
validacao: 1818/3425
validacao: 1822/3425
validacao: 1826/3425
validacao: 1829/3425
validacao: 1833/3425
validacao: 1837/3425
validacao: 1840/3425
validacao: 1844/3425
validacao: 1847/3425
validacao: 1851/3425
validacao: 1854/3425
validacao: 1858/3425
validacao: 1862/3425
validacao: 1866/3425
validacao: 1870/3425
validacao: 1873/3425
validacao: 1877/3425
validacao: 1881/3425
validacao: 1884/3425
validacao: 1888/3425
validacao: 1892/3425
validacao: 1895/3425
validacao: 1899/3425
validacao: 1903/3425
validacao: 1906/3425
validacao: 1910/3425
validacao: 1914/3425
validacao: 1918/3425
validacao: 1922/3425
validacao: 1925/3425
validacao: 1929/3425
validacao: 1933/3425
validacao: 1936/3425
validacao: 1940/3425
validacao: 1944/3425
validacao: 1947/3425
validacao: 1951/3425
validacao: 1955/3425
validacao: 1958/3425
validacao: 1962/3425
validacao: 1966/3425
validacao: 1970/3425
validacao: 1973/3425
validacao: 1977/3425
validacao: 1980/3425
validacao: 1984/3425
validacao: 1988/3425
validacao: 1991/3425
validacao: 1995/3425
validacao: 1999/3425
validacao: 2003/3425
validacao: 2007/3425
validacao: 2010/3425
validacao: 2014/3425
validacao: 2018/3425
validacao: 2021/3425
validacao: 2025/3425
validacao: 2029/3425
validacao: 2033/3425
validacao: 2037/3425
validacao: 2041/3425
validacao: 2045/3425
validacao: 2048/3425
validacao: 2052/3425
validacao: 2056/3425
validacao: 2059/3425
validacao: 2063/3425
validacao: 2067/3425
validacao: 2071/3425
validacao: 2075/3425
validacao: 2079/3425
validacao: 2082/3425
validacao: 2086/3425
validacao: 2090/3425
validacao: 2093/3425
validacao: 2097/3425
validacao: 2100/3425
validacao: 2104/3425
validacao: 2108/3425
validacao: 2111/3425
validacao: 2114/3425
validacao: 2118/3425
validacao: 2122/3425
validacao: 2125/3425
validacao: 2129/3425
validacao: 2133/3425
validacao: 2136/3425
validacao: 2140/3425
validacao: 2144/3425
validacao: 2147/3425
validacao: 2151/3425
validacao: 2155/3425
validacao: 2159/3425
validacao: 2162/3425
validacao: 2166/3425
validacao: 2170/3425
validacao: 2174/3425
validacao: 2177/3425
validacao: 2181/3425
validacao: 2185/3425
validacao: 2189/3425
validacao: 2192/3425
validacao: 2196/3425
validacao: 2200/3425
validacao: 2204/3425
validacao: 2207/3425
validacao: 2211/3425
validacao: 2215/3425
validacao: 2219/3425
validacao: 2223/3425
validacao: 2227/3425
validacao: 2230/3425
validacao: 2234/3425
validacao: 2238/3425
validacao: 2242/3425
validacao: 2245/3425
validacao: 2249/3425
validacao: 2252/3425
validacao: 2256/3425
validacao: 2259/3425
validacao: 2263/3425
validacao: 2267/3425
validacao: 2270/3425
validacao: 2274/3425
validacao: 2277/3425
validacao: 2281/3425
validacao: 2285/3425
validacao: 2288/3425
validacao: 2292/3425
validacao: 2296/3425
validacao: 2299/3425
validacao: 2303/3425
validacao: 2307/3425
validacao: 2310/3425
validacao: 2314/3425
validacao: 2317/3425
validacao: 2321/3425
validacao: 2325/3425
validacao: 2328/3425
validacao: 2332/3425
validacao: 2336/3425
validacao: 2339/3425
validacao: 2342/3425
validacao: 2346/3425
validacao: 2350/3425
validacao: 2354/3425
validacao: 2357/3425
validacao: 2361/3425
validacao: 2365/3425
validacao: 2368/3425
validacao: 2372/3425
validacao: 2376/3425
validacao: 2380/3425
validacao: 2384/3425
validacao: 2387/3425
validacao: 2391/3425
validacao: 2394/3425
validacao: 2398/3425
validacao: 2402/3425
validacao: 2405/3425
validacao: 2409/3425
validacao: 2412/3425
validacao: 2416/3425
validacao: 2419/3425
validacao: 2423/3425
validacao: 2427/3425
validacao: 2431/3425
validacao: 2434/3425
validacao: 2438/3425
validacao: 2442/3425
validacao: 2445/3425
validacao: 2449/3425
validacao: 2453/3425
validacao: 2457/3425
validacao: 2460/3425
validacao: 2463/3425
validacao: 2467/3425
validacao: 2470/3425
validacao: 2474/3425
validacao: 2478/3425
validacao: 2481/3425
validacao: 2485/3425
validacao: 2489/3425
validacao: 2492/3425
validacao: 2496/3425
validacao: 2500/3425
validacao: 2504/3425
validacao: 2508/3425
validacao: 2511/3425
validacao: 2515/3425
validacao: 2519/3425
validacao: 2523/3425
validacao: 2527/3425
validacao: 2530/3425
validacao: 2534/3425
validacao: 2538/3425
validacao: 2541/3425
validacao: 2545/3425
validacao: 2549/3425
validacao: 2552/3425
validacao: 2556/3425
validacao: 2560/3425
validacao: 2564/3425
validacao: 2567/3425
validacao: 2571/3425
validacao: 2575/3425
validacao: 2578/3425
validacao: 2582/3425
validacao: 2585/3425
validacao: 2589/3425
validacao: 2593/3425
validacao: 2597/3425
validacao: 2600/3425
validacao: 2603/3425
validacao: 2607/3425
validacao: 2611/3425
validacao: 2614/3425
validacao: 2618/3425
validacao: 2622/3425
validacao: 2626/3425
validacao: 2630/3425
validacao: 2633/3425
validacao: 2637/3425
validacao: 2640/3425
validacao: 2644/3425
validacao: 2647/3425
validacao: 2651/3425
validacao: 2655/3425
validacao: 2659/3425
validacao: 2662/3425
validacao: 2666/3425
validacao: 2670/3425
validacao: 2673/3425
validacao: 2677/3425
validacao: 2681/3425
validacao: 2684/3425
validacao: 2688/3425
validacao: 2692/3425
validacao: 2695/3425
validacao: 2699/3425
validacao: 2703/3425
validacao: 2707/3425
validacao: 2710/3425
validacao: 2714/3425
validacao: 2718/3425
validacao: 2722/3425
validacao: 2725/3425
validacao: 2729/3425
validacao: 2732/3425
validacao: 2736/3425
validacao: 2739/3425
validacao: 2743/3425
validacao: 2747/3425
validacao: 2750/3425
validacao: 2754/3425
validacao: 2758/3425
validacao: 2761/3425
validacao: 2765/3425
validacao: 2769/3425
validacao: 2773/3425
validacao: 2776/3425
validacao: 2780/3425
validacao: 2784/3425
validacao: 2788/3425
validacao: 2792/3425
validacao: 2795/3425
validacao: 2799/3425
validacao: 2802/3425
validacao: 2806/3425
validacao: 2810/3425
validacao: 2813/3425
validacao: 2817/3425
validacao: 2820/3425
validacao: 2824/3425
validacao: 2828/3425
validacao: 2832/3425
validacao: 2835/3425
validacao: 2839/3425
validacao: 2843/3425
validacao: 2847/3425
validacao: 2851/3425
validacao: 2854/3425
validacao: 2858/3425
validacao: 2862/3425
validacao: 2865/3425
validacao: 2869/3425
validacao: 2872/3425
validacao: 2876/3425
validacao: 2880/3425
validacao: 2884/3425
validacao: 2888/3425
validacao: 2891/3425
validacao: 2895/3425
validacao: 2899/3425
validacao: 2902/3425
validacao: 2906/3425
validacao: 2910/3425
validacao: 2914/3425
validacao: 2917/3425
validacao: 2922/3425
validacao: 2925/3425
validacao: 2929/3425
validacao: 2933/3425
validacao: 2937/3425
validacao: 2940/3425
validacao: 2944/3425
validacao: 2948/3425
validacao: 2952/3425
validacao: 2955/3425
validacao: 2959/3425
validacao: 2963/3425
validacao: 2966/3425
validacao: 2970/3425
validacao: 2973/3425
validacao: 2977/3425
validacao: 2980/3425
validacao: 2984/3425
validacao: 2988/3425
validacao: 2992/3425
validacao: 2996/3425
validacao: 2999/3425
validacao: 3003/3425
validacao: 3007/3425
validacao: 3010/3425
validacao: 3014/3425
validacao: 3018/3425
validacao: 3021/3425
validacao: 3025/3425
validacao: 3029/3425
validacao: 3032/3425
validacao: 3036/3425
validacao: 3040/3425
validacao: 3043/3425
validacao: 3047/3425
validacao: 3050/3425
validacao: 3054/3425
validacao: 3058/3425
validacao: 3061/3425
validacao: 3065/3425
validacao: 3069/3425
validacao: 3072/3425
validacao: 3076/3425
validacao: 3079/3425
validacao: 3083/3425
validacao: 3087/3425
validacao: 3090/3425
validacao: 3094/3425
validacao: 3098/3425
validacao: 3101/3425
validacao: 3105/3425
validacao: 3108/3425
validacao: 3112/3425
validacao: 3115/3425
validacao: 3119/3425
validacao: 3123/3425
validacao: 3127/3425
validacao: 3131/3425
validacao: 3134/3425
validacao: 3138/3425
validacao: 3142/3425
validacao: 3146/3425
validacao: 3149/3425
validacao: 3153/3425
validacao: 3157/3425
validacao: 3160/3425
validacao: 3164/3425
validacao: 3167/3425
validacao: 3171/3425
validacao: 3175/3425
validacao: 3179/3425
validacao: 3183/3425
validacao: 3187/3425
validacao: 3190/3425
validacao: 3194/3425
validacao: 3198/3425
validacao: 3202/3425
validacao: 3205/3425
validacao: 3209/3425
validacao: 3213/3425
validacao: 3216/3425
validacao: 3220/3425
validacao: 3224/3425
validacao: 3227/3425
validacao: 3231/3425
validacao: 3235/3425
validacao: 3239/3425
validacao: 3242/3425
validacao: 3246/3425
validacao: 3250/3425
validacao: 3253/3425
validacao: 3257/3425
validacao: 3261/3425
validacao: 3265/3425
validacao: 3268/3425
validacao: 3272/3425
validacao: 3276/3425
validacao: 3279/3425
validacao: 3283/3425
validacao: 3286/3425
validacao: 3290/3425
validacao: 3294/3425
validacao: 3297/3425
validacao: 3301/3425
validacao: 3305/3425
validacao: 3309/3425
validacao: 3313/3425
validacao: 3317/3425
validacao: 3320/3425
validacao: 3324/3425
validacao: 3328/3425
validacao: 3332/3425
validacao: 3335/3425
validacao: 3339/3425
validacao: 3343/3425
validacao: 3346/3425
validacao: 3350/3425
validacao: 3354/3425
validacao: 3357/3425
validacao: 3361/3425
validacao: 3365/3425
validacao: 3369/3425
validacao: 3372/3425
validacao: 3376/3425
validacao: 3379/3425
validacao: 3383/3425
validacao: 3386/3425
validacao: 3390/3425
validacao: 3394/3425
validacao: 3398/3425
validacao: 3401/3425
validacao: 3405/3425
validacao: 3409/3425
validacao: 3412/3425
validacao: 3416/3425
validacao: 3420/3425
validacao: 3424/3425
validacao: 3425/3425
Validacao oficial: F1=0.593286 AP medio=0.585839
F1=0.599443 IoU=0.428003 AUPRC=0.535396 FPR tile=0.0151781
Resultados: "/home/root/thiago/benchmark/codigos_c/official_results_zcu104/20211119_173838/dataset_starcop/attentiongates_dpu_easy_remaining/rep1"
