============================================================
METHANE SEGMENTATION ZCU104 OPTIMIZED BENCHMARK
============================================================
Batch: 1 ALWAYS
Profile: max-e2e
Dataset images: 342
Runners: 2
Pre workers: 1
Post workers: 1
Slots/runner: 1
Pin: no
DPU subgraphs: 6 | CPU fallback subgraphs: 6
Input  : [1,512,512,4] INT8 fix=5
Output : [1,512,512,1] FLOAT32

============================================================
max_end_to_end_throughput
============================================================
batch              = 1
runners            = 2
pre_workers        = 1
post_workers       = 1
slots_per_runner   = 1
completed          = 342
wall_s             = 78.542636
THROUGHPUT FPS     = 4.354323
POWER sensors/samples = 1/393.000000
POWER mean/min/max W = 15.222982/14.425000/17.875000
ENERGY estimated J   = 1195.653152

FPS EQUIVALENT FROM PER-JOB LATENCY
 average = 1.942585
 min     = 1.554257
 max     = 2.582998
 p95     = 1.705903
 p99     = 1.636040

LATENCY ms
 mean   = 514.778089
 median = 524.823225
 min    = 387.147070
 max    = 643.394380
 p90    = 579.822928
 p95    = 586.199892
 p99    = 611.232006
 stddev = 51.182976
 CV     = 0.099427
 jitter p99-p50 = 86.408781 ms

DPU STAGE ms
 mean = 279.519596
 p95  = 298.215965
 p99  = 303.813555

PREPROCESS mean = 169.218143 ms
POSTPROCESS mean = 6.181547 ms

INTER-COMPLETION ms
 mean = 229.094312
 p95  = 299.624370
 p99  = 316.576612
OUTPUT-CADENCE FPS
 average(system wall) = 4.354323
 min = 3.083494
 max = 7.127489
 p95 = 3.337512
 p99 = 3.158793

Results saved to:
/home/root/Benchmark_ZCU104/results_all_models/methane_mobilenet_v2/runs/80_full_end_to_end__max_e2e__r2_pre1_post1_spr1_nopin__rep1__n0__samples0__cpu2
