============================================================
METHANE SEGMENTATION ZCU104 OPTIMIZED BENCHMARK
============================================================
Batch: 1 ALWAYS
Profile: max-e2e
Dataset images: 342
Runners: 2
Pre workers: 2
Post workers: 1
Slots/runner: 1
Pin: no
DPU subgraphs: 1 | CPU fallback subgraphs: 1
Input  : [1,512,512,4] INT8 fix=5
Output : [1,512,512,1] FLOAT32

============================================================
max_end_to_end_throughput
============================================================
batch              = 1
runners            = 2
pre_workers        = 2
post_workers       = 1
slots_per_runner   = 1
completed          = 342
wall_s             = 55.953912
THROUGHPUT FPS     = 6.112173
POWER sensors/samples = 1/280.000000
POWER mean/min/max W = 20.531611/14.925000/28.450000
ENERGY estimated J   = 1148.823932

FPS EQUIVALENT FROM PER-JOB LATENCY
 average = 2.030421
 min     = 1.929043
 max     = 2.965180
 p95     = 1.957014
 p99     = 1.946183

LATENCY ms
 mean   = 492.508789
 median = 495.696275
 min    = 337.247670
 max    = 518.391740
 p90    = 507.995729
 p95    = 510.982514
 p99    = 513.826404
 stddev = 17.563304
 CV     = 0.035661
 jitter p99-p50 = 18.130129 ms

DPU STAGE ms
 mean = 160.077216
 p95  = 164.572992
 p99  = 166.373164

PREPROCESS mean = 160.720452 ms
POSTPROCESS mean = 6.181061 ms

INTER-COMPLETION ms
 mean = 163.095230
 p95  = 304.651190
 p99  = 320.162506
OUTPUT-CADENCE FPS
 average(system wall) = 6.112173
 min = 3.053782
 max = 164.503988
 p95 = 3.282442
 p99 = 3.123414

Results saved to:
/home/root/Benchmark_ZCU104/results_all_models/methane_skip_connections/runs/80_full_end_to_end__max_e2e__r2_pre2_post1_spr1_nopin__rep1__n0__samples0__cpu4
