============================================================
METHANE SEGMENTATION ZCU104 OPTIMIZED BENCHMARK
============================================================
Batch: 1 ALWAYS
Profile: max-e2e
Dataset images: 5
Runners: 1
Pre workers: 2
Post workers: 1
Slots/runner: 1
Pin: no
DPU subgraphs: 1 | CPU fallback subgraphs: 1
Input  : [1,512,512,4] INT8 fix=5
Output : [1,512,512,1] FLOAT32

============================================================
max_end_to_end_throughput
============================================================
batch              = 1
runners            = 1
pre_workers        = 2
post_workers       = 1
slots_per_runner   = 1
completed          = 5
wall_s             = 1.632573
THROUGHPUT FPS     = 3.062651
POWER sensors/samples = 1/10.000000
POWER mean/min/max W = 17.431000/14.512000/20.487000
ENERGY estimated J   = 28.457375

FPS EQUIVALENT FROM PER-JOB LATENCY
 average = 1.456831
 min     = 1.224673
 max     = 3.024650
 p95     = 1.224935
 p99     = 1.224725

LATENCY ms
 mean   = 686.421326
 median = 808.252330
 min    = 330.616770
 max    = 816.544820
 p90    = 816.195076
 p95    = 816.369948
 p99    = 816.509846
 stddev = 187.468531
 CV     = 0.273110
 jitter p99-p50 = 8.257516 ms

DPU STAGE ms
 mean = 155.820976
 p95  = 155.916024
 p99  = 155.937277

PREPROCESS mean = 164.213552 ms
POSTPROCESS mean = 6.125230 ms

INTER-COMPLETION ms
 mean = 325.205412
 p95  = 330.287691
 p99  = 330.384298
OUTPUT-CADENCE FPS
 average(system wall) = 3.062651
 min = 3.026557
 max = 3.157386
 p95 = 3.027664
 p99 = 3.026778

Results saved to:
/home/root/Benchmark_ZCU104/results_all_models/methane_skip_connections/runs/60_final_c3__max_e2e__r1_pre2_post1_spr1_nopin__rep1__n5__samples5__cpu0
