============================================================
METHANE SEGMENTATION ZCU104 OPTIMIZED BENCHMARK
============================================================
Batch: 1 ALWAYS
Profile: max-e2e
Dataset images: 5
Runners: 2
Pre workers: 2
Post workers: 1
Slots/runner: 1
Pin: no
DPU subgraphs: 1 | CPU fallback subgraphs: 1
Input  : [1,512,512,4] INT8 fix=5
Output : [1,512,512,1] FLOAT32

============================================================
max_end_to_end_throughput
============================================================
batch              = 1
runners            = 2
pre_workers        = 2
post_workers       = 1
slots_per_runner   = 1
completed          = 5
wall_s             = 1.525708
THROUGHPUT FPS     = 3.277166
POWER sensors/samples = 1/9.000000
POWER mean/min/max W = 21.394222/14.525000/27.325000
ENERGY estimated J   = 32.641345

FPS EQUIVALENT FROM PER-JOB LATENCY
 average = 1.388302
 min     = 1.151411
 max     = 1.947795
 p95     = 1.154797
 p99     = 1.152087

LATENCY ms
 mean   = 720.304312
 median = 840.296820
 min    = 513.401080
 max    = 868.499440
 p90    = 863.406392
 p95    = 865.952916
 p99    = 867.990135
 stddev = 165.062645
 CV     = 0.229157
 jitter p99-p50 = 27.693315 ms

DPU STAGE ms
 mean = 337.054448
 p95  = 340.061936
 p99  = 340.274075

PREPROCESS mean = 167.452526 ms
POSTPROCESS mean = 6.955210 ms

INTER-COMPLETION ms
 mean = 252.783492
 p95  = 499.972182
 p99  = 501.983564
OUTPUT-CADENCE FPS
 average(system wall) = 3.277166
 min = 1.990104
 max = 98.429847
 p95 = 2.000111
 p99 = 1.992097

Results saved to:
/home/root/Benchmark_ZCU104/results_all_models/methane_baseline/runs/20_e2e_runners__max_e2e__r2_pre2_post1_spr1_nopin__rep1__n5__samples5__cpu0
