XModel: 6 subgrafos DPU, 6 CPU; 3425 amostras
Executando model_only...
model_only: 0/3425
model_only: 2/3425
model_only: 12/3425
model_only: 20/3425
model_only: 30/3425
model_only: 40/3425
model_only: 49/3425
model_only: 59/3425
model_only: 68/3425
model_only: 77/3425
model_only: 87/3425
model_only: 97/3425
model_only: 105/3425
model_only: 115/3425
model_only: 125/3425
model_only: 135/3425
model_only: 143/3425
model_only: 153/3425
model_only: 163/3425
model_only: 172/3425
model_only: 181/3425
model_only: 191/3425
model_only: 200/3425
model_only: 210/3425
model_only: 219/3425
model_only: 228/3425
model_only: 238/3425
model_only: 248/3425
model_only: 257/3425
model_only: 266/3425
model_only: 276/3425
model_only: 285/3425
model_only: 295/3425
model_only: 304/3425
model_only: 313/3425
model_only: 323/3425
model_only: 333/3425
model_only: 342/3425
model_only: 351/3425
model_only: 361/3425
model_only: 371/3425
model_only: 380/3425
model_only: 389/3425
model_only: 399/3425
model_only: 408/3425
model_only: 418/3425
model_only: 427/3425
model_only: 436/3425
model_only: 446/3425
model_only: 456/3425
model_only: 464/3425
model_only: 474/3425
model_only: 484/3425
model_only: 493/3425
model_only: 502/3425
model_only: 512/3425
model_only: 521/3425
model_only: 531/3425
model_only: 540/3425
model_only: 550/3425
model_only: 559/3425
model_only: 569/3425
model_only: 579/3425
model_only: 587/3425
model_only: 597/3425
model_only: 607/3425
model_only: 616/3425
model_only: 625/3425
model_only: 635/3425
model_only: 644/3425
model_only: 654/3425
model_only: 663/3425
model_only: 672/3425
model_only: 682/3425
model_only: 692/3425
model_only: 700/3425
model_only: 710/3425
model_only: 720/3425
model_only: 729/3425
model_only: 738/3425
model_only: 748/3425
model_only: 758/3425
model_only: 767/3425
model_only: 776/3425
model_only: 786/3425
model_only: 795/3425
model_only: 805/3425
model_only: 815/3425
model_only: 823/3425
model_only: 833/3425
model_only: 843/3425
model_only: 852/3425
model_only: 861/3425
model_only: 871/3425
model_only: 880/3425
model_only: 890/3425
model_only: 899/3425
model_only: 908/3425
model_only: 918/3425
model_only: 928/3425
model_only: 936/3425
model_only: 946/3425
model_only: 956/3425
model_only: 965/3425
model_only: 975/3425
model_only: 984/3425
model_only: 993/3425
model_only: 1003/3425
model_only: 1013/3425
model_only: 1022/3425
model_only: 1031/3425
model_only: 1041/3425
model_only: 1051/3425
model_only: 1059/3425
model_only: 1069/3425
model_only: 1079/3425
model_only: 1088/3425
model_only: 1098/3425
model_only: 1107/3425
model_only: 1116/3425
model_only: 1126/3425
model_only: 1136/3425
model_only: 1144/3425
model_only: 1154/3425
model_only: 1164/3425
model_only: 1173/3425
model_only: 1182/3425
model_only: 1192/3425
model_only: 1201/3425
model_only: 1211/3425
model_only: 1220/3425
model_only: 1229/3425
model_only: 1239/3425
model_only: 1249/3425
model_only: 1258/3425
model_only: 1267/3425
model_only: 1277/3425
model_only: 1286/3425
model_only: 1296/3425
model_only: 1305/3425
model_only: 1314/3425
model_only: 1324/3425
model_only: 1334/3425
model_only: 1342/3425
model_only: 1352/3425
model_only: 1362/3425
model_only: 1371/3425
model_only: 1380/3425
model_only: 1390/3425
model_only: 1399/3425
model_only: 1409/3425
model_only: 1419/3425
model_only: 1427/3425
model_only: 1437/3425
model_only: 1447/3425
model_only: 1456/3425
model_only: 1465/3425
model_only: 1475/3425
model_only: 1485/3425
model_only: 1494/3425
model_only: 1503/3425
model_only: 1513/3425
model_only: 1522/3425
model_only: 1532/3425
model_only: 1542/3425
model_only: 1550/3425
model_only: 1560/3425
model_only: 1570/3425
model_only: 1579/3425
model_only: 1588/3425
model_only: 1598/3425
model_only: 1607/3425
model_only: 1617/3425
model_only: 1626/3425
model_only: 1635/3425
model_only: 1645/3425
model_only: 1655/3425
model_only: 1663/3425
model_only: 1673/3425
model_only: 1683/3425
model_only: 1692/3425
model_only: 1702/3425
model_only: 1711/3425
model_only: 1720/3425
model_only: 1730/3425
model_only: 1740/3425
model_only: 1749/3425
model_only: 1758/3425
model_only: 1768/3425
model_only: 1778/3425
model_only: 1786/3425
model_only: 1796/3425
model_only: 1806/3425
model_only: 1815/3425
model_only: 1824/3425
model_only: 1834/3425
model_only: 1843/3425
model_only: 1853/3425
model_only: 1863/3425
model_only: 1871/3425
model_only: 1881/3425
model_only: 1891/3425
model_only: 1900/3425
model_only: 1909/3425
model_only: 1919/3425
model_only: 1928/3425
model_only: 1938/3425
model_only: 1947/3425
model_only: 1956/3425
model_only: 1966/3425
model_only: 1976/3425
model_only: 1986/3425
model_only: 1994/3425
model_only: 2004/3425
model_only: 2014/3425
model_only: 2023/3425
model_only: 2032/3425
model_only: 2042/3425
model_only: 2051/3425
model_only: 2061/3425
model_only: 2070/3425
model_only: 2079/3425
model_only: 2089/3425
model_only: 2099/3425
model_only: 2108/3425
model_only: 2117/3425
model_only: 2127/3425
model_only: 2137/3425
model_only: 2146/3425
model_only: 2155/3425
model_only: 2165/3425
model_only: 2174/3425
model_only: 2184/3425
model_only: 2193/3425
model_only: 2202/3425
model_only: 2212/3425
model_only: 2222/3425
model_only: 2231/3425
model_only: 2240/3425
model_only: 2250/3425
model_only: 2259/3425
model_only: 2269/3425
model_only: 2278/3425
model_only: 2287/3425
model_only: 2297/3425
model_only: 2307/3425
model_only: 2316/3425
model_only: 2325/3425
model_only: 2335/3425
model_only: 2345/3425
model_only: 2354/3425
model_only: 2363/3425
model_only: 2373/3425
model_only: 2382/3425
model_only: 2392/3425
model_only: 2401/3425
model_only: 2410/3425
model_only: 2420/3425
model_only: 2430/3425
model_only: 2438/3425
model_only: 2448/3425
model_only: 2458/3425
model_only: 2467/3425
model_only: 2476/3425
model_only: 2486/3425
model_only: 2495/3425
model_only: 2505/3425
model_only: 2515/3425
model_only: 2524/3425
model_only: 2533/3425
model_only: 2543/3425
model_only: 2553/3425
model_only: 2561/3425
model_only: 2571/3425
model_only: 2581/3425
model_only: 2590/3425
model_only: 2599/3425
model_only: 2609/3425
model_only: 2618/3425
model_only: 2628/3425
model_only: 2638/3425
model_only: 2646/3425
model_only: 2656/3425
model_only: 2666/3425
model_only: 2675/3425
model_only: 2684/3425
model_only: 2694/3425
model_only: 2703/3425
model_only: 2713/3425
model_only: 2722/3425
model_only: 2731/3425
model_only: 2741/3425
model_only: 2751/3425
model_only: 2759/3425
model_only: 2769/3425
model_only: 2779/3425
model_only: 2788/3425
model_only: 2798/3425
model_only: 2807/3425
model_only: 2816/3425
model_only: 2826/3425
model_only: 2836/3425
model_only: 2844/3425
model_only: 2854/3425
model_only: 2864/3425
model_only: 2874/3425
model_only: 2882/3425
model_only: 2892/3425
model_only: 2902/3425
model_only: 2911/3425
model_only: 2920/3425
model_only: 2930/3425
model_only: 2939/3425
model_only: 2949/3425
model_only: 2959/3425
model_only: 2967/3425
model_only: 2977/3425
model_only: 2987/3425
model_only: 2996/3425
model_only: 3005/3425
model_only: 3015/3425
model_only: 3024/3425
model_only: 3034/3425
model_only: 3043/3425
model_only: 3052/3425
model_only: 3062/3425
model_only: 3072/3425
model_only: 3081/3425
model_only: 3090/3425
model_only: 3100/3425
model_only: 3109/3425
model_only: 3119/3425
model_only: 3128/3425
model_only: 3138/3425
model_only: 3147/3425
model_only: 3157/3425
model_only: 3166/3425
model_only: 3175/3425
model_only: 3185/3425
model_only: 3195/3425
model_only: 3204/3425
model_only: 3213/3425
model_only: 3223/3425
model_only: 3232/3425
model_only: 3242/3425
model_only: 3251/3425
model_only: 3260/3425
model_only: 3270/3425
model_only: 3280/3425
model_only: 3288/3425
model_only: 3298/3425
model_only: 3308/3425
model_only: 3317/3425
model_only: 3326/3425
model_only: 3336/3425
model_only: 3345/3425
model_only: 3355/3425
model_only: 3365/3425
model_only: 3374/3425
model_only: 3383/3425
model_only: 3393/3425
model_only: 3403/3425
model_only: 3411/3425
model_only: 3421/3425
model_only: 3425/3425
model_only: 3425 inferencias em 362.685 s; 9.44344 FPS de throughput; 4.72216 FPS por latencia; latencia media 211.767 ms; p99 214.92 ms
Executando end_to_end...
end_to_end: 0/3425
end_to_end: 2/3425
end_to_end: 9/3425
end_to_end: 17/3425
end_to_end: 23/3425
end_to_end: 29/3425
end_to_end: 37/3425
end_to_end: 43/3425
end_to_end: 49/3425
end_to_end: 56/3425
end_to_end: 63/3425
end_to_end: 69/3425
end_to_end: 76/3425
end_to_end: 83/3425
end_to_end: 89/3425
end_to_end: 97/3425
end_to_end: 103/3425
end_to_end: 109/3425
end_to_end: 117/3425
end_to_end: 123/3425
end_to_end: 130/3425
end_to_end: 137/3425
end_to_end: 143/3425
end_to_end: 150/3425
end_to_end: 157/3425
end_to_end: 165/3425
end_to_end: 171/3425
end_to_end: 179/3425
end_to_end: 184/3425
end_to_end: 191/3425
end_to_end: 199/3425
end_to_end: 205/3425
end_to_end: 213/3425
end_to_end: 219/3425
end_to_end: 226/3425
end_to_end: 234/3425
end_to_end: 241/3425
end_to_end: 248/3425
end_to_end: 254/3425
end_to_end: 262/3425
end_to_end: 268/3425
end_to_end: 276/3425
end_to_end: 282/3425
end_to_end: 289/3425
end_to_end: 296/3425
end_to_end: 303/3425
end_to_end: 310/3425
end_to_end: 318/3425
end_to_end: 324/3425
end_to_end: 332/3425
end_to_end: 338/3425
end_to_end: 344/3425
end_to_end: 352/3425
end_to_end: 358/3425
end_to_end: 365/3425
end_to_end: 373/3425
end_to_end: 379/3425
end_to_end: 387/3425
end_to_end: 393/3425
end_to_end: 399/3425
end_to_end: 407/3425
end_to_end: 414/3425
end_to_end: 420/3425
end_to_end: 428/3425
end_to_end: 433/3425
end_to_end: 440/3425
end_to_end: 447/3425
end_to_end: 454/3425
end_to_end: 461/3425
end_to_end: 468/3425
end_to_end: 474/3425
end_to_end: 482/3425
end_to_end: 489/3425
end_to_end: 496/3425
end_to_end: 502/3425
end_to_end: 509/3425
end_to_end: 517/3425
end_to_end: 524/3425
end_to_end: 531/3425
end_to_end: 538/3425
end_to_end: 545/3425
end_to_end: 552/3425
end_to_end: 559/3425
end_to_end: 565/3425
end_to_end: 573/3425
end_to_end: 579/3425
end_to_end: 585/3425
end_to_end: 593/3425
end_to_end: 599/3425
end_to_end: 606/3425
end_to_end: 613/3425
end_to_end: 619/3425
end_to_end: 627/3425
end_to_end: 633/3425
end_to_end: 641/3425
end_to_end: 647/3425
end_to_end: 653/3425
end_to_end: 661/3425
end_to_end: 667/3425
end_to_end: 674/3425
end_to_end: 679/3425
end_to_end: 686/3425
end_to_end: 693/3425
end_to_end: 701/3425
end_to_end: 707/3425
end_to_end: 714/3425
end_to_end: 721/3425
end_to_end: 727/3425
end_to_end: 735/3425
end_to_end: 741/3425
end_to_end: 748/3425
end_to_end: 755/3425
end_to_end: 762/3425
end_to_end: 769/3425
end_to_end: 776/3425
end_to_end: 782/3425
end_to_end: 790/3425
end_to_end: 796/3425
end_to_end: 804/3425
end_to_end: 810/3425
end_to_end: 817/3425
end_to_end: 824/3425
end_to_end: 832/3425
end_to_end: 838/3425
end_to_end: 846/3425
end_to_end: 852/3425
end_to_end: 860/3425
end_to_end: 866/3425
end_to_end: 874/3425
end_to_end: 880/3425
end_to_end: 888/3425
end_to_end: 894/3425
end_to_end: 902/3425
end_to_end: 908/3425
end_to_end: 916/3425
end_to_end: 922/3425
end_to_end: 928/3425
end_to_end: 934/3425
end_to_end: 940/3425
end_to_end: 947/3425
end_to_end: 953/3425
end_to_end: 959/3425
end_to_end: 966/3425
end_to_end: 972/3425
end_to_end: 978/3425
end_to_end: 985/3425
end_to_end: 991/3425
end_to_end: 998/3425
end_to_end: 1004/3425
end_to_end: 1010/3425
end_to_end: 1016/3425
end_to_end: 1023/3425
end_to_end: 1030/3425
end_to_end: 1038/3425
end_to_end: 1044/3425
end_to_end: 1051/3425
end_to_end: 1058/3425
end_to_end: 1066/3425
end_to_end: 1072/3425
end_to_end: 1080/3425
end_to_end: 1086/3425
end_to_end: 1094/3425
end_to_end: 1100/3425
end_to_end: 1108/3425
end_to_end: 1114/3425
end_to_end: 1122/3425
end_to_end: 1128/3425
end_to_end: 1136/3425
end_to_end: 1144/3425
end_to_end: 1150/3425
end_to_end: 1156/3425
end_to_end: 1164/3425
end_to_end: 1168/3425
end_to_end: 1175/3425
end_to_end: 1182/3425
end_to_end: 1189/3425
end_to_end: 1196/3425
end_to_end: 1202/3425
end_to_end: 1210/3425
end_to_end: 1216/3425
end_to_end: 1223/3425
end_to_end: 1230/3425
end_to_end: 1237/3425
end_to_end: 1244/3425
end_to_end: 1251/3425
end_to_end: 1257/3425
end_to_end: 1264/3425
end_to_end: 1271/3425
end_to_end: 1278/3425
end_to_end: 1284/3425
end_to_end: 1291/3425
end_to_end: 1298/3425
end_to_end: 1304/3425
end_to_end: 1310/3425
end_to_end: 1317/3425
end_to_end: 1324/3425
end_to_end: 1330/3425
end_to_end: 1337/3425
end_to_end: 1344/3425
end_to_end: 1350/3425
end_to_end: 1357/3425
end_to_end: 1364/3425
end_to_end: 1371/3425
end_to_end: 1378/3425
end_to_end: 1385/3425
end_to_end: 1392/3425
end_to_end: 1399/3425
end_to_end: 1405/3425
end_to_end: 1412/3425
end_to_end: 1418/3425
end_to_end: 1425/3425
end_to_end: 1432/3425
end_to_end: 1439/3425
end_to_end: 1446/3425
end_to_end: 1453/3425
end_to_end: 1460/3425
end_to_end: 1467/3425
end_to_end: 1473/3425
end_to_end: 1480/3425
end_to_end: 1487/3425
end_to_end: 1493/3425
end_to_end: 1500/3425
end_to_end: 1507/3425
end_to_end: 1514/3425
end_to_end: 1521/3425
end_to_end: 1527/3425
end_to_end: 1534/3425
end_to_end: 1541/3425
end_to_end: 1547/3425
end_to_end: 1555/3425
end_to_end: 1561/3425
end_to_end: 1567/3425
end_to_end: 1575/3425
end_to_end: 1581/3425
end_to_end: 1587/3425
end_to_end: 1593/3425
end_to_end: 1600/3425
end_to_end: 1607/3425
end_to_end: 1613/3425
end_to_end: 1620/3425
end_to_end: 1627/3425
end_to_end: 1633/3425
end_to_end: 1640/3425
end_to_end: 1646/3425
end_to_end: 1652/3425
end_to_end: 1658/3425
end_to_end: 1665/3425
end_to_end: 1671/3425
end_to_end: 1678/3425
end_to_end: 1685/3425
end_to_end: 1691/3425
end_to_end: 1697/3425
end_to_end: 1704/3425
end_to_end: 1711/3425
end_to_end: 1718/3425
end_to_end: 1724/3425
end_to_end: 1733/3425
end_to_end: 1740/3425
end_to_end: 1748/3425
end_to_end: 1754/3425
end_to_end: 1762/3425
end_to_end: 1770/3425
end_to_end: 1777/3425
end_to_end: 1785/3425
end_to_end: 1793/3425
end_to_end: 1800/3425
end_to_end: 1808/3425
end_to_end: 1814/3425
end_to_end: 1823/3425
end_to_end: 1830/3425
end_to_end: 1837/3425
end_to_end: 1845/3425
end_to_end: 1852/3425
end_to_end: 1860/3425
end_to_end: 1868/3425
end_to_end: 1875/3425
end_to_end: 1882/3425
end_to_end: 1890/3425
end_to_end: 1898/3425
end_to_end: 1904/3425
end_to_end: 1912/3425
end_to_end: 1920/3425
end_to_end: 1928/3425
end_to_end: 1934/3425
end_to_end: 1942/3425
end_to_end: 1949/3425
end_to_end: 1956/3425
end_to_end: 1963/3425
end_to_end: 1971/3425
end_to_end: 1979/3425
end_to_end: 1985/3425
end_to_end: 1993/3425
end_to_end: 2000/3425
end_to_end: 2007/3425
end_to_end: 2015/3425
end_to_end: 2019/3425
end_to_end: 2027/3425
end_to_end: 2035/3425
end_to_end: 2043/3425
end_to_end: 2051/3425
end_to_end: 2058/3425
end_to_end: 2066/3425
end_to_end: 2074/3425
end_to_end: 2083/3425
end_to_end: 2089/3425
end_to_end: 2097/3425
end_to_end: 2103/3425
end_to_end: 2111/3425
end_to_end: 2118/3425
end_to_end: 2125/3425
end_to_end: 2133/3425
end_to_end: 2139/3425
end_to_end: 2146/3425
end_to_end: 2154/3425
end_to_end: 2162/3425
end_to_end: 2170/3425
end_to_end: 2176/3425
end_to_end: 2184/3425
end_to_end: 2192/3425
end_to_end: 2199/3425
end_to_end: 2207/3425
end_to_end: 2215/3425
end_to_end: 2223/3425
end_to_end: 2232/3425
end_to_end: 2239/3425
end_to_end: 2246/3425
end_to_end: 2253/3425
end_to_end: 2260/3425
end_to_end: 2266/3425
end_to_end: 2274/3425
end_to_end: 2280/3425
end_to_end: 2285/3425
end_to_end: 2292/3425
end_to_end: 2300/3425
end_to_end: 2306/3425
end_to_end: 2314/3425
end_to_end: 2321/3425
end_to_end: 2328/3425
end_to_end: 2335/3425
end_to_end: 2342/3425
end_to_end: 2351/3425
end_to_end: 2358/3425
end_to_end: 2366/3425
end_to_end: 2373/3425
end_to_end: 2381/3425
end_to_end: 2388/3425
end_to_end: 2395/3425
end_to_end: 2402/3425
end_to_end: 2410/3425
end_to_end: 2416/3425
end_to_end: 2424/3425
end_to_end: 2430/3425
end_to_end: 2438/3425
end_to_end: 2445/3425
end_to_end: 2453/3425
end_to_end: 2460/3425
end_to_end: 2467/3425
end_to_end: 2475/3425
end_to_end: 2482/3425
end_to_end: 2489/3425
end_to_end: 2497/3425
end_to_end: 2505/3425
end_to_end: 2509/3425
end_to_end: 2517/3425
end_to_end: 2525/3425
end_to_end: 2531/3425
end_to_end: 2539/3425
end_to_end: 2547/3425
end_to_end: 2553/3425
end_to_end: 2561/3425
end_to_end: 2569/3425
end_to_end: 2576/3425
end_to_end: 2583/3425
end_to_end: 2591/3425
end_to_end: 2597/3425
end_to_end: 2605/3425
end_to_end: 2611/3425
end_to_end: 2619/3425
end_to_end: 2627/3425
end_to_end: 2633/3425
end_to_end: 2640/3425
end_to_end: 2647/3425
end_to_end: 2654/3425
end_to_end: 2662/3425
end_to_end: 2670/3425
end_to_end: 2677/3425
end_to_end: 2685/3425
end_to_end: 2691/3425
end_to_end: 2699/3425
end_to_end: 2707/3425
end_to_end: 2714/3425
end_to_end: 2722/3425
end_to_end: 2728/3425
end_to_end: 2736/3425
end_to_end: 2743/3425
end_to_end: 2751/3425
end_to_end: 2758/3425
end_to_end: 2766/3425
end_to_end: 2770/3425
end_to_end: 2778/3425
end_to_end: 2786/3425
end_to_end: 2794/3425
end_to_end: 2800/3425
end_to_end: 2807/3425
end_to_end: 2814/3425
end_to_end: 2822/3425
end_to_end: 2828/3425
end_to_end: 2836/3425
end_to_end: 2844/3425
end_to_end: 2852/3425
end_to_end: 2860/3425
end_to_end: 2868/3425
end_to_end: 2874/3425
end_to_end: 2882/3425
end_to_end: 2890/3425
end_to_end: 2898/3425
end_to_end: 2904/3425
end_to_end: 2912/3425
end_to_end: 2920/3425
end_to_end: 2928/3425
end_to_end: 2936/3425
end_to_end: 2943/3425
end_to_end: 2951/3425
end_to_end: 2957/3425
end_to_end: 2965/3425
end_to_end: 2972/3425
end_to_end: 2979/3425
end_to_end: 2987/3425
end_to_end: 2995/3425
end_to_end: 3002/3425
end_to_end: 3010/3425
end_to_end: 3017/3425
end_to_end: 3025/3425
end_to_end: 3031/3425
end_to_end: 3037/3425
end_to_end: 3043/3425
end_to_end: 3051/3425
end_to_end: 3057/3425
end_to_end: 3065/3425
end_to_end: 3073/3425
end_to_end: 3079/3425
end_to_end: 3087/3425
end_to_end: 3094/3425
end_to_end: 3101/3425
end_to_end: 3108/3425
end_to_end: 3115/3425
end_to_end: 3122/3425
end_to_end: 3130/3425
end_to_end: 3138/3425
end_to_end: 3146/3425
end_to_end: 3153/3425
end_to_end: 3160/3425
end_to_end: 3168/3425
end_to_end: 3176/3425
end_to_end: 3184/3425
end_to_end: 3190/3425
end_to_end: 3198/3425
end_to_end: 3206/3425
end_to_end: 3212/3425
end_to_end: 3220/3425
end_to_end: 3228/3425
end_to_end: 3236/3425
end_to_end: 3242/3425
end_to_end: 3250/3425
end_to_end: 3257/3425
end_to_end: 3264/3425
end_to_end: 3272/3425
end_to_end: 3279/3425
end_to_end: 3286/3425
end_to_end: 3293/3425
end_to_end: 3298/3425
end_to_end: 3307/3425
end_to_end: 3316/3425
end_to_end: 3322/3425
end_to_end: 3330/3425
end_to_end: 3338/3425
end_to_end: 3345/3425
end_to_end: 3352/3425
end_to_end: 3360/3425
end_to_end: 3367/3425
end_to_end: 3374/3425
end_to_end: 3381/3425
end_to_end: 3388/3425
end_to_end: 3395/3425
end_to_end: 3403/3425
end_to_end: 3410/3425
end_to_end: 3417/3425
end_to_end: 3425/3425
end_to_end: 3425 inferencias em 486.474 s; 7.04046 FPS de throughput; 1.9745 FPS por latencia; latencia media 506.458 ms; p99 627.4 ms
Validando segmentacao...
validacao: 0/3425
validacao: 2/3425
validacao: 5/3425
validacao: 7/3425
validacao: 9/3425
validacao: 11/3425
validacao: 14/3425
validacao: 16/3425
validacao: 18/3425
validacao: 20/3425
validacao: 22/3425
validacao: 25/3425
validacao: 27/3425
validacao: 29/3425
validacao: 31/3425
validacao: 33/3425
validacao: 35/3425
validacao: 37/3425
validacao: 40/3425
validacao: 42/3425
validacao: 44/3425
validacao: 46/3425
validacao: 48/3425
validacao: 50/3425
validacao: 53/3425
validacao: 55/3425
validacao: 57/3425
validacao: 59/3425
validacao: 61/3425
validacao: 64/3425
validacao: 66/3425
validacao: 68/3425
validacao: 70/3425
validacao: 72/3425
validacao: 75/3425
validacao: 77/3425
validacao: 79/3425
validacao: 81/3425
validacao: 83/3425
validacao: 86/3425
validacao: 88/3425
validacao: 90/3425
validacao: 92/3425
validacao: 94/3425
validacao: 97/3425
validacao: 99/3425
validacao: 101/3425
validacao: 103/3425
validacao: 105/3425
validacao: 107/3425
validacao: 110/3425
validacao: 112/3425
validacao: 114/3425
validacao: 116/3425
validacao: 118/3425
validacao: 121/3425
validacao: 123/3425
validacao: 125/3425
validacao: 127/3425
validacao: 130/3425
validacao: 132/3425
validacao: 134/3425
validacao: 136/3425
validacao: 138/3425
validacao: 140/3425
validacao: 143/3425
validacao: 145/3425
validacao: 147/3425
validacao: 149/3425
validacao: 151/3425
validacao: 154/3425
validacao: 156/3425
validacao: 158/3425
validacao: 160/3425
validacao: 163/3425
validacao: 165/3425
validacao: 167/3425
validacao: 169/3425
validacao: 172/3425
validacao: 174/3425
validacao: 176/3425
validacao: 178/3425
validacao: 180/3425
validacao: 183/3425
validacao: 185/3425
validacao: 187/3425
validacao: 189/3425
validacao: 192/3425
validacao: 194/3425
validacao: 196/3425
validacao: 198/3425
validacao: 200/3425
validacao: 203/3425
validacao: 205/3425
validacao: 207/3425
validacao: 209/3425
validacao: 212/3425
validacao: 214/3425
validacao: 216/3425
validacao: 218/3425
validacao: 221/3425
validacao: 223/3425
validacao: 225/3425
validacao: 227/3425
validacao: 229/3425
validacao: 232/3425
validacao: 234/3425
validacao: 236/3425
validacao: 238/3425
validacao: 241/3425
validacao: 243/3425
validacao: 245/3425
validacao: 247/3425
validacao: 250/3425
validacao: 252/3425
validacao: 254/3425
validacao: 256/3425
validacao: 258/3425
validacao: 261/3425
validacao: 263/3425
validacao: 265/3425
validacao: 267/3425
validacao: 270/3425
validacao: 272/3425
validacao: 274/3425
validacao: 276/3425
validacao: 279/3425
validacao: 281/3425
validacao: 283/3425
validacao: 285/3425
validacao: 287/3425
validacao: 290/3425
validacao: 292/3425
validacao: 294/3425
validacao: 296/3425
validacao: 299/3425
validacao: 301/3425
validacao: 303/3425
validacao: 305/3425
validacao: 308/3425
validacao: 310/3425
validacao: 312/3425
validacao: 314/3425
validacao: 316/3425
validacao: 319/3425
validacao: 321/3425
validacao: 323/3425
validacao: 325/3425
validacao: 328/3425
validacao: 330/3425
validacao: 332/3425
validacao: 334/3425
validacao: 337/3425
validacao: 339/3425
validacao: 341/3425
validacao: 343/3425
validacao: 345/3425
validacao: 347/3425
validacao: 350/3425
validacao: 352/3425
validacao: 354/3425
validacao: 356/3425
validacao: 359/3425
validacao: 361/3425
validacao: 363/3425
validacao: 365/3425
validacao: 367/3425
validacao: 370/3425
validacao: 372/3425
validacao: 374/3425
validacao: 376/3425
validacao: 379/3425
validacao: 381/3425
validacao: 383/3425
validacao: 385/3425
validacao: 387/3425
validacao: 390/3425
validacao: 392/3425
validacao: 394/3425
validacao: 396/3425
validacao: 399/3425
validacao: 401/3425
validacao: 403/3425
validacao: 405/3425
validacao: 407/3425
validacao: 410/3425
validacao: 412/3425
validacao: 414/3425
validacao: 416/3425
validacao: 419/3425
validacao: 421/3425
validacao: 423/3425
validacao: 425/3425
validacao: 428/3425
validacao: 430/3425
validacao: 432/3425
validacao: 434/3425
validacao: 436/3425
validacao: 439/3425
validacao: 441/3425
validacao: 443/3425
validacao: 445/3425
validacao: 447/3425
validacao: 450/3425
validacao: 452/3425
validacao: 454/3425
validacao: 456/3425
validacao: 459/3425
validacao: 461/3425
validacao: 463/3425
validacao: 465/3425
validacao: 467/3425
validacao: 470/3425
validacao: 472/3425
validacao: 474/3425
validacao: 476/3425
validacao: 479/3425
validacao: 481/3425
validacao: 483/3425
validacao: 485/3425
validacao: 487/3425
validacao: 490/3425
validacao: 492/3425
validacao: 494/3425
validacao: 496/3425
validacao: 499/3425
validacao: 501/3425
validacao: 503/3425
validacao: 505/3425
validacao: 507/3425
validacao: 510/3425
validacao: 512/3425
validacao: 514/3425
validacao: 516/3425
validacao: 519/3425
validacao: 521/3425
validacao: 523/3425
validacao: 525/3425
validacao: 528/3425
validacao: 530/3425
validacao: 532/3425
validacao: 534/3425
validacao: 537/3425
validacao: 539/3425
validacao: 541/3425
validacao: 543/3425
validacao: 546/3425
validacao: 548/3425
validacao: 550/3425
validacao: 552/3425
validacao: 554/3425
validacao: 557/3425
validacao: 559/3425
validacao: 561/3425
validacao: 563/3425
validacao: 566/3425
validacao: 568/3425
validacao: 570/3425
validacao: 572/3425
validacao: 575/3425
validacao: 577/3425
validacao: 579/3425
validacao: 581/3425
validacao: 583/3425
validacao: 586/3425
validacao: 588/3425
validacao: 590/3425
validacao: 592/3425
validacao: 594/3425
validacao: 597/3425
validacao: 599/3425
validacao: 601/3425
validacao: 603/3425
validacao: 606/3425
validacao: 608/3425
validacao: 610/3425
validacao: 612/3425
validacao: 614/3425
validacao: 617/3425
validacao: 619/3425
validacao: 621/3425
validacao: 623/3425
validacao: 625/3425
validacao: 628/3425
validacao: 630/3425
validacao: 632/3425
validacao: 634/3425
validacao: 637/3425
validacao: 639/3425
validacao: 641/3425
validacao: 643/3425
validacao: 646/3425
validacao: 648/3425
validacao: 650/3425
validacao: 652/3425
validacao: 654/3425
validacao: 656/3425
validacao: 659/3425
validacao: 661/3425
validacao: 663/3425
validacao: 665/3425
validacao: 668/3425
validacao: 670/3425
validacao: 672/3425
validacao: 674/3425
validacao: 676/3425
validacao: 679/3425
validacao: 681/3425
validacao: 683/3425
validacao: 685/3425
validacao: 687/3425
validacao: 690/3425
validacao: 692/3425
validacao: 694/3425
validacao: 696/3425
validacao: 699/3425
validacao: 701/3425
validacao: 703/3425
validacao: 705/3425
validacao: 707/3425
validacao: 710/3425
validacao: 712/3425
validacao: 714/3425
validacao: 716/3425
validacao: 718/3425
validacao: 721/3425
validacao: 723/3425
validacao: 725/3425
validacao: 727/3425
validacao: 729/3425
validacao: 732/3425
validacao: 734/3425
validacao: 736/3425
validacao: 738/3425
validacao: 740/3425
validacao: 743/3425
validacao: 745/3425
validacao: 747/3425
validacao: 749/3425
validacao: 752/3425
validacao: 754/3425
validacao: 756/3425
validacao: 758/3425
validacao: 761/3425
validacao: 763/3425
validacao: 765/3425
validacao: 767/3425
validacao: 770/3425
validacao: 772/3425
validacao: 774/3425
validacao: 776/3425
validacao: 779/3425
validacao: 781/3425
validacao: 783/3425
validacao: 785/3425
validacao: 787/3425
validacao: 789/3425
validacao: 792/3425
validacao: 794/3425
validacao: 796/3425
validacao: 798/3425
validacao: 801/3425
validacao: 803/3425
validacao: 805/3425
validacao: 807/3425
validacao: 810/3425
validacao: 812/3425
validacao: 814/3425
validacao: 816/3425
validacao: 818/3425
validacao: 821/3425
validacao: 823/3425
validacao: 825/3425
validacao: 828/3425
validacao: 830/3425
validacao: 832/3425
validacao: 834/3425
validacao: 836/3425
validacao: 839/3425
validacao: 841/3425
validacao: 843/3425
validacao: 845/3425
validacao: 848/3425
validacao: 850/3425
validacao: 852/3425
validacao: 854/3425
validacao: 856/3425
validacao: 859/3425
validacao: 861/3425
validacao: 863/3425
validacao: 865/3425
validacao: 868/3425
validacao: 870/3425
validacao: 872/3425
validacao: 874/3425
validacao: 876/3425
validacao: 879/3425
validacao: 881/3425
validacao: 883/3425
validacao: 885/3425
validacao: 888/3425
validacao: 890/3425
validacao: 892/3425
validacao: 894/3425
validacao: 896/3425
validacao: 899/3425
validacao: 901/3425
validacao: 903/3425
validacao: 905/3425
validacao: 908/3425
validacao: 910/3425
validacao: 912/3425
validacao: 914/3425
validacao: 917/3425
validacao: 919/3425
validacao: 921/3425
validacao: 923/3425
validacao: 925/3425
validacao: 928/3425
validacao: 930/3425
validacao: 932/3425
validacao: 934/3425
validacao: 936/3425
validacao: 938/3425
validacao: 941/3425
validacao: 943/3425
validacao: 945/3425
validacao: 947/3425
validacao: 949/3425
validacao: 951/3425
validacao: 953/3425
validacao: 956/3425
validacao: 958/3425
validacao: 960/3425
validacao: 962/3425
validacao: 964/3425
validacao: 966/3425
validacao: 968/3425
validacao: 970/3425
validacao: 973/3425
validacao: 975/3425
validacao: 977/3425
validacao: 979/3425
validacao: 981/3425
validacao: 983/3425
validacao: 986/3425
validacao: 988/3425
validacao: 990/3425
validacao: 992/3425
validacao: 994/3425
validacao: 996/3425
validacao: 999/3425
validacao: 1001/3425
validacao: 1003/3425
validacao: 1005/3425
validacao: 1007/3425
validacao: 1009/3425
validacao: 1011/3425
validacao: 1014/3425
validacao: 1016/3425
validacao: 1018/3425
validacao: 1020/3425
validacao: 1022/3425
validacao: 1024/3425
validacao: 1027/3425
validacao: 1029/3425
validacao: 1031/3425
validacao: 1033/3425
validacao: 1036/3425
validacao: 1038/3425
validacao: 1040/3425
validacao: 1042/3425
validacao: 1044/3425
validacao: 1047/3425
validacao: 1049/3425
validacao: 1051/3425
validacao: 1053/3425
validacao: 1055/3425
validacao: 1058/3425
validacao: 1060/3425
validacao: 1062/3425
validacao: 1064/3425
validacao: 1067/3425
validacao: 1069/3425
validacao: 1071/3425
validacao: 1073/3425
validacao: 1076/3425
validacao: 1078/3425
validacao: 1080/3425
validacao: 1082/3425
validacao: 1085/3425
validacao: 1087/3425
validacao: 1089/3425
validacao: 1091/3425
validacao: 1094/3425
validacao: 1096/3425
validacao: 1098/3425
validacao: 1100/3425
validacao: 1102/3425
validacao: 1105/3425
validacao: 1107/3425
validacao: 1109/3425
validacao: 1111/3425
validacao: 1113/3425
validacao: 1116/3425
validacao: 1118/3425
validacao: 1120/3425
validacao: 1122/3425
validacao: 1125/3425
validacao: 1127/3425
validacao: 1129/3425
validacao: 1131/3425
validacao: 1134/3425
validacao: 1136/3425
validacao: 1138/3425
validacao: 1140/3425
validacao: 1143/3425
validacao: 1145/3425
validacao: 1147/3425
validacao: 1149/3425
validacao: 1152/3425
validacao: 1154/3425
validacao: 1156/3425
validacao: 1158/3425
validacao: 1160/3425
validacao: 1163/3425
validacao: 1165/3425
validacao: 1167/3425
validacao: 1169/3425
validacao: 1171/3425
validacao: 1173/3425
validacao: 1176/3425
validacao: 1178/3425
validacao: 1180/3425
validacao: 1182/3425
validacao: 1184/3425
validacao: 1187/3425
validacao: 1189/3425
validacao: 1191/3425
validacao: 1193/3425
validacao: 1196/3425
validacao: 1198/3425
validacao: 1200/3425
validacao: 1202/3425
validacao: 1204/3425
validacao: 1207/3425
validacao: 1209/3425
validacao: 1211/3425
validacao: 1213/3425
validacao: 1216/3425
validacao: 1218/3425
validacao: 1220/3425
validacao: 1222/3425
validacao: 1224/3425
validacao: 1227/3425
validacao: 1229/3425
validacao: 1231/3425
validacao: 1233/3425
validacao: 1235/3425
validacao: 1238/3425
validacao: 1240/3425
validacao: 1242/3425
validacao: 1244/3425
validacao: 1246/3425
validacao: 1249/3425
validacao: 1251/3425
validacao: 1253/3425
validacao: 1255/3425
validacao: 1258/3425
validacao: 1260/3425
validacao: 1262/3425
validacao: 1264/3425
validacao: 1266/3425
validacao: 1268/3425
validacao: 1271/3425
validacao: 1273/3425
validacao: 1275/3425
validacao: 1277/3425
validacao: 1280/3425
validacao: 1282/3425
validacao: 1284/3425
validacao: 1286/3425
validacao: 1288/3425
validacao: 1291/3425
validacao: 1293/3425
validacao: 1295/3425
validacao: 1297/3425
validacao: 1299/3425
validacao: 1301/3425
validacao: 1303/3425
validacao: 1306/3425
validacao: 1308/3425
validacao: 1310/3425
validacao: 1312/3425
validacao: 1314/3425
validacao: 1316/3425
validacao: 1319/3425
validacao: 1321/3425
validacao: 1323/3425
validacao: 1325/3425
validacao: 1327/3425
validacao: 1330/3425
validacao: 1332/3425
validacao: 1334/3425
validacao: 1336/3425
validacao: 1338/3425
validacao: 1341/3425
validacao: 1343/3425
validacao: 1345/3425
validacao: 1347/3425
validacao: 1349/3425
validacao: 1351/3425
validacao: 1354/3425
validacao: 1356/3425
validacao: 1358/3425
validacao: 1360/3425
validacao: 1362/3425
validacao: 1365/3425
validacao: 1367/3425
validacao: 1369/3425
validacao: 1371/3425
validacao: 1374/3425
validacao: 1376/3425
validacao: 1378/3425
validacao: 1380/3425
validacao: 1383/3425
validacao: 1385/3425
validacao: 1387/3425
validacao: 1389/3425
validacao: 1392/3425
validacao: 1394/3425
validacao: 1396/3425
validacao: 1398/3425
validacao: 1400/3425
validacao: 1403/3425
validacao: 1405/3425
validacao: 1407/3425
validacao: 1409/3425
validacao: 1412/3425
validacao: 1414/3425
validacao: 1416/3425
validacao: 1418/3425
validacao: 1420/3425
validacao: 1423/3425
validacao: 1425/3425
validacao: 1427/3425
validacao: 1429/3425
validacao: 1432/3425
validacao: 1434/3425
validacao: 1436/3425
validacao: 1438/3425
validacao: 1440/3425
validacao: 1442/3425
validacao: 1445/3425
validacao: 1447/3425
validacao: 1449/3425
validacao: 1451/3425
validacao: 1454/3425
validacao: 1456/3425
validacao: 1458/3425
validacao: 1460/3425
validacao: 1463/3425
validacao: 1465/3425
validacao: 1467/3425
validacao: 1469/3425
validacao: 1471/3425
validacao: 1473/3425
validacao: 1475/3425
validacao: 1478/3425
validacao: 1480/3425
validacao: 1482/3425
validacao: 1484/3425
validacao: 1486/3425
validacao: 1489/3425
validacao: 1491/3425
validacao: 1493/3425
validacao: 1495/3425
validacao: 1497/3425
validacao: 1499/3425
validacao: 1502/3425
validacao: 1504/3425
validacao: 1506/3425
validacao: 1508/3425
validacao: 1511/3425
validacao: 1513/3425
validacao: 1515/3425
validacao: 1517/3425
validacao: 1519/3425
validacao: 1522/3425
validacao: 1524/3425
validacao: 1526/3425
validacao: 1528/3425
validacao: 1530/3425
validacao: 1533/3425
validacao: 1535/3425
validacao: 1537/3425
validacao: 1539/3425
validacao: 1541/3425
validacao: 1544/3425
validacao: 1546/3425
validacao: 1548/3425
validacao: 1550/3425
validacao: 1552/3425
validacao: 1555/3425
validacao: 1557/3425
validacao: 1559/3425
validacao: 1561/3425
validacao: 1563/3425
validacao: 1566/3425
validacao: 1568/3425
validacao: 1570/3425
validacao: 1572/3425
validacao: 1574/3425
validacao: 1577/3425
validacao: 1579/3425
validacao: 1581/3425
validacao: 1583/3425
validacao: 1585/3425
validacao: 1587/3425
validacao: 1590/3425
validacao: 1592/3425
validacao: 1594/3425
validacao: 1596/3425
validacao: 1598/3425
validacao: 1600/3425
validacao: 1603/3425
validacao: 1605/3425
validacao: 1607/3425
validacao: 1609/3425
validacao: 1611/3425
validacao: 1614/3425
validacao: 1616/3425
validacao: 1618/3425
validacao: 1620/3425
validacao: 1622/3425
validacao: 1625/3425
validacao: 1627/3425
validacao: 1629/3425
validacao: 1631/3425
validacao: 1633/3425
validacao: 1635/3425
validacao: 1638/3425
validacao: 1640/3425
validacao: 1642/3425
validacao: 1644/3425
validacao: 1646/3425
validacao: 1648/3425
validacao: 1651/3425
validacao: 1653/3425
validacao: 1655/3425
validacao: 1657/3425
validacao: 1659/3425
validacao: 1661/3425
validacao: 1664/3425
validacao: 1666/3425
validacao: 1668/3425
validacao: 1670/3425
validacao: 1672/3425
validacao: 1674/3425
validacao: 1677/3425
validacao: 1679/3425
validacao: 1681/3425
validacao: 1683/3425
validacao: 1685/3425
validacao: 1687/3425
validacao: 1690/3425
validacao: 1692/3425
validacao: 1694/3425
validacao: 1696/3425
validacao: 1698/3425
validacao: 1700/3425
validacao: 1703/3425
validacao: 1705/3425
validacao: 1707/3425
validacao: 1709/3425
validacao: 1711/3425
validacao: 1714/3425
validacao: 1716/3425
validacao: 1718/3425
validacao: 1720/3425
validacao: 1722/3425
validacao: 1725/3425
validacao: 1727/3425
validacao: 1729/3425
validacao: 1732/3425
validacao: 1734/3425
validacao: 1736/3425
validacao: 1738/3425
validacao: 1741/3425
validacao: 1743/3425
validacao: 1745/3425
validacao: 1747/3425
validacao: 1750/3425
validacao: 1752/3425
validacao: 1754/3425
validacao: 1757/3425
validacao: 1759/3425
validacao: 1761/3425
validacao: 1764/3425
validacao: 1766/3425
validacao: 1768/3425
validacao: 1770/3425
validacao: 1773/3425
validacao: 1775/3425
validacao: 1778/3425
validacao: 1780/3425
validacao: 1782/3425
validacao: 1784/3425
validacao: 1787/3425
validacao: 1789/3425
validacao: 1791/3425
validacao: 1793/3425
validacao: 1796/3425
validacao: 1798/3425
validacao: 1800/3425
validacao: 1803/3425
validacao: 1805/3425
validacao: 1807/3425
validacao: 1809/3425
validacao: 1812/3425
validacao: 1814/3425
validacao: 1816/3425
validacao: 1819/3425
validacao: 1821/3425
validacao: 1823/3425
validacao: 1826/3425
validacao: 1828/3425
validacao: 1830/3425
validacao: 1832/3425
validacao: 1835/3425
validacao: 1837/3425
validacao: 1839/3425
validacao: 1841/3425
validacao: 1844/3425
validacao: 1846/3425
validacao: 1848/3425
validacao: 1850/3425
validacao: 1853/3425
validacao: 1855/3425
validacao: 1857/3425
validacao: 1860/3425
validacao: 1862/3425
validacao: 1864/3425
validacao: 1867/3425
validacao: 1869/3425
validacao: 1871/3425
validacao: 1873/3425
validacao: 1876/3425
validacao: 1878/3425
validacao: 1880/3425
validacao: 1882/3425
validacao: 1885/3425
validacao: 1887/3425
validacao: 1889/3425
validacao: 1891/3425
validacao: 1894/3425
validacao: 1896/3425
validacao: 1898/3425
validacao: 1900/3425
validacao: 1903/3425
validacao: 1905/3425
validacao: 1907/3425
validacao: 1910/3425
validacao: 1912/3425
validacao: 1914/3425
validacao: 1917/3425
validacao: 1919/3425
validacao: 1921/3425
validacao: 1924/3425
validacao: 1926/3425
validacao: 1928/3425
validacao: 1930/3425
validacao: 1933/3425
validacao: 1935/3425
validacao: 1937/3425
validacao: 1939/3425
validacao: 1942/3425
validacao: 1944/3425
validacao: 1946/3425
validacao: 1948/3425
validacao: 1951/3425
validacao: 1953/3425
validacao: 1955/3425
validacao: 1957/3425
validacao: 1960/3425
validacao: 1962/3425
validacao: 1964/3425
validacao: 1967/3425
validacao: 1969/3425
validacao: 1971/3425
validacao: 1973/3425
validacao: 1976/3425
validacao: 1978/3425
validacao: 1980/3425
validacao: 1982/3425
validacao: 1985/3425
validacao: 1987/3425
validacao: 1989/3425
validacao: 1991/3425
validacao: 1994/3425
validacao: 1996/3425
validacao: 1998/3425
validacao: 2001/3425
validacao: 2003/3425
validacao: 2005/3425
validacao: 2008/3425
validacao: 2010/3425
validacao: 2012/3425
validacao: 2014/3425
validacao: 2017/3425
validacao: 2019/3425
validacao: 2021/3425
validacao: 2024/3425
validacao: 2026/3425
validacao: 2028/3425
validacao: 2031/3425
validacao: 2033/3425
validacao: 2035/3425
validacao: 2038/3425
validacao: 2040/3425
validacao: 2042/3425
validacao: 2045/3425
validacao: 2047/3425
validacao: 2049/3425
validacao: 2051/3425
validacao: 2054/3425
validacao: 2056/3425
validacao: 2058/3425
validacao: 2060/3425
validacao: 2063/3425
validacao: 2065/3425
validacao: 2067/3425
validacao: 2070/3425
validacao: 2072/3425
validacao: 2074/3425
validacao: 2077/3425
validacao: 2079/3425
validacao: 2082/3425
validacao: 2084/3425
validacao: 2086/3425
validacao: 2088/3425
validacao: 2091/3425
validacao: 2093/3425
validacao: 2095/3425
validacao: 2097/3425
validacao: 2099/3425
validacao: 2102/3425
validacao: 2104/3425
validacao: 2106/3425
validacao: 2109/3425
validacao: 2111/3425
validacao: 2113/3425
validacao: 2115/3425
validacao: 2118/3425
validacao: 2120/3425
validacao: 2122/3425
validacao: 2124/3425
validacao: 2126/3425
validacao: 2129/3425
validacao: 2131/3425
validacao: 2133/3425
validacao: 2136/3425
validacao: 2138/3425
validacao: 2140/3425
validacao: 2142/3425
validacao: 2145/3425
validacao: 2147/3425
validacao: 2149/3425
validacao: 2152/3425
validacao: 2154/3425
validacao: 2156/3425
validacao: 2158/3425
validacao: 2161/3425
validacao: 2163/3425
validacao: 2165/3425
validacao: 2168/3425
validacao: 2170/3425
validacao: 2172/3425
validacao: 2174/3425
validacao: 2177/3425
validacao: 2179/3425
validacao: 2181/3425
validacao: 2184/3425
validacao: 2186/3425
validacao: 2188/3425
validacao: 2190/3425
validacao: 2193/3425
validacao: 2195/3425
validacao: 2197/3425
validacao: 2200/3425
validacao: 2202/3425
validacao: 2204/3425
validacao: 2206/3425
validacao: 2209/3425
validacao: 2211/3425
validacao: 2214/3425
validacao: 2216/3425
validacao: 2218/3425
validacao: 2220/3425
validacao: 2223/3425
validacao: 2225/3425
validacao: 2228/3425
validacao: 2230/3425
validacao: 2232/3425
validacao: 2235/3425
validacao: 2237/3425
validacao: 2239/3425
validacao: 2241/3425
validacao: 2244/3425
validacao: 2246/3425
validacao: 2248/3425
validacao: 2250/3425
validacao: 2253/3425
validacao: 2255/3425
validacao: 2257/3425
validacao: 2259/3425
validacao: 2262/3425
validacao: 2264/3425
validacao: 2266/3425
validacao: 2268/3425
validacao: 2270/3425
validacao: 2273/3425
validacao: 2275/3425
validacao: 2277/3425
validacao: 2279/3425
validacao: 2282/3425
validacao: 2284/3425
validacao: 2286/3425
validacao: 2288/3425
validacao: 2291/3425
validacao: 2293/3425
validacao: 2295/3425
validacao: 2297/3425
validacao: 2300/3425
validacao: 2302/3425
validacao: 2304/3425
validacao: 2307/3425
validacao: 2309/3425
validacao: 2311/3425
validacao: 2313/3425
validacao: 2315/3425
validacao: 2318/3425
validacao: 2320/3425
validacao: 2322/3425
validacao: 2324/3425
validacao: 2327/3425
validacao: 2329/3425
validacao: 2331/3425
validacao: 2333/3425
validacao: 2336/3425
validacao: 2338/3425
validacao: 2340/3425
validacao: 2343/3425
validacao: 2345/3425
validacao: 2347/3425
validacao: 2350/3425
validacao: 2352/3425
validacao: 2354/3425
validacao: 2356/3425
validacao: 2359/3425
validacao: 2361/3425
validacao: 2363/3425
validacao: 2365/3425
validacao: 2368/3425
validacao: 2370/3425
validacao: 2372/3425
validacao: 2375/3425
validacao: 2377/3425
validacao: 2379/3425
validacao: 2382/3425
validacao: 2384/3425
validacao: 2386/3425
validacao: 2388/3425
validacao: 2391/3425
validacao: 2393/3425
validacao: 2395/3425
validacao: 2397/3425
validacao: 2399/3425
validacao: 2402/3425
validacao: 2404/3425
validacao: 2406/3425
validacao: 2409/3425
validacao: 2411/3425
validacao: 2413/3425
validacao: 2415/3425
validacao: 2417/3425
validacao: 2420/3425
validacao: 2422/3425
validacao: 2424/3425
validacao: 2427/3425
validacao: 2429/3425
validacao: 2431/3425
validacao: 2433/3425
validacao: 2436/3425
validacao: 2438/3425
validacao: 2440/3425
validacao: 2443/3425
validacao: 2445/3425
validacao: 2447/3425
validacao: 2449/3425
validacao: 2451/3425
validacao: 2454/3425
validacao: 2456/3425
validacao: 2458/3425
validacao: 2460/3425
validacao: 2463/3425
validacao: 2465/3425
validacao: 2467/3425
validacao: 2469/3425
validacao: 2472/3425
validacao: 2474/3425
validacao: 2476/3425
validacao: 2479/3425
validacao: 2481/3425
validacao: 2483/3425
validacao: 2485/3425
validacao: 2488/3425
validacao: 2490/3425
validacao: 2492/3425
validacao: 2494/3425
validacao: 2497/3425
validacao: 2499/3425
validacao: 2501/3425
validacao: 2504/3425
validacao: 2506/3425
validacao: 2508/3425
validacao: 2511/3425
validacao: 2513/3425
validacao: 2515/3425
validacao: 2518/3425
validacao: 2520/3425
validacao: 2522/3425
validacao: 2525/3425
validacao: 2527/3425
validacao: 2529/3425
validacao: 2531/3425
validacao: 2534/3425
validacao: 2536/3425
validacao: 2538/3425
validacao: 2540/3425
validacao: 2543/3425
validacao: 2545/3425
validacao: 2547/3425
validacao: 2550/3425
validacao: 2552/3425
validacao: 2554/3425
validacao: 2556/3425
validacao: 2559/3425
validacao: 2561/3425
validacao: 2563/3425
validacao: 2566/3425
validacao: 2568/3425
validacao: 2570/3425
validacao: 2572/3425
validacao: 2575/3425
validacao: 2577/3425
validacao: 2579/3425
validacao: 2581/3425
validacao: 2583/3425
validacao: 2586/3425
validacao: 2588/3425
validacao: 2590/3425
validacao: 2593/3425
validacao: 2595/3425
validacao: 2597/3425
validacao: 2599/3425
validacao: 2602/3425
validacao: 2604/3425
validacao: 2606/3425
validacao: 2608/3425
validacao: 2611/3425
validacao: 2613/3425
validacao: 2615/3425
validacao: 2618/3425
validacao: 2620/3425
validacao: 2622/3425
validacao: 2624/3425
validacao: 2627/3425
validacao: 2629/3425
validacao: 2631/3425
validacao: 2633/3425
validacao: 2636/3425
validacao: 2638/3425
validacao: 2640/3425
validacao: 2642/3425
validacao: 2645/3425
validacao: 2647/3425
validacao: 2649/3425
validacao: 2651/3425
validacao: 2654/3425
validacao: 2656/3425
validacao: 2658/3425
validacao: 2660/3425
validacao: 2663/3425
validacao: 2665/3425
validacao: 2667/3425
validacao: 2670/3425
validacao: 2672/3425
validacao: 2674/3425
validacao: 2676/3425
validacao: 2679/3425
validacao: 2681/3425
validacao: 2683/3425
validacao: 2685/3425
validacao: 2688/3425
validacao: 2690/3425
validacao: 2692/3425
validacao: 2694/3425
validacao: 2697/3425
validacao: 2699/3425
validacao: 2701/3425
validacao: 2704/3425
validacao: 2706/3425
validacao: 2708/3425
validacao: 2711/3425
validacao: 2713/3425
validacao: 2715/3425
validacao: 2717/3425
validacao: 2720/3425
validacao: 2722/3425
validacao: 2724/3425
validacao: 2726/3425
validacao: 2729/3425
validacao: 2731/3425
validacao: 2733/3425
validacao: 2735/3425
validacao: 2738/3425
validacao: 2740/3425
validacao: 2742/3425
validacao: 2744/3425
validacao: 2747/3425
validacao: 2749/3425
validacao: 2751/3425
validacao: 2754/3425
validacao: 2756/3425
validacao: 2758/3425
validacao: 2760/3425
validacao: 2763/3425
validacao: 2765/3425
validacao: 2767/3425
validacao: 2770/3425
validacao: 2772/3425
validacao: 2774/3425
validacao: 2776/3425
validacao: 2779/3425
validacao: 2781/3425
validacao: 2783/3425
validacao: 2786/3425
validacao: 2788/3425
validacao: 2790/3425
validacao: 2793/3425
validacao: 2795/3425
validacao: 2797/3425
validacao: 2799/3425
validacao: 2801/3425
validacao: 2804/3425
validacao: 2806/3425
validacao: 2808/3425
validacao: 2810/3425
validacao: 2813/3425
validacao: 2815/3425
validacao: 2817/3425
validacao: 2819/3425
validacao: 2822/3425
validacao: 2824/3425
validacao: 2826/3425
validacao: 2828/3425
validacao: 2831/3425
validacao: 2833/3425
validacao: 2835/3425
validacao: 2838/3425
validacao: 2840/3425
validacao: 2842/3425
validacao: 2845/3425
validacao: 2847/3425
validacao: 2849/3425
validacao: 2851/3425
validacao: 2854/3425
validacao: 2856/3425
validacao: 2858/3425
validacao: 2861/3425
validacao: 2863/3425
validacao: 2865/3425
validacao: 2868/3425
validacao: 2870/3425
validacao: 2872/3425
validacao: 2874/3425
validacao: 2877/3425
validacao: 2879/3425
validacao: 2881/3425
validacao: 2884/3425
validacao: 2886/3425
validacao: 2888/3425
validacao: 2891/3425
validacao: 2893/3425
validacao: 2895/3425
validacao: 2897/3425
validacao: 2900/3425
validacao: 2902/3425
validacao: 2904/3425
validacao: 2907/3425
validacao: 2909/3425
validacao: 2911/3425
validacao: 2913/3425
validacao: 2916/3425
validacao: 2918/3425
validacao: 2921/3425
validacao: 2923/3425
validacao: 2925/3425
validacao: 2928/3425
validacao: 2930/3425
validacao: 2932/3425
validacao: 2935/3425
validacao: 2937/3425
validacao: 2939/3425
validacao: 2941/3425
validacao: 2943/3425
validacao: 2946/3425
validacao: 2948/3425
validacao: 2951/3425
validacao: 2953/3425
validacao: 2955/3425
validacao: 2957/3425
validacao: 2960/3425
validacao: 2962/3425
validacao: 2964/3425
validacao: 2966/3425
validacao: 2968/3425
validacao: 2971/3425
validacao: 2973/3425
validacao: 2975/3425
validacao: 2977/3425
validacao: 2980/3425
validacao: 2982/3425
validacao: 2984/3425
validacao: 2987/3425
validacao: 2989/3425
validacao: 2991/3425
validacao: 2994/3425
validacao: 2996/3425
validacao: 2998/3425
validacao: 3000/3425
validacao: 3003/3425
validacao: 3005/3425
validacao: 3007/3425
validacao: 3010/3425
validacao: 3012/3425
validacao: 3014/3425
validacao: 3017/3425
validacao: 3019/3425
validacao: 3021/3425
validacao: 3023/3425
validacao: 3026/3425
validacao: 3028/3425
validacao: 3030/3425
validacao: 3032/3425
validacao: 3034/3425
validacao: 3037/3425
validacao: 3039/3425
validacao: 3041/3425
validacao: 3043/3425
validacao: 3046/3425
validacao: 3048/3425
validacao: 3050/3425
validacao: 3052/3425
validacao: 3055/3425
validacao: 3057/3425
validacao: 3059/3425
validacao: 3062/3425
validacao: 3064/3425
validacao: 3066/3425
validacao: 3068/3425
validacao: 3071/3425
validacao: 3073/3425
validacao: 3075/3425
validacao: 3077/3425
validacao: 3080/3425
validacao: 3082/3425
validacao: 3084/3425
validacao: 3087/3425
validacao: 3089/3425
validacao: 3091/3425
validacao: 3093/3425
validacao: 3096/3425
validacao: 3098/3425
validacao: 3100/3425
validacao: 3102/3425
validacao: 3105/3425
validacao: 3107/3425
validacao: 3109/3425
validacao: 3111/3425
validacao: 3114/3425
validacao: 3116/3425
validacao: 3118/3425
validacao: 3120/3425
validacao: 3123/3425
validacao: 3125/3425
validacao: 3127/3425
validacao: 3130/3425
validacao: 3132/3425
validacao: 3134/3425
validacao: 3136/3425
validacao: 3139/3425
validacao: 3141/3425
validacao: 3143/3425
validacao: 3146/3425
validacao: 3148/3425
validacao: 3150/3425
validacao: 3153/3425
validacao: 3155/3425
validacao: 3157/3425
validacao: 3159/3425
validacao: 3162/3425
validacao: 3164/3425
validacao: 3166/3425
validacao: 3168/3425
validacao: 3171/3425
validacao: 3173/3425
validacao: 3175/3425
validacao: 3178/3425
validacao: 3180/3425
validacao: 3182/3425
validacao: 3185/3425
validacao: 3187/3425
validacao: 3189/3425
validacao: 3191/3425
validacao: 3194/3425
validacao: 3196/3425
validacao: 3198/3425
validacao: 3201/3425
validacao: 3203/3425
validacao: 3205/3425
validacao: 3207/3425
validacao: 3210/3425
validacao: 3212/3425
validacao: 3214/3425
validacao: 3216/3425
validacao: 3219/3425
validacao: 3221/3425
validacao: 3223/3425
validacao: 3226/3425
validacao: 3228/3425
validacao: 3230/3425
validacao: 3233/3425
validacao: 3235/3425
validacao: 3237/3425
validacao: 3239/3425
validacao: 3242/3425
validacao: 3244/3425
validacao: 3246/3425
validacao: 3248/3425
validacao: 3251/3425
validacao: 3253/3425
validacao: 3255/3425
validacao: 3257/3425
validacao: 3260/3425
validacao: 3262/3425
validacao: 3264/3425
validacao: 3267/3425
validacao: 3269/3425
validacao: 3271/3425
validacao: 3273/3425
validacao: 3276/3425
validacao: 3278/3425
validacao: 3280/3425
validacao: 3282/3425
validacao: 3285/3425
validacao: 3287/3425
validacao: 3289/3425
validacao: 3291/3425
validacao: 3293/3425
validacao: 3296/3425
validacao: 3298/3425
validacao: 3300/3425
validacao: 3303/3425
validacao: 3305/3425
validacao: 3308/3425
validacao: 3310/3425
validacao: 3312/3425
validacao: 3315/3425
validacao: 3317/3425
validacao: 3319/3425
validacao: 3322/3425
validacao: 3324/3425
validacao: 3326/3425
validacao: 3328/3425
validacao: 3331/3425
validacao: 3333/3425
validacao: 3335/3425
validacao: 3338/3425
validacao: 3340/3425
validacao: 3342/3425
validacao: 3344/3425
validacao: 3347/3425
validacao: 3349/3425
validacao: 3351/3425
validacao: 3353/3425
validacao: 3356/3425
validacao: 3358/3425
validacao: 3360/3425
validacao: 3363/3425
validacao: 3365/3425
validacao: 3367/3425
validacao: 3369/3425
validacao: 3372/3425
validacao: 3374/3425
validacao: 3376/3425
validacao: 3378/3425
validacao: 3381/3425
validacao: 3383/3425
validacao: 3385/3425
validacao: 3387/3425
validacao: 3390/3425
validacao: 3392/3425
validacao: 3394/3425
validacao: 3396/3425
validacao: 3399/3425
validacao: 3401/3425
validacao: 3403/3425
validacao: 3405/3425
validacao: 3408/3425
validacao: 3409/3425
validacao: 3412/3425
validacao: 3414/3425
validacao: 3416/3425
validacao: 3418/3425
validacao: 3421/3425
validacao: 3423/3425
validacao: 3425/3425
Validacao oficial: F1=0.520786 AP medio=0.739561
F1=0.524611 IoU=0.355574 AUPRC=0.50588 FPR tile=0.000583771
Resultados: "/home/root/thiago/benchmark/codigos_c/official_results_zcu104/20211119_173838/dataset_starcop/methane_mobilenet_v3/rep1"
