============================================================
METHANE SEGMENTATION ZCU104 OPTIMIZED BENCHMARK
============================================================
Batch: 1 ALWAYS
Profile: max-e2e
Dataset images: 342
Runners: 2
Pre workers: 1
Post workers: 1
Slots/runner: 1
Pin: no
DPU subgraphs: 6 | CPU fallback subgraphs: 6
Input  : [1,512,512,4] INT8 fix=5
Output : [1,512,512,1] FLOAT32
[VAL 1/342] ang20191018t141549_r19200_c0_w512_h512 F1=0.0000 IoU=0.0000
[VAL 2/342] ang20191018t141549_r18688_c0_w512_h512 F1=0.0000 IoU=0.0000
[VAL 3/342] ang20191018t141549_r11008_c0_w512_h512 F1=0.0000 IoU=0.0000
[VAL 4/342] ang20191018t141549_r6656_c0_w512_h512 F1=0.0000 IoU=0.0000
[VAL 5/342] ang20191018t144405_r16384_c256_w512_h512 F1=0.0000 IoU=0.0000
[VAL 6/342] ang20191018t144405_r15616_c256_w512_h512 F1=0.0000 IoU=0.0000
[VAL 7/342] ang20191018t144405_r12032_c0_w512_h512 F1=0.0000 IoU=0.0000
[VAL 8/342] ang20191018t144405_r19456_c0_w512_h512 F1=0.0000 IoU=0.0000
[VAL 9/342] ang20191018t150906_r4352_c0_w512_h512 F1=0.0000 IoU=0.0000
[VAL 10/342] ang20191018t150906_r1024_c0_w512_h512 F1=0.0000 IoU=0.0000
[VAL 11/342] ang20191018t150906_r3072_c0_w512_h512 F1=0.0000 IoU=0.0000
[VAL 12/342] ang20191018t150906_r7168_c0_w512_h512 F1=0.0000 IoU=0.0000
[VAL 13/342] ang20191018t153724_r18688_c0_w512_h512 F1=0.0000 IoU=0.0000
[VAL 14/342] ang20191018t153724_r18176_c0_w512_h512 F1=0.0000 IoU=0.0000
[VAL 15/342] ang20191018t153724_r3840_c0_w512_h512 F1=0.0000 IoU=0.0000
[VAL 16/342] ang20191018t153724_r13824_c0_w512_h512 F1=0.0000 IoU=0.0000
[VAL 17/342] ang20191018t160154_r0_c0_w512_h512 F1=0.0000 IoU=0.0000
[VAL 18/342] ang20191018t160154_r512_c0_w512_h512 F1=0.0000 IoU=0.0000
[VAL 19/342] ang20191018t160154_r11776_c0_w512_h512 F1=0.0000 IoU=0.0000
[VAL 20/342] ang20191018t160154_r9472_c0_w512_h512 F1=0.0000 IoU=0.0000
[VAL 21/342] ang20191018t163108_r16896_c0_w512_h512 F1=0.0000 IoU=0.0000
[VAL 22/342] ang20191018t163108_r13824_c0_w512_h512 F1=0.0000 IoU=0.0000
[VAL 23/342] ang20191018t163108_r18176_c0_w512_h512 F1=0.0000 IoU=0.0000
[VAL 24/342] ang20191018t163108_r1280_c0_w512_h512 F1=0.0000 IoU=0.0000
[VAL 25/342] ang20191018t165503_r0_c0_w512_h512 F1=0.0000 IoU=0.0000
[VAL 26/342] ang20191018t165503_r15616_c0_w512_h512 F1=0.0000 IoU=0.0000
[VAL 27/342] ang20191018t165503_r1024_c0_w512_h512 F1=0.0000 IoU=0.0000
[VAL 28/342] ang20191018t165503_r12288_c0_w512_h512 F1=0.0000 IoU=0.0000
[VAL 29/342] ang20191018t172239_r1024_c0_w512_h512 F1=0.0000 IoU=0.0000
[VAL 30/342] ang20191018t172239_r16384_c0_w512_h512 F1=0.0000 IoU=0.0000
[VAL 31/342] ang20191018t172239_r11264_c0_w512_h512 F1=0.0000 IoU=0.0000
[VAL 32/342] ang20191018t172239_r20224_c0_w512_h512 F1=0.0000 IoU=0.0000
[VAL 33/342] ang20191018t174629_r512_c0_w512_h512 F1=0.0000 IoU=0.0000
[VAL 34/342] ang20191018t174629_r0_c0_w512_h512 F1=0.0000 IoU=0.0000
[VAL 35/342] ang20191018t174629_r19200_c0_w512_h512 F1=0.0000 IoU=0.0000
[VAL 36/342] ang20191018t174629_r18432_c0_w512_h512 F1=0.0000 IoU=0.0000
[VAL 37/342] ang20191018t181457_r256_c0_w512_h512 F1=0.0000 IoU=0.0000
[VAL 38/342] ang20191018t181457_r1536_c0_w512_h512 F1=0.0000 IoU=0.0000
[VAL 39/342] ang20191018t181457_r5632_c0_w512_h512 F1=0.0000 IoU=0.0000
[VAL 40/342] ang20191018t181457_r2816_c0_w512_h512 F1=0.0000 IoU=0.0000
[VAL 41/342] ang20191018t183859_r2048_c0_w512_h512 F1=0.0000 IoU=0.0000
[VAL 42/342] ang20191018t183859_r256_c0_w512_h512 F1=0.0000 IoU=0.0000
[VAL 43/342] ang20191018t183859_r6912_c0_w512_h512 F1=0.0000 IoU=0.0000
[VAL 44/342] ang20191018t183859_r5632_c0_w512_h512 F1=0.0000 IoU=0.0000
[VAL 45/342] ang20191018t190719_r256_c0_w512_h512 F1=0.0000 IoU=0.0000
[VAL 46/342] ang20191018t190719_r3328_c0_w512_h512 F1=0.0000 IoU=0.0000
[VAL 47/342] ang20191018t190719_r18944_c0_w512_h512 F1=0.0000 IoU=0.0000
[VAL 48/342] ang20191018t190719_r11776_c0_w512_h512 F1=0.0000 IoU=0.0000
[VAL 49/342] ang20191021t153008_r3584_c0_w512_h512 F1=0.0000 IoU=0.0000
[VAL 50/342] ang20191021t153008_r9728_c0_w512_h512 F1=0.0000 IoU=0.0000
[VAL 51/342] ang20191021t153008_r6400_c0_w512_h512 F1=0.0000 IoU=0.0000
[VAL 52/342] ang20191021t153008_r1024_c0_w512_h512 F1=0.0000 IoU=0.0000
[VAL 53/342] ang20191021t154726_r4608_c0_w512_h512 F1=0.0000 IoU=0.0000
[VAL 54/342] ang20191021t154726_r4096_c0_w512_h512 F1=0.0000 IoU=0.0000
[VAL 55/342] ang20191021t154726_r5632_c0_w512_h512 F1=0.0000 IoU=0.0000
[VAL 56/342] ang20191021t154726_r7424_c0_w512_h512 F1=0.0000 IoU=0.0000
[VAL 57/342] ang20191021t160052_r9472_c0_w512_h512 F1=0.0000 IoU=0.0000
[VAL 58/342] ang20191021t160052_r4608_c0_w512_h512 F1=0.0000 IoU=0.0000
[VAL 59/342] ang20191021t160052_r5120_c0_w512_h512 F1=0.0000 IoU=0.0000
[VAL 60/342] ang20191021t160052_r2816_c0_w512_h512 F1=0.0000 IoU=0.0000
[VAL 61/342] ang20191021t161810_r9728_c0_w512_h512 F1=0.0000 IoU=0.0000
[VAL 62/342] ang20191021t161810_r9216_c0_w512_h512 F1=0.0000 IoU=0.0000
[VAL 63/342] ang20191021t161810_r7424_c0_w512_h512 F1=0.0000 IoU=0.0000
[VAL 64/342] ang20191021t161810_r2304_c0_w512_h512 F1=0.0000 IoU=0.0000
[VAL 65/342] ang20191021t163119_r9984_c0_w512_h512 F1=0.0000 IoU=0.0000
[VAL 66/342] ang20191021t163119_r9472_c0_w512_h512 F1=0.0000 IoU=0.0000
[VAL 67/342] ang20191021t163119_r6656_c0_w512_h512 F1=0.0000 IoU=0.0000
[VAL 68/342] ang20191021t163119_r5376_c0_w512_h512 F1=0.0000 IoU=0.0000
[VAL 69/342] ang20191021t164905_r6656_c0_w512_h512 F1=0.0000 IoU=0.0000
[VAL 70/342] ang20191021t164905_r7168_c0_w512_h512 F1=0.0000 IoU=0.0000
[VAL 71/342] ang20191021t164905_r3328_c0_w512_h512 F1=0.0000 IoU=0.0000
[VAL 72/342] ang20191021t164905_r8192_c0_w512_h512 F1=0.0000 IoU=0.0000
[VAL 73/342] ang20191021t170142_r5888_c0_w512_h512 F1=0.0000 IoU=0.0000
[VAL 74/342] ang20191021t170142_r6400_c0_w512_h512 F1=0.0000 IoU=0.0000
[VAL 75/342] ang20191021t170142_r1280_c0_w512_h512 F1=0.0000 IoU=0.0000
[VAL 76/342] ang20191021t170142_r9984_c0_w512_h512 F1=0.3038 IoU=0.1791
[VAL 77/342] ang20191021t171902_r5632_c0_w512_h512 F1=0.0000 IoU=0.0000
[VAL 78/342] ang20191021t171902_r6144_c0_w512_h512 F1=0.0000 IoU=0.0000
[VAL 79/342] ang20191021t171902_r2048_c0_w512_h512 F1=0.0000 IoU=0.0000
[VAL 80/342] ang20191021t171902_r7424_c0_w512_h512 F1=0.0000 IoU=0.0000
[VAL 81/342] ang20191021t173221_r10496_c0_w512_h512 F1=0.0000 IoU=0.0000
[VAL 82/342] ang20191021t173221_r6144_c0_w512_h512 F1=0.0000 IoU=0.0000
[VAL 83/342] ang20191021t173221_r9728_c0_w512_h512 F1=0.0000 IoU=0.0000
[VAL 84/342] ang20191021t173221_r7936_c0_w512_h512 F1=0.0000 IoU=0.0000
[VAL 85/342] ang20191021t174954_r10752_c256_w512_h512 F1=0.0000 IoU=0.0000
[VAL 86/342] ang20191021t174954_r9472_c256_w512_h512 F1=0.0000 IoU=0.0000
[VAL 87/342] ang20191021t174954_r2560_c256_w512_h512 F1=0.0000 IoU=0.0000
[VAL 88/342] ang20191021t174954_r4096_c256_w512_h512 F1=0.0000 IoU=0.0000
[VAL 89/342] ang20191021t180251_r1280_c0_w512_h512 F1=0.0000 IoU=0.0000
[VAL 90/342] ang20191021t180251_r512_c0_w512_h512 F1=0.0000 IoU=0.0000
[VAL 91/342] ang20191021t180251_r8448_c0_w512_h512 F1=0.0000 IoU=0.0000
[VAL 92/342] ang20191021t180251_r4608_c0_w512_h512 F1=0.0000 IoU=0.0000
[VAL 93/342] ang20191021t181927_r9728_c0_w512_h512 F1=0.0000 IoU=0.0000
[VAL 94/342] ang20191021t181927_r1280_c0_w512_h512 F1=0.0000 IoU=0.0000
[VAL 95/342] ang20191021t181927_r6656_c0_w512_h512 F1=0.0000 IoU=0.0000
[VAL 96/342] ang20191021t181927_r2048_c0_w512_h512 F1=0.0000 IoU=0.0000
[VAL 97/342] ang20191021t183204_r1280_c0_w512_h512 F1=0.0000 IoU=0.0000
[VAL 98/342] ang20191021t183204_r9728_c0_w512_h512 F1=0.0000 IoU=0.0000
[VAL 99/342] ang20191021t183204_r3584_c0_w512_h512 F1=0.0000 IoU=0.0000
[VAL 100/342] ang20191021t183204_r10496_c0_w512_h512 F1=0.0000 IoU=0.0000
[VAL 101/342] ang20191021t184841_r10752_c0_w512_h512 F1=0.0000 IoU=0.0000
[VAL 102/342] ang20191021t184841_r10240_c0_w512_h512 F1=0.0000 IoU=0.0000
[VAL 103/342] ang20191021t184841_r3840_c0_w512_h512 F1=0.0000 IoU=0.0000
[VAL 104/342] ang20191021t184841_r9216_c0_w512_h512 F1=0.0000 IoU=0.0000
[VAL 105/342] ang20191021t190136_r3584_c0_w512_h512 F1=0.0000 IoU=0.0000
[VAL 106/342] ang20191021t190136_r10496_c0_w512_h512 F1=0.0000 IoU=0.0000
[VAL 107/342] ang20191021t190136_r3072_c0_w512_h512 F1=0.0000 IoU=0.0000
[VAL 108/342] ang20191021t190136_r256_c0_w512_h512 F1=0.0000 IoU=0.0000
[VAL 109/342] ang20191021t191828_r10752_c0_w512_h512 F1=0.0000 IoU=0.0000
[VAL 110/342] ang20191021t191828_r3584_c256_w512_h512 F1=0.0000 IoU=0.0000
[VAL 111/342] ang20191021t191828_r4864_c0_w512_h512 F1=0.0000 IoU=0.0000
[VAL 112/342] ang20191021t191828_r2304_c256_w512_h512 F1=0.0000 IoU=0.0000
[VAL 113/342] ang20191021t193145_r10752_c0_w512_h512 F1=0.0000 IoU=0.0000
[VAL 114/342] ang20191021t193145_r10240_c0_w512_h512 F1=0.0000 IoU=0.0000
[VAL 115/342] ang20191021t193145_r1536_c0_w512_h512 F1=0.0000 IoU=0.0000
[VAL 116/342] ang20191021t193145_r2048_c0_w512_h512 F1=0.0000 IoU=0.0000
[VAL 117/342] ang20191021t194835_r2048_c0_w512_h512 F1=0.0000 IoU=0.0000
[VAL 118/342] ang20191021t194835_r9984_c0_w512_h512 F1=0.0000 IoU=0.0000
[VAL 119/342] ang20191021t194835_r5120_c0_w512_h512 F1=0.0000 IoU=0.0000
[VAL 120/342] ang20191021t194835_r512_c0_w512_h512 F1=0.0000 IoU=0.0000
[VAL 121/342] ang20191025t161146_r13312_c0_w512_h512 F1=0.0000 IoU=0.0000
[VAL 122/342] ang20191025t161146_r12800_c0_w512_h512 F1=0.0000 IoU=0.0000
[VAL 123/342] ang20191025t161146_r9216_c0_w512_h512 F1=0.0000 IoU=0.0000
[VAL 124/342] ang20191025t161146_r256_c0_w512_h512 F1=0.0000 IoU=0.0000
[VAL 125/342] ang20191025t163632_r7936_c0_w512_h512 F1=0.0000 IoU=0.0000
[VAL 126/342] ang20191025t163632_r256_c0_w512_h512 F1=0.0000 IoU=0.0000
[VAL 127/342] ang20191025t163632_r11520_c0_w512_h512 F1=0.0000 IoU=0.0000
[VAL 128/342] ang20191025t163632_r7168_c0_w512_h512 F1=0.0000 IoU=0.0000
[VAL 129/342] ang20191025t165545_r13312_c0_w512_h512 F1=0.0000 IoU=0.0000
[VAL 130/342] ang20191025t165545_r8704_c0_w512_h512 F1=0.0000 IoU=0.0000
[VAL 131/342] ang20191025t165545_r1792_c0_w512_h512 F1=0.0000 IoU=0.0000
[VAL 132/342] ang20191025t165545_r3328_c0_w512_h512 F1=0.0000 IoU=0.0000
[VAL 133/342] ang20191025t171141_r9216_c0_w512_h512 F1=0.0000 IoU=0.0000
[VAL 134/342] ang20191025t171141_r9728_c0_w512_h512 F1=0.0000 IoU=0.0000
[VAL 135/342] ang20191025t171141_r2816_c0_w512_h512 F1=0.0000 IoU=0.0000
[VAL 136/342] ang20191025t171141_r12544_c0_w512_h512 F1=0.0000 IoU=0.0000
[VAL 137/342] ang20191025t173025_r6912_c0_w512_h512 F1=0.0000 IoU=0.0000
[VAL 138/342] ang20191025t173025_r5376_c0_w512_h512 F1=0.0000 IoU=0.0000
[VAL 139/342] ang20191025t173025_r10496_c0_w512_h512 F1=0.0000 IoU=0.0000
[VAL 140/342] ang20191025t173025_r1536_c0_w512_h512 F1=0.0000 IoU=0.0000
[VAL 141/342] ang20191025t174619_r5632_c0_w512_h512 F1=0.0000 IoU=0.0000
[VAL 142/342] ang20191025t174619_r3072_c0_w512_h512 F1=0.0000 IoU=0.0000
[VAL 143/342] ang20191025t174619_r768_c0_w512_h512 F1=0.0000 IoU=0.0000
[VAL 144/342] ang20191025t174619_r8192_c0_w512_h512 F1=0.0000 IoU=0.0000
[VAL 145/342] ang20191025t182152_r3328_c0_w512_h512 F1=0.0000 IoU=0.0000
[VAL 146/342] ang20191025t182152_r6656_c0_w512_h512 F1=0.0000 IoU=0.0000
[VAL 147/342] ang20191025t182152_r5632_c0_w512_h512 F1=0.0000 IoU=0.0000
[VAL 148/342] ang20191025t182152_r12544_c0_w512_h512 F1=0.0000 IoU=0.0000
[VAL 149/342] ang20191025t184057_r5376_c0_w512_h512 F1=0.0000 IoU=0.0000
[VAL 150/342] ang20191025t184057_r5888_c0_w512_h512 F1=0.0000 IoU=0.0000
[VAL 151/342] ang20191025t184057_r12288_c0_w512_h512 F1=0.0000 IoU=0.0000
[VAL 152/342] ang20191025t184057_r0_c0_w512_h512 F1=0.0000 IoU=0.0000
[VAL 153/342] ang20191025t185816_r6912_c0_w512_h512 F1=0.0000 IoU=0.0000
[VAL 154/342] ang20191025t185816_r7680_c0_w512_h512 F1=0.0000 IoU=0.0000
[VAL 155/342] ang20191025t185816_r4864_c0_w512_h512 F1=0.0000 IoU=0.0000
[VAL 156/342] ang20191025t185816_r13056_c0_w512_h512 F1=0.0000 IoU=0.0000
[VAL 157/342] ang20191025t191752_r6912_c0_w512_h512 F1=0.0000 IoU=0.0000
[VAL 158/342] ang20191025t191752_r6400_c0_w512_h512 F1=0.0000 IoU=0.0000
[VAL 159/342] ang20191025t191752_r4352_c0_w512_h512 F1=0.0000 IoU=0.0000
[VAL 160/342] ang20191025t191752_r11520_c0_w512_h512 F1=0.0000 IoU=0.0000
[VAL 161/342] ang20191025t193513_r7424_c0_w512_h512 F1=0.0000 IoU=0.0000
[VAL 162/342] ang20191025t193513_r6400_c0_w512_h512 F1=0.0000 IoU=0.0000
[VAL 163/342] ang20191025t193513_r12800_c0_w512_h512 F1=0.0000 IoU=0.0000
[VAL 164/342] ang20191025t193513_r7936_c0_w512_h512 F1=0.0000 IoU=0.0000
[VAL 165/342] ang20191025t195446_r8192_c0_w512_h512 F1=0.0000 IoU=0.0000
[VAL 166/342] ang20191025t195446_r4096_c0_w512_h512 F1=0.0000 IoU=0.0000
[VAL 167/342] ang20191025t195446_r2304_c0_w512_h512 F1=0.0000 IoU=0.0000
[VAL 168/342] ang20191025t195446_r2816_c0_w512_h512 F1=0.0000 IoU=0.0000
[VAL 169/342] ang20191025t203400_r11520_c0_w512_h512 F1=0.0000 IoU=0.0000
[VAL 170/342] ang20191025t203400_r8448_c0_w512_h512 F1=0.0000 IoU=0.0000
[VAL 171/342] ang20191025t203400_r4096_c0_w512_h512 F1=0.0000 IoU=0.0000
[VAL 172/342] ang20191025t203400_r1536_c0_w512_h512 F1=0.0000 IoU=0.0000
[VAL 173/342] ang20191025t205201_r7936_c0_w512_h512 F1=0.0000 IoU=0.0000
[VAL 174/342] ang20191025t205201_r12800_c0_w512_h512 F1=0.0000 IoU=0.0000
[VAL 175/342] ang20191025t205201_r3584_c0_w512_h512 F1=0.0000 IoU=0.0000
[VAL 176/342] ang20191025t205201_r7168_c0_w512_h512 F1=0.0000 IoU=0.0000
[VAL 177/342] ang20191018t144405_r2674_c436_w151_h151 F1=0.6315 IoU=0.4615
[VAL 178/342] ang20191018t163108_r14851_c525_w151_h151 F1=0.8674 IoU=0.7659
[VAL 179/342] ang20191018t141549_r3900_c244_w151_h151 F1=0.0000 IoU=0.0000
[VAL 180/342] ang20191025t165545_r6573_c24_w151_h151 F1=0.8440 IoU=0.7301
[VAL 181/342] ang20191018t190719_r2696_c420_w151_h151 F1=0.8410 IoU=0.7257
[VAL 182/342] ang20191021t191828_r4300_c359_w151_h151 F1=0.9360 IoU=0.8797
[VAL 183/342] ang20191018t181457_r4349_c389_w151_h151 F1=0.8036 IoU=0.6716
[VAL 184/342] ang20191018t165503_r2660_c460_w151_h151 F1=0.9301 IoU=0.8693
[VAL 185/342] ang20191018t190719_r1941_c33_w151_h151 F1=0.8418 IoU=0.7268
[VAL 186/342] ang20191018t163108_r9758_c111_w151_h151 F1=0.8465 IoU=0.7339
[VAL 187/342] ang20191018t144405_r9715_c45_w151_h151 F1=0.6791 IoU=0.5141
[VAL 188/342] ang20191025t161146_r3244_c377_w151_h151 F1=0.5311 IoU=0.3615
[VAL 189/342] ang20191018t141549_r15184_c353_w151_h151 F1=0.4853 IoU=0.3204
[VAL 190/342] ang20191018t181457_r951_c373_w151_h151 F1=0.8672 IoU=0.7655
[VAL 191/342] ang20191025t173025_r3336_c191_w151_h151 F1=0.7305 IoU=0.5754
[VAL 192/342] ang20191018t141549_r12667_c106_w151_h151 F1=0.7979 IoU=0.6638
[VAL 193/342] ang20191021t160052_r3543_c486_w151_h151 F1=0.8928 IoU=0.8063
[VAL 194/342] ang20191018t165503_r9679_c77_w151_h151 F1=0.8292 IoU=0.7083
[VAL 195/342] ang20191018t183859_r9782_c161_w151_h151 F1=0.7880 IoU=0.6501
[VAL 196/342] ang20191018t160154_r4393_c66_w151_h151 F1=0.7939 IoU=0.6582
[VAL 197/342] ang20191018t190719_r17183_c16_w151_h151 F1=0.8365 IoU=0.7190
[VAL 198/342] ang20191025t184057_r9464_c310_w151_h151 F1=0.7705 IoU=0.6267
[VAL 199/342] ang20191021t163119_r10841_c319_w151_h151 F1=0.8788 IoU=0.7838
[VAL 200/342] ang20191025t195446_r7552_c210_w151_h151 F1=0.7021 IoU=0.5409
[VAL 201/342] ang20191018t190719_r9705_c38_w151_h151 F1=0.8216 IoU=0.6972
[VAL 202/342] ang20191025t191752_r8652_c211_w151_h151 F1=0.8349 IoU=0.7166
[VAL 203/342] ang20191025t171141_r4818_c323_w151_h151 F1=0.3547 IoU=0.2156
[VAL 204/342] ang20191018t165503_r1960_c173_w151_h151 F1=0.7923 IoU=0.6560
[VAL 205/342] ang20191021t181927_r7397_c149_w151_h151 F1=0.8524 IoU=0.7428
[VAL 206/342] ang20191018t181457_r4453_c18_w151_h151 F1=0.8473 IoU=0.7351
[VAL 207/342] ang20191025t174619_r4703_c464_w151_h151 F1=0.7522 IoU=0.6028
[VAL 208/342] ang20191025t184057_r7188_c55_w151_h151 F1=0.4676 IoU=0.3051
[VAL 209/342] ang20191018t163108_r12692_c64_w151_h151 F1=0.6225 IoU=0.4519
[VAL 210/342] ang20191025t163632_r4943_c530_w151_h151 F1=0.7537 IoU=0.6048
[VAL 211/342] ang20191018t163108_r2256_c265_w151_h151 F1=0.8492 IoU=0.7380
[VAL 212/342] ang20191025t171141_r10528_c126_w151_h151 F1=0.3788 IoU=0.2337
[VAL 213/342] ang20191018t144405_r9492_c26_w151_h151 F1=0.6606 IoU=0.4932
[VAL 214/342] ang20191025t185816_r5823_c32_w151_h151 F1=0.3715 IoU=0.2281
[VAL 215/342] ang20191025t191752_r5843_c383_w151_h151 F1=0.3370 IoU=0.2027
[VAL 216/342] ang20191021t161810_r8807_c129_w151_h151 F1=0.4221 IoU=0.2675
[VAL 217/342] ang20191025t165545_r6394_c182_w151_h151 F1=0.6545 IoU=0.4865
[VAL 218/342] ang20191025t184057_r3384_c231_w151_h151 F1=0.2063 IoU=0.1150
[VAL 219/342] ang20191025t173025_r6296_c170_w151_h151 F1=0.0000 IoU=0.0000
[VAL 220/342] ang20191025t182152_r2779_c154_w151_h151 F1=0.0000 IoU=0.0000
[VAL 221/342] ang20191025t205201_r10416_c273_w151_h151 F1=0.5073 IoU=0.3398
[VAL 222/342] ang20191025t184057_r10465_c469_w151_h151 F1=0.5179 IoU=0.3494
[VAL 223/342] ang20191021t174954_r6967_c133_w151_h151 F1=0.7443 IoU=0.5928
[VAL 224/342] ang20191021t161810_r10821_c7_w151_h151 F1=0.9027 IoU=0.8226
[VAL 225/342] ang20191018t172239_r9176_c327_w151_h151 F1=0.6621 IoU=0.4949
[VAL 226/342] ang20191025t184057_r3486_c136_w151_h151 F1=0.2898 IoU=0.1695
[VAL 227/342] ang20191018t183859_r12712_c110_w151_h151 F1=0.5130 IoU=0.3450
[VAL 228/342] ang20191021t184841_r5112_c321_w151_h151 F1=0.6447 IoU=0.4757
[VAL 229/342] ang20191025t182152_r2787_c361_w151_h151 F1=0.4322 IoU=0.2757
[VAL 230/342] ang20191018t174629_r4306_c191_w151_h151 F1=0.0000 IoU=0.0000
[VAL 231/342] ang20191018t141549_r15614_c220_w151_h151 F1=0.6429 IoU=0.4737
[VAL 232/342] ang20191021t171902_r10143_c365_w151_h151 F1=0.7853 IoU=0.6466
[VAL 233/342] ang20191025t173025_r4707_c55_w151_h151 F1=0.0000 IoU=0.0000
[VAL 234/342] ang20191018t153724_r16912_c149_w151_h151 F1=0.3990 IoU=0.2492
[VAL 235/342] ang20191018t174629_r7608_c507_w151_h151 F1=0.6359 IoU=0.4661
[VAL 236/342] ang20191025t205201_r11171_c318_w151_h151 F1=0.3960 IoU=0.2469
[VAL 237/342] ang20191025t193513_r5930_c534_w151_h151 F1=0.5326 IoU=0.3630
[VAL 238/342] ang20191021t184841_r1071_c144_w151_h151 F1=0.7280 IoU=0.5723
[VAL 239/342] ang20191021t154726_r3595_c76_w151_h151 F1=0.5805 IoU=0.4090
[VAL 240/342] ang20191025t203400_r1012_c227_w151_h151 F1=0.0000 IoU=0.0000
[VAL 241/342] ang20191021t184841_r5835_c175_w151_h151 F1=0.7743 IoU=0.6318
[VAL 242/342] ang20191018t144405_r1980_c150_w151_h151 F1=0.1868 IoU=0.1030
[VAL 243/342] ang20191025t182152_r10313_c122_w151_h151 F1=0.4453 IoU=0.2864
[VAL 244/342] ang20191021t163119_r8833_c523_w151_h151 F1=0.8734 IoU=0.7752
[VAL 245/342] ang20191025t191752_r5942_c143_w151_h151 F1=0.0000 IoU=0.0000
[VAL 246/342] ang20191018t183859_r11284_c292_w151_h151 F1=0.5941 IoU=0.4225
[VAL 247/342] ang20191025t193513_r11288_c25_w151_h151 F1=0.0000 IoU=0.0000
[VAL 248/342] ang20191025t195446_r6606_c89_w151_h151 F1=0.0000 IoU=0.0000
[VAL 249/342] ang20191021t184841_r7454_c343_w151_h151 F1=0.5412 IoU=0.3710
[VAL 250/342] ang20191021t184841_r7107_c486_w151_h151 F1=0.8291 IoU=0.7082
[VAL 251/342] ang20191018t153724_r7632_c466_w151_h151 F1=0.6016 IoU=0.4302
[VAL 252/342] ang20191021t163119_r10989_c389_w151_h151 F1=0.8513 IoU=0.7411
[VAL 253/342] ang20191018t165503_r11460_c337_w151_h151 F1=0.0000 IoU=0.0000
[VAL 254/342] ang20191018t165503_r1966_c129_w151_h151 F1=0.6975 IoU=0.5356
[VAL 255/342] ang20191021t161810_r3990_c214_w151_h151 F1=0.5695 IoU=0.3981
[VAL 256/342] ang20191018t183859_r7764_c98_w151_h151 F1=0.0000 IoU=0.0000
[VAL 257/342] ang20191025t174619_r5000_c216_w151_h151 F1=0.0000 IoU=0.0000
[VAL 258/342] ang20191021t183204_r8292_c93_w151_h151 F1=0.5892 IoU=0.4176
[VAL 259/342] ang20191021t183204_r7070_c151_w151_h151 F1=0.6829 IoU=0.5185
[VAL 260/342] ang20191021t173221_r8677_c419_w151_h151 F1=0.7920 IoU=0.6556
[VAL 261/342] ang20191025t171141_r8873_c372_w151_h151 F1=0.0000 IoU=0.0000
[VAL 262/342] ang20191021t154726_r9012_c276_w151_h151 F1=0.6722 IoU=0.5063
[VAL 263/342] ang20191018t183859_r15671_c209_w151_h151 F1=0.7344 IoU=0.5803
[VAL 264/342] ang20191025t191752_r9839_c105_w151_h151 F1=0.0000 IoU=0.0000
[VAL 265/342] ang20191021t183204_r7413_c7_w151_h151 F1=0.8511 IoU=0.7407
[VAL 266/342] ang20191021t194835_r9149_c236_w151_h151 F1=0.8110 IoU=0.6821
[VAL 267/342] ang20191021t174954_r6623_c170_w151_h151 F1=0.0000 IoU=0.0000
[VAL 268/342] ang20191025t185816_r9590_c99_w151_h151 F1=0.0000 IoU=0.0000
[VAL 269/342] ang20191025t195446_r5631_c208_w151_h151 F1=0.0000 IoU=0.0000
[VAL 270/342] ang20191021t174954_r10250_c171_w151_h151 F1=0.6196 IoU=0.4489
[VAL 271/342] ang20191018t183859_r4431_c310_w151_h151 F1=0.0000 IoU=0.0000
[VAL 272/342] ang20191018t183859_r8656_c395_w151_h151 F1=0.2016 IoU=0.1121
[VAL 273/342] ang20191021t184841_r2194_c463_w151_h151 F1=0.0000 IoU=0.0000
[VAL 274/342] ang20191025t182152_r11770_c188_w151_h151 F1=0.0000 IoU=0.0000
[VAL 275/342] ang20191021t173221_r8662_c163_w151_h151 F1=0.0000 IoU=0.0000
[VAL 276/342] ang20191021t180251_r7753_c178_w151_h151 F1=0.7747 IoU=0.6322
[VAL 277/342] ang20191021t171902_r3493_c509_w151_h151 F1=0.7086 IoU=0.5487
[VAL 278/342] ang20191021t190136_r7840_c242_w151_h151 F1=0.2948 IoU=0.1729
[VAL 279/342] ang20191021t191828_r9920_c548_w151_h151 F1=0.8266 IoU=0.7044
[VAL 280/342] ang20191021t180251_r6898_c354_w151_h151 F1=0.0000 IoU=0.0000
[VAL 281/342] ang20191025t205201_r6175_c87_w151_h151 F1=0.0000 IoU=0.0000
[VAL 282/342] ang20191021t174954_r8450_c592_w151_h151 F1=0.0000 IoU=0.0000
[VAL 283/342] ang20191021t183204_r6003_c519_w151_h151 F1=0.7625 IoU=0.6161
[VAL 284/342] ang20191025t195446_r13089_c251_w151_h151 F1=0.0000 IoU=0.0000
[VAL 285/342] ang20191025t195446_r12489_c497_w151_h151 F1=0.0000 IoU=0.0000
[VAL 286/342] ang20191021t174954_r10300_c437_w151_h151 F1=0.0000 IoU=0.0000
[VAL 287/342] ang20191018t165503_r2879_c215_w151_h151 F1=0.8559 IoU=0.7480
[VAL 288/342] ang20191025t185816_r3392_c513_w151_h151 F1=0.5397 IoU=0.3696
[VAL 289/342] ang20191021t174954_r7671_c297_w151_h151 F1=0.8585 IoU=0.7521
[VAL 290/342] ang20191025t193513_r11161_c353_w151_h151 F1=0.0000 IoU=0.0000
[VAL 291/342] ang20191018t174629_r3845_c306_w151_h151 F1=0.0000 IoU=0.0000
[VAL 292/342] ang20191025t195446_r13044_c34_w151_h151 F1=0.0000 IoU=0.0000
[VAL 293/342] ang20191018t183859_r13616_c304_w151_h151 F1=0.0000 IoU=0.0000
[VAL 294/342] ang20191018t183859_r1571_c261_w151_h151 F1=0.0000 IoU=0.0000
[VAL 295/342] ang20191021t170142_r3494_c185_w151_h151 F1=0.0000 IoU=0.0000
[VAL 296/342] ang20191018t181457_r9197_c354_w151_h151 F1=0.7906 IoU=0.6537
[VAL 297/342] ang20191018t165503_r13209_c119_w151_h151 F1=0.2760 IoU=0.1601
[VAL 298/342] ang20191021t153008_r8243_c183_w151_h151 F1=0.0000 IoU=0.0000
[VAL 299/342] ang20191021t194835_r7213_c218_w151_h151 F1=0.7485 IoU=0.5981
[VAL 300/342] ang20191025t191752_r5281_c191_w151_h151 F1=0.0000 IoU=0.0000
[VAL 301/342] ang20191021t153008_r2876_c296_w151_h151 F1=0.5358 IoU=0.3659
[VAL 302/342] ang20191021t181927_r6019_c105_w151_h151 F1=0.7417 IoU=0.5894
[VAL 303/342] ang20191025t195446_r7025_c79_w151_h151 F1=0.0000 IoU=0.0000
[VAL 304/342] ang20191018t153724_r7214_c341_w151_h151 F1=0.3903 IoU=0.2425
[VAL 305/342] ang20191021t183204_r2919_c133_w151_h151 F1=0.0000 IoU=0.0000
[VAL 306/342] ang20191018t174629_r6767_c366_w151_h151 F1=0.0000 IoU=0.0000
[VAL 307/342] ang20191021t163119_r7802_c11_w151_h151 F1=0.4730 IoU=0.3097
[VAL 308/342] ang20191021t173221_r4208_c335_w151_h151 F1=0.8421 IoU=0.7273
[VAL 309/342] ang20191018t181457_r14833_c352_w151_h151 F1=0.0000 IoU=0.0000
[VAL 310/342] ang20191021t154726_r8306_c43_w151_h151 F1=0.3486 IoU=0.2111
[VAL 311/342] ang20191021t183204_r8165_c369_w151_h151 F1=0.0000 IoU=0.0000
[VAL 312/342] ang20191025t185816_r3570_c516_w151_h151 F1=0.4332 IoU=0.2765
[VAL 313/342] ang20191018t183859_r16730_c458_w151_h151 F1=0.2574 IoU=0.1477
[VAL 314/342] ang20191021t154726_r10373_c98_w151_h151 F1=0.4365 IoU=0.2792
[VAL 315/342] ang20191021t161810_r3297_c150_w151_h151 F1=0.0000 IoU=0.0000
[VAL 316/342] ang20191021t183204_r9164_c171_w151_h151 F1=0.0000 IoU=0.0000
[VAL 317/342] ang20191021t163119_r3808_c462_w151_h151 F1=0.0413 IoU=0.0211
[VAL 318/342] ang20191021t154726_r2551_c317_w151_h151 F1=0.7110 IoU=0.5516
[VAL 319/342] ang20191021t180251_r10173_c407_w151_h151 F1=0.0000 IoU=0.0000
[VAL 320/342] ang20191021t153008_r2518_c8_w151_h151 F1=0.7973 IoU=0.6629
[VAL 321/342] ang20191025t185816_r10288_c294_w151_h151 F1=0.0000 IoU=0.0000
[VAL 322/342] ang20191021t194835_r10970_c92_w151_h151 F1=0.5730 IoU=0.4016
[VAL 323/342] ang20191021t153008_r4646_c236_w151_h151 F1=0.2297 IoU=0.1298
[VAL 324/342] ang20191021t180251_r10725_c23_w151_h151 F1=0.5736 IoU=0.4022
[VAL 325/342] ang20191018t183859_r15446_c375_w151_h151 F1=0.5739 IoU=0.4024
[VAL 326/342] ang20191021t184841_r8326_c425_w151_h151 F1=0.5639 IoU=0.3926
[VAL 327/342] ang20191021t163119_r8232_c64_w151_h151 F1=0.0000 IoU=0.0000
[VAL 328/342] ang20191021t164905_r9972_c178_w151_h151 F1=0.0000 IoU=0.0000
[VAL 329/342] ang20191018t183859_r3359_c292_w151_h151 F1=0.0000 IoU=0.0000
[VAL 330/342] ang20191021t161810_r3823_c46_w151_h151 F1=0.4110 IoU=0.2586
[VAL 331/342] ang20191021t153008_r8433_c459_w151_h151 F1=0.3992 IoU=0.2494
[VAL 332/342] ang20191021t193145_r7745_c179_w151_h151 F1=0.0000 IoU=0.0000
[VAL 333/342] ang20191021t183204_r8179_c85_w151_h151 F1=0.5692 IoU=0.3978
[VAL 334/342] ang20191021t184841_r8215_c417_w151_h151 F1=0.6379 IoU=0.4684
[VAL 335/342] ang20191021t171902_r10628_c423_w151_h151 F1=0.0000 IoU=0.0000
[VAL 336/342] ang20191018t183859_r15633_c372_w151_h151 F1=0.7378 IoU=0.5846
[VAL 337/342] ang20191021t180251_r9355_c302_w151_h151 F1=0.0000 IoU=0.0000
[VAL 338/342] ang20191021t153008_r4804_c289_w151_h151 F1=0.2624 IoU=0.1510
[VAL 339/342] ang20191018t172239_r5618_c276_w151_h151 F1=0.0000 IoU=0.0000
[VAL 340/342] ang20191021t164905_r10652_c11_w151_h151 F1=0.0000 IoU=0.0000
[VAL 341/342] ang20191021t181927_r10749_c356_w151_h151 F1=0.0000 IoU=0.0000
[VAL 342/342] ang20191021t154726_r10118_c446_w151_h151 F1=0.0000 IoU=0.0000

VALIDATION GLOBAL
Precision=0.6022 Recall=0.7024 F1=0.6484 F1-Strong=0.8025 F1-Weak=0.4981 IoU=0.4797 AUPRC=0.6017 FPR-No-Plume=0.0014 Accuracy=0.9984
Input  : [1,512,512,4] INT8 fix=5
Output : [1,512,512,1] FLOAT32

============================================================
max_end_to_end_throughput
============================================================
batch              = 1
runners            = 2
pre_workers        = 1
post_workers       = 1
slots_per_runner   = 1
completed          = 342
wall_s             = 130.242770
THROUGHPUT FPS     = 2.625866
POWER sensors/samples = 1/651.000000
POWER mean/min/max W = 14.894356/14.412000/18.612000
ENERGY estimated J   = 1939.882225

FPS EQUIVALENT FROM PER-JOB LATENCY
 average = 1.213579
 min     = 1.063321
 max     = 1.662306
 p95     = 1.125502
 p99     = 1.097863

LATENCY ms
 mean   = 824.009109
 median = 823.787285
 min    = 601.574100
 max    = 940.449550
 p90    = 880.293593
 p95    = 888.492362
 p99    = 910.860179
 stddev = 45.710801
 CV     = 0.055474
 jitter p99-p50 = 87.072894 ms

DPU STAGE ms
 mean = 446.111364
 p95  = 463.252084
 p99  = 466.818901

PREPROCESS mean = 307.244914 ms
POSTPROCESS mean = 6.394508 ms

INTER-COMPLETION ms
 mean = 380.175511
 p95  = 449.025080
 p99  = 464.770620
OUTPUT-CADENCE FPS
 average(system wall) = 2.625866
 min = 2.067543
 max = 6.831579
 p95 = 2.227047
 p99 = 2.151599

Results saved to:
/home/root/Benchmark_ZCU104/results_all_models/methane_mobilenet_v2/runs/80_full_end_to_end__max_e2e__r2_pre1_post1_spr1_nopin__rep1__n0__samples0__cpu1
