============================================================
METHANE SEGMENTATION ZCU104 OPTIMIZED BENCHMARK
============================================================
Batch: 1 ALWAYS
Profile: max-model-only
Dataset images: 342
Runners: 2
Pre workers: 1
Post workers: 1
Slots/runner: 1
Pin: no
DPU subgraphs: 1 | CPU fallback subgraphs: 1
Input  : [1,512,512,4] INT8 fix=5
Output : [1,512,512,1] FLOAT32

============================================================
max_model_only_throughput
============================================================
batch              = 1
runners            = 2
pre_workers        = 0
post_workers       = 0
slots_per_runner   = 1
completed          = 342
wall_s             = 31.247826
THROUGHPUT FPS     = 10.944761
POWER sensors/samples = 1/157.000000
POWER mean/min/max W = 26.626822/15.287000/28.337000
ENERGY estimated J   = 832.030303

FPS EQUIVALENT FROM PER-JOB LATENCY
 average = 5.477117
 min     = 5.402498
 max     = 5.534436
 p95     = 5.464330
 p99     = 5.443868

LATENCY ms
 mean   = 182.577802
 median = 182.630650
 min    = 180.686890
 max    = 185.099570
 p90    = 182.761239
 p95    = 183.005060
 p99    = 183.692908
 stddev = 0.459269
 CV     = 0.002515
 jitter p99-p50 = 1.062258 ms

DPU STAGE ms
 mean = 182.577802
 p95  = 183.005060
 p99  = 183.692908

INTER-COMPLETION ms
 mean = 91.094879
 p95  = 145.643430
 p99  = 172.632360
OUTPUT-CADENCE FPS
 average(system wall) = 10.944761
 min = 5.548748
 max = 569.722659
 p95 = 6.866084
 p99 = 5.792657

Results saved to:
/home/root/Benchmark_ZCU104/results_all_models/methane_depth_reduced/runs/70_full_model_only__max_model_only__r2_pre1_post1_spr1_nopin__rep1__n0__samples0__cpu4
