============================================================
METHANE SEGMENTATION ZCU104 OPTIMIZED BENCHMARK
============================================================
Batch: 1 ALWAYS
Profile: max-e2e
Dataset images: 342
Runners: 2
Pre workers: 1
Post workers: 1
Slots/runner: 1
Pin: no
DPU subgraphs: 1 | CPU fallback subgraphs: 1
Input  : [1,512,512,4] INT8 fix=5
Output : [1,512,512,1] FLOAT32

============================================================
max_end_to_end_throughput
============================================================
batch              = 1
runners            = 2
pre_workers        = 1
post_workers       = 1
slots_per_runner   = 1
completed          = 342
wall_s             = 60.634140
THROUGHPUT FPS     = 5.640387
POWER sensors/samples = 1/304.000000
POWER mean/min/max W = 20.978516/14.925000/27.237000
ENERGY estimated J   = 1272.014297

FPS EQUIVALENT FROM PER-JOB LATENCY
 average = 2.744157
 min     = 2.343819
 max     = 3.241734
 p95     = 2.551297
 p99     = 2.406388

LATENCY ms
 mean   = 364.410579
 median = 362.480350
 min    = 308.476880
 max    = 426.654020
 p90    = 384.600798
 p95    = 391.957565
 p99    = 415.560581
 stddev = 19.244514
 CV     = 0.052810
 jitter p99-p50 = 53.080231 ms

DPU STAGE ms
 mean = 181.446080
 p95  = 182.872426
 p99  = 183.115027

PREPROCESS mean = 162.527527 ms
POSTPROCESS mean = 6.177600 ms

INTER-COMPLETION ms
 mean = 176.765769
 p95  = 204.375500
 p99  = 228.915592
OUTPUT-CADENCE FPS
 average(system wall) = 5.640387
 min = 4.159820
 max = 8.351309
 p95 = 4.892954
 p99 = 4.368422

Results saved to:
/home/root/Benchmark_ZCU104/results_all_models/methane_depth_reduced/runs/80_full_end_to_end__max_e2e__r2_pre1_post1_spr1_nopin__rep1__n0__samples0__cpu3
