============================================================
METHANE SEGMENTATION ZCU104 OPTIMIZED BENCHMARK
============================================================
Batch: 1 ALWAYS
Profile: max-model-only
Dataset images: 5
Runners: 1
Pre workers: 1
Post workers: 1
Slots/runner: 1
Pin: no
DPU subgraphs: 1 | CPU fallback subgraphs: 1
Input  : [1,512,512,4] INT8 fix=5
Output : [1,512,512,1] FLOAT32

============================================================
max_model_only_throughput
============================================================
batch              = 1
runners            = 1
pre_workers        = 0
post_workers       = 0
slots_per_runner   = 1
completed          = 5
wall_s             = 1.669227
THROUGHPUT FPS     = 2.995398
POWER sensors/samples = 1/10.000000
POWER mean/min/max W = 19.511000/14.475000/20.462000
ENERGY estimated J   = 32.568297

FPS EQUIVALENT FROM PER-JOB LATENCY
 average = 2.997685
 min     = 2.997006
 max     = 2.998141
 p95     = 2.997153
 p99     = 2.997035

LATENCY ms
 mean   = 333.590734
 median = 333.581780
 min    = 333.540030
 max    = 333.666310
 p90    = 333.633702
 p95    = 333.650006
 p99    = 333.663049
 stddev = 0.041225
 CV     = 0.000124
 jitter p99-p50 = 0.081269 ms

DPU STAGE ms
 mean = 333.590734
 p95  = 333.650006
 p99  = 333.663049

INTER-COMPLETION ms
 mean = 333.573325
 p95  = 333.585627
 p99  = 333.586005
OUTPUT-CADENCE FPS
 average(system wall) = 2.995398
 min = 2.997727
 max = 2.998124
 p95 = 2.997731
 p99 = 2.997728

Results saved to:
/home/root/Benchmark_ZCU104/results_all_models/methane_baseline/runs/10_model_runners__max_model_only__r1_pre1_post1_spr1_nopin__rep1__n5__samples5__cpu0
