============================================================
METHANE SEGMENTATION ZCU104 OPTIMIZED BENCHMARK
============================================================
Batch: 1 ALWAYS
Profile: max-model-only
Dataset images: 342
Runners: 2
Pre workers: 1
Post workers: 1
Slots/runner: 1
Pin: no
DPU subgraphs: 6 | CPU fallback subgraphs: 6
Input  : [1,512,512,4] INT8 fix=5
Output : [1,512,512,1] FLOAT32

============================================================
max_model_only_throughput
============================================================
batch              = 1
runners            = 2
pre_workers        = 0
post_workers       = 0
slots_per_runner   = 1
completed          = 342
wall_s             = 36.261888
THROUGHPUT FPS     = 9.431390
POWER sensors/samples = 1/182.000000
POWER mean/min/max W = 15.332852/14.462000/17.637000
ENERGY estimated J   = 555.998151

FPS EQUIVALENT FROM PER-JOB LATENCY
 average = 4.727914
 min     = 4.436253
 max     = 4.786872
 p95     = 4.678474
 p99     = 4.660734

LATENCY ms
 mean   = 211.509784
 median = 211.548850
 min    = 208.904670
 max    = 225.415480
 p90    = 213.605697
 p95    = 213.744890
 p99    = 214.558471
 stddev = 1.955519
 CV     = 0.009246
 jitter p99-p50 = 3.009621 ms

DPU STAGE ms
 mean = 211.509784
 p95  = 213.744890
 p99  = 214.558471

INTER-COMPLETION ms
 mean = 105.719517
 p95  = 197.501880
 p99  = 207.770896
OUTPUT-CADENCE FPS
 average(system wall) = 9.431390
 min = 4.746380
 max = 911.095319
 p95 = 5.063243
 p99 = 4.812994

Results saved to:
/home/root/Benchmark_ZCU104/results_all_models/methane_mobilenet_v3/runs/70_full_model_only__max_model_only__r2_pre1_post1_spr1_nopin__rep1__n0__samples0__cpu3
