============================================================
METHANE SEGMENTATION ZCU104 OPTIMIZED BENCHMARK
============================================================
Batch: 1 ALWAYS
Profile: max-e2e
Dataset images: 342
Runners: 2
Pre workers: 1
Post workers: 1
Slots/runner: 1
Pin: no
DPU subgraphs: 6 | CPU fallback subgraphs: 6
Input  : [1,512,512,4] INT8 fix=5
Output : [1,512,512,1] FLOAT32

============================================================
max_end_to_end_throughput
============================================================
batch              = 1
runners            = 2
pre_workers        = 1
post_workers       = 1
slots_per_runner   = 1
completed          = 342
wall_s             = 72.875055
THROUGHPUT FPS     = 4.692964
POWER sensors/samples = 1/365.000000
POWER mean/min/max W = 15.083518/14.412000/17.037000
ENERGY estimated J   = 1099.212187

FPS EQUIVALENT FROM PER-JOB LATENCY
 average = 2.144807
 min     = 1.721208
 max     = 2.572633
 p95     = 1.916378
 p99     = 1.801390

LATENCY ms
 mean   = 466.242449
 median = 474.022845
 min    = 388.706820
 max    = 580.987150
 p90    = 518.524950
 p95    = 521.817718
 p99    = 555.126956
 stddev = 42.756562
 CV     = 0.091705
 jitter p99-p50 = 81.104111 ms

DPU STAGE ms
 mean = 247.419024
 p95  = 271.622735
 p99  = 280.965023

PREPROCESS mean = 167.010789 ms
POSTPROCESS mean = 6.227680 ms

INTER-COMPLETION ms
 mean = 212.544268
 p95  = 268.757850
 p99  = 292.278752
OUTPUT-CADENCE FPS
 average(system wall) = 4.692964
 min = 3.214344
 max = 7.069406
 p95 = 3.720822
 p99 = 3.421391

Results saved to:
/home/root/Benchmark_ZCU104/results_all_models/methane_mobilenet_v3/runs/80_full_end_to_end__max_e2e__r2_pre1_post1_spr1_nopin__rep1__n0__samples0__cpu2
