[UNILOG][INFO] Compile mode: dpu
[UNILOG][INFO] Debug mode: null
[UNILOG][INFO] Target architecture: DPUCZDX8G_ISA1_B4096
[UNILOG][INFO] Graph name: UNetMobileNetV3, with op num: 621
[UNILOG][INFO] Begin to compile...
[UNILOG][WARNING] xir::Op{name = UNetMobileNetV3__UNetMobileNetV3_Upsample_up1__ret_229, type = upsample-fix} has been assigned to CPU: [DPU does not support align_corners = true.].
[UNILOG][WARNING] xir::Op{name = UNetMobileNetV3__UNetMobileNetV3_Upsample_up2__ret_241, type = upsample-fix} has been assigned to CPU: [DPU does not support align_corners = true.].
[UNILOG][WARNING] xir::Op{name = UNetMobileNetV3__UNetMobileNetV3_Upsample_up3__ret_253, type = upsample-fix} has been assigned to CPU: [DPU does not support align_corners = true.].
[UNILOG][WARNING] xir::Op{name = UNetMobileNetV3__UNetMobileNetV3_Upsample_up4__ret_265, type = upsample-fix} has been assigned to CPU: [DPU does not support align_corners = true.].
[UNILOG][WARNING] xir::Op{name = UNetMobileNetV3__UNetMobileNetV3_Upsample_up_final__ret_277, type = upsample-fix} has been assigned to CPU: [DPU does not support align_corners = true.].
[UNILOG][INFO] Total device subgraph number 13, DPU subgraph number 6
[UNILOG][INFO] Compile done.
[UNILOG][INFO] The meta json is saved to "/workspace/VitisAI/build/vitis_ai/compiled_artigo/mobilenet_v3_bce_artigo/meta.json"
[UNILOG][INFO] The compiled xmodel is saved to "/workspace/VitisAI/build/vitis_ai/compiled_artigo/mobilenet_v3_bce_artigo/mobilenet_v3_bce_artigo.xmodel"
[UNILOG][INFO] The compiled xmodel's md5sum is f6bbd7fd591ad885f6f446253809d381, and has been saved to "/workspace/VitisAI/build/vitis_ai/compiled_artigo/mobilenet_v3_bce_artigo/md5sum.txt"
**************************************************
* VITIS_AI Compilation - Xilinx Inc.
**************************************************
Executando: /opt/vitis_ai/conda/envs/vitis-ai-pytorch/bin/vai_c_xir -x build/vitis_ai/quantize_artigo/mobilenet_v3_bce_artigo/UNetMobileNetV3_int.xmodel -a /opt/vitis_ai/compiler/arch/DPUCZDX8G/ZCU104/arch.json -o build/vitis_ai/compiled_artigo/mobilenet_v3_bce_artigo -n mobilenet_v3_bce_artigo
Compilacao concluida em 5.4s: build/vitis_ai/compiled_artigo/mobilenet_v3_bce_artigo/mobilenet_v3_bce_artigo.xmodel
