============================================================
METHANE SEGMENTATION ZCU104 OPTIMIZED BENCHMARK
============================================================
Batch: 1 ALWAYS
Profile: max-e2e
Dataset images: 5
Runners: 2
Pre workers: 1
Post workers: 1
Slots/runner: 1
Pin: no
DPU subgraphs: 6 | CPU fallback subgraphs: 6
Input  : [1,512,512,4] INT8 fix=5
Output : [1,512,512,1] FLOAT32

============================================================
max_end_to_end_throughput
============================================================
batch              = 1
runners            = 2
pre_workers        = 1
post_workers       = 1
slots_per_runner   = 1
completed          = 5
wall_s             = 1.207568
THROUGHPUT FPS     = 4.140553
POWER sensors/samples = 1/8.000000
POWER mean/min/max W = 15.102875/14.412000/16.825000
ENERGY estimated J   = 18.237752

FPS EQUIVALENT FROM PER-JOB LATENCY
 average = 2.301945
 min     = 2.109270
 max     = 2.443110
 p95     = 2.118815
 p99     = 2.111172

LATENCY ms
 mean   = 434.415250
 median = 415.519420
 min    = 409.314400
 max    = 474.097610
 p90    = 469.826426
 p95    = 471.962018
 p99    = 473.670492
 stddev = 28.328961
 CV     = 0.065212
 jitter p99-p50 = 58.151072 ms

DPU STAGE ms
 mean = 234.877042
 p95  = 235.537352
 p99  = 235.563798

PREPROCESS mean = 163.299608 ms
POSTPROCESS mean = 6.225692 ms

INTER-COMPLETION ms
 mean = 199.184628
 p95  = 230.635392
 p99  = 231.898710
OUTPUT-CADENCE FPS
 average(system wall) = 4.140553
 min = 4.306363
 max = 5.946482
 p95 = 4.335848
 p99 = 4.312228

Results saved to:
/home/root/Benchmark_ZCU104/results_all_models/methane_mobilenet_v2/runs/60_final_c1__max_e2e__r2_pre1_post1_spr1_nopin__rep1__n5__samples5__cpu0
