============================================================
METHANE SEGMENTATION ZCU104 OPTIMIZED BENCHMARK
============================================================
Batch: 1 ALWAYS
Profile: max-e2e
Dataset images: 5
Runners: 2
Pre workers: 1
Post workers: 1
Slots/runner: 1
Pin: no
DPU subgraphs: 1 | CPU fallback subgraphs: 1
Input  : [1,512,512,4] INT8 fix=5
Output : [1,512,512,1] FLOAT32

============================================================
max_end_to_end_throughput
============================================================
batch              = 1
runners            = 2
pre_workers        = 1
post_workers       = 1
slots_per_runner   = 1
completed          = 5
wall_s             = 1.008353
THROUGHPUT FPS     = 4.958583
POWER sensors/samples = 1/7.000000
POWER mean/min/max W = 19.362143/14.500000/21.237000
ENERGY estimated J   = 19.523868

FPS EQUIVALENT FROM PER-JOB LATENCY
 average = 3.003181
 min     = 2.918218
 max     = 3.100084
 p95     = 2.919319
 p99     = 2.918438

LATENCY ms
 mean   = 332.980272
 median = 331.467170
 min    = 322.571900
 max    = 342.674920
 p90    = 342.416284
 p95    = 342.545602
 p99    = 342.649056
 stddev = 8.160961
 CV     = 0.024509
 jitter p99-p50 = 11.181886 ms

DPU STAGE ms
 mean = 157.741234
 p95  = 160.266072
 p99  = 160.312038

PREPROCESS mean = 168.469820 ms
POSTPROCESS mean = 6.117916 ms

INTER-COMPLETION ms
 mean = 168.948548
 p95  = 180.228614
 p99  = 180.323547
OUTPUT-CADENCE FPS
 average(system wall) = 4.958583
 min = 5.544858
 max = 6.398769
 p95 = 5.548509
 p99 = 5.545587

Results saved to:
/home/root/Benchmark_ZCU104/results_all_models/methane_skip_connections/runs/30_pre_workers__max_e2e__r2_pre1_post1_spr1_nopin__rep1__n5__samples5__cpu0
