============================================================
METHANE SEGMENTATION ZCU104 OPTIMIZED BENCHMARK
============================================================
Batch: 1 ALWAYS
Profile: max-model-only
Dataset images: 5
Runners: 1
Pre workers: 1
Post workers: 1
Slots/runner: 1
Pin: no
DPU subgraphs: 6 | CPU fallback subgraphs: 6
Input  : [1,512,512,4] INT8 fix=5
Output : [1,512,512,1] FLOAT32

============================================================
max_model_only_throughput
============================================================
batch              = 1
runners            = 1
pre_workers        = 0
post_workers       = 0
slots_per_runner   = 1
completed          = 5
wall_s             = 1.167157
THROUGHPUT FPS     = 4.283913
POWER sensors/samples = 1/7.000000
POWER mean/min/max W = 14.960429/14.387000/16.162000
ENERGY estimated J   = 17.461173

FPS EQUIVALENT FROM PER-JOB LATENCY
 average = 4.288499
 min     = 4.283909
 max     = 4.292487
 p95     = 4.284631
 p99     = 4.284054

LATENCY ms
 mean   = 233.181814
 median = 233.183890
 min    = 232.965180
 max    = 233.431640
 p90    = 233.352988
 p95    = 233.392314
 p99    = 233.423775
 stddev = 0.154921
 CV     = 0.000664
 jitter p99-p50 = 0.239885 ms

DPU STAGE ms
 mean = 233.181814
 p95  = 233.392314
 p99  = 233.423775

INTER-COMPLETION ms
 mean = 233.120875
 p95  = 233.228882
 p99  = 233.235016
OUTPUT-CADENCE FPS
 average(system wall) = 4.283913
 min = 4.287493
 max = 4.292459
 p95 = 4.287634
 p99 = 4.287521

Results saved to:
/home/root/Benchmark_ZCU104/results_all_models/methane_mobilenet_v2/runs/10_model_runners__max_model_only__r1_pre1_post1_spr1_nopin__rep1__n5__samples5__cpu0
