============================================================
METHANE SEGMENTATION ZCU104 OPTIMIZED BENCHMARK
============================================================
Batch: 1 ALWAYS
Profile: max-e2e
Dataset images: 5
Runners: 1
Pre workers: 2
Post workers: 1
Slots/runner: 1
Pin: no
DPU subgraphs: 1 | CPU fallback subgraphs: 1
Input  : [1,512,512,4] INT8 fix=5
Output : [1,512,512,1] FLOAT32

============================================================
max_end_to_end_throughput
============================================================
batch              = 1
runners            = 1
pre_workers        = 2
post_workers       = 1
slots_per_runner   = 1
completed          = 5
wall_s             = 2.521126
THROUGHPUT FPS     = 1.983241
POWER sensors/samples = 1/14.000000
POWER mean/min/max W = 18.886429/14.450000/20.587000
ENERGY estimated J   = 47.615064

FPS EQUIVALENT FROM PER-JOB LATENCY
 average = 0.898505
 min     = 0.740945
 max     = 1.966458
 p95     = 0.740997
 p99     = 0.740956

LATENCY ms
 mean   = 1112.960386
 median = 1341.529310
 min    = 508.528640
 max    = 1349.627370
 p90    = 1349.438290
 p95    = 1349.532830
 p99    = 1349.608462
 stddev = 328.264889
 CV     = 0.294948
 jitter p99-p50 = 8.079152 ms

DPU STAGE ms
 mean = 333.709220
 p95  = 333.792884
 p99  = 333.808441

PREPROCESS mean = 164.111082 ms
POSTPROCESS mean = 6.060892 ms

INTER-COMPLETION ms
 mean = 502.857093
 p95  = 507.384789
 p99  = 507.424574
OUTPUT-CADENCE FPS
 average(system wall) = 1.983241
 min = 1.970698
 max = 2.021700
 p95 = 1.970891
 p99 = 1.970736

Results saved to:
/home/root/Benchmark_ZCU104/results_all_models/methane_baseline/runs/60_final_c3__max_e2e__r1_pre2_post1_spr1_nopin__rep1__n5__samples5__cpu0
