============================================================
METHANE SEGMENTATION ZCU104 OPTIMIZED BENCHMARK
============================================================
Batch: 1 ALWAYS
Profile: max-model-only
Dataset images: 5
Runners: 1
Pre workers: 1
Post workers: 1
Slots/runner: 1
Pin: no
DPU subgraphs: 1 | CPU fallback subgraphs: 1
Input  : [1,512,512,4] INT8 fix=5
Output : [1,512,512,1] FLOAT32

============================================================
max_model_only_throughput
============================================================
batch              = 1
runners            = 1
pre_workers        = 0
post_workers       = 0
slots_per_runner   = 1
completed          = 5
wall_s             = 0.898213
THROUGHPUT FPS     = 5.566610
POWER sensors/samples = 1/6.000000
POWER mean/min/max W = 19.860333/14.987000/21.225000
ENERGY estimated J   = 17.838804

FPS EQUIVALENT FROM PER-JOB LATENCY
 average = 5.574288
 min     = 5.569530
 max     = 5.575681
 p95     = 5.570680
 p99     = 5.569760

LATENCY ms
 mean   = 179.395100
 median = 179.362660
 min    = 179.350290
 max    = 179.548360
 p90    = 179.474260
 p95    = 179.511310
 p99    = 179.540950
 stddev = 0.076825
 CV     = 0.000428
 jitter p99-p50 = 0.178290 ms

DPU STAGE ms
 mean = 179.395100
 p95  = 179.511310
 p99  = 179.540950

INTER-COMPLETION ms
 mean = 179.358445
 p95  = 179.364887
 p99  = 179.364985
OUTPUT-CADENCE FPS
 average(system wall) = 5.566610
 min = 5.575223
 max = 5.575628
 p95 = 5.575227
 p99 = 5.575224

Results saved to:
/home/root/Benchmark_ZCU104/results_all_models/methane_depth_reduced/runs/10_model_runners__max_model_only__r1_pre1_post1_spr1_nopin__rep1__n5__samples5__cpu0
