============================================================
METHANE SEGMENTATION ZCU104 OPTIMIZED BENCHMARK
============================================================
Batch: 1 ALWAYS
Profile: max-e2e
Dataset images: 5
Runners: 1
Pre workers: 2
Post workers: 1
Slots/runner: 1
Pin: no
DPU subgraphs: 1 | CPU fallback subgraphs: 1
Input  : [1,512,512,4] INT8 fix=5
Output : [1,512,512,1] FLOAT32

============================================================
max_end_to_end_throughput
============================================================
batch              = 1
runners            = 1
pre_workers        = 2
post_workers       = 1
slots_per_runner   = 1
completed          = 5
wall_s             = 1.631274
THROUGHPUT FPS     = 3.065089
POWER sensors/samples = 1/10.000000
POWER mean/min/max W = 17.540800/14.562000/21.162000
ENERGY estimated J   = 28.613853

FPS EQUIVALENT FROM PER-JOB LATENCY
 average = 1.457969
 min     = 1.225762
 max     = 3.024236
 p95     = 1.226003
 p99     = 1.225810

LATENCY ms
 mean   = 685.885564
 median = 807.481070
 min    = 330.662000
 max    = 815.818920
 p90    = 815.498640
 p95    = 815.658780
 p99    = 815.786892
 stddev = 187.175990
 CV     = 0.272897
 jitter p99-p50 = 8.305822 ms

DPU STAGE ms
 mean = 155.776972
 p95  = 155.866302
 p99  = 155.880916

PREPROCESS mean = 164.086982 ms
POSTPROCESS mean = 6.058732 ms

INTER-COMPLETION ms
 mean = 324.868527
 p95  = 329.694922
 p99  = 329.767936
OUTPUT-CADENCE FPS
 average(system wall) = 3.065089
 min = 3.032268
 max = 3.159616
 p95 = 3.033107
 p99 = 3.032436

Results saved to:
/home/root/Benchmark_ZCU104/results_all_models/methane_skip_connections/runs/20_e2e_runners__max_e2e__r1_pre2_post1_spr1_nopin__rep1__n5__samples5__cpu0
