============================================================
METHANE SEGMENTATION ZCU104 OPTIMIZED BENCHMARK
============================================================
Batch: 1 ALWAYS
Profile: max-model-only
Dataset images: 342
Runners: 2
Pre workers: 1
Post workers: 1
Slots/runner: 1
Pin: no
DPU subgraphs: 6 | CPU fallback subgraphs: 6
Input  : [1,512,512,4] INT8 fix=5
Output : [1,512,512,1] FLOAT32

============================================================
max_model_only_throughput
============================================================
batch              = 1
runners            = 2
pre_workers        = 0
post_workers       = 0
slots_per_runner   = 1
completed          = 342
wall_s             = 40.273913
THROUGHPUT FPS     = 8.491849
POWER sensors/samples = 1/202.000000
POWER mean/min/max W = 15.684342/14.437000/19.775000
ENERGY estimated J   = 631.669805

FPS EQUIVALENT FROM PER-JOB LATENCY
 average = 4.255256
 min     = 4.164195
 max     = 4.282181
 p95     = 4.231775
 p99     = 4.211389

LATENCY ms
 mean   = 235.003497
 median = 235.366380
 min    = 233.525860
 max    = 240.142430
 p90    = 236.040566
 p95    = 236.307485
 p99    = 237.451364
 stddev = 1.009654
 CV     = 0.004296
 jitter p99-p50 = 2.084984 ms

DPU STAGE ms
 mean = 235.003497
 p95  = 236.307485
 p99  = 237.451364

INTER-COMPLETION ms
 mean = 117.408328
 p95  = 226.945590
 p99  = 233.915270
OUTPUT-CADENCE FPS
 average(system wall) = 8.491849
 min = 4.255992
 max = 3255.738239
 p95 = 4.406343
 p99 = 4.275052

Results saved to:
/home/root/Benchmark_ZCU104/results_all_models/methane_mobilenet_v2/runs/70_full_model_only__max_model_only__r2_pre1_post1_spr1_nopin__rep1__n0__samples0__cpu2
