============================================================
METHANE SEGMENTATION ZCU104 OPTIMIZED BENCHMARK
============================================================
Batch: 1 ALWAYS
Profile: max-model-only
Dataset images: 342
Runners: 2
Pre workers: 1
Post workers: 1
Slots/runner: 1
Pin: no
DPU subgraphs: 1 | CPU fallback subgraphs: 1
Input  : [1,512,512,4] INT8 fix=5
Output : [1,512,512,1] FLOAT32

============================================================
max_model_only_throughput
============================================================
batch              = 1
runners            = 2
pre_workers        = 0
post_workers       = 0
slots_per_runner   = 1
completed          = 342
wall_s             = 31.434089
THROUGHPUT FPS     = 10.879908
POWER sensors/samples = 1/158.000000
POWER mean/min/max W = 26.717063/15.250000/28.812000
ENERGY estimated J   = 839.826545

FPS EQUIVALENT FROM PER-JOB LATENCY
 average = 5.440387
 min     = 5.354489
 max     = 5.463599
 p95     = 5.430950
 p99     = 5.414299

LATENCY ms
 mean   = 183.810451
 median = 183.782085
 min    = 183.029550
 max    = 186.759200
 p90    = 183.990007
 p95    = 184.129833
 p99    = 184.696129
 stddev = 0.281917
 CV     = 0.001534
 jitter p99-p50 = 0.914044 ms

DPU STAGE ms
 mean = 183.810451
 p95  = 184.129833
 p99  = 184.696129

INTER-COMPLETION ms
 mean = 91.638813
 p95  = 181.931650
 p99  = 183.027538
OUTPUT-CADENCE FPS
 average(system wall) = 10.879908
 min = 5.416309
 max = 1103.825860
 p95 = 5.496570
 p99 = 5.463659

Results saved to:
/home/root/Benchmark_ZCU104/results_all_models/methane_depth_reduced/runs/70_full_model_only__max_model_only__r2_pre1_post1_spr1_nopin__rep1__n0__samples0__cpu1
