============================================================
METHANE SEGMENTATION ZCU104 OPTIMIZED BENCHMARK
============================================================
Batch: 1 ALWAYS
Profile: max-e2e
Dataset images: 5
Runners: 1
Pre workers: 2
Post workers: 1
Slots/runner: 1
Pin: no
DPU subgraphs: 1 | CPU fallback subgraphs: 1
Input  : [1,512,512,4] INT8 fix=5
Output : [1,512,512,1] FLOAT32

============================================================
max_end_to_end_throughput
============================================================
batch              = 1
runners            = 1
pre_workers        = 2
post_workers       = 1
slots_per_runner   = 1
completed          = 5
wall_s             = 1.756552
THROUGHPUT FPS     = 2.846485
POWER sensors/samples = 1/10.000000
POWER mean/min/max W = 18.363500/14.887000/21.100000
ENERGY estimated J   = 32.256446

FPS EQUIVALENT FROM PER-JOB LATENCY
 average = 1.341468
 min     = 1.125230
 max     = 2.790266
 p95     = 1.125680
 p99     = 1.125320

LATENCY ms
 mean   = 745.451792
 median = 879.645160
 min    = 358.388770
 max    = 888.706920
 p90    = 887.997164
 p95    = 888.352042
 p99    = 888.635944
 stddev = 204.636228
 CV     = 0.274513
 jitter p99-p50 = 8.990784 ms

DPU STAGE ms
 mean = 179.488594
 p95  = 179.566530
 p99  = 179.578058

PREPROCESS mean = 165.385282 ms
POSTPROCESS mean = 6.069854 ms

INTER-COMPLETION ms
 mean = 349.258245
 p95  = 354.952252
 p99  = 355.150498
OUTPUT-CADENCE FPS
 average(system wall) = 2.846485
 min = 2.815315
 max = 2.937056
 p95 = 2.817280
 p99 = 2.815708

Results saved to:
/home/root/Benchmark_ZCU104/results_all_models/methane_depth_reduced/runs/20_e2e_runners__max_e2e__r1_pre2_post1_spr1_nopin__rep1__n5__samples5__cpu0
