============================================================
METHANE SEGMENTATION ZCU104 OPTIMIZED BENCHMARK
============================================================
Batch: 1 ALWAYS
Profile: max-e2e
Dataset images: 5
Runners: 2
Pre workers: 1
Post workers: 1
Slots/runner: 1
Pin: no
DPU subgraphs: 6 | CPU fallback subgraphs: 6
Input  : [1,512,512,4] INT8 fix=5
Output : [1,512,512,1] FLOAT32

============================================================
max_end_to_end_throughput
============================================================
batch              = 1
runners            = 2
pre_workers        = 1
post_workers       = 1
slots_per_runner   = 1
completed          = 5
wall_s             = 1.132226
THROUGHPUT FPS     = 4.416081
POWER sensors/samples = 1/7.000000
POWER mean/min/max W = 14.887286/14.412000/15.450000
ENERGY estimated J   = 16.855765

FPS EQUIVALENT FROM PER-JOB LATENCY
 average = 2.498396
 min     = 2.359748
 max     = 2.603144
 p95     = 2.374385
 p99     = 2.362661

LATENCY ms
 mean   = 400.256772
 median = 395.897570
 min    = 384.150820
 max    = 423.774150
 p90    = 418.549130
 p95    = 421.161640
 p99    = 423.251648
 stddev = 14.988097
 CV     = 0.037446
 jitter p99-p50 = 27.354078 ms

DPU STAGE ms
 mean = 210.988020
 p95  = 213.172392
 p99  = 213.276646

PREPROCESS mean = 163.136064 ms
POSTPROCESS mean = 6.140076 ms

INTER-COMPLETION ms
 mean = 186.738563
 p95  = 202.372010
 p99  = 203.851010
OUTPUT-CADENCE FPS
 average(system wall) = 4.416081
 min = 4.896662
 max = 5.848370
 p95 = 4.941395
 p99 = 4.905544

Results saved to:
/home/root/Benchmark_ZCU104/results_all_models/methane_mobilenet_v3/runs/60_final_c1__max_e2e__r2_pre1_post1_spr1_nopin__rep1__n5__samples5__cpu0
