============================================================
METHANE SEGMENTATION ZCU104 OPTIMIZED BENCHMARK
============================================================
Batch: 1 ALWAYS
Profile: max-model-only
Dataset images: 5
Runners: 1
Pre workers: 1
Post workers: 1
Slots/runner: 1
Pin: no
DPU subgraphs: 1 | CPU fallback subgraphs: 1
Input  : [1,512,512,4] INT8 fix=5
Output : [1,512,512,1] FLOAT32

============================================================
max_model_only_throughput
============================================================
batch              = 1
runners            = 1
pre_workers        = 0
post_workers       = 0
slots_per_runner   = 1
completed          = 5
wall_s             = 0.779759
THROUGHPUT FPS     = 6.412236
POWER sensors/samples = 1/5.000000
POWER mean/min/max W = 19.182200/14.487000/21.150000
ENERGY estimated J   = 14.957496

FPS EQUIVALENT FROM PER-JOB LATENCY
 average = 6.422821
 min     = 6.419721
 max     = 6.424373
 p95     = 6.420335
 p99     = 6.419844

LATENCY ms
 mean   = 155.694838
 median = 155.684300
 min    = 155.657210
 max    = 155.770010
 p90    = 155.740206
 p95    = 155.755108
 p99    = 155.767030
 stddev = 0.039859
 CV     = 0.000256
 jitter p99-p50 = 0.082730 ms

DPU STAGE ms
 mean = 155.694838
 p95  = 155.755108
 p99  = 155.767030

INTER-COMPLETION ms
 mean = 155.677250
 p95  = 155.694984
 p99  = 155.696317
OUTPUT-CADENCE FPS
 average(system wall) = 6.412236
 min = 6.422746
 max = 6.424322
 p95 = 6.422815
 p99 = 6.422760

Results saved to:
/home/root/Benchmark_ZCU104/results_all_models/methane_skip_connections/runs/10_model_runners__max_model_only__r1_pre1_post1_spr1_nopin__rep1__n5__samples5__cpu0
