============================================================
METHANE SEGMENTATION ZCU104 OPTIMIZED BENCHMARK
============================================================
Batch: 1 ALWAYS
Profile: max-model-only
Dataset images: 342
Runners: 2
Pre workers: 1
Post workers: 1
Slots/runner: 1
Pin: no
DPU subgraphs: 1 | CPU fallback subgraphs: 1
Input  : [1,512,512,4] INT8 fix=5
Output : [1,512,512,1] FLOAT32

============================================================
max_model_only_throughput
============================================================
batch              = 1
runners            = 2
pre_workers        = 0
post_workers       = 0
slots_per_runner   = 1
completed          = 342
wall_s             = 31.235604
THROUGHPUT FPS     = 10.949044
POWER sensors/samples = 1/157.000000
POWER mean/min/max W = 26.628395/15.262000/28.325000
ENERGY estimated J   = 831.753997

FPS EQUIVALENT FROM PER-JOB LATENCY
 average = 5.479224
 min     = 5.409445
 max     = 5.538277
 p95     = 5.467467
 p99     = 5.453305

LATENCY ms
 mean   = 182.507609
 median = 182.571275
 min    = 180.561560
 max    = 184.861840
 p90    = 182.719407
 p95    = 182.900042
 p99    = 183.375044
 stddev = 0.457145
 CV     = 0.002505
 jitter p99-p50 = 0.803769 ms

DPU STAGE ms
 mean = 182.507609
 p95  = 182.900042
 p99  = 183.375044

INTER-COMPLETION ms
 mean = 91.060235
 p95  = 145.040320
 p99  = 171.934094
OUTPUT-CADENCE FPS
 average(system wall) = 10.949044
 min = 5.555985
 max = 523.105573
 p95 = 6.894635
 p99 = 5.816182

Results saved to:
/home/root/Benchmark_ZCU104/results_all_models/methane_depth_reduced/runs/70_full_model_only__max_model_only__r2_pre1_post1_spr1_nopin__rep1__n0__samples0__cpu3
