============================================================
METHANE SEGMENTATION ZCU104 OPTIMIZED BENCHMARK
============================================================
Batch: 1 ALWAYS
Profile: max-e2e
Dataset images: 5
Runners: 2
Pre workers: 2
Post workers: 1
Slots/runner: 1
Pin: no
DPU subgraphs: 1 | CPU fallback subgraphs: 1
Input  : [1,512,512,4] INT8 fix=5
Output : [1,512,512,1] FLOAT32

============================================================
max_end_to_end_throughput
============================================================
batch              = 1
runners            = 2
pre_workers        = 2
post_workers       = 1
slots_per_runner   = 1
completed          = 5
wall_s             = 1.518119
THROUGHPUT FPS     = 3.293550
POWER sensors/samples = 1/9.000000
POWER mean/min/max W = 21.310889/14.400000/26.950000
ENERGY estimated J   = 32.352459

FPS EQUIVALENT FROM PER-JOB LATENCY
 average = 1.394954
 min     = 1.158534
 max     = 1.948728
 p95     = 1.162561
 p99     = 1.159337

LATENCY ms
 mean   = 716.869724
 median = 840.501940
 min    = 513.155130
 max    = 863.160170
 p90    = 857.179718
 p95    = 860.169944
 p99    = 862.562125
 stddev = 163.988073
 CV     = 0.228756
 jitter p99-p50 = 22.060185 ms

DPU STAGE ms
 mean = 337.434860
 p95  = 341.850146
 p99  = 342.452733

PREPROCESS mean = 166.239414 ms
POSTPROCESS mean = 6.172414 ms

INTER-COMPLETION ms
 mean = 250.943090
 p95  = 496.594823
 p99  = 498.437253
OUTPUT-CADENCE FPS
 average(system wall) = 3.293550
 min = 2.004418
 max = 162.139726
 p95 = 2.013714
 p99 = 2.006271

Results saved to:
/home/root/Benchmark_ZCU104/results_all_models/methane_baseline/runs/30_pre_workers__max_e2e__r2_pre2_post1_spr1_nopin__rep1__n5__samples5__cpu0
