============================================================
METHANE SEGMENTATION ZCU104 OPTIMIZED BENCHMARK
============================================================
Batch: 1 ALWAYS
Profile: max-e2e
Dataset images: 342
Runners: 2
Pre workers: 1
Post workers: 1
Slots/runner: 1
Pin: no
DPU subgraphs: 6 | CPU fallback subgraphs: 6
Input  : [1,512,512,4] INT8 fix=5
Output : [1,512,512,1] FLOAT32

============================================================
max_end_to_end_throughput
============================================================
batch              = 1
runners            = 2
pre_workers        = 1
post_workers       = 1
slots_per_runner   = 1
completed          = 342
wall_s             = 69.157951
THROUGHPUT FPS     = 4.945201
POWER sensors/samples = 1/346.000000
POWER mean/min/max W = 15.317529/14.437000/17.700000
ENERGY estimated J   = 1059.328917

FPS EQUIVALENT FROM PER-JOB LATENCY
 average = 2.251804
 min     = 1.888653
 max     = 2.727122
 p95     = 2.029415
 p99     = 1.976003

LATENCY ms
 mean   = 444.088444
 median = 441.441870
 min    = 366.686880
 max    = 529.477980
 p90    = 486.302636
 p95    = 492.752741
 p99    = 506.071996
 stddev = 34.663188
 CV     = 0.078055
 jitter p99-p50 = 64.630126 ms

DPU STAGE ms
 mean = 235.954145
 p95  = 240.777160
 p99  = 243.833500

PREPROCESS mean = 159.243085 ms
POSTPROCESS mean = 6.185722 ms

INTER-COMPLETION ms
 mean = 201.603276
 p95  = 251.447140
 p99  = 263.323538
OUTPUT-CADENCE FPS
 average(system wall) = 4.945201
 min = 3.495045
 max = 7.980742
 p95 = 3.976979
 p99 = 3.797610

Results saved to:
/home/root/Benchmark_ZCU104/results_all_models/methane_mobilenet_v2/runs/80_full_end_to_end__max_e2e__r2_pre1_post1_spr1_nopin__rep1__n0__samples0__cpu3
