============================================================
METHANE SEGMENTATION ZCU104 OPTIMIZED BENCHMARK
============================================================
Batch: 1 ALWAYS
Profile: max-e2e
Dataset images: 342
Runners: 2
Pre workers: 1
Post workers: 1
Slots/runner: 1
Pin: no
DPU subgraphs: 1 | CPU fallback subgraphs: 1
Input  : [1,512,512,4] INT8 fix=5
Output : [1,512,512,1] FLOAT32

============================================================
max_end_to_end_throughput
============================================================
batch              = 1
runners            = 2
pre_workers        = 1
post_workers       = 1
slots_per_runner   = 1
completed          = 342
wall_s             = 87.053739
THROUGHPUT FPS     = 3.928608
POWER sensors/samples = 1/436.000000
POWER mean/min/max W = 22.954530/15.012000/28.087000
ENERGY estimated J   = 1998.277637

FPS EQUIVALENT FROM PER-JOB LATENCY
 average = 1.677351
 min     = 1.359091
 max     = 2.158984
 p95     = 1.424216
 p99     = 1.378105

LATENCY ms
 mean   = 596.178157
 median = 597.290595
 min    = 463.180930
 max    = 735.785990
 p90    = 694.390893
 p95    = 702.140629
 p99    = 725.634036
 stddev = 81.754085
 CV     = 0.137130
 jitter p99-p50 = 128.343441 ms

DPU STAGE ms
 mean = 336.668395
 p95  = 338.563249
 p99  = 339.791056

PREPROCESS mean = 161.691144 ms
POSTPROCESS mean = 6.151087 ms

INTER-COMPLETION ms
 mean = 253.794362
 p95  = 360.639990
 p99  = 384.426382
OUTPUT-CADENCE FPS
 average(system wall) = 3.928608
 min = 2.535233
 max = 8.330703
 p95 = 2.772848
 p99 = 2.601278

Results saved to:
/home/root/Benchmark_ZCU104/results_all_models/methane_baseline/runs/80_full_end_to_end__max_e2e__r2_pre1_post1_spr1_nopin__rep1__n0__samples0__cpu2
