============================================================
METHANE SEGMENTATION ZCU104 OPTIMIZED BENCHMARK
============================================================
Batch: 1 ALWAYS
Profile: max-e2e
Dataset images: 5
Runners: 2
Pre workers: 2
Post workers: 1
Slots/runner: 1
Pin: no
DPU subgraphs: 6 | CPU fallback subgraphs: 6
Input  : [1,512,512,4] INT8 fix=5
Output : [1,512,512,1] FLOAT32

============================================================
max_end_to_end_throughput
============================================================
batch              = 1
runners            = 2
pre_workers        = 2
post_workers       = 1
slots_per_runner   = 1
completed          = 5
wall_s             = 1.147146
THROUGHPUT FPS     = 4.358642
POWER sensors/samples = 1/7.000000
POWER mean/min/max W = 14.985571/14.425000/16.387000
ENERGY estimated J   = 17.190642

FPS EQUIVALENT FROM PER-JOB LATENCY
 average = 1.932364
 min     = 1.651753
 max     = 2.558400
 p95     = 1.652814
 p99     = 1.651965

LATENCY ms
 mean   = 517.500734
 median = 590.693970
 min    = 390.869320
 max    = 605.417410
 p90    = 604.640358
 p95    = 605.028884
 p99    = 605.339705
 stddev = 101.017284
 CV     = 0.195202
 jitter p99-p50 = 14.645735 ms

DPU STAGE ms
 mean = 211.860328
 p95  = 214.596004
 p99  = 215.008545

PREPROCESS mean = 166.398050 ms
POSTPROCESS mean = 6.141558 ms

INTER-COMPLETION ms
 mean = 188.775210
 p95  = 374.124886
 p99  = 375.522401
OUTPUT-CADENCE FPS
 average(system wall) = 4.358642
 min = 2.660482
 max = 161.859703
 p95 = 2.672904
 p99 = 2.662957

Results saved to:
/home/root/Benchmark_ZCU104/results_all_models/methane_mobilenet_v3/runs/30_pre_workers__max_e2e__r2_pre2_post1_spr1_nopin__rep1__n5__samples5__cpu0
