============================================================
METHANE SEGMENTATION ZCU104 OPTIMIZED BENCHMARK
============================================================
Batch: 1 ALWAYS
Profile: max-model-only
Dataset images: 342
Runners: 2
Pre workers: 1
Post workers: 1
Slots/runner: 1
Pin: no
DPU subgraphs: 1 | CPU fallback subgraphs: 1
Input  : [1,512,512,4] INT8 fix=5
Output : [1,512,512,1] FLOAT32

============================================================
max_model_only_throughput
============================================================
batch              = 1
runners            = 2
pre_workers        = 0
post_workers       = 0
slots_per_runner   = 1
completed          = 342
wall_s             = 57.712926
THROUGHPUT FPS     = 5.925882
POWER sensors/samples = 1/289.000000
POWER mean/min/max W = 27.125180/15.412000/28.600000
ENERGY estimated J   = 1565.473494

FPS EQUIVALENT FROM PER-JOB LATENCY
 average = 2.966688
 min     = 2.925501
 max     = 2.989560
 p95     = 2.945909
 p99     = 2.938674

LATENCY ms
 mean   = 337.076218
 median = 337.664200
 min    = 334.497370
 max    = 341.821790
 p90    = 339.124443
 p95    = 339.453804
 p99    = 340.289570
 stddev = 1.692564
 CV     = 0.005021
 jitter p99-p50 = 2.625370 ms

DPU STAGE ms
 mean = 337.076218
 p95  = 339.453804
 p99  = 340.289570

INTER-COMPLETION ms
 mean = 168.254743
 p95  = 316.521230
 p99  = 332.565984
OUTPUT-CADENCE FPS
 average(system wall) = 5.925882
 min = 2.963064
 max = 1279.819801
 p95 = 3.159346
 p99 = 3.006922

Results saved to:
/home/root/Benchmark_ZCU104/results_all_models/methane_baseline/runs/70_full_model_only__max_model_only__r2_pre1_post1_spr1_nopin__rep1__n0__samples0__cpu4
