============================================================
METHANE SEGMENTATION ZCU104 OPTIMIZED BENCHMARK
============================================================
Batch: 1 ALWAYS
Profile: max-e2e
Dataset images: 5
Runners: 2
Pre workers: 2
Post workers: 1
Slots/runner: 1
Pin: no
DPU subgraphs: 1 | CPU fallback subgraphs: 1
Input  : [1,512,512,4] INT8 fix=5
Output : [1,512,512,1] FLOAT32

============================================================
max_end_to_end_throughput
============================================================
batch              = 1
runners            = 2
pre_workers        = 2
post_workers       = 1
slots_per_runner   = 1
completed          = 5
wall_s             = 1.514190
THROUGHPUT FPS     = 3.302096
POWER sensors/samples = 1/9.000000
POWER mean/min/max W = 21.374667/14.425000/27.137000
ENERGY estimated J   = 32.365298

FPS EQUIVALENT FROM PER-JOB LATENCY
 average = 1.396086
 min     = 1.156728
 max     = 1.949113
 p95     = 1.161012
 p99     = 1.157582

LATENCY ms
 mean   = 716.288372
 median = 836.107660
 min    = 513.053950
 max    = 864.507530
 p90    = 858.126894
 p95    = 861.317212
 p99    = 863.869466
 stddev = 163.683678
 CV     = 0.228516
 jitter p99-p50 = 27.761806 ms

DPU STAGE ms
 mean = 336.989136
 p95  = 340.049974
 p99  = 340.259515

PREPROCESS mean = 165.605430 ms
POSTPROCESS mean = 6.164476 ms

INTER-COMPLETION ms
 mean = 249.991580
 p95  = 496.149528
 p99  = 498.644634
OUTPUT-CADENCE FPS
 average(system wall) = 3.302096
 min = 2.002931
 max = 162.239950
 p95 = 2.015521
 p99 = 2.005436

Results saved to:
/home/root/Benchmark_ZCU104/results_all_models/methane_baseline/runs/60_final_c2__max_e2e__r2_pre2_post1_spr1_nopin__rep1__n5__samples5__cpu0
