============================================================
METHANE SEGMENTATION ZCU104 OPTIMIZED BENCHMARK
============================================================
Batch: 1 ALWAYS
Profile: max-e2e
Dataset images: 5
Runners: 2
Pre workers: 2
Post workers: 1
Slots/runner: 1
Pin: no
DPU subgraphs: 1 | CPU fallback subgraphs: 1
Input  : [1,512,512,4] INT8 fix=5
Output : [1,512,512,1] FLOAT32

============================================================
max_end_to_end_throughput
============================================================
batch              = 1
runners            = 2
pre_workers        = 2
post_workers       = 1
slots_per_runner   = 1
completed          = 5
wall_s             = 0.982650
THROUGHPUT FPS     = 5.088279
POWER sensors/samples = 1/6.000000
POWER mean/min/max W = 19.156000/14.525000/26.150000
ENERGY estimated J   = 18.823653

FPS EQUIVALENT FROM PER-JOB LATENCY
 average = 2.308464
 min     = 1.961350
 max     = 2.965706
 p95     = 1.973035
 p99     = 1.963676

LATENCY ms
 mean   = 433.188460
 median = 480.782340
 min    = 337.187840
 max    = 509.852860
 p90    = 503.813856
 p95    = 506.833358
 p99    = 509.248960
 stddev = 76.442996
 CV     = 0.176466
 jitter p99-p50 = 28.466620 ms

DPU STAGE ms
 mean = 160.686228
 p95  = 165.514694
 p99  = 166.078123

PREPROCESS mean = 165.462650 ms
POSTPROCESS mean = 6.142960 ms

INTER-COMPLETION ms
 mean = 161.064685
 p95  = 318.356455
 p99  = 320.925787
OUTPUT-CADENCE FPS
 average(system wall) = 5.088279
 min = 3.109761
 max = 161.897962
 p95 = 3.141133
 p99 = 3.115985

Results saved to:
/home/root/Benchmark_ZCU104/results_all_models/methane_skip_connections/runs/60_final_c1__max_e2e__r2_pre2_post1_spr1_nopin__rep1__n5__samples5__cpu0
