============================================================
METHANE SEGMENTATION ZCU104 OPTIMIZED BENCHMARK
============================================================
Batch: 1 ALWAYS
Profile: max-model-only
Dataset images: 342
Runners: 2
Pre workers: 1
Post workers: 1
Slots/runner: 1
Pin: no
DPU subgraphs: 1 | CPU fallback subgraphs: 1
Input  : [1,512,512,4] INT8 fix=5
Output : [1,512,512,1] FLOAT32

============================================================
max_model_only_throughput
============================================================
batch              = 1
runners            = 2
pre_workers        = 0
post_workers       = 0
slots_per_runner   = 1
completed          = 342
wall_s             = 57.710378
THROUGHPUT FPS     = 5.926144
POWER sensors/samples = 1/289.000000
POWER mean/min/max W = 26.593761/15.162000/28.187000
ENERGY estimated J   = 1534.736014

FPS EQUIVALENT FROM PER-JOB LATENCY
 average = 2.966700
 min     = 2.925356
 max     = 2.989225
 p95     = 2.945539
 p99     = 2.939585

LATENCY ms
 mean   = 337.074865
 median = 337.759345
 min    = 334.534890
 max    = 341.838710
 p90    = 339.041678
 p95    = 339.496467
 p99    = 340.184122
 stddev = 1.717377
 CV     = 0.005095
 jitter p99-p50 = 2.424777 ms

DPU STAGE ms
 mean = 337.074865
 p95  = 339.496467
 p99  = 340.184122

INTER-COMPLETION ms
 mean = 168.240432
 p95  = 316.211160
 p99  = 333.047264
OUTPUT-CADENCE FPS
 average(system wall) = 5.926144
 min = 2.969362
 max = 481.463649
 p95 = 3.162444
 p99 = 3.002577

Results saved to:
/home/root/Benchmark_ZCU104/results_all_models/methane_baseline/runs/70_full_model_only__max_model_only__r2_pre1_post1_spr1_nopin__rep1__n0__samples0__cpu1
