============================================================
METHANE SEGMENTATION ZCU104 OPTIMIZED BENCHMARK
============================================================
Batch: 1 ALWAYS
Profile: max-e2e
Dataset images: 5
Runners: 2
Pre workers: 2
Post workers: 1
Slots/runner: 1
Pin: no
DPU subgraphs: 1 | CPU fallback subgraphs: 1
Input  : [1,512,512,4] INT8 fix=5
Output : [1,512,512,1] FLOAT32

============================================================
max_end_to_end_throughput
============================================================
batch              = 1
runners            = 2
pre_workers        = 2
post_workers       = 1
slots_per_runner   = 1
completed          = 5
wall_s             = 0.983039
THROUGHPUT FPS     = 5.086268
POWER sensors/samples = 1/6.000000
POWER mean/min/max W = 18.991500/14.525000/25.812000
ENERGY estimated J   = 18.669386

FPS EQUIVALENT FROM PER-JOB LATENCY
 average = 2.304986
 min     = 1.953838
 max     = 2.962032
 p95     = 1.966559
 p99     = 1.956369

LATENCY ms
 mean   = 433.842180
 median = 480.754260
 min    = 337.606030
 max    = 511.813270
 p90    = 505.191786
 p95    = 508.502528
 p99    = 511.151122
 stddev = 76.714173
 CV     = 0.176825
 jitter p99-p50 = 30.396862 ms

DPU STAGE ms
 mean = 160.462280
 p95  = 164.958508
 p99  = 165.380774

PREPROCESS mean = 165.332182 ms
POSTPROCESS mean = 6.358824 ms

INTER-COMPLETION ms
 mean = 161.061588
 p95  = 318.203748
 p99  = 320.760630
OUTPUT-CADENCE FPS
 average(system wall) = 5.086268
 min = 3.111389
 max = 161.991852
 p95 = 3.142641
 p99 = 3.117590

Results saved to:
/home/root/Benchmark_ZCU104/results_all_models/methane_skip_connections/runs/30_pre_workers__max_e2e__r2_pre2_post1_spr1_nopin__rep1__n5__samples5__cpu0
