============================================================
METHANE SEGMENTATION ZCU104 OPTIMIZED BENCHMARK
============================================================
Batch: 1 ALWAYS
Profile: max-e2e
Dataset images: 5
Runners: 2
Pre workers: 2
Post workers: 1
Slots/runner: 1
Pin: no
DPU subgraphs: 1 | CPU fallback subgraphs: 1
Input  : [1,512,512,4] INT8 fix=5
Output : [1,512,512,1] FLOAT32

============================================================
max_end_to_end_throughput
============================================================
batch              = 1
runners            = 2
pre_workers        = 2
post_workers       = 1
slots_per_runner   = 1
completed          = 5
wall_s             = 1.050953
THROUGHPUT FPS     = 4.757585
POWER sensors/samples = 1/7.000000
POWER mean/min/max W = 19.967571/14.925000/26.425000
ENERGY estimated J   = 20.984987

FPS EQUIVALENT FROM PER-JOB LATENCY
 average = 2.133013
 min     = 1.807251
 max     = 2.786816
 p95     = 1.816376
 p99     = 1.809069

LATENCY ms
 mean   = 468.820416
 median = 527.470570
 min    = 358.832420
 max    = 553.326490
 p90    = 547.767262
 p95    = 550.546876
 p99    = 552.770567
 stddev = 87.673797
 CV     = 0.187009
 jitter p99-p50 = 25.299997 ms

DPU STAGE ms
 mean = 181.975744
 p95  = 184.150174
 p99  = 184.433051

PREPROCESS mean = 165.535326 ms
POSTPROCESS mean = 6.169778 ms

INTER-COMPLETION ms
 mean = 172.726985
 p95  = 341.692709
 p99  = 343.885318
OUTPUT-CADENCE FPS
 average(system wall) = 4.757585
 min = 2.903318
 max = 160.931083
 p95 = 2.926606
 p99 = 2.907946

Results saved to:
/home/root/Benchmark_ZCU104/results_all_models/methane_depth_reduced/runs/20_e2e_runners__max_e2e__r2_pre2_post1_spr1_nopin__rep1__n5__samples5__cpu0
