============================================================
METHANE SEGMENTATION ZCU104 OPTIMIZED BENCHMARK
============================================================
Batch: 1 ALWAYS
Profile: max-e2e
Dataset images: 5
Runners: 1
Pre workers: 2
Post workers: 1
Slots/runner: 1
Pin: no
DPU subgraphs: 6 | CPU fallback subgraphs: 6
Input  : [1,512,512,4] INT8 fix=5
Output : [1,512,512,1] FLOAT32

============================================================
max_end_to_end_throughput
============================================================
batch              = 1
runners            = 1
pre_workers        = 2
post_workers       = 1
slots_per_runner   = 1
completed          = 5
wall_s             = 1.899184
THROUGHPUT FPS     = 2.632710
POWER sensors/samples = 1/11.000000
POWER mean/min/max W = 14.721364/14.425000/15.387000
ENERGY estimated J   = 27.958572

FPS EQUIVALENT FROM PER-JOB LATENCY
 average = 1.228173
 min     = 1.024433
 max     = 2.604015
 p95     = 1.024513
 p99     = 1.024449

LATENCY ms
 mean   = 814.217338
 median = 967.470930
 min    = 384.022370
 max    = 976.149920
 p90    = 975.996736
 p95    = 976.073328
 p99    = 976.134602
 stddev = 229.364716
 CV     = 0.281700
 jitter p99-p50 = 8.663672 ms

DPU STAGE ms
 mean = 209.026956
 p95  = 209.341530
 p99  = 209.387810

PREPROCESS mean = 164.406980 ms
POSTPROCESS mean = 6.078042 ms

INTER-COMPLETION ms
 mean = 378.513980
 p95  = 383.559285
 p99  = 383.638233
OUTPUT-CADENCE FPS
 average(system wall) = 2.632710
 min = 2.606488
 max = 2.701732
 p95 = 2.607159
 p99 = 2.606622

Results saved to:
/home/root/Benchmark_ZCU104/results_all_models/methane_mobilenet_v3/runs/20_e2e_runners__max_e2e__r1_pre2_post1_spr1_nopin__rep1__n5__samples5__cpu0
