============================================================
METHANE SEGMENTATION ZCU104 OPTIMIZED BENCHMARK
============================================================
Batch: 1 ALWAYS
Profile: max-model-only
Dataset images: 342
Runners: 2
Pre workers: 1
Post workers: 1
Slots/runner: 1
Pin: no
DPU subgraphs: 1 | CPU fallback subgraphs: 1
Input  : [1,512,512,4] INT8 fix=5
Output : [1,512,512,1] FLOAT32

============================================================
max_model_only_throughput
============================================================
batch              = 1
runners            = 2
pre_workers        = 0
post_workers       = 0
slots_per_runner   = 1
completed          = 342
wall_s             = 27.638168
THROUGHPUT FPS     = 12.374192
POWER sensors/samples = 1/139.000000
POWER mean/min/max W = 25.582403/14.950000/28.800000
ENERGY estimated J   = 707.050748

FPS EQUIVALENT FROM PER-JOB LATENCY
 average = 6.203567
 min     = 5.910763
 max     = 6.346463
 p95     = 6.036992
 p99     = 5.933274

LATENCY ms
 mean   = 161.197579
 median = 161.977785
 min    = 157.568080
 max    = 169.182890
 p90    = 164.819403
 p95    = 165.645412
 p99    = 168.541015
 stddev = 2.711929
 CV     = 0.016824
 jitter p99-p50 = 6.563230 ms

DPU STAGE ms
 mean = 161.197579
 p95  = 165.645412
 p99  = 168.541015

INTER-COMPLETION ms
 mean = 80.569524
 p95  = 149.849380
 p99  = 161.264970
OUTPUT-CADENCE FPS
 average(system wall) = 12.374192
 min = 6.168680
 max = 612.989242
 p95 = 6.673368
 p99 = 6.200975

Results saved to:
/home/root/Benchmark_ZCU104/results_all_models/methane_skip_connections/runs/70_full_model_only__max_model_only__r2_pre1_post1_spr1_nopin__rep1__n0__samples0__cpu1
