============================================================
METHANE SEGMENTATION ZCU104 OPTIMIZED BENCHMARK
============================================================
Batch: 1 ALWAYS
Profile: max-e2e
Dataset images: 342
Runners: 2
Pre workers: 1
Post workers: 1
Slots/runner: 1
Pin: no
DPU subgraphs: 1 | CPU fallback subgraphs: 1
Input  : [1,512,512,4] INT8 fix=5
Output : [1,512,512,1] FLOAT32

============================================================
max_end_to_end_throughput
============================================================
batch              = 1
runners            = 2
pre_workers        = 1
post_workers       = 1
slots_per_runner   = 1
completed          = 342
wall_s             = 87.067242
THROUGHPUT FPS     = 3.927999
POWER sensors/samples = 1/436.000000
POWER mean/min/max W = 23.054450/15.050000/28.175000
ENERGY estimated J   = 2007.287347

FPS EQUIVALENT FROM PER-JOB LATENCY
 average = 1.676755
 min     = 1.356773
 max     = 2.161161
 p95     = 1.419693
 p99     = 1.376193

LATENCY ms
 mean   = 596.390081
 median = 596.528030
 min    = 462.714200
 max    = 737.042750
 p90    = 694.614299
 p95    = 704.377701
 p99    = 726.642161
 stddev = 83.705007
 CV     = 0.140353
 jitter p99-p50 = 130.114131 ms

DPU STAGE ms
 mean = 336.656229
 p95  = 338.504417
 p99  = 339.475993

PREPROCESS mean = 161.748188 ms
POSTPROCESS mean = 6.129336 ms

INTER-COMPLETION ms
 mean = 253.831074
 p95  = 363.008220
 p99  = 385.439618
OUTPUT-CADENCE FPS
 average(system wall) = 3.927999
 min = 2.526824
 max = 8.442962
 p95 = 2.754759
 p99 = 2.594440

Results saved to:
/home/root/Benchmark_ZCU104/results_all_models/methane_baseline/runs/80_full_end_to_end__max_e2e__r2_pre1_post1_spr1_nopin__rep1__n0__samples0__cpu4
