XModel: 6 subgrafos DPU, 6 CPU; 3425 amostras
Executando model_only...
model_only: 0/3425
model_only: 10/3425
model_only: 20/3425
model_only: 30/3425
model_only: 39/3425
model_only: 48/3425
model_only: 58/3425
model_only: 67/3425
model_only: 77/3425
model_only: 87/3425
model_only: 95/3425
model_only: 105/3425
model_only: 115/3425
model_only: 125/3425
model_only: 133/3425
model_only: 143/3425
model_only: 153/3425
model_only: 162/3425
model_only: 172/3425
model_only: 181/3425
model_only: 190/3425
model_only: 200/3425
model_only: 210/3425
model_only: 219/3425
model_only: 228/3425
model_only: 238/3425
model_only: 248/3425
model_only: 256/3425
model_only: 266/3425
model_only: 276/3425
model_only: 285/3425
model_only: 295/3425
model_only: 304/3425
model_only: 314/3425
model_only: 323/3425
model_only: 333/3425
model_only: 342/3425
model_only: 351/3425
model_only: 361/3425
model_only: 371/3425
model_only: 379/3425
model_only: 389/3425
model_only: 399/3425
model_only: 409/3425
model_only: 418/3425
model_only: 427/3425
model_only: 437/3425
model_only: 446/3425
model_only: 456/3425
model_only: 465/3425
model_only: 474/3425
model_only: 484/3425
model_only: 494/3425
model_only: 503/3425
model_only: 512/3425
model_only: 522/3425
model_only: 532/3425
model_only: 541/3425
model_only: 550/3425
model_only: 560/3425
model_only: 569/3425
model_only: 579/3425
model_only: 588/3425
model_only: 598/3425
model_only: 607/3425
model_only: 617/3425
model_only: 627/3425
model_only: 635/3425
model_only: 645/3425
model_only: 655/3425
model_only: 664/3425
model_only: 674/3425
model_only: 683/3425
model_only: 693/3425
model_only: 702/3425
model_only: 712/3425
model_only: 721/3425
model_only: 730/3425
model_only: 740/3425
model_only: 750/3425
model_only: 759/3425
model_only: 768/3425
model_only: 778/3425
model_only: 788/3425
model_only: 797/3425
model_only: 806/3425
model_only: 816/3425
model_only: 825/3425
model_only: 835/3425
model_only: 845/3425
model_only: 853/3425
model_only: 863/3425
model_only: 873/3425
model_only: 883/3425
model_only: 892/3425
model_only: 901/3425
model_only: 911/3425
model_only: 920/3425
model_only: 930/3425
model_only: 939/3425
model_only: 948/3425
model_only: 958/3425
model_only: 968/3425
model_only: 978/3425
model_only: 986/3425
model_only: 996/3425
model_only: 1006/3425
model_only: 1015/3425
model_only: 1024/3425
model_only: 1034/3425
model_only: 1044/3425
model_only: 1053/3425
model_only: 1063/3425
model_only: 1072/3425
model_only: 1081/3425
model_only: 1091/3425
model_only: 1101/3425
model_only: 1110/3425
model_only: 1119/3425
model_only: 1129/3425
model_only: 1138/3425
model_only: 1148/3425
model_only: 1157/3425
model_only: 1167/3425
model_only: 1176/3425
model_only: 1186/3425
model_only: 1196/3425
model_only: 1204/3425
model_only: 1214/3425
model_only: 1224/3425
model_only: 1234/3425
model_only: 1242/3425
model_only: 1252/3425
model_only: 1262/3425
model_only: 1271/3425
model_only: 1280/3425
model_only: 1290/3425
model_only: 1299/3425
model_only: 1309/3425
model_only: 1319/3425
model_only: 1327/3425
model_only: 1337/3425
model_only: 1347/3425
model_only: 1357/3425
model_only: 1365/3425
model_only: 1375/3425
model_only: 1385/3425
model_only: 1394/3425
model_only: 1404/3425
model_only: 1413/3425
model_only: 1422/3425
model_only: 1432/3425
model_only: 1442/3425
model_only: 1451/3425
model_only: 1460/3425
model_only: 1470/3425
model_only: 1480/3425
model_only: 1489/3425
model_only: 1498/3425
model_only: 1508/3425
model_only: 1517/3425
model_only: 1527/3425
model_only: 1537/3425
model_only: 1546/3425
model_only: 1555/3425
model_only: 1565/3425
model_only: 1575/3425
model_only: 1583/3425
model_only: 1593/3425
model_only: 1603/3425
model_only: 1612/3425
model_only: 1622/3425
model_only: 1631/3425
model_only: 1641/3425
model_only: 1650/3425
model_only: 1660/3425
model_only: 1669/3425
model_only: 1678/3425
model_only: 1688/3425
model_only: 1698/3425
model_only: 1707/3425
model_only: 1716/3425
model_only: 1726/3425
model_only: 1736/3425
model_only: 1745/3425
model_only: 1755/3425
model_only: 1764/3425
model_only: 1773/3425
model_only: 1783/3425
model_only: 1793/3425
model_only: 1802/3425
model_only: 1811/3425
model_only: 1821/3425
model_only: 1831/3425
model_only: 1840/3425
model_only: 1849/3425
model_only: 1859/3425
model_only: 1868/3425
model_only: 1878/3425
model_only: 1888/3425
model_only: 1897/3425
model_only: 1906/3425
model_only: 1916/3425
model_only: 1926/3425
model_only: 1934/3425
model_only: 1944/3425
model_only: 1954/3425
model_only: 1963/3425
model_only: 1973/3425
model_only: 1982/3425
model_only: 1991/3425
model_only: 2001/3425
model_only: 2011/3425
model_only: 2020/3425
model_only: 2029/3425
model_only: 2039/3425
model_only: 2049/3425
model_only: 2058/3425
model_only: 2067/3425
model_only: 2077/3425
model_only: 2087/3425
model_only: 2096/3425
model_only: 2106/3425
model_only: 2115/3425
model_only: 2124/3425
model_only: 2134/3425
model_only: 2144/3425
model_only: 2152/3425
model_only: 2162/3425
model_only: 2172/3425
model_only: 2182/3425
model_only: 2191/3425
model_only: 2200/3425
model_only: 2210/3425
model_only: 2219/3425
model_only: 2229/3425
model_only: 2239/3425
model_only: 2247/3425
model_only: 2257/3425
model_only: 2267/3425
model_only: 2277/3425
model_only: 2285/3425
model_only: 2295/3425
model_only: 2305/3425
model_only: 2314/3425
model_only: 2324/3425
model_only: 2333/3425
model_only: 2342/3425
model_only: 2352/3425
model_only: 2362/3425
model_only: 2371/3425
model_only: 2380/3425
model_only: 2390/3425
model_only: 2400/3425
model_only: 2409/3425
model_only: 2418/3425
model_only: 2428/3425
model_only: 2437/3425
model_only: 2447/3425
model_only: 2457/3425
model_only: 2466/3425
model_only: 2475/3425
model_only: 2485/3425
model_only: 2495/3425
model_only: 2503/3425
model_only: 2513/3425
model_only: 2523/3425
model_only: 2532/3425
model_only: 2541/3425
model_only: 2551/3425
model_only: 2561/3425
model_only: 2570/3425
model_only: 2580/3425
model_only: 2589/3425
model_only: 2598/3425
model_only: 2608/3425
model_only: 2618/3425
model_only: 2626/3425
model_only: 2636/3425
model_only: 2646/3425
model_only: 2656/3425
model_only: 2664/3425
model_only: 2674/3425
model_only: 2684/3425
model_only: 2693/3425
model_only: 2703/3425
model_only: 2712/3425
model_only: 2721/3425
model_only: 2731/3425
model_only: 2741/3425
model_only: 2750/3425
model_only: 2759/3425
model_only: 2769/3425
model_only: 2779/3425
model_only: 2788/3425
model_only: 2797/3425
model_only: 2807/3425
model_only: 2816/3425
model_only: 2826/3425
model_only: 2836/3425
model_only: 2845/3425
model_only: 2854/3425
model_only: 2864/3425
model_only: 2874/3425
model_only: 2882/3425
model_only: 2892/3425
model_only: 2902/3425
model_only: 2911/3425
model_only: 2921/3425
model_only: 2930/3425
model_only: 2940/3425
model_only: 2949/3425
model_only: 2959/3425
model_only: 2968/3425
model_only: 2977/3425
model_only: 2987/3425
model_only: 2997/3425
model_only: 3006/3425
model_only: 3015/3425
model_only: 3025/3425
model_only: 3035/3425
model_only: 3044/3425
model_only: 3054/3425
model_only: 3063/3425
model_only: 3072/3425
model_only: 3082/3425
model_only: 3092/3425
model_only: 3100/3425
model_only: 3110/3425
model_only: 3120/3425
model_only: 3130/3425
model_only: 3139/3425
model_only: 3148/3425
model_only: 3158/3425
model_only: 3167/3425
model_only: 3177/3425
model_only: 3186/3425
model_only: 3195/3425
model_only: 3205/3425
model_only: 3215/3425
model_only: 3225/3425
model_only: 3233/3425
model_only: 3243/3425
model_only: 3253/3425
model_only: 3262/3425
model_only: 3271/3425
model_only: 3281/3425
model_only: 3290/3425
model_only: 3300/3425
model_only: 3309/3425
model_only: 3319/3425
model_only: 3328/3425
model_only: 3338/3425
model_only: 3348/3425
model_only: 3356/3425
model_only: 3366/3425
model_only: 3376/3425
model_only: 3385/3425
model_only: 3395/3425
model_only: 3404/3425
model_only: 3414/3425
model_only: 3423/3425
model_only: 3425/3425
model_only: 3425 inferencias em 361.391 s; 9.47726 FPS de throughput; 4.73933 FPS por latencia; latencia media 211 ms; p99 213.849 ms
Executando end_to_end...
end_to_end: 0/3425
end_to_end: 2/3425
end_to_end: 9/3425
end_to_end: 16/3425
end_to_end: 23/3425
end_to_end: 29/3425
end_to_end: 35/3425
end_to_end: 43/3425
end_to_end: 49/3425
end_to_end: 55/3425
end_to_end: 62/3425
end_to_end: 69/3425
end_to_end: 75/3425
end_to_end: 82/3425
end_to_end: 89/3425
end_to_end: 95/3425
end_to_end: 102/3425
end_to_end: 108/3425
end_to_end: 115/3425
end_to_end: 121/3425
end_to_end: 128/3425
end_to_end: 135/3425
end_to_end: 140/3425
end_to_end: 147/3425
end_to_end: 154/3425
end_to_end: 161/3425
end_to_end: 169/3425
end_to_end: 173/3425
end_to_end: 179/3425
end_to_end: 187/3425
end_to_end: 193/3425
end_to_end: 201/3425
end_to_end: 207/3425
end_to_end: 213/3425
end_to_end: 221/3425
end_to_end: 227/3425
end_to_end: 235/3425
end_to_end: 241/3425
end_to_end: 249/3425
end_to_end: 255/3425
end_to_end: 263/3425
end_to_end: 269/3425
end_to_end: 276/3425
end_to_end: 283/3425
end_to_end: 289/3425
end_to_end: 297/3425
end_to_end: 304/3425
end_to_end: 311/3425
end_to_end: 318/3425
end_to_end: 325/3425
end_to_end: 332/3425
end_to_end: 339/3425
end_to_end: 346/3425
end_to_end: 352/3425
end_to_end: 360/3425
end_to_end: 366/3425
end_to_end: 373/3425
end_to_end: 380/3425
end_to_end: 387/3425
end_to_end: 394/3425
end_to_end: 401/3425
end_to_end: 409/3425
end_to_end: 415/3425
end_to_end: 422/3425
end_to_end: 429/3425
end_to_end: 436/3425
end_to_end: 443/3425
end_to_end: 450/3425
end_to_end: 456/3425
end_to_end: 462/3425
end_to_end: 469/3425
end_to_end: 476/3425
end_to_end: 482/3425
end_to_end: 490/3425
end_to_end: 496/3425
end_to_end: 504/3425
end_to_end: 510/3425
end_to_end: 518/3425
end_to_end: 524/3425
end_to_end: 532/3425
end_to_end: 538/3425
end_to_end: 546/3425
end_to_end: 552/3425
end_to_end: 559/3425
end_to_end: 566/3425
end_to_end: 573/3425
end_to_end: 580/3425
end_to_end: 586/3425
end_to_end: 594/3425
end_to_end: 601/3425
end_to_end: 608/3425
end_to_end: 615/3425
end_to_end: 621/3425
end_to_end: 629/3425
end_to_end: 635/3425
end_to_end: 642/3425
end_to_end: 649/3425
end_to_end: 655/3425
end_to_end: 663/3425
end_to_end: 669/3425
end_to_end: 675/3425
end_to_end: 683/3425
end_to_end: 689/3425
end_to_end: 697/3425
end_to_end: 703/3425
end_to_end: 709/3425
end_to_end: 715/3425
end_to_end: 723/3425
end_to_end: 729/3425
end_to_end: 735/3425
end_to_end: 743/3425
end_to_end: 749/3425
end_to_end: 756/3425
end_to_end: 763/3425
end_to_end: 770/3425
end_to_end: 777/3425
end_to_end: 784/3425
end_to_end: 791/3425
end_to_end: 798/3425
end_to_end: 805/3425
end_to_end: 813/3425
end_to_end: 819/3425
end_to_end: 827/3425
end_to_end: 833/3425
end_to_end: 841/3425
end_to_end: 847/3425
end_to_end: 855/3425
end_to_end: 861/3425
end_to_end: 868/3425
end_to_end: 875/3425
end_to_end: 881/3425
end_to_end: 889/3425
end_to_end: 895/3425
end_to_end: 902/3425
end_to_end: 909/3425
end_to_end: 917/3425
end_to_end: 923/3425
end_to_end: 929/3425
end_to_end: 937/3425
end_to_end: 943/3425
end_to_end: 947/3425
end_to_end: 955/3425
end_to_end: 961/3425
end_to_end: 966/3425
end_to_end: 973/3425
end_to_end: 979/3425
end_to_end: 986/3425
end_to_end: 993/3425
end_to_end: 999/3425
end_to_end: 1005/3425
end_to_end: 1011/3425
end_to_end: 1018/3425
end_to_end: 1025/3425
end_to_end: 1031/3425
end_to_end: 1039/3425
end_to_end: 1045/3425
end_to_end: 1053/3425
end_to_end: 1059/3425
end_to_end: 1066/3425
end_to_end: 1073/3425
end_to_end: 1080/3425
end_to_end: 1087/3425
end_to_end: 1094/3425
end_to_end: 1101/3425
end_to_end: 1108/3425
end_to_end: 1115/3425
end_to_end: 1122/3425
end_to_end: 1129/3425
end_to_end: 1137/3425
end_to_end: 1143/3425
end_to_end: 1151/3425
end_to_end: 1157/3425
end_to_end: 1163/3425
end_to_end: 1170/3425
end_to_end: 1177/3425
end_to_end: 1183/3425
end_to_end: 1189/3425
end_to_end: 1196/3425
end_to_end: 1203/3425
end_to_end: 1211/3425
end_to_end: 1217/3425
end_to_end: 1224/3425
end_to_end: 1231/3425
end_to_end: 1238/3425
end_to_end: 1245/3425
end_to_end: 1251/3425
end_to_end: 1259/3425
end_to_end: 1265/3425
end_to_end: 1271/3425
end_to_end: 1278/3425
end_to_end: 1285/3425
end_to_end: 1291/3425
end_to_end: 1298/3425
end_to_end: 1304/3425
end_to_end: 1310/3425
end_to_end: 1317/3425
end_to_end: 1324/3425
end_to_end: 1330/3425
end_to_end: 1337/3425
end_to_end: 1344/3425
end_to_end: 1350/3425
end_to_end: 1356/3425
end_to_end: 1363/3425
end_to_end: 1370/3425
end_to_end: 1378/3425
end_to_end: 1384/3425
end_to_end: 1392/3425
end_to_end: 1398/3425
end_to_end: 1406/3425
end_to_end: 1412/3425
end_to_end: 1420/3425
end_to_end: 1426/3425
end_to_end: 1432/3425
end_to_end: 1438/3425
end_to_end: 1444/3425
end_to_end: 1452/3425
end_to_end: 1458/3425
end_to_end: 1465/3425
end_to_end: 1472/3425
end_to_end: 1478/3425
end_to_end: 1485/3425
end_to_end: 1492/3425
end_to_end: 1498/3425
end_to_end: 1505/3425
end_to_end: 1512/3425
end_to_end: 1519/3425
end_to_end: 1526/3425
end_to_end: 1533/3425
end_to_end: 1539/3425
end_to_end: 1546/3425
end_to_end: 1553/3425
end_to_end: 1559/3425
end_to_end: 1566/3425
end_to_end: 1573/3425
end_to_end: 1580/3425
end_to_end: 1586/3425
end_to_end: 1593/3425
end_to_end: 1599/3425
end_to_end: 1605/3425
end_to_end: 1613/3425
end_to_end: 1619/3425
end_to_end: 1626/3425
end_to_end: 1633/3425
end_to_end: 1639/3425
end_to_end: 1645/3425
end_to_end: 1652/3425
end_to_end: 1659/3425
end_to_end: 1665/3425
end_to_end: 1671/3425
end_to_end: 1677/3425
end_to_end: 1683/3425
end_to_end: 1690/3425
end_to_end: 1697/3425
end_to_end: 1703/3425
end_to_end: 1710/3425
end_to_end: 1717/3425
end_to_end: 1724/3425
end_to_end: 1732/3425
end_to_end: 1738/3425
end_to_end: 1746/3425
end_to_end: 1754/3425
end_to_end: 1762/3425
end_to_end: 1768/3425
end_to_end: 1777/3425
end_to_end: 1785/3425
end_to_end: 1791/3425
end_to_end: 1799/3425
end_to_end: 1807/3425
end_to_end: 1814/3425
end_to_end: 1821/3425
end_to_end: 1829/3425
end_to_end: 1836/3425
end_to_end: 1843/3425
end_to_end: 1850/3425
end_to_end: 1858/3425
end_to_end: 1866/3425
end_to_end: 1873/3425
end_to_end: 1881/3425
end_to_end: 1887/3425
end_to_end: 1894/3425
end_to_end: 1902/3425
end_to_end: 1910/3425
end_to_end: 1917/3425
end_to_end: 1925/3425
end_to_end: 1930/3425
end_to_end: 1938/3425
end_to_end: 1945/3425
end_to_end: 1953/3425
end_to_end: 1959/3425
end_to_end: 1967/3425
end_to_end: 1975/3425
end_to_end: 1981/3425
end_to_end: 1989/3425
end_to_end: 1996/3425
end_to_end: 2004/3425
end_to_end: 2011/3425
end_to_end: 2019/3425
end_to_end: 2026/3425
end_to_end: 2034/3425
end_to_end: 2042/3425
end_to_end: 2048/3425
end_to_end: 2056/3425
end_to_end: 2064/3425
end_to_end: 2072/3425
end_to_end: 2079/3425
end_to_end: 2087/3425
end_to_end: 2093/3425
end_to_end: 2101/3425
end_to_end: 2108/3425
end_to_end: 2115/3425
end_to_end: 2122/3425
end_to_end: 2130/3425
end_to_end: 2137/3425
end_to_end: 2144/3425
end_to_end: 2152/3425
end_to_end: 2158/3425
end_to_end: 2166/3425
end_to_end: 2174/3425
end_to_end: 2180/3425
end_to_end: 2188/3425
end_to_end: 2196/3425
end_to_end: 2203/3425
end_to_end: 2211/3425
end_to_end: 2219/3425
end_to_end: 2227/3425
end_to_end: 2235/3425
end_to_end: 2242/3425
end_to_end: 2249/3425
end_to_end: 2256/3425
end_to_end: 2264/3425
end_to_end: 2270/3425
end_to_end: 2277/3425
end_to_end: 2284/3425
end_to_end: 2292/3425
end_to_end: 2298/3425
end_to_end: 2304/3425
end_to_end: 2312/3425
end_to_end: 2319/3425
end_to_end: 2326/3425
end_to_end: 2333/3425
end_to_end: 2340/3425
end_to_end: 2348/3425
end_to_end: 2356/3425
end_to_end: 2364/3425
end_to_end: 2370/3425
end_to_end: 2378/3425
end_to_end: 2386/3425
end_to_end: 2393/3425
end_to_end: 2400/3425
end_to_end: 2408/3425
end_to_end: 2414/3425
end_to_end: 2422/3425
end_to_end: 2428/3425
end_to_end: 2436/3425
end_to_end: 2444/3425
end_to_end: 2450/3425
end_to_end: 2458/3425
end_to_end: 2464/3425
end_to_end: 2473/3425
end_to_end: 2479/3425
end_to_end: 2487/3425
end_to_end: 2493/3425
end_to_end: 2501/3425
end_to_end: 2509/3425
end_to_end: 2517/3425
end_to_end: 2525/3425
end_to_end: 2529/3425
end_to_end: 2537/3425
end_to_end: 2545/3425
end_to_end: 2551/3425
end_to_end: 2559/3425
end_to_end: 2566/3425
end_to_end: 2573/3425
end_to_end: 2581/3425
end_to_end: 2587/3425
end_to_end: 2595/3425
end_to_end: 2601/3425
end_to_end: 2609/3425
end_to_end: 2617/3425
end_to_end: 2624/3425
end_to_end: 2631/3425
end_to_end: 2639/3425
end_to_end: 2645/3425
end_to_end: 2652/3425
end_to_end: 2659/3425
end_to_end: 2667/3425
end_to_end: 2674/3425
end_to_end: 2681/3425
end_to_end: 2689/3425
end_to_end: 2696/3425
end_to_end: 2704/3425
end_to_end: 2712/3425
end_to_end: 2718/3425
end_to_end: 2726/3425
end_to_end: 2734/3425
end_to_end: 2740/3425
end_to_end: 2748/3425
end_to_end: 2752/3425
end_to_end: 2760/3425
end_to_end: 2767/3425
end_to_end: 2775/3425
end_to_end: 2782/3425
end_to_end: 2790/3425
end_to_end: 2797/3425
end_to_end: 2804/3425
end_to_end: 2812/3425
end_to_end: 2818/3425
end_to_end: 2826/3425
end_to_end: 2833/3425
end_to_end: 2841/3425
end_to_end: 2849/3425
end_to_end: 2855/3425
end_to_end: 2863/3425
end_to_end: 2870/3425
end_to_end: 2878/3425
end_to_end: 2886/3425
end_to_end: 2894/3425
end_to_end: 2900/3425
end_to_end: 2908/3425
end_to_end: 2915/3425
end_to_end: 2924/3425
end_to_end: 2932/3425
end_to_end: 2939/3425
end_to_end: 2947/3425
end_to_end: 2954/3425
end_to_end: 2961/3425
end_to_end: 2968/3425
end_to_end: 2975/3425
end_to_end: 2982/3425
end_to_end: 2991/3425
end_to_end: 2999/3425
end_to_end: 3006/3425
end_to_end: 3013/3425
end_to_end: 3019/3425
end_to_end: 3026/3425
end_to_end: 3033/3425
end_to_end: 3040/3425
end_to_end: 3047/3425
end_to_end: 3054/3425
end_to_end: 3062/3425
end_to_end: 3069/3425
end_to_end: 3075/3425
end_to_end: 3083/3425
end_to_end: 3091/3425
end_to_end: 3098/3425
end_to_end: 3105/3425
end_to_end: 3112/3425
end_to_end: 3119/3425
end_to_end: 3127/3425
end_to_end: 3135/3425
end_to_end: 3142/3425
end_to_end: 3150/3425
end_to_end: 3158/3425
end_to_end: 3164/3425
end_to_end: 3173/3425
end_to_end: 3180/3425
end_to_end: 3188/3425
end_to_end: 3195/3425
end_to_end: 3202/3425
end_to_end: 3210/3425
end_to_end: 3216/3425
end_to_end: 3224/3425
end_to_end: 3231/3425
end_to_end: 3240/3425
end_to_end: 3246/3425
end_to_end: 3253/3425
end_to_end: 3261/3425
end_to_end: 3269/3425
end_to_end: 3275/3425
end_to_end: 3281/3425
end_to_end: 3287/3425
end_to_end: 3295/3425
end_to_end: 3303/3425
end_to_end: 3311/3425
end_to_end: 3320/3425
end_to_end: 3327/3425
end_to_end: 3335/3425
end_to_end: 3342/3425
end_to_end: 3349/3425
end_to_end: 3356/3425
end_to_end: 3364/3425
end_to_end: 3371/3425
end_to_end: 3378/3425
end_to_end: 3384/3425
end_to_end: 3392/3425
end_to_end: 3399/3425
end_to_end: 3407/3425
end_to_end: 3414/3425
end_to_end: 3421/3425
end_to_end: 3425/3425
end_to_end: 3425 inferencias em 487.904 s; 7.01983 FPS de throughput; 1.97306 FPS por latencia; latencia media 506.828 ms; p99 652.462 ms
Validando segmentacao...
validacao: 0/3425
validacao: 1/3425
validacao: 4/3425
validacao: 6/3425
validacao: 8/3425
validacao: 10/3425
validacao: 12/3425
validacao: 15/3425
validacao: 17/3425
validacao: 19/3425
validacao: 21/3425
validacao: 23/3425
validacao: 26/3425
validacao: 28/3425
validacao: 30/3425
validacao: 32/3425
validacao: 34/3425
validacao: 37/3425
validacao: 39/3425
validacao: 41/3425
validacao: 43/3425
validacao: 45/3425
validacao: 48/3425
validacao: 50/3425
validacao: 52/3425
validacao: 54/3425
validacao: 56/3425
validacao: 58/3425
validacao: 61/3425
validacao: 63/3425
validacao: 65/3425
validacao: 67/3425
validacao: 69/3425
validacao: 72/3425
validacao: 74/3425
validacao: 76/3425
validacao: 78/3425
validacao: 80/3425
validacao: 83/3425
validacao: 85/3425
validacao: 87/3425
validacao: 89/3425
validacao: 91/3425
validacao: 93/3425
validacao: 96/3425
validacao: 98/3425
validacao: 100/3425
validacao: 102/3425
validacao: 104/3425
validacao: 106/3425
validacao: 109/3425
validacao: 111/3425
validacao: 113/3425
validacao: 115/3425
validacao: 117/3425
validacao: 120/3425
validacao: 122/3425
validacao: 124/3425
validacao: 126/3425
validacao: 129/3425
validacao: 131/3425
validacao: 133/3425
validacao: 135/3425
validacao: 137/3425
validacao: 139/3425
validacao: 142/3425
validacao: 144/3425
validacao: 146/3425
validacao: 148/3425
validacao: 150/3425
validacao: 153/3425
validacao: 155/3425
validacao: 157/3425
validacao: 159/3425
validacao: 162/3425
validacao: 164/3425
validacao: 166/3425
validacao: 168/3425
validacao: 171/3425
validacao: 173/3425
validacao: 175/3425
validacao: 177/3425
validacao: 179/3425
validacao: 182/3425
validacao: 184/3425
validacao: 186/3425
validacao: 188/3425
validacao: 191/3425
validacao: 193/3425
validacao: 195/3425
validacao: 197/3425
validacao: 199/3425
validacao: 202/3425
validacao: 204/3425
validacao: 206/3425
validacao: 208/3425
validacao: 211/3425
validacao: 213/3425
validacao: 215/3425
validacao: 217/3425
validacao: 219/3425
validacao: 222/3425
validacao: 224/3425
validacao: 226/3425
validacao: 228/3425
validacao: 231/3425
validacao: 233/3425
validacao: 235/3425
validacao: 237/3425
validacao: 240/3425
validacao: 242/3425
validacao: 244/3425
validacao: 246/3425
validacao: 249/3425
validacao: 251/3425
validacao: 253/3425
validacao: 255/3425
validacao: 257/3425
validacao: 260/3425
validacao: 262/3425
validacao: 264/3425
validacao: 266/3425
validacao: 269/3425
validacao: 271/3425
validacao: 273/3425
validacao: 275/3425
validacao: 277/3425
validacao: 280/3425
validacao: 282/3425
validacao: 284/3425
validacao: 286/3425
validacao: 288/3425
validacao: 291/3425
validacao: 293/3425
validacao: 295/3425
validacao: 297/3425
validacao: 300/3425
validacao: 302/3425
validacao: 304/3425
validacao: 306/3425
validacao: 309/3425
validacao: 311/3425
validacao: 313/3425
validacao: 315/3425
validacao: 318/3425
validacao: 320/3425
validacao: 322/3425
validacao: 324/3425
validacao: 326/3425
validacao: 329/3425
validacao: 331/3425
validacao: 333/3425
validacao: 335/3425
validacao: 338/3425
validacao: 340/3425
validacao: 342/3425
validacao: 344/3425
validacao: 346/3425
validacao: 348/3425
validacao: 351/3425
validacao: 353/3425
validacao: 355/3425
validacao: 357/3425
validacao: 360/3425
validacao: 362/3425
validacao: 364/3425
validacao: 366/3425
validacao: 368/3425
validacao: 371/3425
validacao: 373/3425
validacao: 375/3425
validacao: 377/3425
validacao: 380/3425
validacao: 382/3425
validacao: 384/3425
validacao: 386/3425
validacao: 389/3425
validacao: 391/3425
validacao: 393/3425
validacao: 395/3425
validacao: 397/3425
validacao: 400/3425
validacao: 402/3425
validacao: 404/3425
validacao: 406/3425
validacao: 409/3425
validacao: 411/3425
validacao: 413/3425
validacao: 415/3425
validacao: 417/3425
validacao: 420/3425
validacao: 422/3425
validacao: 424/3425
validacao: 426/3425
validacao: 429/3425
validacao: 431/3425
validacao: 433/3425
validacao: 435/3425
validacao: 437/3425
validacao: 440/3425
validacao: 442/3425
validacao: 444/3425
validacao: 446/3425
validacao: 448/3425
validacao: 451/3425
validacao: 453/3425
validacao: 455/3425
validacao: 457/3425
validacao: 459/3425
validacao: 462/3425
validacao: 464/3425
validacao: 466/3425
validacao: 468/3425
validacao: 470/3425
validacao: 473/3425
validacao: 475/3425
validacao: 477/3425
validacao: 479/3425
validacao: 482/3425
validacao: 484/3425
validacao: 486/3425
validacao: 488/3425
validacao: 491/3425
validacao: 493/3425
validacao: 495/3425
validacao: 497/3425
validacao: 499/3425
validacao: 502/3425
validacao: 504/3425
validacao: 506/3425
validacao: 508/3425
validacao: 511/3425
validacao: 513/3425
validacao: 515/3425
validacao: 517/3425
validacao: 520/3425
validacao: 522/3425
validacao: 524/3425
validacao: 526/3425
validacao: 529/3425
validacao: 531/3425
validacao: 533/3425
validacao: 535/3425
validacao: 538/3425
validacao: 540/3425
validacao: 542/3425
validacao: 544/3425
validacao: 546/3425
validacao: 549/3425
validacao: 551/3425
validacao: 553/3425
validacao: 555/3425
validacao: 557/3425
validacao: 560/3425
validacao: 562/3425
validacao: 564/3425
validacao: 566/3425
validacao: 569/3425
validacao: 571/3425
validacao: 573/3425
validacao: 575/3425
validacao: 577/3425
validacao: 580/3425
validacao: 582/3425
validacao: 584/3425
validacao: 586/3425
validacao: 588/3425
validacao: 591/3425
validacao: 593/3425
validacao: 595/3425
validacao: 597/3425
validacao: 599/3425
validacao: 602/3425
validacao: 604/3425
validacao: 606/3425
validacao: 608/3425
validacao: 611/3425
validacao: 613/3425
validacao: 615/3425
validacao: 617/3425
validacao: 620/3425
validacao: 622/3425
validacao: 624/3425
validacao: 626/3425
validacao: 629/3425
validacao: 631/3425
validacao: 633/3425
validacao: 635/3425
validacao: 637/3425
validacao: 640/3425
validacao: 642/3425
validacao: 644/3425
validacao: 646/3425
validacao: 649/3425
validacao: 651/3425
validacao: 653/3425
validacao: 655/3425
validacao: 657/3425
validacao: 659/3425
validacao: 662/3425
validacao: 664/3425
validacao: 666/3425
validacao: 668/3425
validacao: 670/3425
validacao: 673/3425
validacao: 675/3425
validacao: 677/3425
validacao: 679/3425
validacao: 682/3425
validacao: 684/3425
validacao: 686/3425
validacao: 688/3425
validacao: 690/3425
validacao: 693/3425
validacao: 695/3425
validacao: 697/3425
validacao: 699/3425
validacao: 702/3425
validacao: 704/3425
validacao: 706/3425
validacao: 708/3425
validacao: 710/3425
validacao: 713/3425
validacao: 715/3425
validacao: 717/3425
validacao: 719/3425
validacao: 721/3425
validacao: 724/3425
validacao: 726/3425
validacao: 728/3425
validacao: 730/3425
validacao: 732/3425
validacao: 735/3425
validacao: 737/3425
validacao: 739/3425
validacao: 741/3425
validacao: 744/3425
validacao: 746/3425
validacao: 748/3425
validacao: 750/3425
validacao: 752/3425
validacao: 754/3425
validacao: 757/3425
validacao: 759/3425
validacao: 761/3425
validacao: 763/3425
validacao: 766/3425
validacao: 768/3425
validacao: 770/3425
validacao: 772/3425
validacao: 775/3425
validacao: 777/3425
validacao: 779/3425
validacao: 781/3425
validacao: 783/3425
validacao: 786/3425
validacao: 788/3425
validacao: 790/3425
validacao: 792/3425
validacao: 795/3425
validacao: 797/3425
validacao: 799/3425
validacao: 801/3425
validacao: 804/3425
validacao: 806/3425
validacao: 808/3425
validacao: 810/3425
validacao: 812/3425
validacao: 815/3425
validacao: 817/3425
validacao: 819/3425
validacao: 821/3425
validacao: 824/3425
validacao: 826/3425
validacao: 828/3425
validacao: 830/3425
validacao: 833/3425
validacao: 835/3425
validacao: 837/3425
validacao: 839/3425
validacao: 841/3425
validacao: 844/3425
validacao: 846/3425
validacao: 848/3425
validacao: 850/3425
validacao: 853/3425
validacao: 855/3425
validacao: 857/3425
validacao: 859/3425
validacao: 862/3425
validacao: 864/3425
validacao: 866/3425
validacao: 868/3425
validacao: 870/3425
validacao: 873/3425
validacao: 875/3425
validacao: 877/3425
validacao: 879/3425
validacao: 881/3425
validacao: 884/3425
validacao: 886/3425
validacao: 888/3425
validacao: 890/3425
validacao: 893/3425
validacao: 895/3425
validacao: 897/3425
validacao: 899/3425
validacao: 901/3425
validacao: 904/3425
validacao: 906/3425
validacao: 908/3425
validacao: 910/3425
validacao: 913/3425
validacao: 915/3425
validacao: 917/3425
validacao: 919/3425
validacao: 921/3425
validacao: 924/3425
validacao: 926/3425
validacao: 928/3425
validacao: 930/3425
validacao: 932/3425
validacao: 935/3425
validacao: 937/3425
validacao: 939/3425
validacao: 941/3425
validacao: 943/3425
validacao: 945/3425
validacao: 947/3425
validacao: 950/3425
validacao: 952/3425
validacao: 954/3425
validacao: 956/3425
validacao: 958/3425
validacao: 960/3425
validacao: 962/3425
validacao: 964/3425
validacao: 966/3425
validacao: 969/3425
validacao: 971/3425
validacao: 973/3425
validacao: 975/3425
validacao: 977/3425
validacao: 979/3425
validacao: 982/3425
validacao: 984/3425
validacao: 986/3425
validacao: 988/3425
validacao: 990/3425
validacao: 992/3425
validacao: 995/3425
validacao: 997/3425
validacao: 999/3425
validacao: 1001/3425
validacao: 1003/3425
validacao: 1005/3425
validacao: 1007/3425
validacao: 1010/3425
validacao: 1012/3425
validacao: 1014/3425
validacao: 1016/3425
validacao: 1018/3425
validacao: 1020/3425
validacao: 1022/3425
validacao: 1025/3425
validacao: 1027/3425
validacao: 1029/3425
validacao: 1031/3425
validacao: 1034/3425
validacao: 1036/3425
validacao: 1038/3425
validacao: 1040/3425
validacao: 1042/3425
validacao: 1045/3425
validacao: 1047/3425
validacao: 1049/3425
validacao: 1051/3425
validacao: 1053/3425
validacao: 1056/3425
validacao: 1058/3425
validacao: 1060/3425
validacao: 1062/3425
validacao: 1065/3425
validacao: 1067/3425
validacao: 1069/3425
validacao: 1071/3425
validacao: 1074/3425
validacao: 1076/3425
validacao: 1078/3425
validacao: 1080/3425
validacao: 1082/3425
validacao: 1085/3425
validacao: 1087/3425
validacao: 1089/3425
validacao: 1091/3425
validacao: 1094/3425
validacao: 1096/3425
validacao: 1098/3425
validacao: 1100/3425
validacao: 1102/3425
validacao: 1105/3425
validacao: 1107/3425
validacao: 1109/3425
validacao: 1111/3425
validacao: 1114/3425
validacao: 1116/3425
validacao: 1118/3425
validacao: 1120/3425
validacao: 1123/3425
validacao: 1125/3425
validacao: 1127/3425
validacao: 1129/3425
validacao: 1132/3425
validacao: 1134/3425
validacao: 1136/3425
validacao: 1138/3425
validacao: 1141/3425
validacao: 1143/3425
validacao: 1145/3425
validacao: 1147/3425
validacao: 1149/3425
validacao: 1152/3425
validacao: 1154/3425
validacao: 1156/3425
validacao: 1158/3425
validacao: 1160/3425
validacao: 1163/3425
validacao: 1165/3425
validacao: 1167/3425
validacao: 1169/3425
validacao: 1171/3425
validacao: 1173/3425
validacao: 1176/3425
validacao: 1178/3425
validacao: 1180/3425
validacao: 1182/3425
validacao: 1185/3425
validacao: 1187/3425
validacao: 1189/3425
validacao: 1191/3425
validacao: 1193/3425
validacao: 1196/3425
validacao: 1198/3425
validacao: 1200/3425
validacao: 1202/3425
validacao: 1204/3425
validacao: 1207/3425
validacao: 1209/3425
validacao: 1211/3425
validacao: 1213/3425
validacao: 1216/3425
validacao: 1218/3425
validacao: 1220/3425
validacao: 1222/3425
validacao: 1224/3425
validacao: 1227/3425
validacao: 1229/3425
validacao: 1231/3425
validacao: 1233/3425
validacao: 1235/3425
validacao: 1238/3425
validacao: 1240/3425
validacao: 1242/3425
validacao: 1244/3425
validacao: 1246/3425
validacao: 1249/3425
validacao: 1251/3425
validacao: 1253/3425
validacao: 1255/3425
validacao: 1258/3425
validacao: 1260/3425
validacao: 1262/3425
validacao: 1264/3425
validacao: 1266/3425
validacao: 1268/3425
validacao: 1271/3425
validacao: 1273/3425
validacao: 1275/3425
validacao: 1277/3425
validacao: 1280/3425
validacao: 1282/3425
validacao: 1284/3425
validacao: 1286/3425
validacao: 1288/3425
validacao: 1290/3425
validacao: 1293/3425
validacao: 1295/3425
validacao: 1297/3425
validacao: 1299/3425
validacao: 1301/3425
validacao: 1303/3425
validacao: 1306/3425
validacao: 1308/3425
validacao: 1310/3425
validacao: 1312/3425
validacao: 1314/3425
validacao: 1316/3425
validacao: 1318/3425
validacao: 1321/3425
validacao: 1323/3425
validacao: 1325/3425
validacao: 1327/3425
validacao: 1329/3425
validacao: 1332/3425
validacao: 1334/3425
validacao: 1336/3425
validacao: 1338/3425
validacao: 1340/3425
validacao: 1343/3425
validacao: 1345/3425
validacao: 1347/3425
validacao: 1349/3425
validacao: 1351/3425
validacao: 1353/3425
validacao: 1356/3425
validacao: 1358/3425
validacao: 1360/3425
validacao: 1362/3425
validacao: 1364/3425
validacao: 1367/3425
validacao: 1369/3425
validacao: 1371/3425
validacao: 1373/3425
validacao: 1376/3425
validacao: 1378/3425
validacao: 1380/3425
validacao: 1382/3425
validacao: 1385/3425
validacao: 1387/3425
validacao: 1389/3425
validacao: 1391/3425
validacao: 1394/3425
validacao: 1396/3425
validacao: 1398/3425
validacao: 1400/3425
validacao: 1402/3425
validacao: 1405/3425
validacao: 1407/3425
validacao: 1409/3425
validacao: 1411/3425
validacao: 1414/3425
validacao: 1416/3425
validacao: 1418/3425
validacao: 1420/3425
validacao: 1422/3425
validacao: 1425/3425
validacao: 1427/3425
validacao: 1429/3425
validacao: 1431/3425
validacao: 1433/3425
validacao: 1436/3425
validacao: 1438/3425
validacao: 1440/3425
validacao: 1442/3425
validacao: 1444/3425
validacao: 1447/3425
validacao: 1449/3425
validacao: 1451/3425
validacao: 1453/3425
validacao: 1455/3425
validacao: 1458/3425
validacao: 1460/3425
validacao: 1462/3425
validacao: 1464/3425
validacao: 1467/3425
validacao: 1469/3425
validacao: 1471/3425
validacao: 1473/3425
validacao: 1475/3425
validacao: 1477/3425
validacao: 1480/3425
validacao: 1482/3425
validacao: 1484/3425
validacao: 1486/3425
validacao: 1488/3425
validacao: 1491/3425
validacao: 1493/3425
validacao: 1495/3425
validacao: 1497/3425
validacao: 1499/3425
validacao: 1502/3425
validacao: 1504/3425
validacao: 1506/3425
validacao: 1508/3425
validacao: 1510/3425
validacao: 1513/3425
validacao: 1515/3425
validacao: 1517/3425
validacao: 1519/3425
validacao: 1522/3425
validacao: 1524/3425
validacao: 1526/3425
validacao: 1528/3425
validacao: 1530/3425
validacao: 1532/3425
validacao: 1535/3425
validacao: 1537/3425
validacao: 1539/3425
validacao: 1541/3425
validacao: 1544/3425
validacao: 1546/3425
validacao: 1548/3425
validacao: 1550/3425
validacao: 1552/3425
validacao: 1554/3425
validacao: 1557/3425
validacao: 1559/3425
validacao: 1561/3425
validacao: 1563/3425
validacao: 1565/3425
validacao: 1568/3425
validacao: 1570/3425
validacao: 1572/3425
validacao: 1574/3425
validacao: 1576/3425
validacao: 1579/3425
validacao: 1581/3425
validacao: 1583/3425
validacao: 1585/3425
validacao: 1587/3425
validacao: 1589/3425
validacao: 1592/3425
validacao: 1594/3425
validacao: 1596/3425
validacao: 1598/3425
validacao: 1600/3425
validacao: 1602/3425
validacao: 1605/3425
validacao: 1607/3425
validacao: 1609/3425
validacao: 1611/3425
validacao: 1613/3425
validacao: 1616/3425
validacao: 1618/3425
validacao: 1620/3425
validacao: 1622/3425
validacao: 1624/3425
validacao: 1626/3425
validacao: 1629/3425
validacao: 1631/3425
validacao: 1633/3425
validacao: 1635/3425
validacao: 1637/3425
validacao: 1640/3425
validacao: 1642/3425
validacao: 1644/3425
validacao: 1646/3425
validacao: 1648/3425
validacao: 1650/3425
validacao: 1653/3425
validacao: 1655/3425
validacao: 1657/3425
validacao: 1659/3425
validacao: 1661/3425
validacao: 1663/3425
validacao: 1666/3425
validacao: 1668/3425
validacao: 1670/3425
validacao: 1672/3425
validacao: 1674/3425
validacao: 1676/3425
validacao: 1679/3425
validacao: 1681/3425
validacao: 1683/3425
validacao: 1685/3425
validacao: 1687/3425
validacao: 1689/3425
validacao: 1692/3425
validacao: 1694/3425
validacao: 1696/3425
validacao: 1698/3425
validacao: 1700/3425
validacao: 1702/3425
validacao: 1705/3425
validacao: 1707/3425
validacao: 1709/3425
validacao: 1711/3425
validacao: 1713/3425
validacao: 1716/3425
validacao: 1718/3425
validacao: 1720/3425
validacao: 1722/3425
validacao: 1724/3425
validacao: 1727/3425
validacao: 1729/3425
validacao: 1731/3425
validacao: 1733/3425
validacao: 1736/3425
validacao: 1738/3425
validacao: 1740/3425
validacao: 1742/3425
validacao: 1745/3425
validacao: 1747/3425
validacao: 1749/3425
validacao: 1751/3425
validacao: 1754/3425
validacao: 1756/3425
validacao: 1758/3425
validacao: 1761/3425
validacao: 1763/3425
validacao: 1765/3425
validacao: 1768/3425
validacao: 1770/3425
validacao: 1772/3425
validacao: 1775/3425
validacao: 1777/3425
validacao: 1779/3425
validacao: 1781/3425
validacao: 1784/3425
validacao: 1786/3425
validacao: 1788/3425
validacao: 1791/3425
validacao: 1793/3425
validacao: 1795/3425
validacao: 1797/3425
validacao: 1800/3425
validacao: 1802/3425
validacao: 1804/3425
validacao: 1807/3425
validacao: 1809/3425
validacao: 1811/3425
validacao: 1813/3425
validacao: 1816/3425
validacao: 1818/3425
validacao: 1820/3425
validacao: 1822/3425
validacao: 1825/3425
validacao: 1827/3425
validacao: 1829/3425
validacao: 1831/3425
validacao: 1834/3425
validacao: 1836/3425
validacao: 1838/3425
validacao: 1840/3425
validacao: 1843/3425
validacao: 1845/3425
validacao: 1847/3425
validacao: 1849/3425
validacao: 1852/3425
validacao: 1854/3425
validacao: 1856/3425
validacao: 1859/3425
validacao: 1861/3425
validacao: 1863/3425
validacao: 1866/3425
validacao: 1868/3425
validacao: 1870/3425
validacao: 1873/3425
validacao: 1875/3425
validacao: 1877/3425
validacao: 1879/3425
validacao: 1882/3425
validacao: 1884/3425
validacao: 1886/3425
validacao: 1888/3425
validacao: 1891/3425
validacao: 1893/3425
validacao: 1895/3425
validacao: 1897/3425
validacao: 1900/3425
validacao: 1902/3425
validacao: 1904/3425
validacao: 1906/3425
validacao: 1909/3425
validacao: 1911/3425
validacao: 1913/3425
validacao: 1915/3425
validacao: 1918/3425
validacao: 1920/3425
validacao: 1922/3425
validacao: 1925/3425
validacao: 1927/3425
validacao: 1929/3425
validacao: 1931/3425
validacao: 1934/3425
validacao: 1936/3425
validacao: 1938/3425
validacao: 1941/3425
validacao: 1943/3425
validacao: 1945/3425
validacao: 1947/3425
validacao: 1950/3425
validacao: 1952/3425
validacao: 1954/3425
validacao: 1956/3425
validacao: 1959/3425
validacao: 1961/3425
validacao: 1963/3425
validacao: 1965/3425
validacao: 1968/3425
validacao: 1970/3425
validacao: 1972/3425
validacao: 1975/3425
validacao: 1977/3425
validacao: 1979/3425
validacao: 1981/3425
validacao: 1984/3425
validacao: 1986/3425
validacao: 1988/3425
validacao: 1990/3425
validacao: 1993/3425
validacao: 1994/3425
validacao: 1997/3425
validacao: 1999/3425
validacao: 2002/3425
validacao: 2004/3425
validacao: 2006/3425
validacao: 2008/3425
validacao: 2011/3425
validacao: 2013/3425
validacao: 2015/3425
validacao: 2018/3425
validacao: 2020/3425
validacao: 2022/3425
validacao: 2024/3425
validacao: 2027/3425
validacao: 2029/3425
validacao: 2031/3425
validacao: 2034/3425
validacao: 2036/3425
validacao: 2038/3425
validacao: 2041/3425
validacao: 2043/3425
validacao: 2045/3425
validacao: 2048/3425
validacao: 2050/3425
validacao: 2052/3425
validacao: 2054/3425
validacao: 2057/3425
validacao: 2059/3425
validacao: 2061/3425
validacao: 2064/3425
validacao: 2066/3425
validacao: 2068/3425
validacao: 2071/3425
validacao: 2073/3425
validacao: 2075/3425
validacao: 2078/3425
validacao: 2080/3425
validacao: 2082/3425
validacao: 2085/3425
validacao: 2087/3425
validacao: 2089/3425
validacao: 2091/3425
validacao: 2094/3425
validacao: 2096/3425
validacao: 2098/3425
validacao: 2100/3425
validacao: 2103/3425
validacao: 2105/3425
validacao: 2107/3425
validacao: 2109/3425
validacao: 2112/3425
validacao: 2114/3425
validacao: 2116/3425
validacao: 2118/3425
validacao: 2121/3425
validacao: 2123/3425
validacao: 2125/3425
validacao: 2127/3425
validacao: 2130/3425
validacao: 2132/3425
validacao: 2134/3425
validacao: 2137/3425
validacao: 2139/3425
validacao: 2141/3425
validacao: 2143/3425
validacao: 2145/3425
validacao: 2147/3425
validacao: 2150/3425
validacao: 2152/3425
validacao: 2155/3425
validacao: 2157/3425
validacao: 2159/3425
validacao: 2161/3425
validacao: 2164/3425
validacao: 2166/3425
validacao: 2168/3425
validacao: 2171/3425
validacao: 2173/3425
validacao: 2175/3425
validacao: 2177/3425
validacao: 2180/3425
validacao: 2182/3425
validacao: 2184/3425
validacao: 2187/3425
validacao: 2189/3425
validacao: 2191/3425
validacao: 2193/3425
validacao: 2196/3425
validacao: 2198/3425
validacao: 2200/3425
validacao: 2203/3425
validacao: 2205/3425
validacao: 2207/3425
validacao: 2210/3425
validacao: 2212/3425
validacao: 2214/3425
validacao: 2217/3425
validacao: 2219/3425
validacao: 2221/3425
validacao: 2224/3425
validacao: 2226/3425
validacao: 2228/3425
validacao: 2231/3425
validacao: 2233/3425
validacao: 2235/3425
validacao: 2238/3425
validacao: 2240/3425
validacao: 2242/3425
validacao: 2244/3425
validacao: 2247/3425
validacao: 2249/3425
validacao: 2251/3425
validacao: 2253/3425
validacao: 2256/3425
validacao: 2258/3425
validacao: 2260/3425
validacao: 2262/3425
validacao: 2265/3425
validacao: 2267/3425
validacao: 2269/3425
validacao: 2271/3425
validacao: 2273/3425
validacao: 2276/3425
validacao: 2278/3425
validacao: 2280/3425
validacao: 2282/3425
validacao: 2285/3425
validacao: 2287/3425
validacao: 2289/3425
validacao: 2291/3425
validacao: 2294/3425
validacao: 2296/3425
validacao: 2298/3425
validacao: 2300/3425
validacao: 2303/3425
validacao: 2305/3425
validacao: 2307/3425
validacao: 2310/3425
validacao: 2312/3425
validacao: 2314/3425
validacao: 2316/3425
validacao: 2318/3425
validacao: 2321/3425
validacao: 2323/3425
validacao: 2325/3425
validacao: 2327/3425
validacao: 2330/3425
validacao: 2332/3425
validacao: 2334/3425
validacao: 2336/3425
validacao: 2339/3425
validacao: 2341/3425
validacao: 2343/3425
validacao: 2346/3425
validacao: 2348/3425
validacao: 2350/3425
validacao: 2352/3425
validacao: 2355/3425
validacao: 2357/3425
validacao: 2359/3425
validacao: 2362/3425
validacao: 2364/3425
validacao: 2366/3425
validacao: 2368/3425
validacao: 2371/3425
validacao: 2373/3425
validacao: 2375/3425
validacao: 2378/3425
validacao: 2380/3425
validacao: 2382/3425
validacao: 2385/3425
validacao: 2387/3425
validacao: 2389/3425
validacao: 2391/3425
validacao: 2394/3425
validacao: 2396/3425
validacao: 2398/3425
validacao: 2400/3425
validacao: 2402/3425
validacao: 2405/3425
validacao: 2407/3425
validacao: 2409/3425
validacao: 2411/3425
validacao: 2414/3425
validacao: 2416/3425
validacao: 2418/3425
validacao: 2420/3425
validacao: 2423/3425
validacao: 2425/3425
validacao: 2427/3425
validacao: 2429/3425
validacao: 2432/3425
validacao: 2434/3425
validacao: 2436/3425
validacao: 2439/3425
validacao: 2441/3425
validacao: 2443/3425
validacao: 2445/3425
validacao: 2448/3425
validacao: 2450/3425
validacao: 2452/3425
validacao: 2454/3425
validacao: 2457/3425
validacao: 2459/3425
validacao: 2461/3425
validacao: 2463/3425
validacao: 2466/3425
validacao: 2468/3425
validacao: 2470/3425
validacao: 2473/3425
validacao: 2475/3425
validacao: 2477/3425
validacao: 2479/3425
validacao: 2482/3425
validacao: 2484/3425
validacao: 2486/3425
validacao: 2489/3425
validacao: 2491/3425
validacao: 2493/3425
validacao: 2495/3425
validacao: 2498/3425
validacao: 2500/3425
validacao: 2502/3425
validacao: 2505/3425
validacao: 2507/3425
validacao: 2509/3425
validacao: 2512/3425
validacao: 2514/3425
validacao: 2516/3425
validacao: 2518/3425
validacao: 2521/3425
validacao: 2523/3425
validacao: 2525/3425
validacao: 2528/3425
validacao: 2530/3425
validacao: 2532/3425
validacao: 2534/3425
validacao: 2537/3425
validacao: 2539/3425
validacao: 2541/3425
validacao: 2543/3425
validacao: 2546/3425
validacao: 2548/3425
validacao: 2550/3425
validacao: 2553/3425
validacao: 2555/3425
validacao: 2557/3425
validacao: 2559/3425
validacao: 2562/3425
validacao: 2564/3425
validacao: 2566/3425
validacao: 2569/3425
validacao: 2571/3425
validacao: 2573/3425
validacao: 2575/3425
validacao: 2578/3425
validacao: 2580/3425
validacao: 2582/3425
validacao: 2584/3425
validacao: 2587/3425
validacao: 2589/3425
validacao: 2591/3425
validacao: 2593/3425
validacao: 2596/3425
validacao: 2598/3425
validacao: 2600/3425
validacao: 2602/3425
validacao: 2605/3425
validacao: 2607/3425
validacao: 2609/3425
validacao: 2611/3425
validacao: 2614/3425
validacao: 2616/3425
validacao: 2618/3425
validacao: 2621/3425
validacao: 2623/3425
validacao: 2625/3425
validacao: 2628/3425
validacao: 2630/3425
validacao: 2632/3425
validacao: 2634/3425
validacao: 2636/3425
validacao: 2639/3425
validacao: 2641/3425
validacao: 2643/3425
validacao: 2645/3425
validacao: 2648/3425
validacao: 2650/3425
validacao: 2652/3425
validacao: 2654/3425
validacao: 2657/3425
validacao: 2659/3425
validacao: 2661/3425
validacao: 2664/3425
validacao: 2666/3425
validacao: 2668/3425
validacao: 2670/3425
validacao: 2673/3425
validacao: 2675/3425
validacao: 2677/3425
validacao: 2679/3425
validacao: 2682/3425
validacao: 2684/3425
validacao: 2686/3425
validacao: 2688/3425
validacao: 2691/3425
validacao: 2693/3425
validacao: 2695/3425
validacao: 2698/3425
validacao: 2700/3425
validacao: 2702/3425
validacao: 2705/3425
validacao: 2707/3425
validacao: 2709/3425
validacao: 2711/3425
validacao: 2714/3425
validacao: 2716/3425
validacao: 2718/3425
validacao: 2720/3425
validacao: 2723/3425
validacao: 2725/3425
validacao: 2727/3425
validacao: 2729/3425
validacao: 2732/3425
validacao: 2734/3425
validacao: 2736/3425
validacao: 2738/3425
validacao: 2740/3425
validacao: 2743/3425
validacao: 2745/3425
validacao: 2747/3425
validacao: 2750/3425
validacao: 2752/3425
validacao: 2754/3425
validacao: 2756/3425
validacao: 2759/3425
validacao: 2761/3425
validacao: 2763/3425
validacao: 2766/3425
validacao: 2768/3425
validacao: 2770/3425
validacao: 2773/3425
validacao: 2775/3425
validacao: 2777/3425
validacao: 2779/3425
validacao: 2782/3425
validacao: 2784/3425
validacao: 2786/3425
validacao: 2789/3425
validacao: 2791/3425
validacao: 2793/3425
validacao: 2795/3425
validacao: 2798/3425
validacao: 2800/3425
validacao: 2802/3425
validacao: 2804/3425
validacao: 2806/3425
validacao: 2809/3425
validacao: 2811/3425
validacao: 2813/3425
validacao: 2816/3425
validacao: 2818/3425
validacao: 2820/3425
validacao: 2822/3425
validacao: 2825/3425
validacao: 2827/3425
validacao: 2829/3425
validacao: 2831/3425
validacao: 2834/3425
validacao: 2836/3425
validacao: 2838/3425
validacao: 2841/3425
validacao: 2843/3425
validacao: 2845/3425
validacao: 2848/3425
validacao: 2850/3425
validacao: 2852/3425
validacao: 2854/3425
validacao: 2857/3425
validacao: 2859/3425
validacao: 2861/3425
validacao: 2864/3425
validacao: 2866/3425
validacao: 2868/3425
validacao: 2871/3425
validacao: 2873/3425
validacao: 2875/3425
validacao: 2878/3425
validacao: 2880/3425
validacao: 2882/3425
validacao: 2884/3425
validacao: 2886/3425
validacao: 2889/3425
validacao: 2891/3425
validacao: 2893/3425
validacao: 2896/3425
validacao: 2898/3425
validacao: 2900/3425
validacao: 2903/3425
validacao: 2905/3425
validacao: 2907/3425
validacao: 2909/3425
validacao: 2912/3425
validacao: 2914/3425
validacao: 2916/3425
validacao: 2919/3425
validacao: 2921/3425
validacao: 2923/3425
validacao: 2926/3425
validacao: 2928/3425
validacao: 2930/3425
validacao: 2933/3425
validacao: 2935/3425
validacao: 2937/3425
validacao: 2940/3425
validacao: 2942/3425
validacao: 2944/3425
validacao: 2946/3425
validacao: 2949/3425
validacao: 2951/3425
validacao: 2953/3425
validacao: 2955/3425
validacao: 2958/3425
validacao: 2960/3425
validacao: 2962/3425
validacao: 2964/3425
validacao: 2967/3425
validacao: 2969/3425
validacao: 2971/3425
validacao: 2973/3425
validacao: 2976/3425
validacao: 2978/3425
validacao: 2980/3425
validacao: 2982/3425
validacao: 2985/3425
validacao: 2987/3425
validacao: 2989/3425
validacao: 2992/3425
validacao: 2994/3425
validacao: 2996/3425
validacao: 2999/3425
validacao: 3001/3425
validacao: 3003/3425
validacao: 3006/3425
validacao: 3008/3425
validacao: 3010/3425
validacao: 3012/3425
validacao: 3015/3425
validacao: 3017/3425
validacao: 3019/3425
validacao: 3022/3425
validacao: 3024/3425
validacao: 3026/3425
validacao: 3028/3425
validacao: 3030/3425
validacao: 3033/3425
validacao: 3035/3425
validacao: 3037/3425
validacao: 3040/3425
validacao: 3042/3425
validacao: 3044/3425
validacao: 3046/3425
validacao: 3048/3425
validacao: 3051/3425
validacao: 3053/3425
validacao: 3055/3425
validacao: 3057/3425
validacao: 3060/3425
validacao: 3062/3425
validacao: 3064/3425
validacao: 3066/3425
validacao: 3069/3425
validacao: 3071/3425
validacao: 3073/3425
validacao: 3076/3425
validacao: 3078/3425
validacao: 3080/3425
validacao: 3082/3425
validacao: 3085/3425
validacao: 3087/3425
validacao: 3089/3425
validacao: 3091/3425
validacao: 3094/3425
validacao: 3096/3425
validacao: 3098/3425
validacao: 3101/3425
validacao: 3103/3425
validacao: 3105/3425
validacao: 3107/3425
validacao: 3109/3425
validacao: 3112/3425
validacao: 3114/3425
validacao: 3116/3425
validacao: 3118/3425
validacao: 3121/3425
validacao: 3123/3425
validacao: 3125/3425
validacao: 3127/3425
validacao: 3130/3425
validacao: 3132/3425
validacao: 3134/3425
validacao: 3137/3425
validacao: 3139/3425
validacao: 3141/3425
validacao: 3144/3425
validacao: 3146/3425
validacao: 3148/3425
validacao: 3151/3425
validacao: 3153/3425
validacao: 3155/3425
validacao: 3157/3425
validacao: 3160/3425
validacao: 3162/3425
validacao: 3164/3425
validacao: 3166/3425
validacao: 3169/3425
validacao: 3171/3425
validacao: 3173/3425
validacao: 3176/3425
validacao: 3178/3425
validacao: 3180/3425
validacao: 3183/3425
validacao: 3185/3425
validacao: 3187/3425
validacao: 3190/3425
validacao: 3192/3425
validacao: 3194/3425
validacao: 3196/3425
validacao: 3199/3425
validacao: 3201/3425
validacao: 3203/3425
validacao: 3205/3425
validacao: 3208/3425
validacao: 3210/3425
validacao: 3212/3425
validacao: 3214/3425
validacao: 3217/3425
validacao: 3219/3425
validacao: 3221/3425
validacao: 3224/3425
validacao: 3226/3425
validacao: 3228/3425
validacao: 3230/3425
validacao: 3233/3425
validacao: 3235/3425
validacao: 3237/3425
validacao: 3240/3425
validacao: 3242/3425
validacao: 3244/3425
validacao: 3246/3425
validacao: 3249/3425
validacao: 3251/3425
validacao: 3253/3425
validacao: 3256/3425
validacao: 3258/3425
validacao: 3260/3425
validacao: 3263/3425
validacao: 3265/3425
validacao: 3267/3425
validacao: 3269/3425
validacao: 3271/3425
validacao: 3274/3425
validacao: 3276/3425
validacao: 3278/3425
validacao: 3280/3425
validacao: 3283/3425
validacao: 3285/3425
validacao: 3287/3425
validacao: 3289/3425
validacao: 3291/3425
validacao: 3294/3425
validacao: 3296/3425
validacao: 3298/3425
validacao: 3301/3425
validacao: 3303/3425
validacao: 3305/3425
validacao: 3308/3425
validacao: 3310/3425
validacao: 3312/3425
validacao: 3315/3425
validacao: 3317/3425
validacao: 3320/3425
validacao: 3322/3425
validacao: 3324/3425
validacao: 3327/3425
validacao: 3329/3425
validacao: 3331/3425
validacao: 3333/3425
validacao: 3336/3425
validacao: 3338/3425
validacao: 3340/3425
validacao: 3342/3425
validacao: 3345/3425
validacao: 3347/3425
validacao: 3349/3425
validacao: 3351/3425
validacao: 3354/3425
validacao: 3356/3425
validacao: 3358/3425
validacao: 3361/3425
validacao: 3363/3425
validacao: 3365/3425
validacao: 3367/3425
validacao: 3370/3425
validacao: 3372/3425
validacao: 3374/3425
validacao: 3376/3425
validacao: 3379/3425
validacao: 3381/3425
validacao: 3383/3425
validacao: 3385/3425
validacao: 3387/3425
validacao: 3390/3425
validacao: 3392/3425
validacao: 3394/3425
validacao: 3397/3425
validacao: 3399/3425
validacao: 3401/3425
validacao: 3403/3425
validacao: 3406/3425
validacao: 3408/3425
validacao: 3410/3425
validacao: 3413/3425
validacao: 3415/3425
validacao: 3417/3425
validacao: 3419/3425
validacao: 3422/3425
validacao: 3424/3425
validacao: 3425/3425
Validacao oficial: F1=0.520786 AP medio=0.739561
F1=0.524611 IoU=0.355574 AUPRC=0.50588 FPR tile=0.000583771
Resultados: "/home/root/thiago/benchmark/codigos_c/official_results_zcu104/20211119_173838/dataset_starcop/methane_mobilenet_v3/rep2"
