============================================================
METHANE SEGMENTATION ZCU104 OPTIMIZED BENCHMARK
============================================================
Batch: 1 ALWAYS
Profile: max-e2e
Dataset images: 342
Runners: 2
Pre workers: 2
Post workers: 1
Slots/runner: 1
Pin: no
DPU subgraphs: 1 | CPU fallback subgraphs: 1
Input  : [1,512,512,4] INT8 fix=5
Output : [1,512,512,1] FLOAT32

============================================================
max_end_to_end_throughput
============================================================
batch              = 1
runners            = 2
pre_workers        = 2
post_workers       = 1
slots_per_runner   = 1
completed          = 342
wall_s             = 57.312720
THROUGHPUT FPS     = 5.967262
POWER sensors/samples = 1/287.000000
POWER mean/min/max W = 20.177132/14.762000/28.512000
ENERGY estimated J   = 1156.406341

FPS EQUIVALENT FROM PER-JOB LATENCY
 average = 1.999475
 min     = 1.784304
 max     = 2.953037
 p95     = 1.885176
 p99     = 1.831334

LATENCY ms
 mean   = 500.131308
 median = 500.666155
 min    = 338.634410
 max    = 560.442760
 p90    = 521.553880
 p95    = 530.454482
 p99    = 546.049997
 stddev = 20.740998
 CV     = 0.041471
 jitter p99-p50 = 45.383842 ms

DPU STAGE ms
 mean = 160.610380
 p95  = 165.881062
 p99  = 169.294400

PREPROCESS mean = 166.930349 ms
POSTPROCESS mean = 6.307897 ms

INTER-COMPLETION ms
 mean = 167.075866
 p95  = 329.849400
 p99  = 359.045744
OUTPUT-CADENCE FPS
 average(system wall) = 5.967262
 min = 2.670433
 max = 163.752419
 p95 = 3.031687
 p99 = 2.785160

Results saved to:
/home/root/Benchmark_ZCU104/results_all_models/methane_skip_connections/runs/80_full_end_to_end__max_e2e__r2_pre2_post1_spr1_nopin__rep1__n0__samples0__cpu2
