XModel: 1 subgrafos DPU, 1 CPU; 3425 amostras
Executando model_only...
model_only: 0/3425
model_only: 6/3425
model_only: 55/3425
model_only: 104/3425
model_only: 153/3425
model_only: 202/3425
model_only: 251/3425
model_only: 300/3425
model_only: 349/3425
model_only: 398/3425
model_only: 447/3425
model_only: 496/3425
model_only: 545/3425
model_only: 594/3425
model_only: 643/3425
model_only: 692/3425
model_only: 742/3425
model_only: 791/3425
model_only: 840/3425
model_only: 889/3425
model_only: 938/3425
model_only: 987/3425
model_only: 1036/3425
model_only: 1085/3425
model_only: 1134/3425
model_only: 1183/3425
model_only: 1232/3425
model_only: 1281/3425
model_only: 1330/3425
model_only: 1379/3425
model_only: 1427/3425
model_only: 1476/3425
model_only: 1525/3425
model_only: 1574/3425
model_only: 1623/3425
model_only: 1672/3425
model_only: 1721/3425
model_only: 1770/3425
model_only: 1820/3425
model_only: 1869/3425
model_only: 1918/3425
model_only: 1967/3425
model_only: 2016/3425
model_only: 2065/3425
model_only: 2114/3425
model_only: 2163/3425
model_only: 2212/3425
model_only: 2261/3425
model_only: 2310/3425
model_only: 2359/3425
model_only: 2408/3425
model_only: 2457/3425
model_only: 2506/3425
model_only: 2555/3425
model_only: 2604/3425
model_only: 2653/3425
model_only: 2702/3425
model_only: 2751/3425
model_only: 2800/3425
model_only: 2849/3425
model_only: 2899/3425
model_only: 2948/3425
model_only: 2997/3425
model_only: 3046/3425
model_only: 3095/3425
model_only: 3144/3425
model_only: 3193/3425
model_only: 3242/3425
model_only: 3291/3425
model_only: 3340/3425
model_only: 3389/3425
model_only: 3425/3425
model_only: 3425 inferencias em 69.8895 s; 49.0059 FPS de throughput; 24.5121 FPS por latencia; latencia media 40.7962 ms; p99 43.3716 ms
Executando end_to_end...
end_to_end: 0/3425
end_to_end: 1/3425
end_to_end: 9/3425
end_to_end: 16/3425
end_to_end: 22/3425
end_to_end: 29/3425
end_to_end: 37/3425
end_to_end: 43/3425
end_to_end: 49/3425
end_to_end: 57/3425
end_to_end: 63/3425
end_to_end: 69/3425
end_to_end: 77/3425
end_to_end: 83/3425
end_to_end: 89/3425
end_to_end: 97/3425
end_to_end: 103/3425
end_to_end: 109/3425
end_to_end: 117/3425
end_to_end: 123/3425
end_to_end: 131/3425
end_to_end: 137/3425
end_to_end: 143/3425
end_to_end: 151/3425
end_to_end: 157/3425
end_to_end: 165/3425
end_to_end: 172/3425
end_to_end: 179/3425
end_to_end: 185/3425
end_to_end: 193/3425
end_to_end: 199/3425
end_to_end: 207/3425
end_to_end: 213/3425
end_to_end: 221/3425
end_to_end: 228/3425
end_to_end: 235/3425
end_to_end: 243/3425
end_to_end: 249/3425
end_to_end: 257/3425
end_to_end: 263/3425
end_to_end: 271/3425
end_to_end: 277/3425
end_to_end: 285/3425
end_to_end: 291/3425
end_to_end: 299/3425
end_to_end: 306/3425
end_to_end: 313/3425
end_to_end: 320/3425
end_to_end: 327/3425
end_to_end: 335/3425
end_to_end: 341/3425
end_to_end: 348/3425
end_to_end: 355/3425
end_to_end: 362/3425
end_to_end: 369/3425
end_to_end: 376/3425
end_to_end: 383/3425
end_to_end: 390/3425
end_to_end: 397/3425
end_to_end: 404/3425
end_to_end: 411/3425
end_to_end: 418/3425
end_to_end: 425/3425
end_to_end: 433/3425
end_to_end: 439/3425
end_to_end: 447/3425
end_to_end: 454/3425
end_to_end: 460/3425
end_to_end: 467/3425
end_to_end: 474/3425
end_to_end: 480/3425
end_to_end: 488/3425
end_to_end: 494/3425
end_to_end: 502/3425
end_to_end: 508/3425
end_to_end: 516/3425
end_to_end: 523/3425
end_to_end: 530/3425
end_to_end: 538/3425
end_to_end: 544/3425
end_to_end: 551/3425
end_to_end: 558/3425
end_to_end: 565/3425
end_to_end: 572/3425
end_to_end: 579/3425
end_to_end: 586/3425
end_to_end: 593/3425
end_to_end: 600/3425
end_to_end: 607/3425
end_to_end: 614/3425
end_to_end: 621/3425
end_to_end: 627/3425
end_to_end: 635/3425
end_to_end: 641/3425
end_to_end: 649/3425
end_to_end: 655/3425
end_to_end: 663/3425
end_to_end: 669/3425
end_to_end: 677/3425
end_to_end: 683/3425
end_to_end: 691/3425
end_to_end: 697/3425
end_to_end: 705/3425
end_to_end: 711/3425
end_to_end: 718/3425
end_to_end: 725/3425
end_to_end: 732/3425
end_to_end: 739/3425
end_to_end: 745/3425
end_to_end: 753/3425
end_to_end: 760/3425
end_to_end: 766/3425
end_to_end: 774/3425
end_to_end: 780/3425
end_to_end: 788/3425
end_to_end: 794/3425
end_to_end: 802/3425
end_to_end: 808/3425
end_to_end: 816/3425
end_to_end: 822/3425
end_to_end: 830/3425
end_to_end: 837/3425
end_to_end: 844/3425
end_to_end: 851/3425
end_to_end: 858/3425
end_to_end: 866/3425
end_to_end: 872/3425
end_to_end: 878/3425
end_to_end: 886/3425
end_to_end: 892/3425
end_to_end: 900/3425
end_to_end: 906/3425
end_to_end: 914/3425
end_to_end: 920/3425
end_to_end: 926/3425
end_to_end: 934/3425
end_to_end: 940/3425
end_to_end: 947/3425
end_to_end: 953/3425
end_to_end: 959/3425
end_to_end: 965/3425
end_to_end: 971/3425
end_to_end: 979/3425
end_to_end: 985/3425
end_to_end: 991/3425
end_to_end: 998/3425
end_to_end: 1004/3425
end_to_end: 1011/3425
end_to_end: 1017/3425
end_to_end: 1023/3425
end_to_end: 1031/3425
end_to_end: 1038/3425
end_to_end: 1045/3425
end_to_end: 1051/3425
end_to_end: 1059/3425
end_to_end: 1065/3425
end_to_end: 1073/3425
end_to_end: 1079/3425
end_to_end: 1086/3425
end_to_end: 1093/3425
end_to_end: 1100/3425
end_to_end: 1108/3425
end_to_end: 1114/3425
end_to_end: 1121/3425
end_to_end: 1129/3425
end_to_end: 1136/3425
end_to_end: 1143/3425
end_to_end: 1150/3425
end_to_end: 1157/3425
end_to_end: 1163/3425
end_to_end: 1170/3425
end_to_end: 1177/3425
end_to_end: 1183/3425
end_to_end: 1191/3425
end_to_end: 1197/3425
end_to_end: 1204/3425
end_to_end: 1212/3425
end_to_end: 1218/3425
end_to_end: 1225/3425
end_to_end: 1232/3425
end_to_end: 1239/3425
end_to_end: 1246/3425
end_to_end: 1252/3425
end_to_end: 1259/3425
end_to_end: 1266/3425
end_to_end: 1273/3425
end_to_end: 1280/3425
end_to_end: 1285/3425
end_to_end: 1292/3425
end_to_end: 1298/3425
end_to_end: 1304/3425
end_to_end: 1310/3425
end_to_end: 1317/3425
end_to_end: 1324/3425
end_to_end: 1330/3425
end_to_end: 1338/3425
end_to_end: 1344/3425
end_to_end: 1350/3425
end_to_end: 1358/3425
end_to_end: 1364/3425
end_to_end: 1372/3425
end_to_end: 1378/3425
end_to_end: 1386/3425
end_to_end: 1393/3425
end_to_end: 1400/3425
end_to_end: 1407/3425
end_to_end: 1414/3425
end_to_end: 1421/3425
end_to_end: 1428/3425
end_to_end: 1435/3425
end_to_end: 1442/3425
end_to_end: 1448/3425
end_to_end: 1456/3425
end_to_end: 1462/3425
end_to_end: 1469/3425
end_to_end: 1476/3425
end_to_end: 1483/3425
end_to_end: 1489/3425
end_to_end: 1497/3425
end_to_end: 1503/3425
end_to_end: 1511/3425
end_to_end: 1517/3425
end_to_end: 1523/3425
end_to_end: 1529/3425
end_to_end: 1535/3425
end_to_end: 1543/3425
end_to_end: 1549/3425
end_to_end: 1555/3425
end_to_end: 1562/3425
end_to_end: 1569/3425
end_to_end: 1576/3425
end_to_end: 1583/3425
end_to_end: 1589/3425
end_to_end: 1595/3425
end_to_end: 1602/3425
end_to_end: 1609/3425
end_to_end: 1615/3425
end_to_end: 1622/3425
end_to_end: 1629/3425
end_to_end: 1636/3425
end_to_end: 1642/3425
end_to_end: 1648/3425
end_to_end: 1655/3425
end_to_end: 1662/3425
end_to_end: 1668/3425
end_to_end: 1675/3425
end_to_end: 1681/3425
end_to_end: 1688/3425
end_to_end: 1694/3425
end_to_end: 1700/3425
end_to_end: 1707/3425
end_to_end: 1714/3425
end_to_end: 1721/3425
end_to_end: 1728/3425
end_to_end: 1736/3425
end_to_end: 1743/3425
end_to_end: 1750/3425
end_to_end: 1759/3425
end_to_end: 1765/3425
end_to_end: 1772/3425
end_to_end: 1780/3425
end_to_end: 1787/3425
end_to_end: 1795/3425
end_to_end: 1802/3425
end_to_end: 1810/3425
end_to_end: 1816/3425
end_to_end: 1825/3425
end_to_end: 1833/3425
end_to_end: 1839/3425
end_to_end: 1846/3425
end_to_end: 1854/3425
end_to_end: 1862/3425
end_to_end: 1870/3425
end_to_end: 1877/3425
end_to_end: 1885/3425
end_to_end: 1892/3425
end_to_end: 1899/3425
end_to_end: 1906/3425
end_to_end: 1914/3425
end_to_end: 1922/3425
end_to_end: 1930/3425
end_to_end: 1936/3425
end_to_end: 1944/3425
end_to_end: 1951/3425
end_to_end: 1958/3425
end_to_end: 1966/3425
end_to_end: 1973/3425
end_to_end: 1981/3425
end_to_end: 1987/3425
end_to_end: 1995/3425
end_to_end: 2004/3425
end_to_end: 2010/3425
end_to_end: 2018/3425
end_to_end: 2026/3425
end_to_end: 2032/3425
end_to_end: 2039/3425
end_to_end: 2046/3425
end_to_end: 2054/3425
end_to_end: 2062/3425
end_to_end: 2070/3425
end_to_end: 2078/3425
end_to_end: 2085/3425
end_to_end: 2093/3425
end_to_end: 2099/3425
end_to_end: 2107/3425
end_to_end: 2114/3425
end_to_end: 2121/3425
end_to_end: 2128/3425
end_to_end: 2137/3425
end_to_end: 2143/3425
end_to_end: 2151/3425
end_to_end: 2158/3425
end_to_end: 2166/3425
end_to_end: 2173/3425
end_to_end: 2182/3425
end_to_end: 2189/3425
end_to_end: 2197/3425
end_to_end: 2205/3425
end_to_end: 2213/3425
end_to_end: 2220/3425
end_to_end: 2229/3425
end_to_end: 2237/3425
end_to_end: 2244/3425
end_to_end: 2251/3425
end_to_end: 2258/3425
end_to_end: 2265/3425
end_to_end: 2272/3425
end_to_end: 2278/3425
end_to_end: 2286/3425
end_to_end: 2294/3425
end_to_end: 2300/3425
end_to_end: 2305/3425
end_to_end: 2312/3425
end_to_end: 2320/3425
end_to_end: 2326/3425
end_to_end: 2334/3425
end_to_end: 2342/3425
end_to_end: 2349/3425
end_to_end: 2356/3425
end_to_end: 2364/3425
end_to_end: 2371/3425
end_to_end: 2379/3425
end_to_end: 2387/3425
end_to_end: 2393/3425
end_to_end: 2400/3425
end_to_end: 2408/3425
end_to_end: 2414/3425
end_to_end: 2422/3425
end_to_end: 2429/3425
end_to_end: 2436/3425
end_to_end: 2444/3425
end_to_end: 2451/3425
end_to_end: 2458/3425
end_to_end: 2466/3425
end_to_end: 2473/3425
end_to_end: 2481/3425
end_to_end: 2487/3425
end_to_end: 2495/3425
end_to_end: 2502/3425
end_to_end: 2510/3425
end_to_end: 2519/3425
end_to_end: 2525/3425
end_to_end: 2532/3425
end_to_end: 2540/3425
end_to_end: 2547/3425
end_to_end: 2555/3425
end_to_end: 2563/3425
end_to_end: 2567/3425
end_to_end: 2575/3425
end_to_end: 2582/3425
end_to_end: 2589/3425
end_to_end: 2597/3425
end_to_end: 2603/3425
end_to_end: 2611/3425
end_to_end: 2619/3425
end_to_end: 2626/3425
end_to_end: 2633/3425
end_to_end: 2639/3425
end_to_end: 2647/3425
end_to_end: 2654/3425
end_to_end: 2662/3425
end_to_end: 2670/3425
end_to_end: 2676/3425
end_to_end: 2684/3425
end_to_end: 2691/3425
end_to_end: 2699/3425
end_to_end: 2707/3425
end_to_end: 2714/3425
end_to_end: 2722/3425
end_to_end: 2728/3425
end_to_end: 2735/3425
end_to_end: 2742/3425
end_to_end: 2750/3425
end_to_end: 2757/3425
end_to_end: 2764/3425
end_to_end: 2772/3425
end_to_end: 2778/3425
end_to_end: 2786/3425
end_to_end: 2794/3425
end_to_end: 2798/3425
end_to_end: 2805/3425
end_to_end: 2812/3425
end_to_end: 2820/3425
end_to_end: 2824/3425
end_to_end: 2832/3425
end_to_end: 2840/3425
end_to_end: 2848/3425
end_to_end: 2855/3425
end_to_end: 2863/3425
end_to_end: 2870/3425
end_to_end: 2878/3425
end_to_end: 2886/3425
end_to_end: 2894/3425
end_to_end: 2901/3425
end_to_end: 2908/3425
end_to_end: 2916/3425
end_to_end: 2924/3425
end_to_end: 2933/3425
end_to_end: 2939/3425
end_to_end: 2947/3425
end_to_end: 2955/3425
end_to_end: 2961/3425
end_to_end: 2968/3425
end_to_end: 2975/3425
end_to_end: 2983/3425
end_to_end: 2991/3425
end_to_end: 2999/3425
end_to_end: 3007/3425
end_to_end: 3014/3425
end_to_end: 3021/3425
end_to_end: 3028/3425
end_to_end: 3035/3425
end_to_end: 3043/3425
end_to_end: 3050/3425
end_to_end: 3057/3425
end_to_end: 3065/3425
end_to_end: 3072/3425
end_to_end: 3079/3425
end_to_end: 3087/3425
end_to_end: 3091/3425
end_to_end: 3099/3425
end_to_end: 3106/3425
end_to_end: 3113/3425
end_to_end: 3120/3425
end_to_end: 3128/3425
end_to_end: 3135/3425
end_to_end: 3143/3425
end_to_end: 3151/3425
end_to_end: 3159/3425
end_to_end: 3166/3425
end_to_end: 3175/3425
end_to_end: 3181/3425
end_to_end: 3189/3425
end_to_end: 3197/3425
end_to_end: 3204/3425
end_to_end: 3212/3425
end_to_end: 3218/3425
end_to_end: 3226/3425
end_to_end: 3235/3425
end_to_end: 3242/3425
end_to_end: 3249/3425
end_to_end: 3257/3425
end_to_end: 3264/3425
end_to_end: 3272/3425
end_to_end: 3279/3425
end_to_end: 3286/3425
end_to_end: 3293/3425
end_to_end: 3301/3425
end_to_end: 3309/3425
end_to_end: 3318/3425
end_to_end: 3324/3425
end_to_end: 3331/3425
end_to_end: 3339/3425
end_to_end: 3346/3425
end_to_end: 3354/3425
end_to_end: 3362/3425
end_to_end: 3368/3425
end_to_end: 3376/3425
end_to_end: 3382/3425
end_to_end: 3390/3425
end_to_end: 3397/3425
end_to_end: 3405/3425
end_to_end: 3412/3425
end_to_end: 3419/3425
end_to_end: 3425/3425
end_to_end: 3425 inferencias em 482.827 s; 7.09364 FPS de throughput; 3.07422 FPS por latencia; latencia media 325.285 ms; p99 417.575 ms
Validando segmentacao...
validacao: 0/3425
validacao: 1/3425
validacao: 5/3425
validacao: 9/3425
validacao: 12/3425
validacao: 16/3425
validacao: 19/3425
validacao: 23/3425
validacao: 27/3425
validacao: 30/3425
validacao: 34/3425
validacao: 37/3425
validacao: 41/3425
validacao: 44/3425
validacao: 48/3425
validacao: 51/3425
validacao: 54/3425
validacao: 58/3425
validacao: 61/3425
validacao: 65/3425
validacao: 68/3425
validacao: 72/3425
validacao: 75/3425
validacao: 79/3425
validacao: 82/3425
validacao: 86/3425
validacao: 89/3425
validacao: 93/3425
validacao: 96/3425
validacao: 100/3425
validacao: 103/3425
validacao: 107/3425
validacao: 110/3425
validacao: 114/3425
validacao: 117/3425
validacao: 121/3425
validacao: 124/3425
validacao: 128/3425
validacao: 132/3425
validacao: 135/3425
validacao: 139/3425
validacao: 142/3425
validacao: 146/3425
validacao: 149/3425
validacao: 153/3425
validacao: 156/3425
validacao: 160/3425
validacao: 164/3425
validacao: 167/3425
validacao: 171/3425
validacao: 175/3425
validacao: 178/3425
validacao: 181/3425
validacao: 185/3425
validacao: 189/3425
validacao: 192/3425
validacao: 196/3425
validacao: 200/3425
validacao: 203/3425
validacao: 207/3425
validacao: 210/3425
validacao: 214/3425
validacao: 218/3425
validacao: 221/3425
validacao: 225/3425
validacao: 229/3425
validacao: 232/3425
validacao: 236/3425
validacao: 240/3425
validacao: 243/3425
validacao: 247/3425
validacao: 250/3425
validacao: 254/3425
validacao: 257/3425
validacao: 261/3425
validacao: 265/3425
validacao: 268/3425
validacao: 272/3425
validacao: 276/3425
validacao: 279/3425
validacao: 283/3425
validacao: 286/3425
validacao: 290/3425
validacao: 293/3425
validacao: 297/3425
validacao: 301/3425
validacao: 304/3425
validacao: 308/3425
validacao: 312/3425
validacao: 315/3425
validacao: 319/3425
validacao: 323/3425
validacao: 326/3425
validacao: 330/3425
validacao: 333/3425
validacao: 337/3425
validacao: 341/3425
validacao: 344/3425
validacao: 347/3425
validacao: 351/3425
validacao: 355/3425
validacao: 358/3425
validacao: 362/3425
validacao: 366/3425
validacao: 369/3425
validacao: 373/3425
validacao: 376/3425
validacao: 380/3425
validacao: 384/3425
validacao: 387/3425
validacao: 391/3425
validacao: 394/3425
validacao: 398/3425
validacao: 402/3425
validacao: 405/3425
validacao: 409/3425
validacao: 412/3425
validacao: 416/3425
validacao: 419/3425
validacao: 423/3425
validacao: 427/3425
validacao: 430/3425
validacao: 434/3425
validacao: 438/3425
validacao: 441/3425
validacao: 445/3425
validacao: 448/3425
validacao: 452/3425
validacao: 456/3425
validacao: 459/3425
validacao: 462/3425
validacao: 466/3425
validacao: 469/3425
validacao: 473/3425
validacao: 477/3425
validacao: 480/3425
validacao: 484/3425
validacao: 488/3425
validacao: 491/3425
validacao: 495/3425
validacao: 498/3425
validacao: 502/3425
validacao: 506/3425
validacao: 509/3425
validacao: 513/3425
validacao: 517/3425
validacao: 520/3425
validacao: 524/3425
validacao: 527/3425
validacao: 531/3425
validacao: 535/3425
validacao: 538/3425
validacao: 542/3425
validacao: 546/3425
validacao: 549/3425
validacao: 553/3425
validacao: 556/3425
validacao: 560/3425
validacao: 564/3425
validacao: 567/3425
validacao: 571/3425
validacao: 574/3425
validacao: 578/3425
validacao: 581/3425
validacao: 585/3425
validacao: 589/3425
validacao: 592/3425
validacao: 596/3425
validacao: 599/3425
validacao: 603/3425
validacao: 607/3425
validacao: 610/3425
validacao: 614/3425
validacao: 618/3425
validacao: 621/3425
validacao: 625/3425
validacao: 628/3425
validacao: 632/3425
validacao: 636/3425
validacao: 639/3425
validacao: 643/3425
validacao: 646/3425
validacao: 650/3425
validacao: 653/3425
validacao: 657/3425
validacao: 660/3425
validacao: 664/3425
validacao: 668/3425
validacao: 671/3425
validacao: 675/3425
validacao: 678/3425
validacao: 682/3425
validacao: 686/3425
validacao: 689/3425
validacao: 693/3425
validacao: 696/3425
validacao: 700/3425
validacao: 703/3425
validacao: 707/3425
validacao: 710/3425
validacao: 714/3425
validacao: 717/3425
validacao: 721/3425
validacao: 725/3425
validacao: 728/3425
validacao: 732/3425
validacao: 735/3425
validacao: 739/3425
validacao: 742/3425
validacao: 746/3425
validacao: 750/3425
validacao: 753/3425
validacao: 757/3425
validacao: 760/3425
validacao: 764/3425
validacao: 768/3425
validacao: 771/3425
validacao: 775/3425
validacao: 779/3425
validacao: 782/3425
validacao: 786/3425
validacao: 789/3425
validacao: 793/3425
validacao: 796/3425
validacao: 800/3425
validacao: 804/3425
validacao: 807/3425
validacao: 811/3425
validacao: 815/3425
validacao: 818/3425
validacao: 822/3425
validacao: 826/3425
validacao: 829/3425
validacao: 833/3425
validacao: 836/3425
validacao: 840/3425
validacao: 844/3425
validacao: 847/3425
validacao: 851/3425
validacao: 855/3425
validacao: 858/3425
validacao: 862/3425
validacao: 865/3425
validacao: 869/3425
validacao: 873/3425
validacao: 876/3425
validacao: 880/3425
validacao: 883/3425
validacao: 887/3425
validacao: 891/3425
validacao: 894/3425
validacao: 898/3425
validacao: 901/3425
validacao: 905/3425
validacao: 909/3425
validacao: 912/3425
validacao: 916/3425
validacao: 920/3425
validacao: 923/3425
validacao: 927/3425
validacao: 930/3425
validacao: 934/3425
validacao: 937/3425
validacao: 940/3425
validacao: 943/3425
validacao: 947/3425
validacao: 950/3425
validacao: 954/3425
validacao: 957/3425
validacao: 960/3425
validacao: 964/3425
validacao: 967/3425
validacao: 970/3425
validacao: 974/3425
validacao: 977/3425
validacao: 981/3425
validacao: 984/3425
validacao: 988/3425
validacao: 991/3425
validacao: 995/3425
validacao: 998/3425
validacao: 1001/3425
validacao: 1005/3425
validacao: 1008/3425
validacao: 1012/3425
validacao: 1015/3425
validacao: 1018/3425
validacao: 1022/3425
validacao: 1025/3425
validacao: 1029/3425
validacao: 1033/3425
validacao: 1036/3425
validacao: 1040/3425
validacao: 1043/3425
validacao: 1047/3425
validacao: 1051/3425
validacao: 1054/3425
validacao: 1058/3425
validacao: 1062/3425
validacao: 1065/3425
validacao: 1069/3425
validacao: 1072/3425
validacao: 1076/3425
validacao: 1080/3425
validacao: 1083/3425
validacao: 1087/3425
validacao: 1091/3425
validacao: 1094/3425
validacao: 1098/3425
validacao: 1102/3425
validacao: 1105/3425
validacao: 1109/3425
validacao: 1112/3425
validacao: 1116/3425
validacao: 1120/3425
validacao: 1123/3425
validacao: 1127/3425
validacao: 1131/3425
validacao: 1134/3425
validacao: 1138/3425
validacao: 1142/3425
validacao: 1145/3425
validacao: 1149/3425
validacao: 1152/3425
validacao: 1156/3425
validacao: 1160/3425
validacao: 1163/3425
validacao: 1167/3425
validacao: 1170/3425
validacao: 1174/3425
validacao: 1177/3425
validacao: 1181/3425
validacao: 1184/3425
validacao: 1188/3425
validacao: 1192/3425
validacao: 1195/3425
validacao: 1199/3425
validacao: 1202/3425
validacao: 1206/3425
validacao: 1209/3425
validacao: 1213/3425
validacao: 1217/3425
validacao: 1220/3425
validacao: 1224/3425
validacao: 1227/3425
validacao: 1231/3425
validacao: 1234/3425
validacao: 1238/3425
validacao: 1242/3425
validacao: 1245/3425
validacao: 1249/3425
validacao: 1252/3425
validacao: 1256/3425
validacao: 1259/3425
validacao: 1263/3425
validacao: 1266/3425
validacao: 1270/3425
validacao: 1274/3425
validacao: 1277/3425
validacao: 1281/3425
validacao: 1284/3425
validacao: 1288/3425
validacao: 1291/3425
validacao: 1295/3425
validacao: 1298/3425
validacao: 1302/3425
validacao: 1305/3425
validacao: 1309/3425
validacao: 1312/3425
validacao: 1316/3425
validacao: 1319/3425
validacao: 1323/3425
validacao: 1326/3425
validacao: 1330/3425
validacao: 1333/3425
validacao: 1337/3425
validacao: 1340/3425
validacao: 1344/3425
validacao: 1347/3425
validacao: 1351/3425
validacao: 1354/3425
validacao: 1358/3425
validacao: 1361/3425
validacao: 1365/3425
validacao: 1369/3425
validacao: 1372/3425
validacao: 1376/3425
validacao: 1379/3425
validacao: 1383/3425
validacao: 1387/3425
validacao: 1391/3425
validacao: 1394/3425
validacao: 1398/3425
validacao: 1401/3425
validacao: 1405/3425
validacao: 1409/3425
validacao: 1412/3425
validacao: 1416/3425
validacao: 1419/3425
validacao: 1423/3425
validacao: 1427/3425
validacao: 1430/3425
validacao: 1434/3425
validacao: 1437/3425
validacao: 1441/3425
validacao: 1445/3425
validacao: 1448/3425
validacao: 1452/3425
validacao: 1455/3425
validacao: 1459/3425
validacao: 1463/3425
validacao: 1466/3425
validacao: 1470/3425
validacao: 1473/3425
validacao: 1477/3425
validacao: 1480/3425
validacao: 1484/3425
validacao: 1487/3425
validacao: 1491/3425
validacao: 1495/3425
validacao: 1498/3425
validacao: 1502/3425
validacao: 1505/3425
validacao: 1509/3425
validacao: 1512/3425
validacao: 1516/3425
validacao: 1520/3425
validacao: 1523/3425
validacao: 1527/3425
validacao: 1530/3425
validacao: 1534/3425
validacao: 1537/3425
validacao: 1541/3425
validacao: 1544/3425
validacao: 1548/3425
validacao: 1551/3425
validacao: 1555/3425
validacao: 1558/3425
validacao: 1562/3425
validacao: 1565/3425
validacao: 1569/3425
validacao: 1573/3425
validacao: 1576/3425
validacao: 1580/3425
validacao: 1583/3425
validacao: 1587/3425
validacao: 1590/3425
validacao: 1593/3425
validacao: 1597/3425
validacao: 1600/3425
validacao: 1604/3425
validacao: 1607/3425
validacao: 1611/3425
validacao: 1615/3425
validacao: 1618/3425
validacao: 1622/3425
validacao: 1625/3425
validacao: 1629/3425
validacao: 1632/3425
validacao: 1636/3425
validacao: 1639/3425
validacao: 1643/3425
validacao: 1646/3425
validacao: 1650/3425
validacao: 1653/3425
validacao: 1657/3425
validacao: 1660/3425
validacao: 1663/3425
validacao: 1667/3425
validacao: 1670/3425
validacao: 1674/3425
validacao: 1677/3425
validacao: 1681/3425
validacao: 1684/3425
validacao: 1688/3425
validacao: 1691/3425
validacao: 1695/3425
validacao: 1698/3425
validacao: 1702/3425
validacao: 1705/3425
validacao: 1709/3425
validacao: 1712/3425
validacao: 1716/3425
validacao: 1719/3425
validacao: 1723/3425
validacao: 1727/3425
validacao: 1730/3425
validacao: 1734/3425
validacao: 1738/3425
validacao: 1742/3425
validacao: 1745/3425
validacao: 1749/3425
validacao: 1753/3425
validacao: 1757/3425
validacao: 1761/3425
validacao: 1765/3425
validacao: 1768/3425
validacao: 1772/3425
validacao: 1776/3425
validacao: 1780/3425
validacao: 1784/3425
validacao: 1788/3425
validacao: 1791/3425
validacao: 1795/3425
validacao: 1799/3425
validacao: 1802/3425
validacao: 1806/3425
validacao: 1810/3425
validacao: 1814/3425
validacao: 1817/3425
validacao: 1821/3425
validacao: 1825/3425
validacao: 1829/3425
validacao: 1833/3425
validacao: 1836/3425
validacao: 1840/3425
validacao: 1844/3425
validacao: 1848/3425
validacao: 1851/3425
validacao: 1855/3425
validacao: 1859/3425
validacao: 1863/3425
validacao: 1867/3425
validacao: 1871/3425
validacao: 1874/3425
validacao: 1878/3425
validacao: 1882/3425
validacao: 1885/3425
validacao: 1889/3425
validacao: 1893/3425
validacao: 1896/3425
validacao: 1900/3425
validacao: 1904/3425
validacao: 1907/3425
validacao: 1911/3425
validacao: 1915/3425
validacao: 1919/3425
validacao: 1923/3425
validacao: 1926/3425
validacao: 1930/3425
validacao: 1934/3425
validacao: 1938/3425
validacao: 1941/3425
validacao: 1945/3425
validacao: 1949/3425
validacao: 1953/3425
validacao: 1956/3425
validacao: 1960/3425
validacao: 1963/3425
validacao: 1967/3425
validacao: 1971/3425
validacao: 1975/3425
validacao: 1979/3425
validacao: 1982/3425
validacao: 1986/3425
validacao: 1990/3425
validacao: 1993/3425
validacao: 1998/3425
validacao: 2001/3425
validacao: 2005/3425
validacao: 2008/3425
validacao: 2012/3425
validacao: 2016/3425
validacao: 2020/3425
validacao: 2023/3425
validacao: 2027/3425
validacao: 2031/3425
validacao: 2035/3425
validacao: 2039/3425
validacao: 2043/3425
validacao: 2047/3425
validacao: 2051/3425
validacao: 2054/3425
validacao: 2058/3425
validacao: 2062/3425
validacao: 2066/3425
validacao: 2070/3425
validacao: 2074/3425
validacao: 2078/3425
validacao: 2082/3425
validacao: 2085/3425
validacao: 2089/3425
validacao: 2093/3425
validacao: 2096/3425
validacao: 2100/3425
validacao: 2104/3425
validacao: 2107/3425
validacao: 2111/3425
validacao: 2115/3425
validacao: 2119/3425
validacao: 2122/3425
validacao: 2126/3425
validacao: 2129/3425
validacao: 2133/3425
validacao: 2137/3425
validacao: 2140/3425
validacao: 2144/3425
validacao: 2147/3425
validacao: 2152/3425
validacao: 2155/3425
validacao: 2159/3425
validacao: 2163/3425
validacao: 2167/3425
validacao: 2171/3425
validacao: 2174/3425
validacao: 2178/3425
validacao: 2182/3425
validacao: 2186/3425
validacao: 2189/3425
validacao: 2193/3425
validacao: 2197/3425
validacao: 2201/3425
validacao: 2205/3425
validacao: 2209/3425
validacao: 2213/3425
validacao: 2216/3425
validacao: 2220/3425
validacao: 2224/3425
validacao: 2228/3425
validacao: 2232/3425
validacao: 2236/3425
validacao: 2240/3425
validacao: 2243/3425
validacao: 2247/3425
validacao: 2251/3425
validacao: 2254/3425
validacao: 2258/3425
validacao: 2262/3425
validacao: 2265/3425
validacao: 2269/3425
validacao: 2273/3425
validacao: 2276/3425
validacao: 2279/3425
validacao: 2283/3425
validacao: 2287/3425
validacao: 2291/3425
validacao: 2294/3425
validacao: 2298/3425
validacao: 2302/3425
validacao: 2305/3425
validacao: 2309/3425
validacao: 2313/3425
validacao: 2316/3425
validacao: 2320/3425
validacao: 2324/3425
validacao: 2327/3425
validacao: 2331/3425
validacao: 2334/3425
validacao: 2338/3425
validacao: 2342/3425
validacao: 2346/3425
validacao: 2350/3425
validacao: 2354/3425
validacao: 2357/3425
validacao: 2361/3425
validacao: 2365/3425
validacao: 2369/3425
validacao: 2372/3425
validacao: 2376/3425
validacao: 2380/3425
validacao: 2384/3425
validacao: 2388/3425
validacao: 2391/3425
validacao: 2395/3425
validacao: 2399/3425
validacao: 2402/3425
validacao: 2406/3425
validacao: 2409/3425
validacao: 2413/3425
validacao: 2416/3425
validacao: 2420/3425
validacao: 2424/3425
validacao: 2428/3425
validacao: 2431/3425
validacao: 2435/3425
validacao: 2439/3425
validacao: 2443/3425
validacao: 2446/3425
validacao: 2450/3425
validacao: 2454/3425
validacao: 2458/3425
validacao: 2461/3425
validacao: 2465/3425
validacao: 2469/3425
validacao: 2472/3425
validacao: 2476/3425
validacao: 2480/3425
validacao: 2484/3425
validacao: 2487/3425
validacao: 2491/3425
validacao: 2495/3425
validacao: 2499/3425
validacao: 2503/3425
validacao: 2507/3425
validacao: 2510/3425
validacao: 2514/3425
validacao: 2518/3425
validacao: 2522/3425
validacao: 2526/3425
validacao: 2529/3425
validacao: 2533/3425
validacao: 2537/3425
validacao: 2540/3425
validacao: 2544/3425
validacao: 2548/3425
validacao: 2551/3425
validacao: 2555/3425
validacao: 2558/3425
validacao: 2562/3425
validacao: 2566/3425
validacao: 2569/3425
validacao: 2573/3425
validacao: 2576/3425
validacao: 2580/3425
validacao: 2583/3425
validacao: 2587/3425
validacao: 2591/3425
validacao: 2594/3425
validacao: 2598/3425
validacao: 2601/3425
validacao: 2605/3425
validacao: 2608/3425
validacao: 2612/3425
validacao: 2616/3425
validacao: 2619/3425
validacao: 2623/3425
validacao: 2626/3425
validacao: 2630/3425
validacao: 2634/3425
validacao: 2637/3425
validacao: 2641/3425
validacao: 2644/3425
validacao: 2648/3425
validacao: 2651/3425
validacao: 2655/3425
validacao: 2658/3425
validacao: 2662/3425
validacao: 2666/3425
validacao: 2669/3425
validacao: 2673/3425
validacao: 2676/3425
validacao: 2680/3425
validacao: 2684/3425
validacao: 2687/3425
validacao: 2691/3425
validacao: 2694/3425
validacao: 2698/3425
validacao: 2702/3425
validacao: 2706/3425
validacao: 2709/3425
validacao: 2713/3425
validacao: 2716/3425
validacao: 2720/3425
validacao: 2724/3425
validacao: 2727/3425
validacao: 2731/3425
validacao: 2734/3425
validacao: 2738/3425
validacao: 2741/3425
validacao: 2745/3425
validacao: 2748/3425
validacao: 2752/3425
validacao: 2755/3425
validacao: 2759/3425
validacao: 2763/3425
validacao: 2766/3425
validacao: 2770/3425
validacao: 2774/3425
validacao: 2777/3425
validacao: 2781/3425
validacao: 2785/3425
validacao: 2789/3425
validacao: 2792/3425
validacao: 2796/3425
validacao: 2799/3425
validacao: 2803/3425
validacao: 2806/3425
validacao: 2810/3425
validacao: 2813/3425
validacao: 2817/3425
validacao: 2820/3425
validacao: 2824/3425
validacao: 2827/3425
validacao: 2831/3425
validacao: 2835/3425
validacao: 2839/3425
validacao: 2842/3425
validacao: 2846/3425
validacao: 2850/3425
validacao: 2852/3425
validacao: 2856/3425
validacao: 2860/3425
validacao: 2863/3425
validacao: 2867/3425
validacao: 2871/3425
validacao: 2874/3425
validacao: 2878/3425
validacao: 2882/3425
validacao: 2885/3425
validacao: 2889/3425
validacao: 2893/3425
validacao: 2896/3425
validacao: 2900/3425
validacao: 2904/3425
validacao: 2907/3425
validacao: 2911/3425
validacao: 2914/3425
validacao: 2918/3425
validacao: 2922/3425
validacao: 2926/3425
validacao: 2930/3425
validacao: 2934/3425
validacao: 2937/3425
validacao: 2941/3425
validacao: 2944/3425
validacao: 2948/3425
validacao: 2952/3425
validacao: 2955/3425
validacao: 2959/3425
validacao: 2962/3425
validacao: 2966/3425
validacao: 2969/3425
validacao: 2973/3425
validacao: 2976/3425
validacao: 2980/3425
validacao: 2983/3425
validacao: 2987/3425
validacao: 2990/3425
validacao: 2994/3425
validacao: 2998/3425
validacao: 3001/3425
validacao: 3005/3425
validacao: 3009/3425
validacao: 3012/3425
validacao: 3016/3425
validacao: 3020/3425
validacao: 3023/3425
validacao: 3027/3425
validacao: 3030/3425
validacao: 3034/3425
validacao: 3037/3425
validacao: 3041/3425
validacao: 3044/3425
validacao: 3048/3425
validacao: 3051/3425
validacao: 3055/3425
validacao: 3058/3425
validacao: 3062/3425
validacao: 3066/3425
validacao: 3069/3425
validacao: 3073/3425
validacao: 3076/3425
validacao: 3080/3425
validacao: 3084/3425
validacao: 3087/3425
validacao: 3091/3425
validacao: 3094/3425
validacao: 3098/3425
validacao: 3102/3425
validacao: 3105/3425
validacao: 3108/3425
validacao: 3111/3425
validacao: 3115/3425
validacao: 3119/3425
validacao: 3122/3425
validacao: 3126/3425
validacao: 3130/3425
validacao: 3133/3425
validacao: 3137/3425
validacao: 3141/3425
validacao: 3144/3425
validacao: 3148/3425
validacao: 3151/3425
validacao: 3155/3425
validacao: 3159/3425
validacao: 3163/3425
validacao: 3166/3425
validacao: 3170/3425
validacao: 3174/3425
validacao: 3177/3425
validacao: 3181/3425
validacao: 3185/3425
validacao: 3188/3425
validacao: 3192/3425
validacao: 3196/3425
validacao: 3199/3425
validacao: 3203/3425
validacao: 3206/3425
validacao: 3210/3425
validacao: 3213/3425
validacao: 3217/3425
validacao: 3220/3425
validacao: 3224/3425
validacao: 3228/3425
validacao: 3231/3425
validacao: 3235/3425
validacao: 3239/3425
validacao: 3242/3425
validacao: 3245/3425
validacao: 3249/3425
validacao: 3253/3425
validacao: 3256/3425
validacao: 3260/3425
validacao: 3264/3425
validacao: 3267/3425
validacao: 3271/3425
validacao: 3274/3425
validacao: 3278/3425
validacao: 3282/3425
validacao: 3285/3425
validacao: 3288/3425
validacao: 3292/3425
validacao: 3296/3425
validacao: 3299/3425
validacao: 3303/3425
validacao: 3307/3425
validacao: 3311/3425
validacao: 3315/3425
validacao: 3319/3425
validacao: 3322/3425
validacao: 3326/3425
validacao: 3330/3425
validacao: 3333/3425
validacao: 3337/3425
validacao: 3341/3425
validacao: 3344/3425
validacao: 3348/3425
validacao: 3351/3425
validacao: 3355/3425
validacao: 3359/3425
validacao: 3362/3425
validacao: 3366/3425
validacao: 3369/3425
validacao: 3372/3425
validacao: 3376/3425
validacao: 3379/3425
validacao: 3383/3425
validacao: 3386/3425
validacao: 3390/3425
validacao: 3394/3425
validacao: 3397/3425
validacao: 3401/3425
validacao: 3404/3425
validacao: 3408/3425
validacao: 3412/3425
validacao: 3415/3425
validacao: 3419/3425
validacao: 3422/3425
validacao: 3425/3425
Validacao oficial: F1=0.745816 AP medio=0.794696
F1=0.741481 IoU=0.58917 AUPRC=0.853599 FPR tile=0.0642148
Resultados: "/home/root/thiago/benchmark/codigos_c/official_results_zcu104/hyperstarcop_20211119_210813/dataset_starcop"
