============================================================
METHANE SEGMENTATION ZCU104 OPTIMIZED BENCHMARK
============================================================
Batch: 1 ALWAYS
Profile: max-e2e
Dataset images: 5
Runners: 1
Pre workers: 2
Post workers: 1
Slots/runner: 1
Pin: no
DPU subgraphs: 6 | CPU fallback subgraphs: 6
Input  : [1,512,512,4] INT8 fix=5
Output : [1,512,512,1] FLOAT32

============================================================
max_end_to_end_throughput
============================================================
batch              = 1
runners            = 1
pre_workers        = 2
post_workers       = 1
slots_per_runner   = 1
completed          = 5
wall_s             = 1.896955
THROUGHPUT FPS     = 2.635803
POWER sensors/samples = 1/11.000000
POWER mean/min/max W = 14.914545/14.412000/15.750000
ENERGY estimated J   = 28.292224

FPS EQUIVALENT FROM PER-JOB LATENCY
 average = 1.229759
 min     = 1.025551
 max     = 2.603586
 p95     = 1.025782
 p99     = 1.025597

LATENCY ms
 mean   = 813.167452
 median = 965.639570
 min    = 384.085710
 max    = 975.085770
 p90    = 974.646102
 p95    = 974.865936
 p99    = 975.041803
 stddev = 228.721230
 CV     = 0.281272
 jitter p99-p50 = 9.402233 ms

DPU STAGE ms
 mean = 208.779966
 p95  = 209.205128
 p99  = 209.263642

PREPROCESS mean = 164.227464 ms
POSTPROCESS mean = 6.048820 ms

INTER-COMPLETION ms
 mean = 377.938020
 p95  = 382.877340
 p99  = 382.941868
OUTPUT-CADENCE FPS
 average(system wall) = 2.635803
 min = 2.611252
 max = 2.705431
 p95 = 2.611803
 p99 = 2.611362

Results saved to:
/home/root/Benchmark_ZCU104/results_all_models/methane_mobilenet_v3/runs/60_final_c3__max_e2e__r1_pre2_post1_spr1_nopin__rep1__n5__samples5__cpu0
