============================================================
METHANE SEGMENTATION ZCU104 OPTIMIZED BENCHMARK
============================================================
Batch: 1 ALWAYS
Profile: max-model-only
Dataset images: 342
Runners: 2
Pre workers: 1
Post workers: 1
Slots/runner: 1
Pin: no
DPU subgraphs: 1 | CPU fallback subgraphs: 1
Input  : [1,512,512,4] INT8 fix=5
Output : [1,512,512,1] FLOAT32

============================================================
max_model_only_throughput
============================================================
batch              = 1
runners            = 2
pre_workers        = 0
post_workers       = 0
slots_per_runner   = 1
completed          = 342
wall_s             = 27.615247
THROUGHPUT FPS     = 12.384463
POWER sensors/samples = 1/139.000000
POWER mean/min/max W = 25.888957/15.125000/28.700000
ENERGY estimated J   = 714.929946

FPS EQUIVALENT FROM PER-JOB LATENCY
 average = 6.207447
 min     = 5.948586
 max     = 6.341643
 p95     = 6.015854
 p99     = 5.968442

LATENCY ms
 mean   = 161.096814
 median = 161.809615
 min    = 157.687840
 max    = 168.107170
 p90    = 164.313922
 p95    = 166.227446
 p99    = 167.547907
 stddev = 2.629997
 CV     = 0.016326
 jitter p99-p50 = 5.738292 ms

DPU STAGE ms
 mean = 161.096814
 p95  = 166.227446
 p99  = 167.547907

INTER-COMPLETION ms
 mean = 80.507680
 p95  = 149.818440
 p99  = 160.259504
OUTPUT-CADENCE FPS
 average(system wall) = 12.384463
 min = 6.216589
 max = 4538.234627
 p95 = 6.674746
 p99 = 6.239880

Results saved to:
/home/root/Benchmark_ZCU104/results_all_models/methane_skip_connections/runs/70_full_model_only__max_model_only__r2_pre1_post1_spr1_nopin__rep1__n0__samples0__cpu4
