============================================================
METHANE SEGMENTATION ZCU104 OPTIMIZED BENCHMARK
============================================================
Batch: 1 ALWAYS
Profile: max-model-only
Dataset images: 342
Runners: 2
Pre workers: 1
Post workers: 1
Slots/runner: 1
Pin: no
DPU subgraphs: 6 | CPU fallback subgraphs: 6
Input  : [1,512,512,4] INT8 fix=5
Output : [1,512,512,1] FLOAT32

============================================================
max_model_only_throughput
============================================================
batch              = 1
runners            = 2
pre_workers        = 0
post_workers       = 0
slots_per_runner   = 1
completed          = 342
wall_s             = 36.240664
THROUGHPUT FPS     = 9.436913
POWER sensors/samples = 1/182.000000
POWER mean/min/max W = 15.369126/14.437000/17.875000
ENERGY estimated J   = 556.987349

FPS EQUIVALENT FROM PER-JOB LATENCY
 average = 4.728131
 min     = 4.609833
 max     = 4.778676
 p95     = 4.680989
 p99     = 4.663423

LATENCY ms
 mean   = 211.500070
 median = 210.919680
 min    = 209.262980
 max    = 216.927620
 p90    = 213.395938
 p95    = 213.630057
 p99    = 214.434740
 stddev = 1.717155
 CV     = 0.008119
 jitter p99-p50 = 3.515060 ms

DPU STAGE ms
 mean = 211.500070
 p95  = 213.630057
 p99  = 214.434740

INTER-COMPLETION ms
 mean = 105.654808
 p95  = 198.693170
 p99  = 208.009674
OUTPUT-CADENCE FPS
 average(system wall) = 9.436913
 min = 4.762706
 max = 650.931483
 p95 = 5.032886
 p99 = 4.807469

Results saved to:
/home/root/Benchmark_ZCU104/results_all_models/methane_mobilenet_v3/runs/70_full_model_only__max_model_only__r2_pre1_post1_spr1_nopin__rep1__n0__samples0__cpu4
