============================================================
METHANE SEGMENTATION ZCU104 OPTIMIZED BENCHMARK
============================================================
Batch: 1 ALWAYS
Profile: max-e2e
Dataset images: 5
Runners: 2
Pre workers: 1
Post workers: 1
Slots/runner: 1
Pin: no
DPU subgraphs: 1 | CPU fallback subgraphs: 1
Input  : [1,512,512,4] INT8 fix=5
Output : [1,512,512,1] FLOAT32

============================================================
max_end_to_end_throughput
============================================================
batch              = 1
runners            = 2
pre_workers        = 1
post_workers       = 1
slots_per_runner   = 1
completed          = 5
wall_s             = 1.049475
THROUGHPUT FPS     = 4.764289
POWER sensors/samples = 1/7.000000
POWER mean/min/max W = 19.880143/14.825000/21.250000
ENERGY estimated J   = 20.863705

FPS EQUIVALENT FROM PER-JOB LATENCY
 average = 2.777282
 min     = 2.681223
 max     = 2.879859
 p95     = 2.696210
 p99     = 2.684207

LATENCY ms
 mean   = 360.064208
 median = 362.155960
 min    = 347.239270
 max    = 372.964090
 p90    = 368.817958
 p95    = 370.891024
 p99    = 372.549477
 stddev = 8.529796
 CV     = 0.023690
 jitter p99-p50 = 10.393517 ms

DPU STAGE ms
 mean = 181.305898
 p95  = 182.898172
 p99  = 183.017618

PREPROCESS mean = 166.168192 ms
POSTPROCESS mean = 6.324162 ms

INTER-COMPLETION ms
 mean = 173.255445
 p95  = 184.279182
 p99  = 185.537740
OUTPUT-CADENCE FPS
 average(system wall) = 4.764289
 min = 5.380614
 max = 6.308965
 p95 = 5.426549
 p99 = 5.389739

Results saved to:
/home/root/Benchmark_ZCU104/results_all_models/methane_depth_reduced/runs/60_final_c2__max_e2e__r2_pre1_post1_spr1_nopin__rep1__n5__samples5__cpu0
