Collecting kornia==0.6.12
  Downloading kornia-0.6.12-py2.py3-none-any.whl (653 kB)
     ━━━━━━━━━━━━━━━━━━━━━━━━━━━━━━━━━━━━━━ 653.4/653.4 kB 22.4 MB/s eta 0:00:00
Collecting rasterio==1.3.11
  Downloading rasterio-1.3.11-cp38-cp38-manylinux_2_17_x86_64.manylinux2014_x86_64.whl (21.8 MB)
     ━━━━━━━━━━━━━━━━━━━━━━━━━━━━━━━━━━━━━━━━ 21.8/21.8 MB 45.0 MB/s eta 0:00:00
Collecting segmentation-models-pytorch==0.3.3
  Downloading segmentation_models_pytorch-0.3.3-py3-none-any.whl (106 kB)
     ━━━━━━━━━━━━━━━━━━━━━━━━━━━━━━━━━━━━━━ 106.7/106.7 kB 73.9 MB/s eta 0:00:00
Collecting omegaconf==2.3.0
  Downloading omegaconf-2.3.0-py3-none-any.whl (79 kB)
     ━━━━━━━━━━━━━━━━━━━━━━━━━━━━━━━━━━━━━━━ 79.5/79.5 kB 107.1 MB/s eta 0:00:00
Requirement already satisfied: packaging in /opt/vitis_ai/conda/envs/vitis-ai-pytorch/lib/python3.8/site-packages (from kornia==0.6.12) (23.1)
Requirement already satisfied: torch>=1.9.1 in /opt/vitis_ai/conda/envs/vitis-ai-pytorch/lib/python3.8/site-packages (from kornia==0.6.12) (1.13.1)
Collecting affine (from rasterio==1.3.11)
  Downloading affine-2.4.0-py3-none-any.whl (15 kB)
Requirement already satisfied: attrs in /opt/vitis_ai/conda/envs/vitis-ai-pytorch/lib/python3.8/site-packages (from rasterio==1.3.11) (23.1.0)
Requirement already satisfied: certifi in /opt/vitis_ai/conda/envs/vitis-ai-pytorch/lib/python3.8/site-packages (from rasterio==1.3.11) (2023.5.7)
Collecting click>=4.0 (from rasterio==1.3.11)
  Downloading click-8.1.8-py3-none-any.whl (98 kB)
     ━━━━━━━━━━━━━━━━━━━━━━━━━━━━━━━━━━━━━━━━ 98.2/98.2 kB 43.9 MB/s eta 0:00:00
Collecting cligj>=0.5 (from rasterio==1.3.11)
  Downloading cligj-0.7.2-py3-none-any.whl (7.1 kB)
Requirement already satisfied: numpy in /opt/vitis_ai/conda/envs/vitis-ai-pytorch/lib/python3.8/site-packages (from rasterio==1.3.11) (1.22.0)
Collecting snuggs>=1.4.1 (from rasterio==1.3.11)
  Downloading snuggs-1.4.7-py3-none-any.whl (5.4 kB)
Collecting click-plugins (from rasterio==1.3.11)
  Downloading click_plugins-1.1.1.2-py2.py3-none-any.whl (11 kB)
Requirement already satisfied: setuptools in /opt/vitis_ai/conda/envs/vitis-ai-pytorch/lib/python3.8/site-packages (from rasterio==1.3.11) (68.0.0)
Requirement already satisfied: importlib-metadata in /opt/vitis_ai/conda/envs/vitis-ai-pytorch/lib/python3.8/site-packages (from rasterio==1.3.11) (6.7.0)
Requirement already satisfied: torchvision>=0.5.0 in /opt/vitis_ai/conda/envs/vitis-ai-pytorch/lib/python3.8/site-packages (from segmentation-models-pytorch==0.3.3) (0.14.1+cpu)
Collecting pretrainedmodels==0.7.4 (from segmentation-models-pytorch==0.3.3)
  Downloading pretrainedmodels-0.7.4.tar.gz (58 kB)
     ━━━━━━━━━━━━━━━━━━━━━━━━━━━━━━━━━━━━━━━ 58.8/58.8 kB 204.6 MB/s eta 0:00:00
  Preparing metadata (setup.py): started
  Preparing metadata (setup.py): finished with status 'done'
Collecting efficientnet-pytorch==0.7.1 (from segmentation-models-pytorch==0.3.3)
  Downloading efficientnet_pytorch-0.7.1.tar.gz (21 kB)
  Preparing metadata (setup.py): started
  Preparing metadata (setup.py): finished with status 'done'
Collecting timm==0.9.2 (from segmentation-models-pytorch==0.3.3)
  Downloading timm-0.9.2-py3-none-any.whl (2.2 MB)
     ━━━━━━━━━━━━━━━━━━━━━━━━━━━━━━━━━━━━━━━━ 2.2/2.2 MB 37.1 MB/s eta 0:00:00
Requirement already satisfied: tqdm in /opt/vitis_ai/conda/envs/vitis-ai-pytorch/lib/python3.8/site-packages (from segmentation-models-pytorch==0.3.3) (4.65.0)
Requirement already satisfied: pillow in /opt/vitis_ai/conda/envs/vitis-ai-pytorch/lib/python3.8/site-packages (from segmentation-models-pytorch==0.3.3) (9.5.0)
Collecting antlr4-python3-runtime==4.9.* (from omegaconf==2.3.0)
  Downloading antlr4-python3-runtime-4.9.3.tar.gz (117 kB)
     ━━━━━━━━━━━━━━━━━━━━━━━━━━━━━━━━━━━━━ 117.0/117.0 kB 105.2 MB/s eta 0:00:00
  Preparing metadata (setup.py): started
  Preparing metadata (setup.py): finished with status 'done'
Requirement already satisfied: PyYAML>=5.1.0 in /opt/vitis_ai/conda/envs/vitis-ai-pytorch/lib/python3.8/site-packages (from omegaconf==2.3.0) (6.0)
Collecting munch (from pretrainedmodels==0.7.4->segmentation-models-pytorch==0.3.3)
  Downloading munch-4.0.0-py2.py3-none-any.whl (9.9 kB)
Collecting huggingface-hub (from timm==0.9.2->segmentation-models-pytorch==0.3.3)
  Downloading huggingface_hub-0.36.2-py3-none-any.whl (566 kB)
     ━━━━━━━━━━━━━━━━━━━━━━━━━━━━━━━━━━━━━━ 566.4/566.4 kB 38.1 MB/s eta 0:00:00
Collecting safetensors (from timm==0.9.2->segmentation-models-pytorch==0.3.3)
  Downloading safetensors-0.5.3-cp38-abi3-manylinux_2_17_x86_64.manylinux2014_x86_64.whl (471 kB)
     ━━━━━━━━━━━━━━━━━━━━━━━━━━━━━━━━━━━━━━ 471.6/471.6 kB 42.3 MB/s eta 0:00:00
Requirement already satisfied: pyparsing>=2.1.6 in /opt/vitis_ai/conda/envs/vitis-ai-pytorch/lib/python3.8/site-packages (from snuggs>=1.4.1->rasterio==1.3.11) (3.1.0)
Requirement already satisfied: typing_extensions in /opt/vitis_ai/conda/envs/vitis-ai-pytorch/lib/python3.8/site-packages (from torch>=1.9.1->kornia==0.6.12) (4.6.3)
Requirement already satisfied: requests in /opt/vitis_ai/conda/envs/vitis-ai-pytorch/lib/python3.8/site-packages (from torchvision>=0.5.0->segmentation-models-pytorch==0.3.3) (2.31.0)
Requirement already satisfied: zipp>=0.5 in /opt/vitis_ai/conda/envs/vitis-ai-pytorch/lib/python3.8/site-packages (from importlib-metadata->rasterio==1.3.11) (3.15.0)
Collecting filelock (from huggingface-hub->timm==0.9.2->segmentation-models-pytorch==0.3.3)
  Downloading filelock-3.16.1-py3-none-any.whl (16 kB)
Collecting fsspec>=2023.5.0 (from huggingface-hub->timm==0.9.2->segmentation-models-pytorch==0.3.3)
  Downloading fsspec-2025.3.0-py3-none-any.whl (193 kB)
     ━━━━━━━━━━━━━━━━━━━━━━━━━━━━━━━━━━━━━━ 193.6/193.6 kB 64.1 MB/s eta 0:00:00
Collecting hf-xet<2.0.0,>=1.1.3 (from huggingface-hub->timm==0.9.2->segmentation-models-pytorch==0.3.3)
  Downloading hf_xet-1.7.0-cp38-abi3-manylinux2014_x86_64.manylinux_2_17_x86_64.whl (4.2 MB)
     ━━━━━━━━━━━━━━━━━━━━━━━━━━━━━━━━━━━━━━━━ 4.2/4.2 MB 36.6 MB/s eta 0:00:00
Requirement already satisfied: charset-normalizer<4,>=2 in /opt/vitis_ai/conda/envs/vitis-ai-pytorch/lib/python3.8/site-packages (from requests->torchvision>=0.5.0->segmentation-models-pytorch==0.3.3) (3.1.0)
Requirement already satisfied: idna<4,>=2.5 in /opt/vitis_ai/conda/envs/vitis-ai-pytorch/lib/python3.8/site-packages (from requests->torchvision>=0.5.0->segmentation-models-pytorch==0.3.3) (3.4)
Requirement already satisfied: urllib3<3,>=1.21.1 in /opt/vitis_ai/conda/envs/vitis-ai-pytorch/lib/python3.8/site-packages (from requests->torchvision>=0.5.0->segmentation-models-pytorch==0.3.3) (1.26.16)
Building wheels for collected packages: antlr4-python3-runtime, efficientnet-pytorch, pretrainedmodels
  Building wheel for antlr4-python3-runtime (setup.py): started
  Building wheel for antlr4-python3-runtime (setup.py): finished with status 'done'
  Created wheel for antlr4-python3-runtime: filename=antlr4_python3_runtime-4.9.3-py3-none-any.whl size=144554 sha256=5e0aa0296d709b474c159c929c6b56fc1a3790e8bb6013df31d9e773abbda2c2
  Stored in directory: /tmp/pip-ephem-wheel-cache-92v38rim/wheels/b1/a3/c2/6df046c09459b73cc9bb6c4401b0be6c47048baf9a1617c485
  Building wheel for efficientnet-pytorch (setup.py): started
  Building wheel for efficientnet-pytorch (setup.py): finished with status 'done'
  Created wheel for efficientnet-pytorch: filename=efficientnet_pytorch-0.7.1-py3-none-any.whl size=16427 sha256=4f15a506146c56e9354f48c82dc2ca8e8e6236acf3bbb4aaecb410c9d0837109
  Stored in directory: /tmp/pip-ephem-wheel-cache-92v38rim/wheels/84/b9/90/25a0195cf95fb5533db96f1c77ea3f296b7cc86ae8ae48e3dc
  Building wheel for pretrainedmodels (setup.py): started
  Building wheel for pretrainedmodels (setup.py): finished with status 'done'
  Created wheel for pretrainedmodels: filename=pretrainedmodels-0.7.4-py3-none-any.whl size=60945 sha256=853f1fdab8df85718bd81eeb9a20844966797d6ac8255029fa104ea4fdfdf9dd
  Stored in directory: /tmp/pip-ephem-wheel-cache-92v38rim/wheels/ed/fa/b9/5c82b59d905f95542a192b883c0cc0082407ea2f54beb2f9e6
Successfully built antlr4-python3-runtime efficientnet-pytorch pretrainedmodels
Installing collected packages: antlr4-python3-runtime, snuggs, safetensors, omegaconf, munch, hf-xet, fsspec, filelock, click, affine, kornia, huggingface-hub, efficientnet-pytorch, cligj, click-plugins, timm, rasterio, pretrainedmodels, segmentation-models-pytorch
Successfully installed affine-2.4.0 antlr4-python3-runtime-4.9.3 click-8.1.8 click-plugins-1.1.1.2 cligj-0.7.2 efficientnet-pytorch-0.7.1 filelock-3.16.1 fsspec-2025.3.0 hf-xet-1.7.0 huggingface-hub-0.36.2 kornia-0.6.12 munch-4.0.0 omegaconf-2.3.0 pretrainedmodels-0.7.4 rasterio-1.3.11 safetensors-0.5.3 segmentation-models-pytorch-0.3.3 snuggs-1.4.7 timm-0.9.2
WARNING: Running pip as the 'root' user can result in broken permissions and conflicting behaviour with the system package manager. It is recommended to use a virtual environment instead: https://pip.pypa.io/warnings/venv
