============================================================
METHANE SEGMENTATION ZCU104 OPTIMIZED BENCHMARK
============================================================
Batch: 1 ALWAYS
Profile: max-e2e
Dataset images: 342
Runners: 2
Pre workers: 1
Post workers: 1
Slots/runner: 1
Pin: no
DPU subgraphs: 1 | CPU fallback subgraphs: 1
Input  : [1,512,512,4] INT8 fix=5
Output : [1,512,512,1] FLOAT32

============================================================
max_end_to_end_throughput
============================================================
batch              = 1
runners            = 2
pre_workers        = 1
post_workers       = 1
slots_per_runner   = 1
completed          = 342
wall_s             = 87.048605
THROUGHPUT FPS     = 3.928840
POWER sensors/samples = 1/436.000000
POWER mean/min/max W = 22.982245/15.037000/28.100000
ENERGY estimated J   = 2000.572399

FPS EQUIVALENT FROM PER-JOB LATENCY
 average = 1.676965
 min     = 1.356688
 max     = 2.160200
 p95     = 1.421347
 p99     = 1.375711

LATENCY ms
 mean   = 596.315288
 median = 596.468105
 min    = 462.920120
 max    = 737.089140
 p90    = 693.982250
 p95    = 703.557979
 p99    = 726.896606
 stddev = 81.975729
 CV     = 0.137470
 jitter p99-p50 = 130.428501 ms

DPU STAGE ms
 mean = 336.683188
 p95  = 338.581067
 p99  = 339.544839

PREPROCESS mean = 161.786439 ms
POSTPROCESS mean = 6.122924 ms

INTER-COMPLETION ms
 mean = 253.776648
 p95  = 362.034560
 p99  = 385.612378
OUTPUT-CADENCE FPS
 average(system wall) = 3.928840
 min = 2.526370
 max = 8.426012
 p95 = 2.762167
 p99 = 2.593278

Results saved to:
/home/root/Benchmark_ZCU104/results_all_models/methane_baseline/runs/80_full_end_to_end__max_e2e__r2_pre1_post1_spr1_nopin__rep1__n0__samples0__cpu3
