[ 3629.607952] zocl-drm amba_pl@0:zyxclmm_drm:  ffff0000028d3810 kds_del_context: Client pid(5267) del context Domain(0) CU(0x1)
[ 3629.607982] [drm] bitstream 5de0b3d1-d3df-b2a8-6b55-02a060b84981 unlocked, ref=0
[ 3629.607995] zocl-drm amba_pl@0:zyxclmm_drm: zocl_destroy_client: client exits pid(5267)
[ 3629.608104] zocl-drm amba_pl@0:zyxclmm_drm: zocl_destroy_client: client exits pid(5267)
[ 3689.157521] zocl-drm amba_pl@0:zyxclmm_drm: zocl_create_client: created KDS client for pid(5550), ret: 0
[ 3689.157593] zocl-drm amba_pl@0:zyxclmm_drm: zocl_destroy_client: client exits pid(5550)
[ 3689.618125] zocl-drm amba_pl@0:zyxclmm_drm: zocl_create_client: created KDS client for pid(5550), ret: 0
[ 3689.618201] zocl-drm amba_pl@0:zyxclmm_drm: zocl_destroy_client: client exits pid(5550)
[ 3689.618596] zocl-drm amba_pl@0:zyxclmm_drm: zocl_create_client: created KDS client for pid(5550), ret: 0
[ 3689.618641] zocl-drm amba_pl@0:zyxclmm_drm: zocl_destroy_client: client exits pid(5550)
[ 3689.618761] zocl-drm amba_pl@0:zyxclmm_drm: zocl_create_client: created KDS client for pid(5550), ret: 0
[ 3689.618804] zocl-drm amba_pl@0:zyxclmm_drm: zocl_destroy_client: client exits pid(5550)
[ 3689.618999] zocl-drm amba_pl@0:zyxclmm_drm: zocl_create_client: created KDS client for pid(5550), ret: 0
[ 3689.619144] zocl-drm amba_pl@0:zyxclmm_drm: zocl_destroy_client: client exits pid(5550)
[ 3689.694207] zocl-drm amba_pl@0:zyxclmm_drm: zocl_create_client: created KDS client for pid(5550), ret: 0
[ 3689.694285] zocl-drm amba_pl@0:zyxclmm_drm: zocl_destroy_client: client exits pid(5550)
[ 3689.694443] zocl-drm amba_pl@0:zyxclmm_drm: zocl_create_client: created KDS client for pid(5550), ret: 0
[ 3689.700662] [drm] skip kind 29(AIE_RESOURCES) return code: -22
[ 3689.700675] [drm] zocl_xclbin_read_axlf The XCLBIN already loaded
[ 3689.700689] [drm] zocl_xclbin_read_axlf 5de0b3d1-d3df-b2a8-6b55-02a060b84981 ret: 0
[ 3689.733059] [drm] bitstream 5de0b3d1-d3df-b2a8-6b55-02a060b84981 locked, ref=1
[ 3689.733104] zocl-drm amba_pl@0:zyxclmm_drm:  ffff0000028d3810 kds_add_context: Client pid(5550) add context Domain(65535) CU(0xffff) shared(true)
[ 3689.733151] zocl-drm amba_pl@0:zyxclmm_drm:  ffff0000028d3810 kds_del_context: Client pid(5550) del context Domain(65535) CU(0xffff)
[ 3689.733166] [drm] bitstream 5de0b3d1-d3df-b2a8-6b55-02a060b84981 unlocked, ref=0
[ 3689.733682] zocl-drm amba_pl@0:zyxclmm_drm: zocl_create_client: created KDS client for pid(5550), ret: 0
[ 3689.733736] zocl-drm amba_pl@0:zyxclmm_drm: zocl_destroy_client: client exits pid(5550)
[ 3689.733871] zocl-drm amba_pl@0:zyxclmm_drm: zocl_create_client: created KDS client for pid(5550), ret: 0
[ 3689.734095] [drm] bitstream 5de0b3d1-d3df-b2a8-6b55-02a060b84981 locked, ref=1
[ 3689.734116] zocl-drm amba_pl@0:zyxclmm_drm:  ffff0000028d3810 kds_add_context: Client pid(5550) add context Domain(0) CU(0x1) shared(true)
[ 3689.734279] zocl-drm amba_pl@0:zyxclmm_drm: zocl_create_client: created KDS client for pid(5550), ret: 0
[ 3689.734323] zocl-drm amba_pl@0:zyxclmm_drm: zocl_destroy_client: client exits pid(5550)
[ 3689.734447] zocl-drm amba_pl@0:zyxclmm_drm: zocl_create_client: created KDS client for pid(5550), ret: 0
[ 3689.734588] [drm] bitstream 5de0b3d1-d3df-b2a8-6b55-02a060b84981 locked, ref=2
[ 3689.734608] zocl-drm amba_pl@0:zyxclmm_drm:  ffff0000028d3810 kds_add_context: Client pid(5550) add context Domain(0) CU(0x0) shared(true)
[ 3689.734770] zocl-drm amba_pl@0:zyxclmm_drm: zocl_create_client: created KDS client for pid(5550), ret: 0
[ 3689.734814] zocl-drm amba_pl@0:zyxclmm_drm: zocl_destroy_client: client exits pid(5550)
[ 3689.734940] zocl-drm amba_pl@0:zyxclmm_drm: zocl_create_client: created KDS client for pid(5550), ret: 0
[ 3689.735010] [drm] bitstream 5de0b3d1-d3df-b2a8-6b55-02a060b84981 locked, ref=3
[ 3689.735028] zocl-drm amba_pl@0:zyxclmm_drm:  ffff0000028d3810 kds_add_context: Client pid(5550) add context Domain(0) CU(0x1) shared(true)
[ 3689.735297] zocl-drm amba_pl@0:zyxclmm_drm: zocl_create_client: created KDS client for pid(5550), ret: 0
[ 3689.735343] zocl-drm amba_pl@0:zyxclmm_drm: zocl_destroy_client: client exits pid(5550)
[ 3689.735474] zocl-drm amba_pl@0:zyxclmm_drm: zocl_create_client: created KDS client for pid(5550), ret: 0
[ 3689.735540] [drm] bitstream 5de0b3d1-d3df-b2a8-6b55-02a060b84981 locked, ref=4
[ 3689.735564] zocl-drm amba_pl@0:zyxclmm_drm:  ffff0000028d3810 kds_add_context: Client pid(5550) add context Domain(0) CU(0x0) shared(true)
[ 3690.608235] zocl-drm amba_pl@0:zyxclmm_drm:  ffff0000028d3810 kds_del_context: Client pid(5550) del context Domain(0) CU(0x1)
[ 3690.608271] [drm] bitstream 5de0b3d1-d3df-b2a8-6b55-02a060b84981 unlocked, ref=3
[ 3690.608386] zocl-drm amba_pl@0:zyxclmm_drm: zocl_destroy_client: client exits pid(5550)
[ 3690.608467] zocl-drm amba_pl@0:zyxclmm_drm:  ffff0000028d3810 kds_del_context: Client pid(5550) del context Domain(0) CU(0x0)
[ 3690.608482] [drm] bitstream 5de0b3d1-d3df-b2a8-6b55-02a060b84981 unlocked, ref=2
[ 3690.608532] zocl-drm amba_pl@0:zyxclmm_drm: zocl_destroy_client: client exits pid(5550)
[ 3690.609072] zocl-drm amba_pl@0:zyxclmm_drm:  ffff0000028d3810 kds_del_context: Client pid(5550) del context Domain(0) CU(0x1)
[ 3690.609087] [drm] bitstream 5de0b3d1-d3df-b2a8-6b55-02a060b84981 unlocked, ref=1
[ 3690.609137] zocl-drm amba_pl@0:zyxclmm_drm: zocl_destroy_client: client exits pid(5550)
[ 3690.609173] zocl-drm amba_pl@0:zyxclmm_drm:  ffff0000028d3810 kds_del_context: Client pid(5550) del context Domain(0) CU(0x0)
[ 3690.609186] [drm] bitstream 5de0b3d1-d3df-b2a8-6b55-02a060b84981 unlocked, ref=0
[ 3690.609232] zocl-drm amba_pl@0:zyxclmm_drm: zocl_destroy_client: client exits pid(5550)
[ 3690.864899] zocl-drm amba_pl@0:zyxclmm_drm: zocl_create_client: created KDS client for pid(5550), ret: 0
[ 3690.864976] zocl-drm amba_pl@0:zyxclmm_drm: zocl_destroy_client: client exits pid(5550)
[ 3690.865133] zocl-drm amba_pl@0:zyxclmm_drm: zocl_create_client: created KDS client for pid(5550), ret: 0
[ 3690.865177] zocl-drm amba_pl@0:zyxclmm_drm: zocl_destroy_client: client exits pid(5550)
[ 3690.865322] zocl-drm amba_pl@0:zyxclmm_drm: zocl_create_client: created KDS client for pid(5550), ret: 0
[ 3690.865393] zocl-drm amba_pl@0:zyxclmm_drm: zocl_destroy_client: client exits pid(5550)
[ 3690.880871] zocl-drm amba_pl@0:zyxclmm_drm: zocl_create_client: created KDS client for pid(5550), ret: 0
[ 3690.880947] zocl-drm amba_pl@0:zyxclmm_drm: zocl_destroy_client: client exits pid(5550)
[ 3690.881094] zocl-drm amba_pl@0:zyxclmm_drm: zocl_create_client: created KDS client for pid(5550), ret: 0
[ 3690.887645] [drm] skip kind 29(AIE_RESOURCES) return code: -22
[ 3690.887657] [drm] zocl_xclbin_read_axlf The XCLBIN already loaded
[ 3690.887671] [drm] zocl_xclbin_read_axlf 5de0b3d1-d3df-b2a8-6b55-02a060b84981 ret: 0
[ 3690.904549] [drm] bitstream 5de0b3d1-d3df-b2a8-6b55-02a060b84981 locked, ref=1
[ 3690.904591] zocl-drm amba_pl@0:zyxclmm_drm:  ffff0000028d3810 kds_add_context: Client pid(5550) add context Domain(65535) CU(0xffff) shared(true)
[ 3690.904636] zocl-drm amba_pl@0:zyxclmm_drm:  ffff0000028d3810 kds_del_context: Client pid(5550) del context Domain(65535) CU(0xffff)
[ 3690.904650] [drm] bitstream 5de0b3d1-d3df-b2a8-6b55-02a060b84981 unlocked, ref=0
[ 3690.904849] zocl-drm amba_pl@0:zyxclmm_drm: zocl_destroy_client: client exits pid(5550)
[ 3690.905186] zocl-drm amba_pl@0:zyxclmm_drm: zocl_create_client: created KDS client for pid(5550), ret: 0
[ 3690.905231] zocl-drm amba_pl@0:zyxclmm_drm: zocl_destroy_client: client exits pid(5550)
[ 3690.905363] zocl-drm amba_pl@0:zyxclmm_drm: zocl_create_client: created KDS client for pid(5550), ret: 0
[ 3690.905583] [drm] bitstream 5de0b3d1-d3df-b2a8-6b55-02a060b84981 locked, ref=1
[ 3690.905601] zocl-drm amba_pl@0:zyxclmm_drm:  ffff0000028d3810 kds_add_context: Client pid(5550) add context Domain(0) CU(0x1) shared(true)
[ 3690.905773] zocl-drm amba_pl@0:zyxclmm_drm: zocl_create_client: created KDS client for pid(5550), ret: 0
[ 3690.905818] zocl-drm amba_pl@0:zyxclmm_drm: zocl_destroy_client: client exits pid(5550)
[ 3690.905944] zocl-drm amba_pl@0:zyxclmm_drm: zocl_create_client: created KDS client for pid(5550), ret: 0
[ 3690.906086] [drm] bitstream 5de0b3d1-d3df-b2a8-6b55-02a060b84981 locked, ref=2
[ 3690.906106] zocl-drm amba_pl@0:zyxclmm_drm:  ffff0000028d3810 kds_add_context: Client pid(5550) add context Domain(0) CU(0x0) shared(true)
[ 3690.906266] zocl-drm amba_pl@0:zyxclmm_drm: zocl_create_client: created KDS client for pid(5550), ret: 0
[ 3690.906310] zocl-drm amba_pl@0:zyxclmm_drm: zocl_destroy_client: client exits pid(5550)
[ 3690.906437] zocl-drm amba_pl@0:zyxclmm_drm: zocl_create_client: created KDS client for pid(5550), ret: 0
[ 3690.906505] [drm] bitstream 5de0b3d1-d3df-b2a8-6b55-02a060b84981 locked, ref=3
[ 3690.906526] zocl-drm amba_pl@0:zyxclmm_drm:  ffff0000028d3810 kds_add_context: Client pid(5550) add context Domain(0) CU(0x1) shared(true)
[ 3690.906750] zocl-drm amba_pl@0:zyxclmm_drm: zocl_create_client: created KDS client for pid(5550), ret: 0
[ 3690.906794] zocl-drm amba_pl@0:zyxclmm_drm: zocl_destroy_client: client exits pid(5550)
[ 3690.906920] zocl-drm amba_pl@0:zyxclmm_drm: zocl_create_client: created KDS client for pid(5550), ret: 0
[ 3690.906982] [drm] bitstream 5de0b3d1-d3df-b2a8-6b55-02a060b84981 locked, ref=4
[ 3690.907005] zocl-drm amba_pl@0:zyxclmm_drm:  ffff0000028d3810 kds_add_context: Client pid(5550) add context Domain(0) CU(0x0) shared(true)
[ 3691.608416] zocl-drm amba_pl@0:zyxclmm_drm: zocl_create_client: created KDS client for pid(5550), ret: 0
[ 3691.608490] zocl-drm amba_pl@0:zyxclmm_drm: zocl_destroy_client: client exits pid(5550)
[ 3691.608645] zocl-drm amba_pl@0:zyxclmm_drm: zocl_create_client: created KDS client for pid(5550), ret: 0
[ 3691.608759] [drm] bitstream 5de0b3d1-d3df-b2a8-6b55-02a060b84981 locked, ref=5
[ 3691.608780] zocl-drm amba_pl@0:zyxclmm_drm:  ffff0000028d3810 kds_add_context: Client pid(5550) add context Domain(0) CU(0x1) shared(true)
[ 3691.609029] zocl-drm amba_pl@0:zyxclmm_drm: zocl_create_client: created KDS client for pid(5550), ret: 0
[ 3691.609073] zocl-drm amba_pl@0:zyxclmm_drm: zocl_destroy_client: client exits pid(5550)
[ 3691.609201] zocl-drm amba_pl@0:zyxclmm_drm: zocl_create_client: created KDS client for pid(5550), ret: 0
[ 3691.609265] [drm] bitstream 5de0b3d1-d3df-b2a8-6b55-02a060b84981 locked, ref=6
[ 3691.609285] zocl-drm amba_pl@0:zyxclmm_drm:  ffff0000028d3810 kds_add_context: Client pid(5550) add context Domain(0) CU(0x0) shared(true)
[ 3691.786374] zocl-drm amba_pl@0:zyxclmm_drm: zocl_create_client: created KDS client for pid(5550), ret: 0
[ 3691.786445] zocl-drm amba_pl@0:zyxclmm_drm: zocl_destroy_client: client exits pid(5550)
[ 3691.786594] zocl-drm amba_pl@0:zyxclmm_drm: zocl_create_client: created KDS client for pid(5550), ret: 0
[ 3691.786726] [drm] bitstream 5de0b3d1-d3df-b2a8-6b55-02a060b84981 locked, ref=7
[ 3691.786750] zocl-drm amba_pl@0:zyxclmm_drm:  ffff0000028d3810 kds_add_context: Client pid(5550) add context Domain(0) CU(0x1) shared(true)
[ 3691.786996] zocl-drm amba_pl@0:zyxclmm_drm: zocl_create_client: created KDS client for pid(5550), ret: 0
[ 3691.787040] zocl-drm amba_pl@0:zyxclmm_drm: zocl_destroy_client: client exits pid(5550)
[ 3691.787167] zocl-drm amba_pl@0:zyxclmm_drm: zocl_create_client: created KDS client for pid(5550), ret: 0
[ 3691.787282] [drm] bitstream 5de0b3d1-d3df-b2a8-6b55-02a060b84981 locked, ref=8
[ 3691.787303] zocl-drm amba_pl@0:zyxclmm_drm:  ffff0000028d3810 kds_add_context: Client pid(5550) add context Domain(0) CU(0x0) shared(true)
[ 3691.843066] zocl-drm amba_pl@0:zyxclmm_drm: zocl_create_client: created KDS client for pid(5550), ret: 0
[ 3691.843137] zocl-drm amba_pl@0:zyxclmm_drm: zocl_destroy_client: client exits pid(5550)
[ 3691.843349] zocl-drm amba_pl@0:zyxclmm_drm: zocl_create_client: created KDS client for pid(5550), ret: 0
[ 3691.843498] [drm] bitstream 5de0b3d1-d3df-b2a8-6b55-02a060b84981 locked, ref=9
[ 3691.843533] zocl-drm amba_pl@0:zyxclmm_drm:  ffff0000028d3810 kds_add_context: Client pid(5550) add context Domain(0) CU(0x1) shared(true)
[ 3691.843782] zocl-drm amba_pl@0:zyxclmm_drm: zocl_create_client: created KDS client for pid(5550), ret: 0
[ 3691.843827] zocl-drm amba_pl@0:zyxclmm_drm: zocl_destroy_client: client exits pid(5550)
[ 3691.843965] zocl-drm amba_pl@0:zyxclmm_drm: zocl_create_client: created KDS client for pid(5550), ret: 0
[ 3691.844032] [drm] bitstream 5de0b3d1-d3df-b2a8-6b55-02a060b84981 locked, ref=10
[ 3691.844051] zocl-drm amba_pl@0:zyxclmm_drm:  ffff0000028d3810 kds_add_context: Client pid(5550) add context Domain(0) CU(0x0) shared(true)
[ 4280.370271] zocl-drm amba_pl@0:zyxclmm_drm:  ffff0000028d3810 kds_del_context: Client pid(5550) del context Domain(0) CU(0x1)
[ 4280.370301] [drm] bitstream 5de0b3d1-d3df-b2a8-6b55-02a060b84981 unlocked, ref=9
[ 4280.370409] zocl-drm amba_pl@0:zyxclmm_drm: zocl_destroy_client: client exits pid(5550)
[ 4280.370486] zocl-drm amba_pl@0:zyxclmm_drm:  ffff0000028d3810 kds_del_context: Client pid(5550) del context Domain(0) CU(0x0)
[ 4280.370501] [drm] bitstream 5de0b3d1-d3df-b2a8-6b55-02a060b84981 unlocked, ref=8
[ 4280.370550] zocl-drm amba_pl@0:zyxclmm_drm: zocl_destroy_client: client exits pid(5550)
[ 4280.372055] zocl-drm amba_pl@0:zyxclmm_drm:  ffff0000028d3810 kds_del_context: Client pid(5550) del context Domain(0) CU(0x1)
[ 4280.372075] [drm] bitstream 5de0b3d1-d3df-b2a8-6b55-02a060b84981 unlocked, ref=7
[ 4280.372150] zocl-drm amba_pl@0:zyxclmm_drm: zocl_destroy_client: client exits pid(5550)
[ 4280.372230] zocl-drm amba_pl@0:zyxclmm_drm:  ffff0000028d3810 kds_del_context: Client pid(5550) del context Domain(0) CU(0x0)
[ 4280.372244] [drm] bitstream 5de0b3d1-d3df-b2a8-6b55-02a060b84981 unlocked, ref=6
[ 4280.372296] zocl-drm amba_pl@0:zyxclmm_drm: zocl_destroy_client: client exits pid(5550)
[ 4280.398336] zocl-drm amba_pl@0:zyxclmm_drm:  ffff0000028d3810 kds_del_context: Client pid(5550) del context Domain(0) CU(0x1)
[ 4280.398372] [drm] bitstream 5de0b3d1-d3df-b2a8-6b55-02a060b84981 unlocked, ref=5
[ 4280.398486] zocl-drm amba_pl@0:zyxclmm_drm: zocl_destroy_client: client exits pid(5550)
[ 4280.398576] zocl-drm amba_pl@0:zyxclmm_drm:  ffff0000028d3810 kds_del_context: Client pid(5550) del context Domain(0) CU(0x0)
[ 4280.398590] [drm] bitstream 5de0b3d1-d3df-b2a8-6b55-02a060b84981 unlocked, ref=4
[ 4280.398640] zocl-drm amba_pl@0:zyxclmm_drm: zocl_destroy_client: client exits pid(5550)
[ 4280.426183] zocl-drm amba_pl@0:zyxclmm_drm:  ffff0000028d3810 kds_del_context: Client pid(5550) del context Domain(0) CU(0x1)
[ 4280.426218] [drm] bitstream 5de0b3d1-d3df-b2a8-6b55-02a060b84981 unlocked, ref=3
[ 4280.426335] zocl-drm amba_pl@0:zyxclmm_drm: zocl_destroy_client: client exits pid(5550)
[ 4280.426424] zocl-drm amba_pl@0:zyxclmm_drm:  ffff0000028d3810 kds_del_context: Client pid(5550) del context Domain(0) CU(0x0)
[ 4280.426438] [drm] bitstream 5de0b3d1-d3df-b2a8-6b55-02a060b84981 unlocked, ref=2
[ 4280.426487] zocl-drm amba_pl@0:zyxclmm_drm: zocl_destroy_client: client exits pid(5550)
[ 4280.426790] zocl-drm amba_pl@0:zyxclmm_drm:  ffff0000028d3810 kds_del_context: Client pid(5550) del context Domain(0) CU(0x1)
[ 4280.426805] [drm] bitstream 5de0b3d1-d3df-b2a8-6b55-02a060b84981 unlocked, ref=1
[ 4280.426856] zocl-drm amba_pl@0:zyxclmm_drm: zocl_destroy_client: client exits pid(5550)
[ 4280.426891] zocl-drm amba_pl@0:zyxclmm_drm:  ffff0000028d3810 kds_del_context: Client pid(5550) del context Domain(0) CU(0x0)
[ 4280.426906] [drm] bitstream 5de0b3d1-d3df-b2a8-6b55-02a060b84981 unlocked, ref=0
[ 4280.426953] zocl-drm amba_pl@0:zyxclmm_drm: zocl_destroy_client: client exits pid(5550)
[ 4280.843608] zocl-drm amba_pl@0:zyxclmm_drm: zocl_create_client: created KDS client for pid(5550), ret: 0
[ 4280.843684] zocl-drm amba_pl@0:zyxclmm_drm: zocl_destroy_client: client exits pid(5550)
[ 4280.843821] zocl-drm amba_pl@0:zyxclmm_drm: zocl_create_client: created KDS client for pid(5550), ret: 0
[ 4280.843865] zocl-drm amba_pl@0:zyxclmm_drm: zocl_destroy_client: client exits pid(5550)
[ 4280.844013] zocl-drm amba_pl@0:zyxclmm_drm: zocl_create_client: created KDS client for pid(5550), ret: 0
[ 4280.844083] zocl-drm amba_pl@0:zyxclmm_drm: zocl_destroy_client: client exits pid(5550)
[ 4280.859692] zocl-drm amba_pl@0:zyxclmm_drm: zocl_create_client: created KDS client for pid(5550), ret: 0
[ 4280.859766] zocl-drm amba_pl@0:zyxclmm_drm: zocl_destroy_client: client exits pid(5550)
[ 4280.859916] zocl-drm amba_pl@0:zyxclmm_drm: zocl_create_client: created KDS client for pid(5550), ret: 0
[ 4280.866492] [drm] skip kind 29(AIE_RESOURCES) return code: -22
[ 4280.866503] [drm] zocl_xclbin_read_axlf The XCLBIN already loaded
[ 4280.866517] [drm] zocl_xclbin_read_axlf 5de0b3d1-d3df-b2a8-6b55-02a060b84981 ret: 0
[ 4280.883216] [drm] bitstream 5de0b3d1-d3df-b2a8-6b55-02a060b84981 locked, ref=1
[ 4280.883257] zocl-drm amba_pl@0:zyxclmm_drm:  ffff0000028d3810 kds_add_context: Client pid(5550) add context Domain(65535) CU(0xffff) shared(true)
[ 4280.883303] zocl-drm amba_pl@0:zyxclmm_drm:  ffff0000028d3810 kds_del_context: Client pid(5550) del context Domain(65535) CU(0xffff)
[ 4280.883318] [drm] bitstream 5de0b3d1-d3df-b2a8-6b55-02a060b84981 unlocked, ref=0
[ 4280.883525] zocl-drm amba_pl@0:zyxclmm_drm: zocl_destroy_client: client exits pid(5550)
[ 4280.883873] zocl-drm amba_pl@0:zyxclmm_drm: zocl_create_client: created KDS client for pid(5550), ret: 0
[ 4280.883920] zocl-drm amba_pl@0:zyxclmm_drm: zocl_destroy_client: client exits pid(5550)
[ 4280.884053] zocl-drm amba_pl@0:zyxclmm_drm: zocl_create_client: created KDS client for pid(5550), ret: 0
[ 4280.884271] [drm] bitstream 5de0b3d1-d3df-b2a8-6b55-02a060b84981 locked, ref=1
[ 4280.884291] zocl-drm amba_pl@0:zyxclmm_drm:  ffff0000028d3810 kds_add_context: Client pid(5550) add context Domain(0) CU(0x1) shared(true)
[ 4280.884459] zocl-drm amba_pl@0:zyxclmm_drm: zocl_create_client: created KDS client for pid(5550), ret: 0
[ 4280.884504] zocl-drm amba_pl@0:zyxclmm_drm: zocl_destroy_client: client exits pid(5550)
[ 4280.884631] zocl-drm amba_pl@0:zyxclmm_drm: zocl_create_client: created KDS client for pid(5550), ret: 0
[ 4280.884772] [drm] bitstream 5de0b3d1-d3df-b2a8-6b55-02a060b84981 locked, ref=2
[ 4280.884790] zocl-drm amba_pl@0:zyxclmm_drm:  ffff0000028d3810 kds_add_context: Client pid(5550) add context Domain(0) CU(0x0) shared(true)
[ 4280.884947] zocl-drm amba_pl@0:zyxclmm_drm: zocl_create_client: created KDS client for pid(5550), ret: 0
[ 4280.884991] zocl-drm amba_pl@0:zyxclmm_drm: zocl_destroy_client: client exits pid(5550)
[ 4280.885117] zocl-drm amba_pl@0:zyxclmm_drm: zocl_create_client: created KDS client for pid(5550), ret: 0
[ 4280.885184] [drm] bitstream 5de0b3d1-d3df-b2a8-6b55-02a060b84981 locked, ref=3
[ 4280.885204] zocl-drm amba_pl@0:zyxclmm_drm:  ffff0000028d3810 kds_add_context: Client pid(5550) add context Domain(0) CU(0x1) shared(true)
[ 4280.885433] zocl-drm amba_pl@0:zyxclmm_drm: zocl_create_client: created KDS client for pid(5550), ret: 0
[ 4280.885477] zocl-drm amba_pl@0:zyxclmm_drm: zocl_destroy_client: client exits pid(5550)
[ 4280.885603] zocl-drm amba_pl@0:zyxclmm_drm: zocl_create_client: created KDS client for pid(5550), ret: 0
[ 4280.885663] [drm] bitstream 5de0b3d1-d3df-b2a8-6b55-02a060b84981 locked, ref=4
[ 4280.885682] zocl-drm amba_pl@0:zyxclmm_drm:  ffff0000028d3810 kds_add_context: Client pid(5550) add context Domain(0) CU(0x0) shared(true)
[ 4281.545275] zocl-drm amba_pl@0:zyxclmm_drm: zocl_create_client: created KDS client for pid(5550), ret: 0
[ 4281.545347] zocl-drm amba_pl@0:zyxclmm_drm: zocl_destroy_client: client exits pid(5550)
[ 4281.545493] zocl-drm amba_pl@0:zyxclmm_drm: zocl_create_client: created KDS client for pid(5550), ret: 0
[ 4281.545609] [drm] bitstream 5de0b3d1-d3df-b2a8-6b55-02a060b84981 locked, ref=5
[ 4281.545632] zocl-drm amba_pl@0:zyxclmm_drm:  ffff0000028d3810 kds_add_context: Client pid(5550) add context Domain(0) CU(0x1) shared(true)
[ 4281.545870] zocl-drm amba_pl@0:zyxclmm_drm: zocl_create_client: created KDS client for pid(5550), ret: 0
[ 4281.545914] zocl-drm amba_pl@0:zyxclmm_drm: zocl_destroy_client: client exits pid(5550)
[ 4281.546043] zocl-drm amba_pl@0:zyxclmm_drm: zocl_create_client: created KDS client for pid(5550), ret: 0
[ 4281.546107] [drm] bitstream 5de0b3d1-d3df-b2a8-6b55-02a060b84981 locked, ref=6
[ 4281.546127] zocl-drm amba_pl@0:zyxclmm_drm:  ffff0000028d3810 kds_add_context: Client pid(5550) add context Domain(0) CU(0x0) shared(true)
[ 4281.724417] zocl-drm amba_pl@0:zyxclmm_drm: zocl_create_client: created KDS client for pid(5550), ret: 0
[ 4281.724487] zocl-drm amba_pl@0:zyxclmm_drm: zocl_destroy_client: client exits pid(5550)
[ 4281.724637] zocl-drm amba_pl@0:zyxclmm_drm: zocl_create_client: created KDS client for pid(5550), ret: 0
[ 4281.724753] [drm] bitstream 5de0b3d1-d3df-b2a8-6b55-02a060b84981 locked, ref=7
[ 4281.724775] zocl-drm amba_pl@0:zyxclmm_drm:  ffff0000028d3810 kds_add_context: Client pid(5550) add context Domain(0) CU(0x1) shared(true)
[ 4281.725013] zocl-drm amba_pl@0:zyxclmm_drm: zocl_create_client: created KDS client for pid(5550), ret: 0
[ 4281.725056] zocl-drm amba_pl@0:zyxclmm_drm: zocl_destroy_client: client exits pid(5550)
[ 4281.725187] zocl-drm amba_pl@0:zyxclmm_drm: zocl_create_client: created KDS client for pid(5550), ret: 0
[ 4281.725258] [drm] bitstream 5de0b3d1-d3df-b2a8-6b55-02a060b84981 locked, ref=8
[ 4281.725277] zocl-drm amba_pl@0:zyxclmm_drm:  ffff0000028d3810 kds_add_context: Client pid(5550) add context Domain(0) CU(0x0) shared(true)
[ 4281.782482] zocl-drm amba_pl@0:zyxclmm_drm: zocl_create_client: created KDS client for pid(5550), ret: 0
[ 4281.782552] zocl-drm amba_pl@0:zyxclmm_drm: zocl_destroy_client: client exits pid(5550)
[ 4281.782699] zocl-drm amba_pl@0:zyxclmm_drm: zocl_create_client: created KDS client for pid(5550), ret: 0
[ 4281.782802] [drm] bitstream 5de0b3d1-d3df-b2a8-6b55-02a060b84981 locked, ref=9
[ 4281.782827] zocl-drm amba_pl@0:zyxclmm_drm:  ffff0000028d3810 kds_add_context: Client pid(5550) add context Domain(0) CU(0x1) shared(true)
[ 4281.783063] zocl-drm amba_pl@0:zyxclmm_drm: zocl_create_client: created KDS client for pid(5550), ret: 0
[ 4281.783108] zocl-drm amba_pl@0:zyxclmm_drm: zocl_destroy_client: client exits pid(5550)
[ 4281.783289] zocl-drm amba_pl@0:zyxclmm_drm: zocl_create_client: created KDS client for pid(5550), ret: 0
[ 4281.783364] [drm] bitstream 5de0b3d1-d3df-b2a8-6b55-02a060b84981 locked, ref=10
[ 4281.783385] zocl-drm amba_pl@0:zyxclmm_drm:  ffff0000028d3810 kds_add_context: Client pid(5550) add context Domain(0) CU(0x0) shared(true)
[ 4873.727453] zocl-drm amba_pl@0:zyxclmm_drm:  ffff0000028d3810 kds_del_context: Client pid(5550) del context Domain(0) CU(0x1)
[ 4873.727484] [drm] bitstream 5de0b3d1-d3df-b2a8-6b55-02a060b84981 unlocked, ref=9
[ 4873.733426] zocl-drm amba_pl@0:zyxclmm_drm: zocl_destroy_client: client exits pid(5550)
[ 4873.747004] zocl-drm amba_pl@0:zyxclmm_drm:  ffff0000028d3810 kds_del_context: Client pid(5550) del context Domain(0) CU(0x0)
[ 4873.747024] [drm] bitstream 5de0b3d1-d3df-b2a8-6b55-02a060b84981 unlocked, ref=8
[ 4873.747115] zocl-drm amba_pl@0:zyxclmm_drm: zocl_destroy_client: client exits pid(5550)
[ 4873.752334] zocl-drm amba_pl@0:zyxclmm_drm:  ffff0000028d3810 kds_del_context: Client pid(5550) del context Domain(0) CU(0x1)
[ 4873.752403] [drm] bitstream 5de0b3d1-d3df-b2a8-6b55-02a060b84981 unlocked, ref=7
[ 4873.752506] zocl-drm amba_pl@0:zyxclmm_drm: zocl_destroy_client: client exits pid(5550)
[ 4873.752588] zocl-drm amba_pl@0:zyxclmm_drm:  ffff0000028d3810 kds_del_context: Client pid(5550) del context Domain(0) CU(0x0)
[ 4873.752602] [drm] bitstream 5de0b3d1-d3df-b2a8-6b55-02a060b84981 unlocked, ref=6
[ 4873.752651] zocl-drm amba_pl@0:zyxclmm_drm: zocl_destroy_client: client exits pid(5550)
[ 4873.777979] zocl-drm amba_pl@0:zyxclmm_drm:  ffff0000028d3810 kds_del_context: Client pid(5550) del context Domain(0) CU(0x1)
[ 4873.778013] [drm] bitstream 5de0b3d1-d3df-b2a8-6b55-02a060b84981 unlocked, ref=5
[ 4873.778146] zocl-drm amba_pl@0:zyxclmm_drm: zocl_destroy_client: client exits pid(5550)
[ 4873.778285] zocl-drm amba_pl@0:zyxclmm_drm:  ffff0000028d3810 kds_del_context: Client pid(5550) del context Domain(0) CU(0x0)
[ 4873.778300] [drm] bitstream 5de0b3d1-d3df-b2a8-6b55-02a060b84981 unlocked, ref=4
[ 4873.778354] zocl-drm amba_pl@0:zyxclmm_drm: zocl_destroy_client: client exits pid(5550)
[ 4873.805848] zocl-drm amba_pl@0:zyxclmm_drm:  ffff0000028d3810 kds_del_context: Client pid(5550) del context Domain(0) CU(0x1)
[ 4873.805883] [drm] bitstream 5de0b3d1-d3df-b2a8-6b55-02a060b84981 unlocked, ref=3
[ 4873.806018] zocl-drm amba_pl@0:zyxclmm_drm: zocl_destroy_client: client exits pid(5550)
[ 4873.806130] zocl-drm amba_pl@0:zyxclmm_drm:  ffff0000028d3810 kds_del_context: Client pid(5550) del context Domain(0) CU(0x0)
[ 4873.806145] [drm] bitstream 5de0b3d1-d3df-b2a8-6b55-02a060b84981 unlocked, ref=2
[ 4873.806198] zocl-drm amba_pl@0:zyxclmm_drm: zocl_destroy_client: client exits pid(5550)
[ 4873.813358] zocl-drm amba_pl@0:zyxclmm_drm:  ffff0000028d3810 kds_del_context: Client pid(5550) del context Domain(0) CU(0x1)
[ 4873.813378] [drm] bitstream 5de0b3d1-d3df-b2a8-6b55-02a060b84981 unlocked, ref=1
[ 4873.813457] zocl-drm amba_pl@0:zyxclmm_drm: zocl_destroy_client: client exits pid(5550)
[ 4873.813507] zocl-drm amba_pl@0:zyxclmm_drm:  ffff0000028d3810 kds_del_context: Client pid(5550) del context Domain(0) CU(0x0)
[ 4873.813521] [drm] bitstream 5de0b3d1-d3df-b2a8-6b55-02a060b84981 unlocked, ref=0
[ 4873.813572] zocl-drm amba_pl@0:zyxclmm_drm: zocl_destroy_client: client exits pid(5550)
[ 4876.156136] zocl-drm amba_pl@0:zyxclmm_drm: zocl_create_client: created KDS client for pid(5550), ret: 0
[ 4876.156213] zocl-drm amba_pl@0:zyxclmm_drm: zocl_destroy_client: client exits pid(5550)
[ 4876.156351] zocl-drm amba_pl@0:zyxclmm_drm: zocl_create_client: created KDS client for pid(5550), ret: 0
[ 4876.156394] zocl-drm amba_pl@0:zyxclmm_drm: zocl_destroy_client: client exits pid(5550)
[ 4876.170971] zocl-drm amba_pl@0:zyxclmm_drm: zocl_create_client: created KDS client for pid(5550), ret: 0
[ 4876.171092] zocl-drm amba_pl@0:zyxclmm_drm: zocl_destroy_client: client exits pid(5550)
[ 4876.996299] zocl-drm amba_pl@0:zyxclmm_drm: zocl_create_client: created KDS client for pid(5550), ret: 0
[ 4876.996377] zocl-drm amba_pl@0:zyxclmm_drm: zocl_destroy_client: client exits pid(5550)
[ 4876.996526] zocl-drm amba_pl@0:zyxclmm_drm: zocl_create_client: created KDS client for pid(5550), ret: 0
[ 4877.021258] [drm] skip kind 29(AIE_RESOURCES) return code: -22
[ 4877.021274] [drm] zocl_xclbin_read_axlf The XCLBIN already loaded
[ 4877.021289] [drm] zocl_xclbin_read_axlf 5de0b3d1-d3df-b2a8-6b55-02a060b84981 ret: 0
[ 4877.054105] [drm] bitstream 5de0b3d1-d3df-b2a8-6b55-02a060b84981 locked, ref=1
[ 4877.054145] zocl-drm amba_pl@0:zyxclmm_drm:  ffff0000028d3810 kds_add_context: Client pid(5550) add context Domain(65535) CU(0xffff) shared(true)
[ 4877.054191] zocl-drm amba_pl@0:zyxclmm_drm:  ffff0000028d3810 kds_del_context: Client pid(5550) del context Domain(65535) CU(0xffff)
[ 4877.054205] [drm] bitstream 5de0b3d1-d3df-b2a8-6b55-02a060b84981 unlocked, ref=0
[ 4877.054408] zocl-drm amba_pl@0:zyxclmm_drm: zocl_destroy_client: client exits pid(5550)
[ 4877.054758] zocl-drm amba_pl@0:zyxclmm_drm: zocl_create_client: created KDS client for pid(5550), ret: 0
[ 4877.054804] zocl-drm amba_pl@0:zyxclmm_drm: zocl_destroy_client: client exits pid(5550)
[ 4877.054938] zocl-drm amba_pl@0:zyxclmm_drm: zocl_create_client: created KDS client for pid(5550), ret: 0
[ 4877.055151] [drm] bitstream 5de0b3d1-d3df-b2a8-6b55-02a060b84981 locked, ref=1
[ 4877.055169] zocl-drm amba_pl@0:zyxclmm_drm:  ffff0000028d3810 kds_add_context: Client pid(5550) add context Domain(0) CU(0x1) shared(true)
[ 4877.055397] zocl-drm amba_pl@0:zyxclmm_drm: zocl_create_client: created KDS client for pid(5550), ret: 0
[ 4877.055444] zocl-drm amba_pl@0:zyxclmm_drm: zocl_destroy_client: client exits pid(5550)
[ 4877.055576] zocl-drm amba_pl@0:zyxclmm_drm: zocl_create_client: created KDS client for pid(5550), ret: 0
[ 4877.055741] [drm] bitstream 5de0b3d1-d3df-b2a8-6b55-02a060b84981 locked, ref=2
[ 4877.055760] zocl-drm amba_pl@0:zyxclmm_drm:  ffff0000028d3810 kds_add_context: Client pid(5550) add context Domain(0) CU(0x0) shared(true)
[ 4877.055935] zocl-drm amba_pl@0:zyxclmm_drm: zocl_create_client: created KDS client for pid(5550), ret: 0
[ 4877.055980] zocl-drm amba_pl@0:zyxclmm_drm: zocl_destroy_client: client exits pid(5550)
[ 4877.056112] zocl-drm amba_pl@0:zyxclmm_drm: zocl_create_client: created KDS client for pid(5550), ret: 0
[ 4877.056196] [drm] bitstream 5de0b3d1-d3df-b2a8-6b55-02a060b84981 locked, ref=3
[ 4877.056215] zocl-drm amba_pl@0:zyxclmm_drm:  ffff0000028d3810 kds_add_context: Client pid(5550) add context Domain(0) CU(0x1) shared(true)
[ 4877.056445] zocl-drm amba_pl@0:zyxclmm_drm: zocl_create_client: created KDS client for pid(5550), ret: 0
[ 4877.056490] zocl-drm amba_pl@0:zyxclmm_drm: zocl_destroy_client: client exits pid(5550)
[ 4877.056615] zocl-drm amba_pl@0:zyxclmm_drm: zocl_create_client: created KDS client for pid(5550), ret: 0
[ 4877.056678] [drm] bitstream 5de0b3d1-d3df-b2a8-6b55-02a060b84981 locked, ref=4
[ 4877.056698] zocl-drm amba_pl@0:zyxclmm_drm:  ffff0000028d3810 kds_add_context: Client pid(5550) add context Domain(0) CU(0x0) shared(true)
[ 6754.797585] zocl-drm amba_pl@0:zyxclmm_drm:  ffff0000028d3810 kds_del_context: Client pid(5550) del context Domain(0) CU(0x1)
[ 6754.797619] [drm] bitstream 5de0b3d1-d3df-b2a8-6b55-02a060b84981 unlocked, ref=3
[ 6754.815504] zocl-drm amba_pl@0:zyxclmm_drm: zocl_destroy_client: client exits pid(5550)
[ 6754.833229] zocl-drm amba_pl@0:zyxclmm_drm:  ffff0000028d3810 kds_del_context: Client pid(5550) del context Domain(0) CU(0x0)
[ 6754.833250] [drm] bitstream 5de0b3d1-d3df-b2a8-6b55-02a060b84981 unlocked, ref=2
[ 6754.833329] zocl-drm amba_pl@0:zyxclmm_drm: zocl_destroy_client: client exits pid(5550)
[ 6754.846649] zocl-drm amba_pl@0:zyxclmm_drm:  ffff0000028d3810 kds_del_context: Client pid(5550) del context Domain(0) CU(0x1)
[ 6754.846686] [drm] bitstream 5de0b3d1-d3df-b2a8-6b55-02a060b84981 unlocked, ref=1
[ 6754.846772] zocl-drm amba_pl@0:zyxclmm_drm: zocl_destroy_client: client exits pid(5550)
[ 6754.846842] zocl-drm amba_pl@0:zyxclmm_drm:  ffff0000028d3810 kds_del_context: Client pid(5550) del context Domain(0) CU(0x0)
[ 6754.846857] [drm] bitstream 5de0b3d1-d3df-b2a8-6b55-02a060b84981 unlocked, ref=0
[ 6754.846911] zocl-drm amba_pl@0:zyxclmm_drm: zocl_destroy_client: client exits pid(5550)
[ 6756.347330] zocl-drm amba_pl@0:zyxclmm_drm: zocl_destroy_client: client exits pid(5550)
