XModel: 1 subgrafos DPU, 1 CPU; 3425 amostras
Executando model_only...
model_only: 0/3425
model_only: 3/3425
model_only: 8/3425
model_only: 14/3425
model_only: 20/3425
model_only: 26/3425
model_only: 32/3425
model_only: 38/3425
model_only: 44/3425
model_only: 50/3425
model_only: 56/3425
model_only: 62/3425
model_only: 68/3425
model_only: 74/3425
model_only: 80/3425
model_only: 86/3425
model_only: 92/3425
model_only: 98/3425
model_only: 104/3425
model_only: 110/3425
model_only: 116/3425
model_only: 122/3425
model_only: 128/3425
model_only: 134/3425
model_only: 140/3425
model_only: 146/3425
model_only: 152/3425
model_only: 158/3425
model_only: 164/3425
model_only: 170/3425
model_only: 176/3425
model_only: 182/3425
model_only: 188/3425
model_only: 194/3425
model_only: 199/3425
model_only: 205/3425
model_only: 211/3425
model_only: 217/3425
model_only: 223/3425
model_only: 229/3425
model_only: 235/3425
model_only: 241/3425
model_only: 247/3425
model_only: 253/3425
model_only: 259/3425
model_only: 265/3425
model_only: 271/3425
model_only: 277/3425
model_only: 283/3425
model_only: 289/3425
model_only: 295/3425
model_only: 301/3425
model_only: 307/3425
model_only: 313/3425
model_only: 319/3425
model_only: 325/3425
model_only: 331/3425
model_only: 337/3425
model_only: 343/3425
model_only: 349/3425
model_only: 355/3425
model_only: 361/3425
model_only: 367/3425
model_only: 373/3425
model_only: 379/3425
model_only: 385/3425
model_only: 390/3425
model_only: 396/3425
model_only: 402/3425
model_only: 408/3425
model_only: 414/3425
model_only: 420/3425
model_only: 426/3425
model_only: 432/3425
model_only: 438/3425
model_only: 444/3425
model_only: 450/3425
model_only: 456/3425
model_only: 462/3425
model_only: 468/3425
model_only: 474/3425
model_only: 480/3425
model_only: 486/3425
model_only: 492/3425
model_only: 498/3425
model_only: 504/3425
model_only: 510/3425
model_only: 516/3425
model_only: 522/3425
model_only: 528/3425
model_only: 534/3425
model_only: 540/3425
model_only: 546/3425
model_only: 552/3425
model_only: 558/3425
model_only: 564/3425
model_only: 570/3425
model_only: 576/3425
model_only: 581/3425
model_only: 587/3425
model_only: 593/3425
model_only: 599/3425
model_only: 605/3425
model_only: 611/3425
model_only: 617/3425
model_only: 623/3425
model_only: 629/3425
model_only: 635/3425
model_only: 641/3425
model_only: 647/3425
model_only: 653/3425
model_only: 659/3425
model_only: 665/3425
model_only: 671/3425
model_only: 677/3425
model_only: 683/3425
model_only: 689/3425
model_only: 695/3425
model_only: 701/3425
model_only: 707/3425
model_only: 713/3425
model_only: 719/3425
model_only: 725/3425
model_only: 731/3425
model_only: 737/3425
model_only: 743/3425
model_only: 749/3425
model_only: 755/3425
model_only: 761/3425
model_only: 767/3425
model_only: 773/3425
model_only: 778/3425
model_only: 784/3425
model_only: 790/3425
model_only: 796/3425
model_only: 802/3425
model_only: 808/3425
model_only: 814/3425
model_only: 820/3425
model_only: 826/3425
model_only: 832/3425
model_only: 838/3425
model_only: 844/3425
model_only: 850/3425
model_only: 856/3425
model_only: 862/3425
model_only: 868/3425
model_only: 874/3425
model_only: 880/3425
model_only: 886/3425
model_only: 892/3425
model_only: 898/3425
model_only: 904/3425
model_only: 910/3425
model_only: 916/3425
model_only: 922/3425
model_only: 928/3425
model_only: 934/3425
model_only: 940/3425
model_only: 946/3425
model_only: 952/3425
model_only: 958/3425
model_only: 963/3425
model_only: 969/3425
model_only: 975/3425
model_only: 981/3425
model_only: 987/3425
model_only: 993/3425
model_only: 999/3425
model_only: 1005/3425
model_only: 1011/3425
model_only: 1017/3425
model_only: 1023/3425
model_only: 1029/3425
model_only: 1035/3425
model_only: 1041/3425
model_only: 1047/3425
model_only: 1053/3425
model_only: 1059/3425
model_only: 1065/3425
model_only: 1071/3425
model_only: 1077/3425
model_only: 1083/3425
model_only: 1089/3425
model_only: 1095/3425
model_only: 1101/3425
model_only: 1107/3425
model_only: 1113/3425
model_only: 1119/3425
model_only: 1125/3425
model_only: 1131/3425
model_only: 1137/3425
model_only: 1143/3425
model_only: 1149/3425
model_only: 1155/3425
model_only: 1160/3425
model_only: 1166/3425
model_only: 1172/3425
model_only: 1178/3425
model_only: 1184/3425
model_only: 1190/3425
model_only: 1196/3425
model_only: 1202/3425
model_only: 1208/3425
model_only: 1214/3425
model_only: 1220/3425
model_only: 1226/3425
model_only: 1232/3425
model_only: 1238/3425
model_only: 1244/3425
model_only: 1250/3425
model_only: 1256/3425
model_only: 1262/3425
model_only: 1268/3425
model_only: 1274/3425
model_only: 1280/3425
model_only: 1286/3425
model_only: 1292/3425
model_only: 1298/3425
model_only: 1304/3425
model_only: 1310/3425
model_only: 1316/3425
model_only: 1322/3425
model_only: 1328/3425
model_only: 1334/3425
model_only: 1340/3425
model_only: 1346/3425
model_only: 1351/3425
model_only: 1357/3425
model_only: 1363/3425
model_only: 1369/3425
model_only: 1375/3425
model_only: 1381/3425
model_only: 1387/3425
model_only: 1393/3425
model_only: 1399/3425
model_only: 1405/3425
model_only: 1411/3425
model_only: 1417/3425
model_only: 1423/3425
model_only: 1429/3425
model_only: 1435/3425
model_only: 1441/3425
model_only: 1447/3425
model_only: 1453/3425
model_only: 1459/3425
model_only: 1465/3425
model_only: 1471/3425
model_only: 1477/3425
model_only: 1483/3425
model_only: 1489/3425
model_only: 1495/3425
model_only: 1501/3425
model_only: 1507/3425
model_only: 1513/3425
model_only: 1519/3425
model_only: 1525/3425
model_only: 1531/3425
model_only: 1537/3425
model_only: 1542/3425
model_only: 1548/3425
model_only: 1554/3425
model_only: 1560/3425
model_only: 1566/3425
model_only: 1572/3425
model_only: 1578/3425
model_only: 1584/3425
model_only: 1590/3425
model_only: 1596/3425
model_only: 1602/3425
model_only: 1608/3425
model_only: 1614/3425
model_only: 1620/3425
model_only: 1626/3425
model_only: 1632/3425
model_only: 1638/3425
model_only: 1644/3425
model_only: 1650/3425
model_only: 1656/3425
model_only: 1662/3425
model_only: 1668/3425
model_only: 1674/3425
model_only: 1680/3425
model_only: 1686/3425
model_only: 1692/3425
model_only: 1698/3425
model_only: 1704/3425
model_only: 1710/3425
model_only: 1716/3425
model_only: 1722/3425
model_only: 1728/3425
model_only: 1733/3425
model_only: 1739/3425
model_only: 1745/3425
model_only: 1751/3425
model_only: 1757/3425
model_only: 1763/3425
model_only: 1769/3425
model_only: 1775/3425
model_only: 1781/3425
model_only: 1787/3425
model_only: 1793/3425
model_only: 1799/3425
model_only: 1805/3425
model_only: 1811/3425
model_only: 1817/3425
model_only: 1823/3425
model_only: 1829/3425
model_only: 1835/3425
model_only: 1841/3425
model_only: 1847/3425
model_only: 1853/3425
model_only: 1859/3425
model_only: 1865/3425
model_only: 1871/3425
model_only: 1877/3425
model_only: 1883/3425
model_only: 1889/3425
model_only: 1895/3425
model_only: 1901/3425
model_only: 1907/3425
model_only: 1913/3425
model_only: 1919/3425
model_only: 1925/3425
model_only: 1930/3425
model_only: 1936/3425
model_only: 1942/3425
model_only: 1948/3425
model_only: 1954/3425
model_only: 1959/3425
model_only: 1965/3425
model_only: 1971/3425
model_only: 1977/3425
model_only: 1983/3425
model_only: 1989/3425
model_only: 1995/3425
model_only: 2001/3425
model_only: 2007/3425
model_only: 2013/3425
model_only: 2019/3425
model_only: 2025/3425
model_only: 2031/3425
model_only: 2037/3425
model_only: 2043/3425
model_only: 2049/3425
model_only: 2055/3425
model_only: 2061/3425
model_only: 2067/3425
model_only: 2073/3425
model_only: 2079/3425
model_only: 2085/3425
model_only: 2091/3425
model_only: 2097/3425
model_only: 2103/3425
model_only: 2109/3425
model_only: 2115/3425
model_only: 2121/3425
model_only: 2127/3425
model_only: 2132/3425
model_only: 2138/3425
model_only: 2144/3425
model_only: 2150/3425
model_only: 2156/3425
model_only: 2162/3425
model_only: 2168/3425
model_only: 2174/3425
model_only: 2180/3425
model_only: 2186/3425
model_only: 2192/3425
model_only: 2198/3425
model_only: 2204/3425
model_only: 2210/3425
model_only: 2216/3425
model_only: 2222/3425
model_only: 2228/3425
model_only: 2234/3425
model_only: 2240/3425
model_only: 2246/3425
model_only: 2252/3425
model_only: 2258/3425
model_only: 2264/3425
model_only: 2270/3425
model_only: 2276/3425
model_only: 2282/3425
model_only: 2288/3425
model_only: 2294/3425
model_only: 2300/3425
model_only: 2306/3425
model_only: 2312/3425
model_only: 2318/3425
model_only: 2323/3425
model_only: 2329/3425
model_only: 2335/3425
model_only: 2341/3425
model_only: 2347/3425
model_only: 2353/3425
model_only: 2359/3425
model_only: 2365/3425
model_only: 2371/3425
model_only: 2377/3425
model_only: 2383/3425
model_only: 2389/3425
model_only: 2395/3425
model_only: 2401/3425
model_only: 2407/3425
model_only: 2413/3425
model_only: 2419/3425
model_only: 2425/3425
model_only: 2431/3425
model_only: 2437/3425
model_only: 2443/3425
model_only: 2449/3425
model_only: 2455/3425
model_only: 2461/3425
model_only: 2467/3425
model_only: 2473/3425
model_only: 2479/3425
model_only: 2485/3425
model_only: 2491/3425
model_only: 2497/3425
model_only: 2503/3425
model_only: 2509/3425
model_only: 2515/3425
model_only: 2520/3425
model_only: 2526/3425
model_only: 2532/3425
model_only: 2538/3425
model_only: 2544/3425
model_only: 2550/3425
model_only: 2556/3425
model_only: 2562/3425
model_only: 2568/3425
model_only: 2574/3425
model_only: 2580/3425
model_only: 2586/3425
model_only: 2592/3425
model_only: 2598/3425
model_only: 2604/3425
model_only: 2610/3425
model_only: 2616/3425
model_only: 2622/3425
model_only: 2628/3425
model_only: 2634/3425
model_only: 2640/3425
model_only: 2646/3425
model_only: 2652/3425
model_only: 2658/3425
model_only: 2664/3425
model_only: 2670/3425
model_only: 2676/3425
model_only: 2682/3425
model_only: 2688/3425
model_only: 2694/3425
model_only: 2699/3425
model_only: 2705/3425
model_only: 2711/3425
model_only: 2717/3425
model_only: 2723/3425
model_only: 2729/3425
model_only: 2735/3425
model_only: 2741/3425
model_only: 2747/3425
model_only: 2753/3425
model_only: 2759/3425
model_only: 2765/3425
model_only: 2771/3425
model_only: 2777/3425
model_only: 2783/3425
model_only: 2789/3425
model_only: 2795/3425
model_only: 2801/3425
model_only: 2807/3425
model_only: 2813/3425
model_only: 2819/3425
model_only: 2825/3425
model_only: 2831/3425
model_only: 2837/3425
model_only: 2843/3425
model_only: 2849/3425
model_only: 2855/3425
model_only: 2861/3425
model_only: 2867/3425
model_only: 2873/3425
model_only: 2879/3425
model_only: 2885/3425
model_only: 2890/3425
model_only: 2896/3425
model_only: 2902/3425
model_only: 2908/3425
model_only: 2914/3425
model_only: 2920/3425
model_only: 2926/3425
model_only: 2932/3425
model_only: 2938/3425
model_only: 2944/3425
model_only: 2950/3425
model_only: 2956/3425
model_only: 2962/3425
model_only: 2968/3425
model_only: 2974/3425
model_only: 2980/3425
model_only: 2986/3425
model_only: 2992/3425
model_only: 2998/3425
model_only: 3004/3425
model_only: 3010/3425
model_only: 3016/3425
model_only: 3022/3425
model_only: 3028/3425
model_only: 3034/3425
model_only: 3040/3425
model_only: 3046/3425
model_only: 3052/3425
model_only: 3058/3425
model_only: 3064/3425
model_only: 3070/3425
model_only: 3076/3425
model_only: 3082/3425
model_only: 3087/3425
model_only: 3093/3425
model_only: 3099/3425
model_only: 3105/3425
model_only: 3111/3425
model_only: 3117/3425
model_only: 3123/3425
model_only: 3129/3425
model_only: 3135/3425
model_only: 3141/3425
model_only: 3147/3425
model_only: 3153/3425
model_only: 3159/3425
model_only: 3165/3425
model_only: 3171/3425
model_only: 3177/3425
model_only: 3183/3425
model_only: 3189/3425
model_only: 3195/3425
model_only: 3201/3425
model_only: 3207/3425
model_only: 3213/3425
model_only: 3219/3425
model_only: 3225/3425
model_only: 3231/3425
model_only: 3237/3425
model_only: 3243/3425
model_only: 3249/3425
model_only: 3255/3425
model_only: 3261/3425
model_only: 3267/3425
model_only: 3272/3425
model_only: 3278/3425
model_only: 3284/3425
model_only: 3290/3425
model_only: 3296/3425
model_only: 3302/3425
model_only: 3308/3425
model_only: 3314/3425
model_only: 3320/3425
model_only: 3326/3425
model_only: 3332/3425
model_only: 3338/3425
model_only: 3344/3425
model_only: 3350/3425
model_only: 3356/3425
model_only: 3362/3425
model_only: 3368/3425
model_only: 3374/3425
model_only: 3380/3425
model_only: 3386/3425
model_only: 3392/3425
model_only: 3398/3425
model_only: 3404/3425
model_only: 3410/3425
model_only: 3416/3425
model_only: 3422/3425
model_only: 3425/3425
model_only: 3425 inferencias em 574.275 s; 5.96404 FPS; latencia media 670.345 ms; p99 677.393 ms
Executando end_to_end...
end_to_end: 0/3425
end_to_end: 2/3425
end_to_end: 8/3425
end_to_end: 14/3425
end_to_end: 20/3425
end_to_end: 26/3425
end_to_end: 32/3425
end_to_end: 38/3425
end_to_end: 44/3425
end_to_end: 50/3425
end_to_end: 56/3425
end_to_end: 62/3425
end_to_end: 68/3425
end_to_end: 74/3425
end_to_end: 80/3425
end_to_end: 86/3425
end_to_end: 92/3425
end_to_end: 98/3425
end_to_end: 104/3425
end_to_end: 110/3425
end_to_end: 116/3425
end_to_end: 122/3425
end_to_end: 127/3425
end_to_end: 133/3425
end_to_end: 139/3425
end_to_end: 145/3425
end_to_end: 151/3425
end_to_end: 157/3425
end_to_end: 163/3425
end_to_end: 169/3425
end_to_end: 175/3425
end_to_end: 181/3425
end_to_end: 187/3425
end_to_end: 193/3425
end_to_end: 199/3425
end_to_end: 205/3425
end_to_end: 211/3425
end_to_end: 217/3425
end_to_end: 223/3425
end_to_end: 229/3425
end_to_end: 235/3425
end_to_end: 241/3425
end_to_end: 247/3425
end_to_end: 253/3425
end_to_end: 259/3425
end_to_end: 265/3425
end_to_end: 270/3425
end_to_end: 276/3425
end_to_end: 282/3425
end_to_end: 288/3425
end_to_end: 294/3425
end_to_end: 300/3425
end_to_end: 306/3425
end_to_end: 312/3425
end_to_end: 318/3425
end_to_end: 324/3425
end_to_end: 330/3425
end_to_end: 336/3425
end_to_end: 342/3425
end_to_end: 348/3425
end_to_end: 354/3425
end_to_end: 360/3425
end_to_end: 366/3425
end_to_end: 371/3425
end_to_end: 377/3425
end_to_end: 383/3425
end_to_end: 389/3425
end_to_end: 394/3425
end_to_end: 400/3425
end_to_end: 406/3425
end_to_end: 412/3425
end_to_end: 418/3425
end_to_end: 424/3425
end_to_end: 430/3425
end_to_end: 436/3425
end_to_end: 442/3425
end_to_end: 448/3425
end_to_end: 454/3425
end_to_end: 460/3425
end_to_end: 466/3425
end_to_end: 472/3425
end_to_end: 478/3425
end_to_end: 484/3425
end_to_end: 490/3425
end_to_end: 496/3425
end_to_end: 502/3425
end_to_end: 508/3425
end_to_end: 514/3425
end_to_end: 520/3425
end_to_end: 526/3425
end_to_end: 532/3425
end_to_end: 537/3425
end_to_end: 543/3425
end_to_end: 549/3425
end_to_end: 555/3425
end_to_end: 561/3425
end_to_end: 567/3425
end_to_end: 573/3425
end_to_end: 579/3425
end_to_end: 585/3425
end_to_end: 591/3425
end_to_end: 597/3425
end_to_end: 603/3425
end_to_end: 609/3425
end_to_end: 615/3425
end_to_end: 621/3425
end_to_end: 627/3425
end_to_end: 633/3425
end_to_end: 638/3425
end_to_end: 644/3425
end_to_end: 650/3425
end_to_end: 656/3425
end_to_end: 662/3425
end_to_end: 668/3425
end_to_end: 674/3425
end_to_end: 680/3425
end_to_end: 686/3425
end_to_end: 692/3425
end_to_end: 698/3425
end_to_end: 704/3425
end_to_end: 710/3425
end_to_end: 716/3425
end_to_end: 722/3425
end_to_end: 728/3425
end_to_end: 733/3425
end_to_end: 739/3425
end_to_end: 745/3425
end_to_end: 751/3425
end_to_end: 757/3425
end_to_end: 763/3425
end_to_end: 769/3425
end_to_end: 775/3425
end_to_end: 781/3425
end_to_end: 787/3425
end_to_end: 792/3425
end_to_end: 798/3425
end_to_end: 804/3425
end_to_end: 810/3425
end_to_end: 816/3425
end_to_end: 822/3425
end_to_end: 828/3425
end_to_end: 834/3425
end_to_end: 840/3425
end_to_end: 846/3425
end_to_end: 852/3425
end_to_end: 858/3425
end_to_end: 864/3425
end_to_end: 870/3425
end_to_end: 876/3425
end_to_end: 882/3425
end_to_end: 888/3425
end_to_end: 894/3425
end_to_end: 900/3425
end_to_end: 905/3425
end_to_end: 911/3425
end_to_end: 917/3425
end_to_end: 923/3425
end_to_end: 929/3425
end_to_end: 935/3425
end_to_end: 941/3425
end_to_end: 947/3425
end_to_end: 953/3425
end_to_end: 959/3425
end_to_end: 965/3425
end_to_end: 971/3425
end_to_end: 977/3425
end_to_end: 983/3425
end_to_end: 989/3425
end_to_end: 995/3425
end_to_end: 1001/3425
end_to_end: 1005/3425
end_to_end: 1011/3425
end_to_end: 1017/3425
end_to_end: 1023/3425
end_to_end: 1029/3425
end_to_end: 1035/3425
end_to_end: 1041/3425
end_to_end: 1047/3425
end_to_end: 1053/3425
end_to_end: 1059/3425
end_to_end: 1065/3425
end_to_end: 1071/3425
end_to_end: 1077/3425
end_to_end: 1083/3425
end_to_end: 1089/3425
end_to_end: 1095/3425
end_to_end: 1101/3425
end_to_end: 1107/3425
end_to_end: 1113/3425
end_to_end: 1118/3425
end_to_end: 1124/3425
end_to_end: 1130/3425
end_to_end: 1136/3425
end_to_end: 1142/3425
end_to_end: 1148/3425
end_to_end: 1154/3425
end_to_end: 1160/3425
end_to_end: 1166/3425
end_to_end: 1172/3425
end_to_end: 1178/3425
end_to_end: 1184/3425
end_to_end: 1190/3425
end_to_end: 1196/3425
end_to_end: 1202/3425
end_to_end: 1208/3425
end_to_end: 1214/3425
end_to_end: 1218/3425
end_to_end: 1224/3425
end_to_end: 1230/3425
end_to_end: 1236/3425
end_to_end: 1242/3425
end_to_end: 1248/3425
end_to_end: 1254/3425
end_to_end: 1260/3425
end_to_end: 1266/3425
end_to_end: 1272/3425
end_to_end: 1278/3425
end_to_end: 1284/3425
end_to_end: 1290/3425
end_to_end: 1296/3425
end_to_end: 1302/3425
end_to_end: 1308/3425
end_to_end: 1314/3425
end_to_end: 1320/3425
end_to_end: 1326/3425
end_to_end: 1332/3425
end_to_end: 1338/3425
end_to_end: 1344/3425
end_to_end: 1350/3425
end_to_end: 1356/3425
end_to_end: 1362/3425
end_to_end: 1368/3425
end_to_end: 1373/3425
end_to_end: 1379/3425
end_to_end: 1385/3425
end_to_end: 1391/3425
end_to_end: 1397/3425
end_to_end: 1403/3425
end_to_end: 1409/3425
end_to_end: 1415/3425
end_to_end: 1421/3425
end_to_end: 1427/3425
end_to_end: 1433/3425
end_to_end: 1439/3425
end_to_end: 1445/3425
end_to_end: 1451/3425
end_to_end: 1457/3425
end_to_end: 1463/3425
end_to_end: 1469/3425
end_to_end: 1475/3425
end_to_end: 1481/3425
end_to_end: 1487/3425
end_to_end: 1493/3425
end_to_end: 1499/3425
end_to_end: 1505/3425
end_to_end: 1510/3425
end_to_end: 1516/3425
end_to_end: 1522/3425
end_to_end: 1528/3425
end_to_end: 1534/3425
end_to_end: 1540/3425
end_to_end: 1546/3425
end_to_end: 1552/3425
end_to_end: 1558/3425
end_to_end: 1564/3425
end_to_end: 1570/3425
end_to_end: 1576/3425
end_to_end: 1582/3425
end_to_end: 1588/3425
end_to_end: 1594/3425
end_to_end: 1600/3425
end_to_end: 1606/3425
end_to_end: 1612/3425
end_to_end: 1618/3425
end_to_end: 1624/3425
end_to_end: 1630/3425
end_to_end: 1636/3425
end_to_end: 1642/3425
end_to_end: 1646/3425
end_to_end: 1652/3425
end_to_end: 1658/3425
end_to_end: 1664/3425
end_to_end: 1670/3425
end_to_end: 1676/3425
end_to_end: 1682/3425
end_to_end: 1688/3425
end_to_end: 1694/3425
end_to_end: 1700/3425
end_to_end: 1706/3425
end_to_end: 1712/3425
end_to_end: 1718/3425
end_to_end: 1724/3425
end_to_end: 1730/3425
end_to_end: 1736/3425
end_to_end: 1741/3425
end_to_end: 1747/3425
end_to_end: 1753/3425
end_to_end: 1759/3425
end_to_end: 1765/3425
end_to_end: 1771/3425
end_to_end: 1777/3425
end_to_end: 1783/3425
end_to_end: 1789/3425
end_to_end: 1795/3425
end_to_end: 1801/3425
end_to_end: 1807/3425
end_to_end: 1813/3425
end_to_end: 1819/3425
end_to_end: 1825/3425
end_to_end: 1831/3425
end_to_end: 1837/3425
end_to_end: 1843/3425
end_to_end: 1849/3425
end_to_end: 1855/3425
end_to_end: 1861/3425
end_to_end: 1867/3425
end_to_end: 1873/3425
end_to_end: 1879/3425
end_to_end: 1885/3425
end_to_end: 1891/3425
end_to_end: 1896/3425
end_to_end: 1902/3425
end_to_end: 1908/3425
end_to_end: 1914/3425
end_to_end: 1920/3425
end_to_end: 1926/3425
end_to_end: 1932/3425
end_to_end: 1938/3425
end_to_end: 1944/3425
end_to_end: 1949/3425
end_to_end: 1955/3425
end_to_end: 1961/3425
end_to_end: 1967/3425
end_to_end: 1973/3425
end_to_end: 1979/3425
end_to_end: 1985/3425
end_to_end: 1991/3425
end_to_end: 1996/3425
end_to_end: 2002/3425
end_to_end: 2008/3425
end_to_end: 2014/3425
end_to_end: 2020/3425
end_to_end: 2026/3425
end_to_end: 2032/3425
end_to_end: 2038/3425
end_to_end: 2044/3425
end_to_end: 2050/3425
end_to_end: 2056/3425
end_to_end: 2062/3425
end_to_end: 2068/3425
end_to_end: 2074/3425
end_to_end: 2080/3425
end_to_end: 2086/3425
end_to_end: 2092/3425
end_to_end: 2098/3425
end_to_end: 2104/3425
end_to_end: 2110/3425
end_to_end: 2116/3425
end_to_end: 2122/3425
end_to_end: 2128/3425
end_to_end: 2134/3425
end_to_end: 2140/3425
end_to_end: 2146/3425
end_to_end: 2152/3425
end_to_end: 2157/3425
end_to_end: 2162/3425
end_to_end: 2168/3425
end_to_end: 2174/3425
end_to_end: 2180/3425
end_to_end: 2186/3425
end_to_end: 2192/3425
end_to_end: 2198/3425
end_to_end: 2204/3425
end_to_end: 2210/3425
end_to_end: 2216/3425
end_to_end: 2222/3425
end_to_end: 2228/3425
end_to_end: 2234/3425
end_to_end: 2240/3425
end_to_end: 2246/3425
end_to_end: 2252/3425
end_to_end: 2258/3425
end_to_end: 2264/3425
end_to_end: 2270/3425
end_to_end: 2276/3425
end_to_end: 2281/3425
end_to_end: 2287/3425
end_to_end: 2293/3425
end_to_end: 2299/3425
end_to_end: 2305/3425
end_to_end: 2311/3425
end_to_end: 2317/3425
end_to_end: 2323/3425
end_to_end: 2329/3425
end_to_end: 2335/3425
end_to_end: 2341/3425
end_to_end: 2347/3425
end_to_end: 2351/3425
end_to_end: 2357/3425
end_to_end: 2363/3425
end_to_end: 2369/3425
end_to_end: 2375/3425
end_to_end: 2381/3425
end_to_end: 2387/3425
end_to_end: 2393/3425
end_to_end: 2399/3425
end_to_end: 2405/3425
end_to_end: 2411/3425
end_to_end: 2417/3425
end_to_end: 2423/3425
end_to_end: 2429/3425
end_to_end: 2435/3425
end_to_end: 2441/3425
end_to_end: 2447/3425
end_to_end: 2453/3425
end_to_end: 2459/3425
end_to_end: 2465/3425
end_to_end: 2471/3425
end_to_end: 2477/3425
end_to_end: 2483/3425
end_to_end: 2489/3425
end_to_end: 2495/3425
end_to_end: 2501/3425
end_to_end: 2507/3425
end_to_end: 2512/3425
end_to_end: 2518/3425
end_to_end: 2524/3425
end_to_end: 2530/3425
end_to_end: 2536/3425
end_to_end: 2542/3425
end_to_end: 2548/3425
end_to_end: 2554/3425
end_to_end: 2560/3425
end_to_end: 2566/3425
end_to_end: 2572/3425
end_to_end: 2578/3425
end_to_end: 2584/3425
end_to_end: 2590/3425
end_to_end: 2596/3425
end_to_end: 2602/3425
end_to_end: 2608/3425
end_to_end: 2614/3425
end_to_end: 2618/3425
end_to_end: 2624/3425
end_to_end: 2630/3425
end_to_end: 2636/3425
end_to_end: 2642/3425
end_to_end: 2648/3425
end_to_end: 2654/3425
end_to_end: 2660/3425
end_to_end: 2666/3425
end_to_end: 2672/3425
end_to_end: 2678/3425
end_to_end: 2684/3425
end_to_end: 2690/3425
end_to_end: 2696/3425
end_to_end: 2702/3425
end_to_end: 2708/3425
end_to_end: 2714/3425
end_to_end: 2720/3425
end_to_end: 2726/3425
end_to_end: 2731/3425
end_to_end: 2737/3425
end_to_end: 2743/3425
end_to_end: 2749/3425
end_to_end: 2755/3425
end_to_end: 2761/3425
end_to_end: 2767/3425
end_to_end: 2773/3425
end_to_end: 2779/3425
end_to_end: 2785/3425
end_to_end: 2791/3425
end_to_end: 2797/3425
end_to_end: 2803/3425
end_to_end: 2809/3425
end_to_end: 2815/3425
end_to_end: 2821/3425
end_to_end: 2827/3425
end_to_end: 2833/3425
end_to_end: 2837/3425
end_to_end: 2843/3425
end_to_end: 2849/3425
end_to_end: 2855/3425
end_to_end: 2861/3425
end_to_end: 2867/3425
end_to_end: 2873/3425
end_to_end: 2879/3425
end_to_end: 2885/3425
end_to_end: 2891/3425
end_to_end: 2897/3425
end_to_end: 2903/3425
end_to_end: 2909/3425
end_to_end: 2915/3425
end_to_end: 2921/3425
end_to_end: 2927/3425
end_to_end: 2933/3425
end_to_end: 2939/3425
end_to_end: 2944/3425
end_to_end: 2950/3425
end_to_end: 2956/3425
end_to_end: 2962/3425
end_to_end: 2968/3425
end_to_end: 2974/3425
end_to_end: 2980/3425
end_to_end: 2986/3425
end_to_end: 2992/3425
end_to_end: 2998/3425
end_to_end: 3004/3425
end_to_end: 3010/3425
end_to_end: 3016/3425
end_to_end: 3022/3425
end_to_end: 3028/3425
end_to_end: 3034/3425
end_to_end: 3040/3425
end_to_end: 3045/3425
end_to_end: 3050/3425
end_to_end: 3056/3425
end_to_end: 3062/3425
end_to_end: 3068/3425
end_to_end: 3074/3425
end_to_end: 3080/3425
end_to_end: 3086/3425
end_to_end: 3092/3425
end_to_end: 3098/3425
end_to_end: 3104/3425
end_to_end: 3110/3425
end_to_end: 3116/3425
end_to_end: 3122/3425
end_to_end: 3128/3425
end_to_end: 3134/3425
end_to_end: 3140/3425
end_to_end: 3146/3425
end_to_end: 3152/3425
end_to_end: 3158/3425
end_to_end: 3164/3425
end_to_end: 3170/3425
end_to_end: 3176/3425
end_to_end: 3182/3425
end_to_end: 3188/3425
end_to_end: 3194/3425
end_to_end: 3200/3425
end_to_end: 3206/3425
end_to_end: 3211/3425
end_to_end: 3217/3425
end_to_end: 3223/3425
end_to_end: 3229/3425
end_to_end: 3235/3425
end_to_end: 3241/3425
end_to_end: 3247/3425
end_to_end: 3253/3425
end_to_end: 3259/3425
end_to_end: 3265/3425
end_to_end: 3271/3425
end_to_end: 3277/3425
end_to_end: 3283/3425
end_to_end: 3288/3425
end_to_end: 3294/3425
end_to_end: 3300/3425
end_to_end: 3305/3425
end_to_end: 3311/3425
end_to_end: 3317/3425
end_to_end: 3323/3425
end_to_end: 3329/3425
end_to_end: 3335/3425
end_to_end: 3341/3425
end_to_end: 3347/3425
end_to_end: 3353/3425
end_to_end: 3359/3425
end_to_end: 3365/3425
end_to_end: 3371/3425
end_to_end: 3377/3425
end_to_end: 3383/3425
end_to_end: 3389/3425
end_to_end: 3395/3425
end_to_end: 3401/3425
end_to_end: 3407/3425
end_to_end: 3413/3425
end_to_end: 3419/3425
end_to_end: 3425/3425
end_to_end: 3425 inferencias em 577.773 s; 5.92793 FPS; latencia media 762.235 ms; p99 976.999 ms
Validando segmentacao...
validacao: 0/3425
validacao: 1/3425
validacao: 3/3425
validacao: 5/3425
validacao: 7/3425
validacao: 8/3425
validacao: 10/3425
validacao: 12/3425
validacao: 14/3425
validacao: 16/3425
validacao: 17/3425
validacao: 19/3425
validacao: 21/3425
validacao: 23/3425
validacao: 25/3425
validacao: 27/3425
validacao: 28/3425
validacao: 30/3425
validacao: 32/3425
validacao: 34/3425
validacao: 36/3425
validacao: 37/3425
validacao: 39/3425
validacao: 41/3425
validacao: 43/3425
validacao: 45/3425
validacao: 46/3425
validacao: 48/3425
validacao: 50/3425
validacao: 52/3425
validacao: 54/3425
validacao: 55/3425
validacao: 57/3425
validacao: 59/3425
validacao: 61/3425
validacao: 63/3425
validacao: 64/3425
validacao: 66/3425
validacao: 68/3425
validacao: 70/3425
validacao: 71/3425
validacao: 73/3425
validacao: 75/3425
validacao: 77/3425
validacao: 79/3425
validacao: 80/3425
validacao: 82/3425
validacao: 84/3425
validacao: 86/3425
validacao: 88/3425
validacao: 89/3425
validacao: 91/3425
validacao: 93/3425
validacao: 95/3425
validacao: 97/3425
validacao: 99/3425
validacao: 100/3425
validacao: 102/3425
validacao: 104/3425
validacao: 106/3425
validacao: 107/3425
validacao: 109/3425
validacao: 111/3425
validacao: 113/3425
validacao: 115/3425
validacao: 116/3425
validacao: 118/3425
validacao: 120/3425
validacao: 122/3425
validacao: 124/3425
validacao: 126/3425
validacao: 127/3425
validacao: 129/3425
validacao: 131/3425
validacao: 133/3425
validacao: 135/3425
validacao: 136/3425
validacao: 138/3425
validacao: 140/3425
validacao: 142/3425
validacao: 143/3425
validacao: 145/3425
validacao: 147/3425
validacao: 149/3425
validacao: 151/3425
validacao: 153/3425
validacao: 154/3425
validacao: 156/3425
validacao: 158/3425
validacao: 160/3425
validacao: 162/3425
validacao: 164/3425
validacao: 165/3425
validacao: 167/3425
validacao: 169/3425
validacao: 171/3425
validacao: 173/3425
validacao: 174/3425
validacao: 176/3425
validacao: 178/3425
validacao: 180/3425
validacao: 182/3425
validacao: 184/3425
validacao: 185/3425
validacao: 187/3425
validacao: 189/3425
validacao: 191/3425
validacao: 193/3425
validacao: 195/3425
validacao: 196/3425
validacao: 198/3425
validacao: 200/3425
validacao: 202/3425
validacao: 204/3425
validacao: 206/3425
validacao: 207/3425
validacao: 209/3425
validacao: 211/3425
validacao: 213/3425
validacao: 215/3425
validacao: 216/3425
validacao: 218/3425
validacao: 220/3425
validacao: 222/3425
validacao: 224/3425
validacao: 226/3425
validacao: 227/3425
validacao: 229/3425
validacao: 231/3425
validacao: 233/3425
validacao: 235/3425
validacao: 237/3425
validacao: 238/3425
validacao: 240/3425
validacao: 242/3425
validacao: 244/3425
validacao: 246/3425
validacao: 248/3425
validacao: 249/3425
validacao: 251/3425
validacao: 253/3425
validacao: 255/3425
validacao: 257/3425
validacao: 258/3425
validacao: 260/3425
validacao: 261/3425
validacao: 263/3425
validacao: 265/3425
validacao: 267/3425
validacao: 269/3425
validacao: 270/3425
validacao: 272/3425
validacao: 274/3425
validacao: 276/3425
validacao: 278/3425
validacao: 280/3425
validacao: 281/3425
validacao: 283/3425
validacao: 285/3425
validacao: 287/3425
validacao: 289/3425
validacao: 290/3425
validacao: 292/3425
validacao: 294/3425
validacao: 296/3425
validacao: 298/3425
validacao: 300/3425
validacao: 301/3425
validacao: 303/3425
validacao: 305/3425
validacao: 307/3425
validacao: 309/3425
validacao: 311/3425
validacao: 312/3425
validacao: 314/3425
validacao: 316/3425
validacao: 318/3425
validacao: 320/3425
validacao: 322/3425
validacao: 323/3425
validacao: 325/3425
validacao: 327/3425
validacao: 329/3425
validacao: 331/3425
validacao: 332/3425
validacao: 334/3425
validacao: 336/3425
validacao: 338/3425
validacao: 340/3425
validacao: 341/3425
validacao: 343/3425
validacao: 345/3425
validacao: 347/3425
validacao: 349/3425
validacao: 350/3425
validacao: 352/3425
validacao: 354/3425
validacao: 356/3425
validacao: 358/3425
validacao: 360/3425
validacao: 361/3425
validacao: 363/3425
validacao: 365/3425
validacao: 367/3425
validacao: 369/3425
validacao: 370/3425
validacao: 372/3425
validacao: 374/3425
validacao: 376/3425
validacao: 378/3425
validacao: 380/3425
validacao: 381/3425
validacao: 383/3425
validacao: 385/3425
validacao: 387/3425
validacao: 389/3425
validacao: 390/3425
validacao: 392/3425
validacao: 394/3425
validacao: 396/3425
validacao: 398/3425
validacao: 400/3425
validacao: 401/3425
validacao: 403/3425
validacao: 405/3425
validacao: 407/3425
validacao: 409/3425
validacao: 411/3425
validacao: 412/3425
validacao: 414/3425
validacao: 416/3425
validacao: 418/3425
validacao: 420/3425
validacao: 421/3425
validacao: 423/3425
validacao: 425/3425
validacao: 427/3425
validacao: 429/3425
validacao: 431/3425
validacao: 432/3425
validacao: 434/3425
validacao: 436/3425
validacao: 438/3425
validacao: 440/3425
validacao: 441/3425
validacao: 443/3425
validacao: 445/3425
validacao: 447/3425
validacao: 449/3425
validacao: 451/3425
validacao: 452/3425
validacao: 454/3425
validacao: 456/3425
validacao: 458/3425
validacao: 460/3425
validacao: 461/3425
validacao: 463/3425
validacao: 465/3425
validacao: 467/3425
validacao: 468/3425
validacao: 470/3425
validacao: 472/3425
validacao: 474/3425
validacao: 476/3425
validacao: 478/3425
validacao: 479/3425
validacao: 481/3425
validacao: 483/3425
validacao: 485/3425
validacao: 487/3425
validacao: 489/3425
validacao: 490/3425
validacao: 492/3425
validacao: 494/3425
validacao: 496/3425
validacao: 498/3425
validacao: 499/3425
validacao: 501/3425
validacao: 503/3425
validacao: 505/3425
validacao: 507/3425
validacao: 508/3425
validacao: 510/3425
validacao: 512/3425
validacao: 514/3425
validacao: 516/3425
validacao: 518/3425
validacao: 520/3425
validacao: 521/3425
validacao: 523/3425
validacao: 525/3425
validacao: 527/3425
validacao: 529/3425
validacao: 531/3425
validacao: 532/3425
validacao: 534/3425
validacao: 536/3425
validacao: 538/3425
validacao: 540/3425
validacao: 542/3425
validacao: 543/3425
validacao: 545/3425
validacao: 547/3425
validacao: 549/3425
validacao: 551/3425
validacao: 552/3425
validacao: 554/3425
validacao: 556/3425
validacao: 558/3425
validacao: 560/3425
validacao: 562/3425
validacao: 563/3425
validacao: 565/3425
validacao: 567/3425
validacao: 569/3425
validacao: 571/3425
validacao: 573/3425
validacao: 574/3425
validacao: 576/3425
validacao: 578/3425
validacao: 580/3425
validacao: 581/3425
validacao: 583/3425
validacao: 585/3425
validacao: 587/3425
validacao: 589/3425
validacao: 591/3425
validacao: 592/3425
validacao: 594/3425
validacao: 596/3425
validacao: 598/3425
validacao: 600/3425
validacao: 601/3425
validacao: 603/3425
validacao: 605/3425
validacao: 607/3425
validacao: 609/3425
validacao: 611/3425
validacao: 612/3425
validacao: 614/3425
validacao: 616/3425
validacao: 618/3425
validacao: 620/3425
validacao: 622/3425
validacao: 623/3425
validacao: 625/3425
validacao: 627/3425
validacao: 629/3425
validacao: 631/3425
validacao: 633/3425
validacao: 634/3425
validacao: 636/3425
validacao: 638/3425
validacao: 640/3425
validacao: 642/3425
validacao: 643/3425
validacao: 645/3425
validacao: 647/3425
validacao: 649/3425
validacao: 651/3425
validacao: 652/3425
validacao: 654/3425
validacao: 656/3425
validacao: 658/3425
validacao: 660/3425
validacao: 661/3425
validacao: 663/3425
validacao: 665/3425
validacao: 667/3425
validacao: 669/3425
validacao: 670/3425
validacao: 672/3425
validacao: 674/3425
validacao: 676/3425
validacao: 678/3425
validacao: 679/3425
validacao: 681/3425
validacao: 683/3425
validacao: 685/3425
validacao: 687/3425
validacao: 689/3425
validacao: 690/3425
validacao: 692/3425
validacao: 694/3425
validacao: 696/3425
validacao: 698/3425
validacao: 699/3425
validacao: 701/3425
validacao: 703/3425
validacao: 705/3425
validacao: 707/3425
validacao: 708/3425
validacao: 710/3425
validacao: 712/3425
validacao: 714/3425
validacao: 716/3425
validacao: 717/3425
validacao: 719/3425
validacao: 721/3425
validacao: 723/3425
validacao: 725/3425
validacao: 726/3425
validacao: 728/3425
validacao: 730/3425
validacao: 732/3425
validacao: 734/3425
validacao: 735/3425
validacao: 737/3425
validacao: 739/3425
validacao: 741/3425
validacao: 743/3425
validacao: 745/3425
validacao: 746/3425
validacao: 748/3425
validacao: 750/3425
validacao: 752/3425
validacao: 754/3425
validacao: 755/3425
validacao: 757/3425
validacao: 759/3425
validacao: 761/3425
validacao: 763/3425
validacao: 765/3425
validacao: 766/3425
validacao: 768/3425
validacao: 770/3425
validacao: 772/3425
validacao: 774/3425
validacao: 776/3425
validacao: 777/3425
validacao: 779/3425
validacao: 781/3425
validacao: 783/3425
validacao: 785/3425
validacao: 786/3425
validacao: 788/3425
validacao: 790/3425
validacao: 792/3425
validacao: 794/3425
validacao: 796/3425
validacao: 797/3425
validacao: 799/3425
validacao: 801/3425
validacao: 803/3425
validacao: 805/3425
validacao: 806/3425
validacao: 808/3425
validacao: 810/3425
validacao: 812/3425
validacao: 814/3425
validacao: 816/3425
validacao: 817/3425
validacao: 819/3425
validacao: 821/3425
validacao: 823/3425
validacao: 825/3425
validacao: 827/3425
validacao: 828/3425
validacao: 830/3425
validacao: 832/3425
validacao: 834/3425
validacao: 836/3425
validacao: 838/3425
validacao: 839/3425
validacao: 841/3425
validacao: 843/3425
validacao: 845/3425
validacao: 847/3425
validacao: 849/3425
validacao: 850/3425
validacao: 852/3425
validacao: 854/3425
validacao: 856/3425
validacao: 858/3425
validacao: 859/3425
validacao: 861/3425
validacao: 863/3425
validacao: 865/3425
validacao: 867/3425
validacao: 869/3425
validacao: 870/3425
validacao: 872/3425
validacao: 874/3425
validacao: 876/3425
validacao: 878/3425
validacao: 879/3425
validacao: 881/3425
validacao: 883/3425
validacao: 885/3425
validacao: 887/3425
validacao: 888/3425
validacao: 890/3425
validacao: 892/3425
validacao: 894/3425
validacao: 896/3425
validacao: 898/3425
validacao: 899/3425
validacao: 901/3425
validacao: 903/3425
validacao: 905/3425
validacao: 907/3425
validacao: 909/3425
validacao: 910/3425
validacao: 912/3425
validacao: 914/3425
validacao: 916/3425
validacao: 918/3425
validacao: 919/3425
validacao: 921/3425
validacao: 923/3425
validacao: 925/3425
validacao: 927/3425
validacao: 928/3425
validacao: 930/3425
validacao: 932/3425
validacao: 934/3425
validacao: 935/3425
validacao: 937/3425
validacao: 939/3425
validacao: 941/3425
validacao: 943/3425
validacao: 944/3425
validacao: 946/3425
validacao: 948/3425
validacao: 950/3425
validacao: 951/3425
validacao: 953/3425
validacao: 955/3425
validacao: 957/3425
validacao: 958/3425
validacao: 960/3425
validacao: 962/3425
validacao: 964/3425
validacao: 965/3425
validacao: 967/3425
validacao: 969/3425
validacao: 971/3425
validacao: 972/3425
validacao: 974/3425
validacao: 976/3425
validacao: 978/3425
validacao: 980/3425
validacao: 981/3425
validacao: 983/3425
validacao: 985/3425
validacao: 987/3425
validacao: 988/3425
validacao: 990/3425
validacao: 992/3425
validacao: 994/3425
validacao: 996/3425
validacao: 997/3425
validacao: 999/3425
validacao: 1001/3425
validacao: 1002/3425
validacao: 1004/3425
validacao: 1006/3425
validacao: 1008/3425
validacao: 1010/3425
validacao: 1011/3425
validacao: 1013/3425
validacao: 1015/3425
validacao: 1017/3425
validacao: 1018/3425
validacao: 1020/3425
validacao: 1022/3425
validacao: 1024/3425
validacao: 1026/3425
validacao: 1027/3425
validacao: 1029/3425
validacao: 1031/3425
validacao: 1033/3425
validacao: 1035/3425
validacao: 1037/3425
validacao: 1038/3425
validacao: 1040/3425
validacao: 1042/3425
validacao: 1044/3425
validacao: 1046/3425
validacao: 1047/3425
validacao: 1049/3425
validacao: 1051/3425
validacao: 1053/3425
validacao: 1055/3425
validacao: 1056/3425
validacao: 1058/3425
validacao: 1060/3425
validacao: 1062/3425
validacao: 1064/3425
validacao: 1066/3425
validacao: 1067/3425
validacao: 1069/3425
validacao: 1071/3425
validacao: 1073/3425
validacao: 1075/3425
validacao: 1077/3425
validacao: 1078/3425
validacao: 1080/3425
validacao: 1082/3425
validacao: 1084/3425
validacao: 1086/3425
validacao: 1088/3425
validacao: 1089/3425
validacao: 1091/3425
validacao: 1093/3425
validacao: 1095/3425
validacao: 1097/3425
validacao: 1098/3425
validacao: 1100/3425
validacao: 1102/3425
validacao: 1104/3425
validacao: 1106/3425
validacao: 1108/3425
validacao: 1109/3425
validacao: 1111/3425
validacao: 1113/3425
validacao: 1115/3425
validacao: 1117/3425
validacao: 1118/3425
validacao: 1120/3425
validacao: 1122/3425
validacao: 1124/3425
validacao: 1126/3425
validacao: 1128/3425
validacao: 1129/3425
validacao: 1131/3425
validacao: 1133/3425
validacao: 1135/3425
validacao: 1137/3425
validacao: 1139/3425
validacao: 1140/3425
validacao: 1142/3425
validacao: 1144/3425
validacao: 1146/3425
validacao: 1148/3425
validacao: 1149/3425
validacao: 1151/3425
validacao: 1153/3425
validacao: 1155/3425
validacao: 1157/3425
validacao: 1158/3425
validacao: 1160/3425
validacao: 1162/3425
validacao: 1164/3425
validacao: 1166/3425
validacao: 1167/3425
validacao: 1169/3425
validacao: 1171/3425
validacao: 1173/3425
validacao: 1175/3425
validacao: 1176/3425
validacao: 1178/3425
validacao: 1180/3425
validacao: 1182/3425
validacao: 1184/3425
validacao: 1185/3425
validacao: 1187/3425
validacao: 1189/3425
validacao: 1191/3425
validacao: 1193/3425
validacao: 1194/3425
validacao: 1196/3425
validacao: 1198/3425
validacao: 1200/3425
validacao: 1202/3425
validacao: 1204/3425
validacao: 1205/3425
validacao: 1207/3425
validacao: 1209/3425
validacao: 1211/3425
validacao: 1213/3425
validacao: 1214/3425
validacao: 1216/3425
validacao: 1218/3425
validacao: 1220/3425
validacao: 1222/3425
validacao: 1223/3425
validacao: 1225/3425
validacao: 1227/3425
validacao: 1229/3425
validacao: 1231/3425
validacao: 1232/3425
validacao: 1234/3425
validacao: 1236/3425
validacao: 1238/3425
validacao: 1240/3425
validacao: 1242/3425
validacao: 1243/3425
validacao: 1245/3425
validacao: 1247/3425
validacao: 1249/3425
validacao: 1251/3425
validacao: 1252/3425
validacao: 1254/3425
validacao: 1256/3425
validacao: 1258/3425
validacao: 1260/3425
validacao: 1261/3425
validacao: 1263/3425
validacao: 1265/3425
validacao: 1267/3425
validacao: 1268/3425
validacao: 1270/3425
validacao: 1272/3425
validacao: 1274/3425
validacao: 1276/3425
validacao: 1278/3425
validacao: 1279/3425
validacao: 1281/3425
validacao: 1283/3425
validacao: 1285/3425
validacao: 1287/3425
validacao: 1288/3425
validacao: 1290/3425
validacao: 1292/3425
validacao: 1294/3425
validacao: 1296/3425
validacao: 1297/3425
validacao: 1299/3425
validacao: 1301/3425
validacao: 1303/3425
validacao: 1304/3425
validacao: 1306/3425
validacao: 1308/3425
validacao: 1310/3425
validacao: 1311/3425
validacao: 1313/3425
validacao: 1315/3425
validacao: 1317/3425
validacao: 1319/3425
validacao: 1320/3425
validacao: 1322/3425
validacao: 1324/3425
validacao: 1326/3425
validacao: 1328/3425
validacao: 1329/3425
validacao: 1331/3425
validacao: 1333/3425
validacao: 1335/3425
validacao: 1337/3425
validacao: 1338/3425
validacao: 1340/3425
validacao: 1342/3425
validacao: 1344/3425
validacao: 1346/3425
validacao: 1347/3425
validacao: 1349/3425
validacao: 1351/3425
validacao: 1353/3425
validacao: 1354/3425
validacao: 1356/3425
validacao: 1358/3425
validacao: 1360/3425
validacao: 1362/3425
validacao: 1363/3425
validacao: 1365/3425
validacao: 1367/3425
validacao: 1369/3425
validacao: 1371/3425
validacao: 1372/3425
validacao: 1374/3425
validacao: 1376/3425
validacao: 1378/3425
validacao: 1380/3425
validacao: 1382/3425
validacao: 1384/3425
validacao: 1385/3425
validacao: 1387/3425
validacao: 1389/3425
validacao: 1391/3425
validacao: 1393/3425
validacao: 1395/3425
validacao: 1396/3425
validacao: 1398/3425
validacao: 1400/3425
validacao: 1402/3425
validacao: 1404/3425
validacao: 1405/3425
validacao: 1407/3425
validacao: 1409/3425
validacao: 1411/3425
validacao: 1413/3425
validacao: 1415/3425
validacao: 1416/3425
validacao: 1418/3425
validacao: 1420/3425
validacao: 1422/3425
validacao: 1424/3425
validacao: 1425/3425
validacao: 1427/3425
validacao: 1429/3425
validacao: 1431/3425
validacao: 1433/3425
validacao: 1434/3425
validacao: 1436/3425
validacao: 1438/3425
validacao: 1440/3425
validacao: 1442/3425
validacao: 1443/3425
validacao: 1445/3425
validacao: 1447/3425
validacao: 1449/3425
validacao: 1451/3425
validacao: 1452/3425
validacao: 1454/3425
validacao: 1456/3425
validacao: 1458/3425
validacao: 1460/3425
validacao: 1462/3425
validacao: 1463/3425
validacao: 1465/3425
validacao: 1467/3425
validacao: 1469/3425
validacao: 1470/3425
validacao: 1472/3425
validacao: 1474/3425
validacao: 1476/3425
validacao: 1478/3425
validacao: 1480/3425
validacao: 1481/3425
validacao: 1483/3425
validacao: 1485/3425
validacao: 1487/3425
validacao: 1489/3425
validacao: 1490/3425
validacao: 1492/3425
validacao: 1494/3425
validacao: 1496/3425
validacao: 1498/3425
validacao: 1499/3425
validacao: 1501/3425
validacao: 1503/3425
validacao: 1505/3425
validacao: 1507/3425
validacao: 1508/3425
validacao: 1510/3425
validacao: 1512/3425
validacao: 1514/3425
validacao: 1516/3425
validacao: 1518/3425
validacao: 1519/3425
validacao: 1521/3425
validacao: 1523/3425
validacao: 1525/3425
validacao: 1526/3425
validacao: 1528/3425
validacao: 1530/3425
validacao: 1532/3425
validacao: 1534/3425
validacao: 1536/3425
validacao: 1537/3425
validacao: 1539/3425
validacao: 1541/3425
validacao: 1543/3425
validacao: 1545/3425
validacao: 1546/3425
validacao: 1548/3425
validacao: 1550/3425
validacao: 1552/3425
validacao: 1554/3425
validacao: 1555/3425
validacao: 1557/3425
validacao: 1559/3425
validacao: 1561/3425
validacao: 1562/3425
validacao: 1564/3425
validacao: 1566/3425
validacao: 1568/3425
validacao: 1570/3425
validacao: 1572/3425
validacao: 1573/3425
validacao: 1575/3425
validacao: 1577/3425
validacao: 1579/3425
validacao: 1581/3425
validacao: 1582/3425
validacao: 1584/3425
validacao: 1586/3425
validacao: 1588/3425
validacao: 1589/3425
validacao: 1591/3425
validacao: 1593/3425
validacao: 1595/3425
validacao: 1597/3425
validacao: 1598/3425
validacao: 1600/3425
validacao: 1602/3425
validacao: 1604/3425
validacao: 1605/3425
validacao: 1607/3425
validacao: 1609/3425
validacao: 1611/3425
validacao: 1613/3425
validacao: 1614/3425
validacao: 1616/3425
validacao: 1618/3425
validacao: 1620/3425
validacao: 1622/3425
validacao: 1623/3425
validacao: 1625/3425
validacao: 1627/3425
validacao: 1629/3425
validacao: 1631/3425
validacao: 1632/3425
validacao: 1634/3425
validacao: 1636/3425
validacao: 1638/3425
validacao: 1639/3425
validacao: 1641/3425
validacao: 1643/3425
validacao: 1645/3425
validacao: 1647/3425
validacao: 1648/3425
validacao: 1650/3425
validacao: 1652/3425
validacao: 1654/3425
validacao: 1655/3425
validacao: 1657/3425
validacao: 1659/3425
validacao: 1661/3425
validacao: 1663/3425
validacao: 1664/3425
validacao: 1666/3425
validacao: 1668/3425
validacao: 1670/3425
validacao: 1671/3425
validacao: 1673/3425
validacao: 1675/3425
validacao: 1677/3425
validacao: 1679/3425
validacao: 1680/3425
validacao: 1682/3425
validacao: 1684/3425
validacao: 1686/3425
validacao: 1688/3425
validacao: 1689/3425
validacao: 1691/3425
validacao: 1693/3425
validacao: 1695/3425
validacao: 1696/3425
validacao: 1698/3425
validacao: 1700/3425
validacao: 1702/3425
validacao: 1704/3425
validacao: 1705/3425
validacao: 1707/3425
validacao: 1709/3425
validacao: 1711/3425
validacao: 1713/3425
validacao: 1714/3425
validacao: 1716/3425
validacao: 1718/3425
validacao: 1720/3425
validacao: 1722/3425
validacao: 1723/3425
validacao: 1725/3425
validacao: 1727/3425
validacao: 1729/3425
validacao: 1731/3425
validacao: 1733/3425
validacao: 1734/3425
validacao: 1736/3425
validacao: 1738/3425
validacao: 1740/3425
validacao: 1742/3425
validacao: 1744/3425
validacao: 1746/3425
validacao: 1747/3425
validacao: 1749/3425
validacao: 1751/3425
validacao: 1753/3425
validacao: 1755/3425
validacao: 1757/3425
validacao: 1759/3425
validacao: 1761/3425
validacao: 1762/3425
validacao: 1764/3425
validacao: 1766/3425
validacao: 1768/3425
validacao: 1770/3425
validacao: 1772/3425
validacao: 1774/3425
validacao: 1776/3425
validacao: 1777/3425
validacao: 1779/3425
validacao: 1781/3425
validacao: 1783/3425
validacao: 1785/3425
validacao: 1787/3425
validacao: 1789/3425
validacao: 1790/3425
validacao: 1792/3425
validacao: 1794/3425
validacao: 1796/3425
validacao: 1798/3425
validacao: 1800/3425
validacao: 1802/3425
validacao: 1803/3425
validacao: 1805/3425
validacao: 1807/3425
validacao: 1809/3425
validacao: 1811/3425
validacao: 1813/3425
validacao: 1815/3425
validacao: 1816/3425
validacao: 1818/3425
validacao: 1820/3425
validacao: 1822/3425
validacao: 1824/3425
validacao: 1826/3425
validacao: 1828/3425
validacao: 1830/3425
validacao: 1831/3425
validacao: 1833/3425
validacao: 1835/3425
validacao: 1837/3425
validacao: 1839/3425
validacao: 1841/3425
validacao: 1842/3425
validacao: 1844/3425
validacao: 1846/3425
validacao: 1848/3425
validacao: 1850/3425
validacao: 1852/3425
validacao: 1853/3425
validacao: 1855/3425
validacao: 1857/3425
validacao: 1859/3425
validacao: 1861/3425
validacao: 1863/3425
validacao: 1865/3425
validacao: 1867/3425
validacao: 1869/3425
validacao: 1870/3425
validacao: 1872/3425
validacao: 1874/3425
validacao: 1876/3425
validacao: 1878/3425
validacao: 1880/3425
validacao: 1881/3425
validacao: 1883/3425
validacao: 1885/3425
validacao: 1887/3425
validacao: 1889/3425
validacao: 1891/3425
validacao: 1892/3425
validacao: 1894/3425
validacao: 1896/3425
validacao: 1898/3425
validacao: 1900/3425
validacao: 1902/3425
validacao: 1904/3425
validacao: 1905/3425
validacao: 1907/3425
validacao: 1909/3425
validacao: 1911/3425
validacao: 1913/3425
validacao: 1915/3425
validacao: 1917/3425
validacao: 1918/3425
validacao: 1920/3425
validacao: 1922/3425
validacao: 1924/3425
validacao: 1926/3425
validacao: 1928/3425
validacao: 1930/3425
validacao: 1932/3425
validacao: 1933/3425
validacao: 1935/3425
validacao: 1937/3425
validacao: 1939/3425
validacao: 1941/3425
validacao: 1943/3425
validacao: 1944/3425
validacao: 1946/3425
validacao: 1948/3425
validacao: 1950/3425
validacao: 1952/3425
validacao: 1954/3425
validacao: 1955/3425
validacao: 1957/3425
validacao: 1959/3425
validacao: 1961/3425
validacao: 1962/3425
validacao: 1963/3425
validacao: 1965/3425
validacao: 1967/3425
validacao: 1969/3425
validacao: 1971/3425
validacao: 1973/3425
validacao: 1974/3425
validacao: 1976/3425
validacao: 1978/3425
validacao: 1980/3425
validacao: 1982/3425
validacao: 1984/3425
validacao: 1985/3425
validacao: 1987/3425
validacao: 1989/3425
validacao: 1991/3425
validacao: 1993/3425
validacao: 1995/3425
validacao: 1997/3425
validacao: 1999/3425
validacao: 2000/3425
validacao: 2002/3425
validacao: 2004/3425
validacao: 2006/3425
validacao: 2008/3425
validacao: 2010/3425
validacao: 2011/3425
validacao: 2013/3425
validacao: 2015/3425
validacao: 2017/3425
validacao: 2019/3425
validacao: 2021/3425
validacao: 2023/3425
validacao: 2025/3425
validacao: 2026/3425
validacao: 2028/3425
validacao: 2030/3425
validacao: 2032/3425
validacao: 2034/3425
validacao: 2036/3425
validacao: 2038/3425
validacao: 2040/3425
validacao: 2041/3425
validacao: 2043/3425
validacao: 2045/3425
validacao: 2047/3425
validacao: 2049/3425
validacao: 2051/3425
validacao: 2053/3425
validacao: 2054/3425
validacao: 2056/3425
validacao: 2058/3425
validacao: 2059/3425
validacao: 2061/3425
validacao: 2063/3425
validacao: 2065/3425
validacao: 2066/3425
validacao: 2068/3425
validacao: 2070/3425
validacao: 2072/3425
validacao: 2074/3425
validacao: 2076/3425
validacao: 2077/3425
validacao: 2079/3425
validacao: 2081/3425
validacao: 2083/3425
validacao: 2085/3425
validacao: 2087/3425
validacao: 2089/3425
validacao: 2090/3425
validacao: 2092/3425
validacao: 2094/3425
validacao: 2096/3425
validacao: 2098/3425
validacao: 2099/3425
validacao: 2101/3425
validacao: 2103/3425
validacao: 2105/3425
validacao: 2107/3425
validacao: 2109/3425
validacao: 2111/3425
validacao: 2112/3425
validacao: 2114/3425
validacao: 2116/3425
validacao: 2118/3425
validacao: 2120/3425
validacao: 2122/3425
validacao: 2123/3425
validacao: 2125/3425
validacao: 2127/3425
validacao: 2129/3425
validacao: 2131/3425
validacao: 2133/3425
validacao: 2135/3425
validacao: 2136/3425
validacao: 2138/3425
validacao: 2140/3425
validacao: 2142/3425
validacao: 2144/3425
validacao: 2146/3425
validacao: 2147/3425
validacao: 2149/3425
validacao: 2151/3425
validacao: 2153/3425
validacao: 2155/3425
validacao: 2157/3425
validacao: 2159/3425
validacao: 2160/3425
validacao: 2162/3425
validacao: 2164/3425
validacao: 2166/3425
validacao: 2168/3425
validacao: 2170/3425
validacao: 2172/3425
validacao: 2174/3425
validacao: 2176/3425
validacao: 2177/3425
validacao: 2179/3425
validacao: 2181/3425
validacao: 2183/3425
validacao: 2185/3425
validacao: 2187/3425
validacao: 2189/3425
validacao: 2190/3425
validacao: 2192/3425
validacao: 2194/3425
validacao: 2196/3425
validacao: 2198/3425
validacao: 2200/3425
validacao: 2202/3425
validacao: 2204/3425
validacao: 2205/3425
validacao: 2207/3425
validacao: 2209/3425
validacao: 2211/3425
validacao: 2213/3425
validacao: 2215/3425
validacao: 2217/3425
validacao: 2219/3425
validacao: 2221/3425
validacao: 2223/3425
validacao: 2224/3425
validacao: 2226/3425
validacao: 2228/3425
validacao: 2230/3425
validacao: 2232/3425
validacao: 2234/3425
validacao: 2236/3425
validacao: 2238/3425
validacao: 2239/3425
validacao: 2241/3425
validacao: 2243/3425
validacao: 2245/3425
validacao: 2247/3425
validacao: 2249/3425
validacao: 2250/3425
validacao: 2252/3425
validacao: 2254/3425
validacao: 2256/3425
validacao: 2258/3425
validacao: 2260/3425
validacao: 2261/3425
validacao: 2263/3425
validacao: 2265/3425
validacao: 2267/3425
validacao: 2269/3425
validacao: 2271/3425
validacao: 2272/3425
validacao: 2274/3425
validacao: 2276/3425
validacao: 2278/3425
validacao: 2280/3425
validacao: 2282/3425
validacao: 2283/3425
validacao: 2285/3425
validacao: 2287/3425
validacao: 2289/3425
validacao: 2291/3425
validacao: 2292/3425
validacao: 2294/3425
validacao: 2296/3425
validacao: 2298/3425
validacao: 2300/3425
validacao: 2302/3425
validacao: 2304/3425
validacao: 2305/3425
validacao: 2307/3425
validacao: 2309/3425
validacao: 2311/3425
validacao: 2313/3425
validacao: 2314/3425
validacao: 2316/3425
validacao: 2318/3425
validacao: 2320/3425
validacao: 2322/3425
validacao: 2324/3425
validacao: 2326/3425
validacao: 2327/3425
validacao: 2329/3425
validacao: 2331/3425
validacao: 2333/3425
validacao: 2335/3425
validacao: 2337/3425
validacao: 2339/3425
validacao: 2340/3425
validacao: 2342/3425
validacao: 2344/3425
validacao: 2346/3425
validacao: 2348/3425
validacao: 2350/3425
validacao: 2351/3425
validacao: 2353/3425
validacao: 2355/3425
validacao: 2357/3425
validacao: 2359/3425
validacao: 2361/3425
validacao: 2363/3425
validacao: 2365/3425
validacao: 2366/3425
validacao: 2368/3425
validacao: 2370/3425
validacao: 2372/3425
validacao: 2374/3425
validacao: 2376/3425
validacao: 2377/3425
validacao: 2379/3425
validacao: 2381/3425
validacao: 2383/3425
validacao: 2385/3425
validacao: 2387/3425
validacao: 2389/3425
validacao: 2390/3425
validacao: 2392/3425
validacao: 2394/3425
validacao: 2396/3425
validacao: 2398/3425
validacao: 2400/3425
validacao: 2401/3425
validacao: 2403/3425
validacao: 2405/3425
validacao: 2407/3425
validacao: 2409/3425
validacao: 2411/3425
validacao: 2412/3425
validacao: 2414/3425
validacao: 2416/3425
validacao: 2418/3425
validacao: 2419/3425
validacao: 2421/3425
validacao: 2423/3425
validacao: 2425/3425
validacao: 2427/3425
validacao: 2429/3425
validacao: 2431/3425
validacao: 2432/3425
validacao: 2434/3425
validacao: 2436/3425
validacao: 2438/3425
validacao: 2440/3425
validacao: 2442/3425
validacao: 2444/3425
validacao: 2445/3425
validacao: 2447/3425
validacao: 2449/3425
validacao: 2451/3425
validacao: 2453/3425
validacao: 2455/3425
validacao: 2457/3425
validacao: 2458/3425
validacao: 2460/3425
validacao: 2462/3425
validacao: 2464/3425
validacao: 2466/3425
validacao: 2467/3425
validacao: 2469/3425
validacao: 2471/3425
validacao: 2473/3425
validacao: 2475/3425
validacao: 2477/3425
validacao: 2479/3425
validacao: 2480/3425
validacao: 2482/3425
validacao: 2484/3425
validacao: 2486/3425
validacao: 2488/3425
validacao: 2490/3425
validacao: 2491/3425
validacao: 2493/3425
validacao: 2495/3425
validacao: 2497/3425
validacao: 2499/3425
validacao: 2501/3425
validacao: 2503/3425
validacao: 2505/3425
validacao: 2507/3425
validacao: 2508/3425
validacao: 2510/3425
validacao: 2512/3425
validacao: 2514/3425
validacao: 2516/3425
validacao: 2518/3425
validacao: 2520/3425
validacao: 2522/3425
validacao: 2523/3425
validacao: 2525/3425
validacao: 2527/3425
validacao: 2529/3425
validacao: 2531/3425
validacao: 2533/3425
validacao: 2534/3425
validacao: 2536/3425
validacao: 2538/3425
validacao: 2540/3425
validacao: 2542/3425
validacao: 2544/3425
validacao: 2546/3425
validacao: 2547/3425
validacao: 2549/3425
validacao: 2551/3425
validacao: 2553/3425
validacao: 2555/3425
validacao: 2557/3425
validacao: 2559/3425
validacao: 2561/3425
validacao: 2562/3425
validacao: 2564/3425
validacao: 2566/3425
validacao: 2568/3425
validacao: 2570/3425
validacao: 2572/3425
validacao: 2573/3425
validacao: 2575/3425
validacao: 2577/3425
validacao: 2579/3425
validacao: 2581/3425
validacao: 2583/3425
validacao: 2584/3425
validacao: 2586/3425
validacao: 2588/3425
validacao: 2590/3425
validacao: 2592/3425
validacao: 2594/3425
validacao: 2596/3425
validacao: 2597/3425
validacao: 2599/3425
validacao: 2601/3425
validacao: 2603/3425
validacao: 2605/3425
validacao: 2606/3425
validacao: 2608/3425
validacao: 2610/3425
validacao: 2612/3425
validacao: 2614/3425
validacao: 2616/3425
validacao: 2618/3425
validacao: 2620/3425
validacao: 2621/3425
validacao: 2623/3425
validacao: 2625/3425
validacao: 2627/3425
validacao: 2629/3425
validacao: 2631/3425
validacao: 2633/3425
validacao: 2634/3425
validacao: 2636/3425
validacao: 2638/3425
validacao: 2640/3425
validacao: 2642/3425
validacao: 2643/3425
validacao: 2645/3425
validacao: 2647/3425
validacao: 2649/3425
validacao: 2651/3425
validacao: 2653/3425
validacao: 2655/3425
validacao: 2656/3425
validacao: 2658/3425
validacao: 2660/3425
validacao: 2662/3425
validacao: 2664/3425
validacao: 2666/3425
validacao: 2668/3425
validacao: 2670/3425
validacao: 2671/3425
validacao: 2673/3425
validacao: 2675/3425
validacao: 2677/3425
validacao: 2679/3425
validacao: 2680/3425
validacao: 2682/3425
validacao: 2684/3425
validacao: 2686/3425
validacao: 2688/3425
validacao: 2690/3425
validacao: 2691/3425
validacao: 2693/3425
validacao: 2695/3425
validacao: 2697/3425
validacao: 2699/3425
validacao: 2701/3425
validacao: 2703/3425
validacao: 2705/3425
validacao: 2707/3425
validacao: 2708/3425
validacao: 2710/3425
validacao: 2712/3425
validacao: 2714/3425
validacao: 2716/3425
validacao: 2718/3425
validacao: 2720/3425
validacao: 2721/3425
validacao: 2723/3425
validacao: 2725/3425
validacao: 2727/3425
validacao: 2729/3425
validacao: 2731/3425
validacao: 2732/3425
validacao: 2734/3425
validacao: 2736/3425
validacao: 2738/3425
validacao: 2740/3425
validacao: 2742/3425
validacao: 2743/3425
validacao: 2745/3425
validacao: 2747/3425
validacao: 2749/3425
validacao: 2751/3425
validacao: 2753/3425
validacao: 2755/3425
validacao: 2756/3425
validacao: 2758/3425
validacao: 2760/3425
validacao: 2762/3425
validacao: 2764/3425
validacao: 2766/3425
validacao: 2768/3425
validacao: 2770/3425
validacao: 2771/3425
validacao: 2773/3425
validacao: 2775/3425
validacao: 2777/3425
validacao: 2779/3425
validacao: 2781/3425
validacao: 2782/3425
validacao: 2784/3425
validacao: 2786/3425
validacao: 2788/3425
validacao: 2790/3425
validacao: 2792/3425
validacao: 2794/3425
validacao: 2796/3425
validacao: 2797/3425
validacao: 2799/3425
validacao: 2801/3425
validacao: 2803/3425
validacao: 2805/3425
validacao: 2807/3425
validacao: 2808/3425
validacao: 2810/3425
validacao: 2812/3425
validacao: 2814/3425
validacao: 2816/3425
validacao: 2818/3425
validacao: 2819/3425
validacao: 2821/3425
validacao: 2823/3425
validacao: 2825/3425
validacao: 2827/3425
validacao: 2829/3425
validacao: 2830/3425
validacao: 2832/3425
validacao: 2834/3425
validacao: 2836/3425
validacao: 2838/3425
validacao: 2840/3425
validacao: 2842/3425
validacao: 2844/3425
validacao: 2845/3425
validacao: 2847/3425
validacao: 2849/3425
validacao: 2851/3425
validacao: 2853/3425
validacao: 2855/3425
validacao: 2857/3425
validacao: 2858/3425
validacao: 2860/3425
validacao: 2862/3425
validacao: 2864/3425
validacao: 2866/3425
validacao: 2868/3425
validacao: 2870/3425
validacao: 2872/3425
validacao: 2873/3425
validacao: 2875/3425
validacao: 2877/3425
validacao: 2879/3425
validacao: 2881/3425
validacao: 2883/3425
validacao: 2885/3425
validacao: 2887/3425
validacao: 2889/3425
validacao: 2890/3425
validacao: 2892/3425
validacao: 2894/3425
validacao: 2896/3425
validacao: 2898/3425
validacao: 2900/3425
validacao: 2901/3425
validacao: 2903/3425
validacao: 2905/3425
validacao: 2907/3425
validacao: 2909/3425
validacao: 2911/3425
validacao: 2912/3425
validacao: 2914/3425
validacao: 2916/3425
validacao: 2918/3425
validacao: 2920/3425
validacao: 2922/3425
validacao: 2924/3425
validacao: 2926/3425
validacao: 2928/3425
validacao: 2930/3425
validacao: 2932/3425
validacao: 2933/3425
validacao: 2935/3425
validacao: 2937/3425
validacao: 2939/3425
validacao: 2941/3425
validacao: 2942/3425
validacao: 2944/3425
validacao: 2946/3425
validacao: 2948/3425
validacao: 2950/3425
validacao: 2952/3425
validacao: 2954/3425
validacao: 2955/3425
validacao: 2957/3425
validacao: 2959/3425
validacao: 2961/3425
validacao: 2963/3425
validacao: 2965/3425
validacao: 2966/3425
validacao: 2968/3425
validacao: 2970/3425
validacao: 2972/3425
validacao: 2974/3425
validacao: 2975/3425
validacao: 2977/3425
validacao: 2979/3425
validacao: 2981/3425
validacao: 2983/3425
validacao: 2985/3425
validacao: 2987/3425
validacao: 2988/3425
validacao: 2990/3425
validacao: 2992/3425
validacao: 2994/3425
validacao: 2996/3425
validacao: 2998/3425
validacao: 3000/3425
validacao: 3002/3425
validacao: 3004/3425
validacao: 3006/3425
validacao: 3007/3425
validacao: 3009/3425
validacao: 3011/3425
validacao: 3013/3425
validacao: 3015/3425
validacao: 3017/3425
validacao: 3018/3425
validacao: 3020/3425
validacao: 3022/3425
validacao: 3024/3425
validacao: 3026/3425
validacao: 3028/3425
validacao: 3029/3425
validacao: 3031/3425
validacao: 3033/3425
validacao: 3035/3425
validacao: 3037/3425
validacao: 3039/3425
validacao: 3040/3425
validacao: 3042/3425
validacao: 3044/3425
validacao: 3046/3425
validacao: 3048/3425
validacao: 3049/3425
validacao: 3051/3425
validacao: 3053/3425
validacao: 3055/3425
validacao: 3057/3425
validacao: 3059/3425
validacao: 3061/3425
validacao: 3062/3425
validacao: 3064/3425
validacao: 3066/3425
validacao: 3068/3425
validacao: 3070/3425
validacao: 3072/3425
validacao: 3073/3425
validacao: 3075/3425
validacao: 3077/3425
validacao: 3079/3425
validacao: 3081/3425
validacao: 3083/3425
validacao: 3085/3425
validacao: 3086/3425
validacao: 3088/3425
validacao: 3090/3425
validacao: 3092/3425
validacao: 3094/3425
validacao: 3096/3425
validacao: 3097/3425
validacao: 3099/3425
validacao: 3101/3425
validacao: 3103/3425
validacao: 3105/3425
validacao: 3107/3425
validacao: 3108/3425
validacao: 3110/3425
validacao: 3112/3425
validacao: 3114/3425
validacao: 3116/3425
validacao: 3117/3425
validacao: 3119/3425
validacao: 3121/3425
validacao: 3123/3425
validacao: 3125/3425
validacao: 3127/3425
validacao: 3129/3425
validacao: 3131/3425
validacao: 3132/3425
validacao: 3134/3425
validacao: 3136/3425
validacao: 3138/3425
validacao: 3140/3425
validacao: 3142/3425
validacao: 3144/3425
validacao: 3146/3425
validacao: 3147/3425
validacao: 3149/3425
validacao: 3151/3425
validacao: 3153/3425
validacao: 3155/3425
validacao: 3157/3425
validacao: 3159/3425
validacao: 3160/3425
validacao: 3162/3425
validacao: 3164/3425
validacao: 3166/3425
validacao: 3168/3425
validacao: 3170/3425
validacao: 3172/3425
validacao: 3173/3425
validacao: 3175/3425
validacao: 3177/3425
validacao: 3179/3425
validacao: 3181/3425
validacao: 3183/3425
validacao: 3185/3425
validacao: 3187/3425
validacao: 3188/3425
validacao: 3190/3425
validacao: 3192/3425
validacao: 3194/3425
validacao: 3196/3425
validacao: 3198/3425
validacao: 3200/3425
validacao: 3202/3425
validacao: 3203/3425
validacao: 3205/3425
validacao: 3207/3425
validacao: 3209/3425
validacao: 3211/3425
validacao: 3213/3425
validacao: 3214/3425
validacao: 3216/3425
validacao: 3218/3425
validacao: 3220/3425
validacao: 3222/3425
validacao: 3224/3425
validacao: 3226/3425
validacao: 3227/3425
validacao: 3229/3425
validacao: 3231/3425
validacao: 3233/3425
validacao: 3235/3425
validacao: 3237/3425
validacao: 3239/3425
validacao: 3241/3425
validacao: 3242/3425
validacao: 3244/3425
validacao: 3246/3425
validacao: 3248/3425
validacao: 3250/3425
validacao: 3252/3425
validacao: 3254/3425
validacao: 3255/3425
validacao: 3257/3425
validacao: 3259/3425
validacao: 3261/3425
validacao: 3263/3425
validacao: 3265/3425
validacao: 3267/3425
validacao: 3268/3425
validacao: 3270/3425
validacao: 3272/3425
validacao: 3274/3425
validacao: 3276/3425
validacao: 3278/3425
validacao: 3279/3425
validacao: 3281/3425
validacao: 3283/3425
validacao: 3285/3425
validacao: 3287/3425
validacao: 3289/3425
validacao: 3290/3425
validacao: 3292/3425
validacao: 3294/3425
validacao: 3296/3425
validacao: 3298/3425
validacao: 3299/3425
validacao: 3301/3425
validacao: 3303/3425
validacao: 3305/3425
validacao: 3307/3425
validacao: 3309/3425
validacao: 3311/3425
validacao: 3313/3425
validacao: 3315/3425
validacao: 3317/3425
validacao: 3319/3425
validacao: 3321/3425
validacao: 3322/3425
validacao: 3324/3425
validacao: 3326/3425
validacao: 3328/3425
validacao: 3330/3425
validacao: 3332/3425
validacao: 3334/3425
validacao: 3335/3425
validacao: 3337/3425
validacao: 3339/3425
validacao: 3341/3425
validacao: 3343/3425
validacao: 3345/3425
validacao: 3347/3425
validacao: 3348/3425
validacao: 3350/3425
validacao: 3352/3425
validacao: 3354/3425
validacao: 3356/3425
validacao: 3358/3425
validacao: 3360/3425
validacao: 3362/3425
validacao: 3363/3425
validacao: 3365/3425
validacao: 3367/3425
validacao: 3369/3425
validacao: 3371/3425
validacao: 3372/3425
validacao: 3374/3425
validacao: 3376/3425
validacao: 3378/3425
validacao: 3380/3425
validacao: 3382/3425
validacao: 3383/3425
validacao: 3385/3425
validacao: 3387/3425
validacao: 3389/3425
validacao: 3391/3425
validacao: 3393/3425
validacao: 3394/3425
validacao: 3396/3425
validacao: 3398/3425
validacao: 3400/3425
validacao: 3402/3425
validacao: 3404/3425
validacao: 3406/3425
validacao: 3407/3425
validacao: 3409/3425
validacao: 3411/3425
validacao: 3413/3425
validacao: 3415/3425
validacao: 3417/3425
validacao: 3418/3425
validacao: 3420/3425
validacao: 3422/3425
validacao: 3424/3425
validacao: 3425/3425
F1=0.333966 IoU=0.200455 AUPRC=0.383668
Resultados: "/home/root/resultados/baseline_r4_cpu4_20211119_182047"
