============================================================
METHANE SEGMENTATION ZCU104 OPTIMIZED BENCHMARK
============================================================
Batch: 1 ALWAYS
Profile: max-model-only
Dataset images: 342
Runners: 2
Pre workers: 1
Post workers: 1
Slots/runner: 1
Pin: no
DPU subgraphs: 6 | CPU fallback subgraphs: 6
Input  : [1,512,512,4] INT8 fix=5
Output : [1,512,512,1] FLOAT32

============================================================
max_model_only_throughput
============================================================
batch              = 1
runners            = 2
pre_workers        = 0
post_workers       = 0
slots_per_runner   = 1
completed          = 342
wall_s             = 74.679993
THROUGHPUT FPS     = 4.579540
POWER sensors/samples = 1/374.000000
POWER mean/min/max W = 15.059714/14.400000/19.662000
ENERGY estimated J   = 1124.659328

FPS EQUIVALENT FROM PER-JOB LATENCY
 average = 2.289951
 min     = 2.238147
 max     = 2.386346
 p95     = 2.265915
 p99     = 2.250848

LATENCY ms
 mean   = 436.690498
 median = 436.495965
 min    = 419.050790
 max    = 446.798210
 p90    = 440.476649
 p95    = 441.322915
 p99    = 444.277090
 stddev = 3.416017
 CV     = 0.007823
 jitter p99-p50 = 7.781125 ms

DPU STAGE ms
 mean = 436.690498
 p95  = 441.322915
 p99  = 444.277090

INTER-COMPLETION ms
 mean = 217.710093
 p95  = 436.544020
 p99  = 438.498702
OUTPUT-CADENCE FPS
 average(system wall) = 4.579540
 min = 2.272990
 max = 661.874694
 p95 = 2.290720
 p99 = 2.280508

Results saved to:
/home/root/Benchmark_ZCU104/results_all_models/methane_mobilenet_v2/runs/70_full_model_only__max_model_only__r2_pre1_post1_spr1_nopin__rep1__n0__samples0__cpu1
