============================================================
METHANE SEGMENTATION ZCU104 OPTIMIZED BENCHMARK
============================================================
Batch: 1 ALWAYS
Profile: max-model-only
Dataset images: 342
Runners: 2
Pre workers: 1
Post workers: 1
Slots/runner: 1
Pin: no
DPU subgraphs: 6 | CPU fallback subgraphs: 6
Input  : [1,512,512,4] INT8 fix=5
Output : [1,512,512,1] FLOAT32

============================================================
max_model_only_throughput
============================================================
batch              = 1
runners            = 2
pre_workers        = 0
post_workers       = 0
slots_per_runner   = 1
completed          = 342
wall_s             = 40.229647
THROUGHPUT FPS     = 8.501193
POWER sensors/samples = 1/202.000000
POWER mean/min/max W = 15.570639/14.450000/18.987000
ENERGY estimated J   = 626.401295

FPS EQUIVALENT FROM PER-JOB LATENCY
 average = 4.263090
 min     = 4.226032
 max     = 4.293200
 p95     = 4.246255
 p99     = 4.234523

LATENCY ms
 mean   = 234.571627
 median = 234.879585
 min    = 232.926500
 max    = 236.628580
 p90    = 235.394833
 p95    = 235.501656
 p99    = 236.154111
 stddev = 0.742302
 CV     = 0.003165
 jitter p99-p50 = 1.274526 ms

DPU STAGE ms
 mean = 234.571627
 p95  = 235.501656
 p99  = 236.154111

INTER-COMPLETION ms
 mean = 117.282327
 p95  = 223.994890
 p99  = 232.946868
OUTPUT-CADENCE FPS
 average(system wall) = 8.501193
 min = 4.259704
 max = 7605.719501
 p95 = 4.464388
 p99 = 4.292824

Results saved to:
/home/root/Benchmark_ZCU104/results_all_models/methane_mobilenet_v2/runs/70_full_model_only__max_model_only__r2_pre1_post1_spr1_nopin__rep1__n0__samples0__cpu4
