============================================================
METHANE SEGMENTATION ZCU104 OPTIMIZED BENCHMARK
============================================================
Batch: 1 ALWAYS
Profile: max-model-only
Dataset images: 342
Runners: 2
Pre workers: 1
Post workers: 1
Slots/runner: 1
Pin: no
DPU subgraphs: 6 | CPU fallback subgraphs: 6
Input  : [1,512,512,4] INT8 fix=5
Output : [1,512,512,1] FLOAT32

============================================================
max_model_only_throughput
============================================================
batch              = 1
runners            = 2
pre_workers        = 0
post_workers       = 0
slots_per_runner   = 1
completed          = 342
wall_s             = 40.252073
THROUGHPUT FPS     = 8.496457
POWER sensors/samples = 1/202.000000
POWER mean/min/max W = 15.568198/14.450000/19.600000
ENERGY estimated J   = 626.652244

FPS EQUIVALENT FROM PER-JOB LATENCY
 average = 4.255033
 min     = 4.214682
 max     = 4.273466
 p95     = 4.242520
 p99     = 4.230961

LATENCY ms
 mean   = 235.015792
 median = 235.177545
 min    = 234.002110
 max    = 237.265850
 p90    = 235.574946
 p95    = 235.708976
 p99    = 236.352931
 stddev = 0.565831
 CV     = 0.002408
 jitter p99-p50 = 1.175386 ms

DPU STAGE ms
 mean = 235.015792
 p95  = 235.708976
 p99  = 236.352931

INTER-COMPLETION ms
 mean = 117.344946
 p95  = 234.144780
 p99  = 234.625222
OUTPUT-CADENCE FPS
 average(system wall) = 8.496457
 min = 4.238431
 max = 7053.180985
 p95 = 4.270862
 p99 = 4.262116

Results saved to:
/home/root/Benchmark_ZCU104/results_all_models/methane_mobilenet_v2/runs/70_full_model_only__max_model_only__r2_pre1_post1_spr1_nopin__rep1__n0__samples0__cpu3
