============================================================
METHANE SEGMENTATION ZCU104 OPTIMIZED BENCHMARK
============================================================
Batch: 1 ALWAYS
Profile: max-model-only
Dataset images: 5
Runners: 2
Pre workers: 1
Post workers: 1
Slots/runner: 1
Pin: no
DPU subgraphs: 1 | CPU fallback subgraphs: 1
Input  : [1,512,512,4] INT8 fix=5
Output : [1,512,512,1] FLOAT32

============================================================
max_model_only_throughput
============================================================
batch              = 1
runners            = 2
pre_workers        = 0
post_workers       = 0
slots_per_runner   = 1
completed          = 5
wall_s             = 1.008093
THROUGHPUT FPS     = 4.959862
POWER sensors/samples = 1/7.000000
POWER mean/min/max W = 21.958714/14.512000/26.637000
ENERGY estimated J   = 22.136417

FPS EQUIVALENT FROM PER-JOB LATENCY
 average = 2.963865
 min     = 2.939866
 max     = 2.995318
 p95     = 2.940342
 p99     = 2.939961

LATENCY ms
 mean   = 337.397312
 median = 337.078430
 min    = 333.854340
 max    = 340.151610
 p90    = 340.041278
 p95    = 340.096444
 p99    = 340.140577
 stddev = 2.377507
 CV     = 0.007047
 jitter p99-p50 = 3.062147 ms

DPU STAGE ms
 mean = 337.397312
 p95  = 340.096444
 p99  = 340.140577

INTER-COMPLETION ms
 mean = 167.470960
 p95  = 332.052197
 p99  = 332.774784
OUTPUT-CADENCE FPS
 average(system wall) = 4.959862
 min = 3.003405
 max = 325.444557
 p95 = 3.011575
 p99 = 3.005035

Results saved to:
/home/root/Benchmark_ZCU104/results_all_models/methane_baseline/runs/10_model_runners__max_model_only__r2_pre1_post1_spr1_nopin__rep1__n5__samples5__cpu0
