============================================================
METHANE SEGMENTATION ZCU104 OPTIMIZED BENCHMARK
============================================================
Batch: 1 ALWAYS
Profile: max-model-only
Dataset images: 5
Runners: 1
Pre workers: 1
Post workers: 1
Slots/runner: 1
Pin: no
DPU subgraphs: 6 | CPU fallback subgraphs: 6
Input  : [1,512,512,4] INT8 fix=5
Output : [1,512,512,1] FLOAT32

============================================================
max_model_only_throughput
============================================================
batch              = 1
runners            = 1
pre_workers        = 0
post_workers       = 0
slots_per_runner   = 1
completed          = 5
wall_s             = 1.045351
THROUGHPUT FPS     = 4.783082
POWER sensors/samples = 1/7.000000
POWER mean/min/max W = 14.644429/14.412000/14.700000
ENERGY estimated J   = 15.308570

FPS EQUIVALENT FROM PER-JOB LATENCY
 average = 4.789012
 min     = 4.786365
 max     = 4.792940
 p95     = 4.786449
 p99     = 4.786382

LATENCY ms
 mean   = 208.811352
 median = 208.807470
 min    = 208.640210
 max    = 208.926830
 p90    = 208.919458
 p95    = 208.923144
 p99    = 208.926093
 stddev = 0.103407
 CV     = 0.000495
 jitter p99-p50 = 0.118623 ms

DPU STAGE ms
 mean = 208.811352
 p95  = 208.923144
 p99  = 208.926093

INTER-COMPLETION ms
 mean = 208.822520
 p95  = 208.925794
 p99  = 208.928007
OUTPUT-CADENCE FPS
 average(system wall) = 4.783082
 min = 4.786325
 max = 4.792903
 p95 = 4.786388
 p99 = 4.786338

Results saved to:
/home/root/Benchmark_ZCU104/results_all_models/methane_mobilenet_v3/runs/10_model_runners__max_model_only__r1_pre1_post1_spr1_nopin__rep1__n5__samples5__cpu0
