============================================================
METHANE SEGMENTATION ZCU104 OPTIMIZED BENCHMARK
============================================================
Batch: 1 ALWAYS
Profile: max-e2e
Dataset images: 5
Runners: 2
Pre workers: 1
Post workers: 1
Slots/runner: 1
Pin: no
DPU subgraphs: 1 | CPU fallback subgraphs: 1
Input  : [1,512,512,4] INT8 fix=5
Output : [1,512,512,1] FLOAT32

============================================================
max_end_to_end_throughput
============================================================
batch              = 1
runners            = 2
pre_workers        = 1
post_workers       = 1
slots_per_runner   = 1
completed          = 5
wall_s             = 1.051025
THROUGHPUT FPS     = 4.757261
POWER sensors/samples = 1/7.000000
POWER mean/min/max W = 19.897857/14.862000/21.325000
ENERGY estimated J   = 20.913145

FPS EQUIVALENT FROM PER-JOB LATENCY
 average = 2.774579
 min     = 2.668201
 max     = 2.888019
 p95     = 2.685802
 p99     = 2.671703

LATENCY ms
 mean   = 360.415092
 median = 362.473840
 min    = 346.258110
 max    = 374.784310
 p90    = 369.872242
 p95    = 372.328276
 p99    = 374.293103
 stddev = 9.322092
 CV     = 0.025865
 jitter p99-p50 = 11.819263 ms

DPU STAGE ms
 mean = 181.299770
 p95  = 182.971100
 p99  = 183.053364

PREPROCESS mean = 166.819540 ms
POSTPROCESS mean = 6.365256 ms

INTER-COMPLETION ms
 mean = 173.453170
 p95  = 185.851611
 p99  = 187.286626
OUTPUT-CADENCE FPS
 average(system wall) = 4.757261
 min = 5.329201
 max = 6.357064
 p95 = 5.380637
 p99 = 5.339410

Results saved to:
/home/root/Benchmark_ZCU104/results_all_models/methane_depth_reduced/runs/30_pre_workers__max_e2e__r2_pre1_post1_spr1_nopin__rep1__n5__samples5__cpu0
