============================================================
METHANE SEGMENTATION ZCU104 OPTIMIZED BENCHMARK
============================================================
Batch: 1 ALWAYS
Profile: max-model-only
Dataset images: 342
Runners: 2
Pre workers: 1
Post workers: 1
Slots/runner: 1
Pin: no
DPU subgraphs: 1 | CPU fallback subgraphs: 1
Input  : [1,512,512,4] INT8 fix=5
Output : [1,512,512,1] FLOAT32

============================================================
max_model_only_throughput
============================================================
batch              = 1
runners            = 2
pre_workers        = 0
post_workers       = 0
slots_per_runner   = 1
completed          = 342
wall_s             = 31.248674
THROUGHPUT FPS     = 10.944464
POWER sensors/samples = 1/157.000000
POWER mean/min/max W = 26.620344/15.212000/28.262000
ENERGY estimated J   = 831.850453

FPS EQUIVALENT FROM PER-JOB LATENCY
 average = 5.476939
 min     = 5.405263
 max     = 5.535442
 p95     = 5.463483
 p99     = 5.445977

LATENCY ms
 mean   = 182.583732
 median = 182.643590
 min    = 180.654050
 max    = 185.004870
 p90    = 182.797380
 p95    = 183.033417
 p99    = 183.621767
 stddev = 0.460246
 CV     = 0.002521
 jitter p99-p50 = 0.978177 ms

DPU STAGE ms
 mean = 182.583732
 p95  = 183.033417
 p99  = 183.621767

INTER-COMPLETION ms
 mean = 91.097347
 p95  = 145.569640
 p99  = 172.308960
OUTPUT-CADENCE FPS
 average(system wall) = 10.944464
 min = 5.539868
 max = 600.874874
 p95 = 6.869564
 p99 = 5.803529

Results saved to:
/home/root/Benchmark_ZCU104/results_all_models/methane_depth_reduced/runs/70_full_model_only__max_model_only__r2_pre1_post1_spr1_nopin__rep1__n0__samples0__cpu2
