============================================================
METHANE SEGMENTATION ZCU104 OPTIMIZED BENCHMARK
============================================================
Batch: 1 ALWAYS
Profile: max-model-only
Dataset images: 342
Runners: 2
Pre workers: 1
Post workers: 1
Slots/runner: 1
Pin: no
DPU subgraphs: 6 | CPU fallback subgraphs: 6
Input  : [1,512,512,4] INT8 fix=5
Output : [1,512,512,1] FLOAT32

============================================================
max_model_only_throughput
============================================================
batch              = 1
runners            = 2
pre_workers        = 0
post_workers       = 0
slots_per_runner   = 1
completed          = 342
wall_s             = 68.139104
THROUGHPUT FPS     = 5.019144
POWER sensors/samples = 1/341.000000
POWER mean/min/max W = 15.124891/14.400000/17.850000
ENERGY estimated J   = 1030.596552

FPS EQUIVALENT FROM PER-JOB LATENCY
 average = 2.509869
 min     = 2.409873
 max     = 2.621684
 p95     = 2.457327
 p99     = 2.418030

LATENCY ms
 mean   = 398.427159
 median = 399.045490
 min    = 381.434260
 max    = 414.959550
 p90    = 403.682871
 p95    = 406.946188
 p99    = 413.559861
 stddev = 5.564973
 CV     = 0.013967
 jitter p99-p50 = 14.514371 ms

DPU STAGE ms
 mean = 398.427159
 p95  = 406.946188
 p99  = 413.559861

INTER-COMPLETION ms
 mean = 198.643285
 p95  = 399.754970
 p99  = 401.154654
OUTPUT-CADENCE FPS
 average(system wall) = 5.019144
 min = 2.458410
 max = 980.892220
 p95 = 2.501532
 p99 = 2.492804

Results saved to:
/home/root/Benchmark_ZCU104/results_all_models/methane_mobilenet_v3/runs/70_full_model_only__max_model_only__r2_pre1_post1_spr1_nopin__rep1__n0__samples0__cpu1
