============================================================
METHANE SEGMENTATION ZCU104 OPTIMIZED BENCHMARK
============================================================
Batch: 1 ALWAYS
Profile: max-model-only
Dataset images: 342
Runners: 2
Pre workers: 1
Post workers: 1
Slots/runner: 1
Pin: no
DPU subgraphs: 1 | CPU fallback subgraphs: 1
Input  : [1,512,512,4] INT8 fix=5
Output : [1,512,512,1] FLOAT32

============================================================
max_model_only_throughput
============================================================
batch              = 1
runners            = 2
pre_workers        = 0
post_workers       = 0
slots_per_runner   = 1
completed          = 342
wall_s             = 57.709608
THROUGHPUT FPS     = 5.926223
POWER sensors/samples = 1/289.000000
POWER mean/min/max W = 26.998066/15.350000/28.562000
ENERGY estimated J   = 1558.047782

FPS EQUIVALENT FROM PER-JOB LATENCY
 average = 2.966740
 min     = 2.933467
 max     = 2.989359
 p95     = 2.944966
 p99     = 2.937965

LATENCY ms
 mean   = 337.070308
 median = 337.642015
 min    = 334.519830
 max    = 340.893540
 p90    = 339.111685
 p95    = 339.562487
 p99    = 340.371677
 stddev = 1.701520
 CV     = 0.005048
 jitter p99-p50 = 2.729662 ms

DPU STAGE ms
 mean = 337.070308
 p95  = 339.562487
 p99  = 340.371677

INTER-COMPLETION ms
 mean = 168.243849
 p95  = 316.206320
 p99  = 332.531430
OUTPUT-CADENCE FPS
 average(system wall) = 5.926223
 min = 2.963684
 max = 1112.990829
 p95 = 3.162492
 p99 = 3.007235

Results saved to:
/home/root/Benchmark_ZCU104/results_all_models/methane_baseline/runs/70_full_model_only__max_model_only__r2_pre1_post1_spr1_nopin__rep1__n0__samples0__cpu2
