============================================================
METHANE SEGMENTATION ZCU104 OPTIMIZED BENCHMARK
============================================================
Batch: 1 ALWAYS
Profile: max-e2e
Dataset images: 5
Runners: 1
Pre workers: 2
Post workers: 1
Slots/runner: 1
Pin: no
DPU subgraphs: 1 | CPU fallback subgraphs: 1
Input  : [1,512,512,4] INT8 fix=5
Output : [1,512,512,1] FLOAT32

============================================================
max_end_to_end_throughput
============================================================
batch              = 1
runners            = 1
pre_workers        = 2
post_workers       = 1
slots_per_runner   = 1
completed          = 5
wall_s             = 1.751031
THROUGHPUT FPS     = 2.855461
POWER sensors/samples = 1/10.000000
POWER mean/min/max W = 18.402300/14.800000/20.925000
ENERGY estimated J   = 32.222994

FPS EQUIVALENT FROM PER-JOB LATENCY
 average = 1.345395
 min     = 1.126782
 max     = 2.818933
 p95     = 1.126969
 p99     = 1.126819

LATENCY ms
 mean   = 743.276096
 median = 879.080660
 min    = 354.744190
 max    = 887.482950
 p90    = 887.189386
 p95    = 887.336168
 p99    = 887.453594
 stddev = 205.913428
 CV     = 0.277035
 jitter p99-p50 = 8.372934 ms

DPU STAGE ms
 mean = 179.506096
 p95  = 179.591222
 p99  = 179.608612

PREPROCESS mean = 164.257692 ms
POSTPROCESS mean = 6.090450 ms

INTER-COMPLETION ms
 mean = 348.798925
 p95  = 353.500854
 p99  = 353.566579
OUTPUT-CADENCE FPS
 average(system wall) = 2.855461
 min = 2.828190
 max = 2.937185
 p95 = 2.828847
 p99 = 2.828322

Results saved to:
/home/root/Benchmark_ZCU104/results_all_models/methane_depth_reduced/runs/60_final_c3__max_e2e__r1_pre2_post1_spr1_nopin__rep1__n5__samples5__cpu0
