============================================================
METHANE SEGMENTATION ZCU104 OPTIMIZED BENCHMARK
============================================================
Batch: 1 ALWAYS
Profile: max-model-only
Dataset images: 5
Runners: 2
Pre workers: 1
Post workers: 1
Slots/runner: 1
Pin: no
DPU subgraphs: 6 | CPU fallback subgraphs: 6
Input  : [1,512,512,4] INT8 fix=5
Output : [1,512,512,1] FLOAT32

============================================================
max_model_only_throughput
============================================================
batch              = 1
runners            = 2
pre_workers        = 0
post_workers       = 0
slots_per_runner   = 1
completed          = 5
wall_s             = 0.704702
THROUGHPUT FPS     = 7.095202
POWER sensors/samples = 1/5.000000
POWER mean/min/max W = 14.714800/14.400000/15.025000
ENERGY estimated J   = 10.369543

FPS EQUIVALENT FROM PER-JOB LATENCY
 average = 4.254750
 min     = 4.232654
 max     = 4.287642
 p95     = 4.235980
 p99     = 4.233319

LATENCY ms
 mean   = 235.031410
 median = 235.259830
 min    = 233.228430
 max    = 236.258390
 p90    = 235.887414
 p95    = 236.072902
 p99    = 236.221292
 stddev = 0.989992
 CV     = 0.004212
 jitter p99-p50 = 0.961462 ms

DPU STAGE ms
 mean = 235.031410
 p95  = 236.072902
 p99  = 236.221292

INTER-COMPLETION ms
 mean = 117.077772
 p95  = 233.765534
 p99  = 234.017787
OUTPUT-CADENCE FPS
 average(system wall) = 7.095202
 min = 4.272028
 max = 999.960002
 p95 = 4.277791
 p99 = 4.273179

Results saved to:
/home/root/Benchmark_ZCU104/results_all_models/methane_mobilenet_v2/runs/10_model_runners__max_model_only__r2_pre1_post1_spr1_nopin__rep1__n5__samples5__cpu0
