============================================================
METHANE SEGMENTATION ZCU104 OPTIMIZED BENCHMARK
============================================================
Batch: 1 ALWAYS
Profile: max-model-only
Dataset images: 5
Runners: 2
Pre workers: 1
Post workers: 1
Slots/runner: 1
Pin: no
DPU subgraphs: 1 | CPU fallback subgraphs: 1
Input  : [1,512,512,4] INT8 fix=5
Output : [1,512,512,1] FLOAT32

============================================================
max_model_only_throughput
============================================================
batch              = 1
runners            = 2
pre_workers        = 0
post_workers       = 0
slots_per_runner   = 1
completed          = 5
wall_s             = 0.476772
THROUGHPUT FPS     = 10.487191
POWER sensors/samples = 1/4.000000
POWER mean/min/max W = 20.346750/14.487000/26.075000
ENERGY estimated J   = 9.700763

FPS EQUIVALENT FROM PER-JOB LATENCY
 average = 6.192895
 min     = 5.969338
 max     = 6.410058
 p95     = 5.992810
 p99     = 5.974017

LATENCY ms
 mean   = 161.475358
 median = 160.794760
 min    = 156.004840
 max    = 167.522770
 p90    = 166.210498
 p95    = 166.866634
 p99    = 167.391543
 stddev = 4.042462
 CV     = 0.025035
 jitter p99-p50 = 6.596783 ms

DPU STAGE ms
 mean = 161.475358
 p95  = 166.866634
 p99  = 167.391543

INTER-COMPLETION ms
 mean = 78.705105
 p95  = 150.851288
 p99  = 151.839762
OUTPUT-CADENCE FPS
 average(system wall) = 10.487191
 min = 6.575189
 max = 148.654896
 p95 = 6.629045
 p99 = 6.585890

Results saved to:
/home/root/Benchmark_ZCU104/results_all_models/methane_skip_connections/runs/10_model_runners__max_model_only__r2_pre1_post1_spr1_nopin__rep1__n5__samples5__cpu0
