============================================================
METHANE SEGMENTATION ZCU104 OPTIMIZED BENCHMARK
============================================================
Batch: 1 ALWAYS
Profile: max-model-only
Dataset images: 5
Runners: 2
Pre workers: 1
Post workers: 1
Slots/runner: 1
Pin: no
DPU subgraphs: 1 | CPU fallback subgraphs: 1
Input  : [1,512,512,4] INT8 fix=5
Output : [1,512,512,1] FLOAT32

============================================================
max_model_only_throughput
============================================================
batch              = 1
runners            = 2
pre_workers        = 0
post_workers       = 0
slots_per_runner   = 1
completed          = 5
wall_s             = 0.546168
THROUGHPUT FPS     = 9.154689
POWER sensors/samples = 1/4.000000
POWER mean/min/max W = 20.359250/15.000000/25.150000
ENERGY estimated J   = 11.119575

FPS EQUIVALENT FROM PER-JOB LATENCY
 average = 5.471753
 min     = 5.403053
 max     = 5.564714
 p95     = 5.411317
 p99     = 5.404704

LATENCY ms
 mean   = 182.756802
 median = 183.287980
 min    = 179.703760
 max    = 185.080540
 p90    = 184.515248
 p95    = 184.797894
 p99    = 185.024011
 stddev = 1.807733
 CV     = 0.009891
 jitter p99-p50 = 1.736031 ms

DPU STAGE ms
 mean = 182.756802
 p95  = 184.797894
 p99  = 185.024011

INTER-COMPLETION ms
 mean = 90.437985
 p95  = 179.658659
 p99  = 180.134236
OUTPUT-CADENCE FPS
 average(system wall) = 9.154689
 min = 5.547754
 max = 557.705821
 p95 = 5.566111
 p99 = 5.551416

Results saved to:
/home/root/Benchmark_ZCU104/results_all_models/methane_depth_reduced/runs/10_model_runners__max_model_only__r2_pre1_post1_spr1_nopin__rep1__n5__samples5__cpu0
