============================================================
METHANE SEGMENTATION ZCU104 OPTIMIZED BENCHMARK
============================================================
Batch: 1 ALWAYS
Profile: max-model-only
Dataset images: 342
Runners: 2
Pre workers: 1
Post workers: 1
Slots/runner: 1
Pin: no
DPU subgraphs: 1 | CPU fallback subgraphs: 1
Input  : [1,512,512,4] INT8 fix=5
Output : [1,512,512,1] FLOAT32

============================================================
max_model_only_throughput
============================================================
batch              = 1
runners            = 2
pre_workers        = 0
post_workers       = 0
slots_per_runner   = 1
completed          = 342
wall_s             = 27.615158
THROUGHPUT FPS     = 12.384503
POWER sensors/samples = 1/139.000000
POWER mean/min/max W = 25.749561/15.025000/28.487000
ENERGY estimated J   = 711.078206

FPS EQUIVALENT FROM PER-JOB LATENCY
 average = 6.207495
 min     = 5.927530
 max     = 6.346103
 p95     = 6.035490
 p99     = 5.956386

LATENCY ms
 mean   = 161.095588
 median = 161.682485
 min    = 157.577020
 max    = 168.704330
 p90    = 164.563306
 p95    = 165.686634
 p99    = 167.887043
 stddev = 2.635481
 CV     = 0.016360
 jitter p99-p50 = 6.204558 ms

DPU STAGE ms
 mean = 161.095588
 p95  = 165.686634
 p99  = 167.887043

INTER-COMPLETION ms
 mean = 80.507603
 p95  = 150.036690
 p99  = 159.952454
OUTPUT-CADENCE FPS
 average(system wall) = 12.384503
 min = 6.193376
 max = 645.711186
 p95 = 6.665036
 p99 = 6.251858

Results saved to:
/home/root/Benchmark_ZCU104/results_all_models/methane_skip_connections/runs/70_full_model_only__max_model_only__r2_pre1_post1_spr1_nopin__rep1__n0__samples0__cpu2
