============================================================
METHANE SEGMENTATION ZCU104 OPTIMIZED BENCHMARK
============================================================
Batch: 1 ALWAYS
Profile: max-e2e
Dataset images: 5
Runners: 2
Pre workers: 2
Post workers: 1
Slots/runner: 1
Pin: no
DPU subgraphs: 6 | CPU fallback subgraphs: 6
Input  : [1,512,512,4] INT8 fix=5
Output : [1,512,512,1] FLOAT32

============================================================
max_end_to_end_throughput
============================================================
batch              = 1
runners            = 2
pre_workers        = 2
post_workers       = 1
slots_per_runner   = 1
completed          = 5
wall_s             = 1.212589
THROUGHPUT FPS     = 4.123410
POWER sensors/samples = 1/8.000000
POWER mean/min/max W = 15.088875/14.400000/17.387000
ENERGY estimated J   = 18.296599

FPS EQUIVALENT FROM PER-JOB LATENCY
 average = 1.804502
 min     = 1.516654
 max     = 2.427871
 p95     = 1.521790
 p99     = 1.517679

LATENCY ms
 mean   = 554.169400
 median = 633.425170
 min    = 411.883580
 max    = 659.345970
 p90    = 654.895730
 p95    = 657.120850
 p99    = 658.900946
 stddev = 114.003670
 CV     = 0.205720
 jitter p99-p50 = 25.475776 ms

DPU STAGE ms
 mean = 235.169382
 p95  = 236.926550
 p99  = 237.048734

PREPROCESS mean = 165.260562 ms
POSTPROCESS mean = 6.105290 ms

INTER-COMPLETION ms
 mean = 199.888090
 p95  = 397.464248
 p99  = 399.647258
OUTPUT-CADENCE FPS
 average(system wall) = 4.123410
 min = 2.498794
 max = 164.244606
 p95 = 2.515950
 p99 = 2.502207

Results saved to:
/home/root/Benchmark_ZCU104/results_all_models/methane_mobilenet_v2/runs/20_e2e_runners__max_e2e__r2_pre2_post1_spr1_nopin__rep1__n5__samples5__cpu0
