============================================================
METHANE SEGMENTATION ZCU104 OPTIMIZED BENCHMARK
============================================================
Batch: 1 ALWAYS
Profile: max-e2e
Dataset images: 5
Runners: 2
Pre workers: 1
Post workers: 1
Slots/runner: 1
Pin: no
DPU subgraphs: 6 | CPU fallback subgraphs: 6
Input  : [1,512,512,4] INT8 fix=5
Output : [1,512,512,1] FLOAT32

============================================================
max_end_to_end_throughput
============================================================
batch              = 1
runners            = 2
pre_workers        = 1
post_workers       = 1
slots_per_runner   = 1
completed          = 5
wall_s             = 1.207759
THROUGHPUT FPS     = 4.139899
POWER sensors/samples = 1/8.000000
POWER mean/min/max W = 14.946500/14.400000/15.625000
ENERGY estimated J   = 18.051769

FPS EQUIVALENT FROM PER-JOB LATENCY
 average = 2.303060
 min     = 2.116716
 max     = 2.442277
 p95     = 2.125077
 p99     = 2.118383

LATENCY ms
 mean   = 434.204880
 median = 416.313510
 min    = 409.453970
 max    = 472.429950
 p90    = 468.712530
 p95    = 470.571240
 p99    = 472.058208
 stddev = 27.683385
 CV     = 0.063757
 jitter p99-p50 = 55.744698 ms

DPU STAGE ms
 mean = 234.929466
 p95  = 235.840424
 p99  = 235.880789

PREPROCESS mean = 163.390524 ms
POSTPROCESS mean = 6.184138 ms

INTER-COMPLETION ms
 mean = 199.289443
 p95  = 229.988282
 p99  = 231.215848
OUTPUT-CADENCE FPS
 average(system wall) = 4.139899
 min = 4.319230
 max = 5.915780
 p95 = 4.348048
 p99 = 4.324963

Results saved to:
/home/root/Benchmark_ZCU104/results_all_models/methane_mobilenet_v2/runs/30_pre_workers__max_e2e__r2_pre1_post1_spr1_nopin__rep1__n5__samples5__cpu0
