============================================================
METHANE SEGMENTATION ZCU104 OPTIMIZED BENCHMARK
============================================================
Batch: 1 ALWAYS
Profile: max-model-only
Dataset images: 5
Runners: 2
Pre workers: 1
Post workers: 1
Slots/runner: 1
Pin: no
DPU subgraphs: 6 | CPU fallback subgraphs: 6
Input  : [1,512,512,4] INT8 fix=5
Output : [1,512,512,1] FLOAT32

============================================================
max_model_only_throughput
============================================================
batch              = 1
runners            = 2
pre_workers        = 0
post_workers       = 0
slots_per_runner   = 1
completed          = 5
wall_s             = 0.630980
THROUGHPUT FPS     = 7.924178
POWER sensors/samples = 1/5.000000
POWER mean/min/max W = 14.727400/14.425000/14.925000
ENERGY estimated J   = 9.292699

FPS EQUIVALENT FROM PER-JOB LATENCY
 average = 4.731142
 min     = 4.673092
 max     = 4.780920
 p95     = 4.677348
 p99     = 4.673942

LATENCY ms
 mean   = 211.365444
 median = 210.459000
 min    = 209.164780
 max    = 213.991090
 p90    = 213.601678
 p95    = 213.796384
 p99    = 213.952149
 stddev = 1.825294
 CV     = 0.008636
 jitter p99-p50 = 3.493149 ms

DPU STAGE ms
 mean = 211.365444
 p95  = 213.796384
 p99  = 213.952149

INTER-COMPLETION ms
 mean = 104.840833
 p95  = 206.087984
 p99  = 206.550333
OUTPUT-CADENCE FPS
 average(system wall) = 7.924178
 min = 4.838727
 max = 283.225943
 p95 = 4.852296
 p99 = 4.841435

Results saved to:
/home/root/Benchmark_ZCU104/results_all_models/methane_mobilenet_v3/runs/10_model_runners__max_model_only__r2_pre1_post1_spr1_nopin__rep1__n5__samples5__cpu0
