============================================================
METHANE SEGMENTATION ZCU104 OPTIMIZED BENCHMARK
============================================================
Batch: 1 ALWAYS
Profile: max-e2e
Dataset images: 5
Runners: 2
Pre workers: 1
Post workers: 1
Slots/runner: 1
Pin: no
DPU subgraphs: 6 | CPU fallback subgraphs: 6
Input  : [1,512,512,4] INT8 fix=5
Output : [1,512,512,1] FLOAT32

============================================================
max_end_to_end_throughput
============================================================
batch              = 1
runners            = 2
pre_workers        = 1
post_workers       = 1
slots_per_runner   = 1
completed          = 5
wall_s             = 1.131635
THROUGHPUT FPS     = 4.418384
POWER sensors/samples = 1/7.000000
POWER mean/min/max W = 15.042714/14.412000/16.075000
ENERGY estimated J   = 17.022867

FPS EQUIVALENT FROM PER-JOB LATENCY
 average = 2.486006
 min     = 2.362588
 max     = 2.601809
 p95     = 2.380979
 p99     = 2.366244

LATENCY ms
 mean   = 402.251694
 median = 402.651200
 min    = 384.348000
 max    = 423.264580
 p90    = 416.726052
 p95    = 419.995316
 p99    = 422.610727
 stddev = 13.044961
 CV     = 0.032430
 jitter p99-p50 = 19.959527 ms

DPU STAGE ms
 mean = 213.038020
 p95  = 219.429226
 p99  = 220.053509

PREPROCESS mean = 163.200686 ms
POSTPROCESS mean = 6.141520 ms

INTER-COMPLETION ms
 mean = 186.541805
 p95  = 195.964571
 p99  = 196.648074
OUTPUT-CADENCE FPS
 average(system wall) = 4.418384
 min = 5.080812
 max = 5.614493
 p95 = 5.102963
 p99 = 5.085227

Results saved to:
/home/root/Benchmark_ZCU104/results_all_models/methane_mobilenet_v3/runs/30_pre_workers__max_e2e__r2_pre1_post1_spr1_nopin__rep1__n5__samples5__cpu0
