============================================================
METHANE SEGMENTATION ZCU104 OPTIMIZED BENCHMARK
============================================================
Batch: 1 ALWAYS
Profile: max-model-only
Dataset images: 342
Runners: 2
Pre workers: 1
Post workers: 1
Slots/runner: 1
Pin: no
DPU subgraphs: 1 | CPU fallback subgraphs: 1
Input  : [1,512,512,4] INT8 fix=5
Output : [1,512,512,1] FLOAT32

============================================================
max_model_only_throughput
============================================================
batch              = 1
runners            = 2
pre_workers        = 0
post_workers       = 0
slots_per_runner   = 1
completed          = 342
wall_s             = 57.706744
THROUGHPUT FPS     = 5.926517
POWER sensors/samples = 1/289.000000
POWER mean/min/max W = 27.027467/15.400000/28.475000
ENERGY estimated J   = 1559.667119

FPS EQUIVALENT FROM PER-JOB LATENCY
 average = 2.966640
 min     = 2.924759
 max     = 2.989394
 p95     = 2.945356
 p99     = 2.937468

LATENCY ms
 mean   = 337.081704
 median = 337.689590
 min    = 334.515990
 max    = 341.908480
 p90    = 339.081132
 p95    = 339.517481
 p99    = 340.429286
 stddev = 1.725486
 CV     = 0.005119
 jitter p99-p50 = 2.739696 ms

DPU STAGE ms
 mean = 337.081704
 p95  = 339.517481
 p99  = 340.429286

INTER-COMPLETION ms
 mean = 168.236044
 p95  = 315.822960
 p99  = 332.458464
OUTPUT-CADENCE FPS
 average(system wall) = 5.926517
 min = 2.968106
 max = 1167.024554
 p95 = 3.166331
 p99 = 3.007895

Results saved to:
/home/root/Benchmark_ZCU104/results_all_models/methane_baseline/runs/70_full_model_only__max_model_only__r2_pre1_post1_spr1_nopin__rep1__n0__samples0__cpu3
