============================================================
METHANE SEGMENTATION ZCU104 OPTIMIZED BENCHMARK
============================================================
Batch: 1 ALWAYS
Profile: max-e2e
Dataset images: 342
Runners: 2
Pre workers: 1
Post workers: 1
Slots/runner: 1
Pin: no
DPU subgraphs: 1 | CPU fallback subgraphs: 1
Input  : [1,512,512,4] INT8 fix=5
Output : [1,512,512,1] FLOAT32

============================================================
max_end_to_end_throughput
============================================================
batch              = 1
runners            = 2
pre_workers        = 1
post_workers       = 1
slots_per_runner   = 1
completed          = 342
wall_s             = 60.593013
THROUGHPUT FPS     = 5.644215
POWER sensors/samples = 1/304.000000
POWER mean/min/max W = 20.878891/14.912000/27.400000
ENERGY estimated J   = 1265.114949

FPS EQUIVALENT FROM PER-JOB LATENCY
 average = 2.745099
 min     = 2.346326
 max     = 3.240047
 p95     = 2.551260
 p99     = 2.407864

LATENCY ms
 mean   = 364.285597
 median = 362.039120
 min    = 308.637540
 max    = 426.198190
 p90    = 384.424192
 p95    = 391.963254
 p99    = 415.305891
 stddev = 19.356615
 CV     = 0.053136
 jitter p99-p50 = 53.266771 ms

DPU STAGE ms
 mean = 181.449922
 p95  = 182.842997
 p99  = 183.074520

PREPROCESS mean = 162.284415 ms
POSTPROCESS mean = 6.149998 ms

INTER-COMPLETION ms
 mean = 176.645258
 p95  = 204.635530
 p99  = 228.663396
OUTPUT-CADENCE FPS
 average(system wall) = 5.644215
 min = 4.167744
 max = 8.343893
 p95 = 4.886737
 p99 = 4.373240

Results saved to:
/home/root/Benchmark_ZCU104/results_all_models/methane_depth_reduced/runs/80_full_end_to_end__max_e2e__r2_pre1_post1_spr1_nopin__rep1__n0__samples0__cpu4
