XModel: 1 subgrafos DPU, 1 CPU; 3425 amostras
Executando model_only...
model_only: 0/3425
model_only: 4/3425
model_only: 88/3425
model_only: 173/3425
model_only: 258/3425
model_only: 342/3425
model_only: 427/3425
model_only: 511/3425
model_only: 596/3425
model_only: 680/3425
model_only: 765/3425
model_only: 850/3425
model_only: 935/3425
model_only: 1020/3425
model_only: 1104/3425
model_only: 1189/3425
model_only: 1274/3425
model_only: 1358/3425
model_only: 1443/3425
model_only: 1528/3425
model_only: 1612/3425
model_only: 1697/3425
model_only: 1783/3425
model_only: 1867/3425
model_only: 1952/3425
model_only: 2036/3425
model_only: 2121/3425
model_only: 2206/3425
model_only: 2290/3425
model_only: 2375/3425
model_only: 2460/3425
model_only: 2545/3425
model_only: 2630/3425
model_only: 2715/3425
model_only: 2799/3425
model_only: 2884/3425
model_only: 2969/3425
model_only: 3053/3425
model_only: 3138/3425
model_only: 3223/3425
model_only: 3308/3425
model_only: 3393/3425
model_only: 3425/3425
model_only: 3425 inferencias em 40.4449 s; 84.683 FPS de throughput; 42.3683 FPS por latencia; latencia media 23.6025 ms; p99 26.7413 ms
Executando end_to_end...
end_to_end: 0/3425
end_to_end: 4/3425
end_to_end: 11/3425
end_to_end: 17/3425
end_to_end: 25/3425
end_to_end: 31/3425
end_to_end: 37/3425
end_to_end: 45/3425
end_to_end: 51/3425
end_to_end: 57/3425
end_to_end: 65/3425
end_to_end: 71/3425
end_to_end: 78/3425
end_to_end: 85/3425
end_to_end: 91/3425
end_to_end: 99/3425
end_to_end: 105/3425
end_to_end: 112/3425
end_to_end: 119/3425
end_to_end: 126/3425
end_to_end: 133/3425
end_to_end: 139/3425
end_to_end: 146/3425
end_to_end: 152/3425
end_to_end: 160/3425
end_to_end: 167/3425
end_to_end: 174/3425
end_to_end: 180/3425
end_to_end: 188/3425
end_to_end: 194/3425
end_to_end: 202/3425
end_to_end: 209/3425
end_to_end: 216/3425
end_to_end: 224/3425
end_to_end: 230/3425
end_to_end: 236/3425
end_to_end: 244/3425
end_to_end: 250/3425
end_to_end: 258/3425
end_to_end: 264/3425
end_to_end: 272/3425
end_to_end: 278/3425
end_to_end: 286/3425
end_to_end: 292/3425
end_to_end: 300/3425
end_to_end: 306/3425
end_to_end: 314/3425
end_to_end: 321/3425
end_to_end: 328/3425
end_to_end: 334/3425
end_to_end: 341/3425
end_to_end: 348/3425
end_to_end: 354/3425
end_to_end: 362/3425
end_to_end: 369/3425
end_to_end: 376/3425
end_to_end: 383/3425
end_to_end: 391/3425
end_to_end: 397/3425
end_to_end: 404/3425
end_to_end: 412/3425
end_to_end: 419/3425
end_to_end: 426/3425
end_to_end: 433/3425
end_to_end: 439/3425
end_to_end: 447/3425
end_to_end: 454/3425
end_to_end: 461/3425
end_to_end: 467/3425
end_to_end: 474/3425
end_to_end: 481/3425
end_to_end: 489/3425
end_to_end: 495/3425
end_to_end: 503/3425
end_to_end: 509/3425
end_to_end: 517/3425
end_to_end: 524/3425
end_to_end: 531/3425
end_to_end: 539/3425
end_to_end: 546/3425
end_to_end: 553/3425
end_to_end: 559/3425
end_to_end: 567/3425
end_to_end: 573/3425
end_to_end: 580/3425
end_to_end: 585/3425
end_to_end: 593/3425
end_to_end: 599/3425
end_to_end: 607/3425
end_to_end: 613/3425
end_to_end: 621/3425
end_to_end: 627/3425
end_to_end: 634/3425
end_to_end: 641/3425
end_to_end: 648/3425
end_to_end: 655/3425
end_to_end: 662/3425
end_to_end: 669/3425
end_to_end: 675/3425
end_to_end: 683/3425
end_to_end: 690/3425
end_to_end: 697/3425
end_to_end: 704/3425
end_to_end: 711/3425
end_to_end: 717/3425
end_to_end: 725/3425
end_to_end: 731/3425
end_to_end: 737/3425
end_to_end: 745/3425
end_to_end: 752/3425
end_to_end: 759/3425
end_to_end: 766/3425
end_to_end: 774/3425
end_to_end: 780/3425
end_to_end: 788/3425
end_to_end: 794/3425
end_to_end: 800/3425
end_to_end: 808/3425
end_to_end: 815/3425
end_to_end: 822/3425
end_to_end: 829/3425
end_to_end: 835/3425
end_to_end: 842/3425
end_to_end: 850/3425
end_to_end: 856/3425
end_to_end: 864/3425
end_to_end: 871/3425
end_to_end: 877/3425
end_to_end: 885/3425
end_to_end: 891/3425
end_to_end: 899/3425
end_to_end: 906/3425
end_to_end: 913/3425
end_to_end: 919/3425
end_to_end: 927/3425
end_to_end: 933/3425
end_to_end: 939/3425
end_to_end: 946/3425
end_to_end: 953/3425
end_to_end: 959/3425
end_to_end: 965/3425
end_to_end: 971/3425
end_to_end: 977/3425
end_to_end: 983/3425
end_to_end: 991/3425
end_to_end: 997/3425
end_to_end: 1003/3425
end_to_end: 1009/3425
end_to_end: 1015/3425
end_to_end: 1021/3425
end_to_end: 1029/3425
end_to_end: 1035/3425
end_to_end: 1043/3425
end_to_end: 1049/3425
end_to_end: 1057/3425
end_to_end: 1063/3425
end_to_end: 1070/3425
end_to_end: 1077/3425
end_to_end: 1083/3425
end_to_end: 1091/3425
end_to_end: 1097/3425
end_to_end: 1105/3425
end_to_end: 1112/3425
end_to_end: 1118/3425
end_to_end: 1126/3425
end_to_end: 1134/3425
end_to_end: 1140/3425
end_to_end: 1148/3425
end_to_end: 1154/3425
end_to_end: 1162/3425
end_to_end: 1168/3425
end_to_end: 1174/3425
end_to_end: 1182/3425
end_to_end: 1188/3425
end_to_end: 1194/3425
end_to_end: 1202/3425
end_to_end: 1208/3425
end_to_end: 1215/3425
end_to_end: 1222/3425
end_to_end: 1228/3425
end_to_end: 1236/3425
end_to_end: 1243/3425
end_to_end: 1250/3425
end_to_end: 1256/3425
end_to_end: 1263/3425
end_to_end: 1270/3425
end_to_end: 1277/3425
end_to_end: 1284/3425
end_to_end: 1290/3425
end_to_end: 1297/3425
end_to_end: 1303/3425
end_to_end: 1310/3425
end_to_end: 1316/3425
end_to_end: 1322/3425
end_to_end: 1328/3425
end_to_end: 1336/3425
end_to_end: 1342/3425
end_to_end: 1348/3425
end_to_end: 1356/3425
end_to_end: 1362/3425
end_to_end: 1370/3425
end_to_end: 1376/3425
end_to_end: 1384/3425
end_to_end: 1390/3425
end_to_end: 1398/3425
end_to_end: 1404/3425
end_to_end: 1412/3425
end_to_end: 1418/3425
end_to_end: 1425/3425
end_to_end: 1432/3425
end_to_end: 1439/3425
end_to_end: 1446/3425
end_to_end: 1453/3425
end_to_end: 1460/3425
end_to_end: 1467/3425
end_to_end: 1474/3425
end_to_end: 1481/3425
end_to_end: 1487/3425
end_to_end: 1494/3425
end_to_end: 1500/3425
end_to_end: 1507/3425
end_to_end: 1513/3425
end_to_end: 1521/3425
end_to_end: 1527/3425
end_to_end: 1533/3425
end_to_end: 1540/3425
end_to_end: 1547/3425
end_to_end: 1553/3425
end_to_end: 1559/3425
end_to_end: 1563/3425
end_to_end: 1571/3425
end_to_end: 1577/3425
end_to_end: 1585/3425
end_to_end: 1591/3425
end_to_end: 1597/3425
end_to_end: 1604/3425
end_to_end: 1611/3425
end_to_end: 1617/3425
end_to_end: 1624/3425
end_to_end: 1631/3425
end_to_end: 1638/3425
end_to_end: 1644/3425
end_to_end: 1651/3425
end_to_end: 1657/3425
end_to_end: 1664/3425
end_to_end: 1670/3425
end_to_end: 1677/3425
end_to_end: 1684/3425
end_to_end: 1691/3425
end_to_end: 1697/3425
end_to_end: 1704/3425
end_to_end: 1711/3425
end_to_end: 1718/3425
end_to_end: 1724/3425
end_to_end: 1733/3425
end_to_end: 1740/3425
end_to_end: 1748/3425
end_to_end: 1756/3425
end_to_end: 1763/3425
end_to_end: 1770/3425
end_to_end: 1777/3425
end_to_end: 1785/3425
end_to_end: 1793/3425
end_to_end: 1800/3425
end_to_end: 1808/3425
end_to_end: 1814/3425
end_to_end: 1823/3425
end_to_end: 1830/3425
end_to_end: 1838/3425
end_to_end: 1844/3425
end_to_end: 1852/3425
end_to_end: 1861/3425
end_to_end: 1868/3425
end_to_end: 1876/3425
end_to_end: 1883/3425
end_to_end: 1890/3425
end_to_end: 1898/3425
end_to_end: 1905/3425
end_to_end: 1912/3425
end_to_end: 1921/3425
end_to_end: 1928/3425
end_to_end: 1936/3425
end_to_end: 1942/3425
end_to_end: 1950/3425
end_to_end: 1957/3425
end_to_end: 1964/3425
end_to_end: 1972/3425
end_to_end: 1979/3425
end_to_end: 1987/3425
end_to_end: 1994/3425
end_to_end: 2000/3425
end_to_end: 2008/3425
end_to_end: 2014/3425
end_to_end: 2022/3425
end_to_end: 2030/3425
end_to_end: 2038/3425
end_to_end: 2046/3425
end_to_end: 2053/3425
end_to_end: 2060/3425
end_to_end: 2069/3425
end_to_end: 2077/3425
end_to_end: 2085/3425
end_to_end: 2092/3425
end_to_end: 2099/3425
end_to_end: 2107/3425
end_to_end: 2113/3425
end_to_end: 2121/3425
end_to_end: 2128/3425
end_to_end: 2137/3425
end_to_end: 2143/3425
end_to_end: 2151/3425
end_to_end: 2158/3425
end_to_end: 2166/3425
end_to_end: 2174/3425
end_to_end: 2182/3425
end_to_end: 2190/3425
end_to_end: 2197/3425
end_to_end: 2205/3425
end_to_end: 2213/3425
end_to_end: 2222/3425
end_to_end: 2230/3425
end_to_end: 2238/3425
end_to_end: 2246/3425
end_to_end: 2252/3425
end_to_end: 2259/3425
end_to_end: 2266/3425
end_to_end: 2270/3425
end_to_end: 2278/3425
end_to_end: 2284/3425
end_to_end: 2292/3425
end_to_end: 2300/3425
end_to_end: 2306/3425
end_to_end: 2313/3425
end_to_end: 2321/3425
end_to_end: 2328/3425
end_to_end: 2335/3425
end_to_end: 2342/3425
end_to_end: 2351/3425
end_to_end: 2358/3425
end_to_end: 2365/3425
end_to_end: 2372/3425
end_to_end: 2379/3425
end_to_end: 2387/3425
end_to_end: 2394/3425
end_to_end: 2402/3425
end_to_end: 2409/3425
end_to_end: 2416/3425
end_to_end: 2423/3425
end_to_end: 2431/3425
end_to_end: 2438/3425
end_to_end: 2445/3425
end_to_end: 2452/3425
end_to_end: 2460/3425
end_to_end: 2467/3425
end_to_end: 2475/3425
end_to_end: 2481/3425
end_to_end: 2489/3425
end_to_end: 2495/3425
end_to_end: 2504/3425
end_to_end: 2512/3425
end_to_end: 2519/3425
end_to_end: 2527/3425
end_to_end: 2532/3425
end_to_end: 2540/3425
end_to_end: 2547/3425
end_to_end: 2554/3425
end_to_end: 2561/3425
end_to_end: 2569/3425
end_to_end: 2576/3425
end_to_end: 2583/3425
end_to_end: 2591/3425
end_to_end: 2599/3425
end_to_end: 2605/3425
end_to_end: 2613/3425
end_to_end: 2620/3425
end_to_end: 2628/3425
end_to_end: 2635/3425
end_to_end: 2641/3425
end_to_end: 2647/3425
end_to_end: 2654/3425
end_to_end: 2662/3425
end_to_end: 2670/3425
end_to_end: 2676/3425
end_to_end: 2684/3425
end_to_end: 2691/3425
end_to_end: 2699/3425
end_to_end: 2707/3425
end_to_end: 2714/3425
end_to_end: 2722/3425
end_to_end: 2730/3425
end_to_end: 2736/3425
end_to_end: 2744/3425
end_to_end: 2751/3425
end_to_end: 2759/3425
end_to_end: 2767/3425
end_to_end: 2774/3425
end_to_end: 2782/3425
end_to_end: 2790/3425
end_to_end: 2796/3425
end_to_end: 2804/3425
end_to_end: 2811/3425
end_to_end: 2818/3425
end_to_end: 2824/3425
end_to_end: 2832/3425
end_to_end: 2840/3425
end_to_end: 2848/3425
end_to_end: 2854/3425
end_to_end: 2862/3425
end_to_end: 2870/3425
end_to_end: 2878/3425
end_to_end: 2886/3425
end_to_end: 2894/3425
end_to_end: 2900/3425
end_to_end: 2908/3425
end_to_end: 2914/3425
end_to_end: 2922/3425
end_to_end: 2931/3425
end_to_end: 2937/3425
end_to_end: 2945/3425
end_to_end: 2953/3425
end_to_end: 2960/3425
end_to_end: 2967/3425
end_to_end: 2973/3425
end_to_end: 2981/3425
end_to_end: 2989/3425
end_to_end: 2997/3425
end_to_end: 3004/3425
end_to_end: 3010/3425
end_to_end: 3019/3425
end_to_end: 3027/3425
end_to_end: 3033/3425
end_to_end: 3040/3425
end_to_end: 3048/3425
end_to_end: 3056/3425
end_to_end: 3062/3425
end_to_end: 3070/3425
end_to_end: 3077/3425
end_to_end: 3085/3425
end_to_end: 3091/3425
end_to_end: 3099/3425
end_to_end: 3106/3425
end_to_end: 3113/3425
end_to_end: 3120/3425
end_to_end: 3129/3425
end_to_end: 3136/3425
end_to_end: 3144/3425
end_to_end: 3152/3425
end_to_end: 3158/3425
end_to_end: 3166/3425
end_to_end: 3174/3425
end_to_end: 3180/3425
end_to_end: 3187/3425
end_to_end: 3195/3425
end_to_end: 3202/3425
end_to_end: 3210/3425
end_to_end: 3216/3425
end_to_end: 3224/3425
end_to_end: 3232/3425
end_to_end: 3240/3425
end_to_end: 3246/3425
end_to_end: 3254/3425
end_to_end: 3262/3425
end_to_end: 3269/3425
end_to_end: 3277/3425
end_to_end: 3283/3425
end_to_end: 3291/3425
end_to_end: 3298/3425
end_to_end: 3307/3425
end_to_end: 3316/3425
end_to_end: 3324/3425
end_to_end: 3331/3425
end_to_end: 3338/3425
end_to_end: 3346/3425
end_to_end: 3353/3425
end_to_end: 3362/3425
end_to_end: 3369/3425
end_to_end: 3376/3425
end_to_end: 3382/3425
end_to_end: 3390/3425
end_to_end: 3397/3425
end_to_end: 3405/3425
end_to_end: 3413/3425
end_to_end: 3420/3425
end_to_end: 3425/3425
end_to_end: 3425 inferencias em 482.019 s; 7.10554 FPS de throughput; 3.25763 FPS por latencia; latencia media 306.972 ms; p99 388.234 ms
Validando segmentacao...
validacao: 0/3425
validacao: 1/3425
validacao: 5/3425
validacao: 9/3425
validacao: 12/3425
validacao: 16/3425
validacao: 20/3425
validacao: 24/3425
validacao: 28/3425
validacao: 31/3425
validacao: 35/3425
validacao: 39/3425
validacao: 43/3425
validacao: 46/3425
validacao: 50/3425
validacao: 54/3425
validacao: 58/3425
validacao: 61/3425
validacao: 65/3425
validacao: 69/3425
validacao: 72/3425
validacao: 76/3425
validacao: 80/3425
validacao: 84/3425
validacao: 87/3425
validacao: 91/3425
validacao: 95/3425
validacao: 99/3425
validacao: 102/3425
validacao: 106/3425
validacao: 110/3425
validacao: 114/3425
validacao: 117/3425
validacao: 121/3425
validacao: 125/3425
validacao: 129/3425
validacao: 132/3425
validacao: 136/3425
validacao: 140/3425
validacao: 143/3425
validacao: 147/3425
validacao: 151/3425
validacao: 155/3425
validacao: 159/3425
validacao: 163/3425
validacao: 166/3425
validacao: 170/3425
validacao: 174/3425
validacao: 178/3425
validacao: 182/3425
validacao: 185/3425
validacao: 189/3425
validacao: 193/3425
validacao: 197/3425
validacao: 201/3425
validacao: 205/3425
validacao: 209/3425
validacao: 212/3425
validacao: 216/3425
validacao: 220/3425
validacao: 224/3425
validacao: 228/3425
validacao: 232/3425
validacao: 236/3425
validacao: 240/3425
validacao: 243/3425
validacao: 247/3425
validacao: 251/3425
validacao: 255/3425
validacao: 258/3425
validacao: 262/3425
validacao: 266/3425
validacao: 270/3425
validacao: 274/3425
validacao: 278/3425
validacao: 282/3425
validacao: 285/3425
validacao: 289/3425
validacao: 293/3425
validacao: 297/3425
validacao: 301/3425
validacao: 305/3425
validacao: 308/3425
validacao: 312/3425
validacao: 316/3425
validacao: 320/3425
validacao: 324/3425
validacao: 328/3425
validacao: 332/3425
validacao: 336/3425
validacao: 339/3425
validacao: 343/3425
validacao: 346/3425
validacao: 350/3425
validacao: 354/3425
validacao: 358/3425
validacao: 362/3425
validacao: 366/3425
validacao: 369/3425
validacao: 373/3425
validacao: 377/3425
validacao: 381/3425
validacao: 385/3425
validacao: 388/3425
validacao: 392/3425
validacao: 396/3425
validacao: 400/3425
validacao: 404/3425
validacao: 408/3425
validacao: 412/3425
validacao: 415/3425
validacao: 419/3425
validacao: 423/3425
validacao: 427/3425
validacao: 431/3425
validacao: 435/3425
validacao: 438/3425
validacao: 442/3425
validacao: 446/3425
validacao: 450/3425
validacao: 454/3425
validacao: 458/3425
validacao: 461/3425
validacao: 465/3425
validacao: 469/3425
validacao: 473/3425
validacao: 476/3425
validacao: 480/3425
validacao: 484/3425
validacao: 488/3425
validacao: 492/3425
validacao: 496/3425
validacao: 500/3425
validacao: 503/3425
validacao: 507/3425
validacao: 511/3425
validacao: 515/3425
validacao: 519/3425
validacao: 522/3425
validacao: 526/3425
validacao: 530/3425
validacao: 534/3425
validacao: 538/3425
validacao: 542/3425
validacao: 546/3425
validacao: 550/3425
validacao: 553/3425
validacao: 557/3425
validacao: 561/3425
validacao: 565/3425
validacao: 569/3425
validacao: 573/3425
validacao: 576/3425
validacao: 580/3425
validacao: 584/3425
validacao: 588/3425
validacao: 591/3425
validacao: 595/3425
validacao: 599/3425
validacao: 603/3425
validacao: 607/3425
validacao: 611/3425
validacao: 615/3425
validacao: 618/3425
validacao: 622/3425
validacao: 626/3425
validacao: 630/3425
validacao: 634/3425
validacao: 638/3425
validacao: 641/3425
validacao: 645/3425
validacao: 649/3425
validacao: 652/3425
validacao: 656/3425
validacao: 660/3425
validacao: 664/3425
validacao: 668/3425
validacao: 671/3425
validacao: 675/3425
validacao: 679/3425
validacao: 683/3425
validacao: 687/3425
validacao: 691/3425
validacao: 694/3425
validacao: 698/3425
validacao: 702/3425
validacao: 706/3425
validacao: 710/3425
validacao: 713/3425
validacao: 717/3425
validacao: 721/3425
validacao: 725/3425
validacao: 728/3425
validacao: 732/3425
validacao: 736/3425
validacao: 740/3425
validacao: 744/3425
validacao: 747/3425
validacao: 751/3425
validacao: 755/3425
validacao: 759/3425
validacao: 763/3425
validacao: 767/3425
validacao: 771/3425
validacao: 774/3425
validacao: 778/3425
validacao: 782/3425
validacao: 786/3425
validacao: 789/3425
validacao: 793/3425
validacao: 797/3425
validacao: 801/3425
validacao: 805/3425
validacao: 809/3425
validacao: 812/3425
validacao: 816/3425
validacao: 820/3425
validacao: 824/3425
validacao: 828/3425
validacao: 832/3425
validacao: 836/3425
validacao: 840/3425
validacao: 844/3425
validacao: 847/3425
validacao: 851/3425
validacao: 855/3425
validacao: 859/3425
validacao: 863/3425
validacao: 867/3425
validacao: 870/3425
validacao: 874/3425
validacao: 878/3425
validacao: 882/3425
validacao: 886/3425
validacao: 890/3425
validacao: 893/3425
validacao: 897/3425
validacao: 901/3425
validacao: 905/3425
validacao: 909/3425
validacao: 913/3425
validacao: 917/3425
validacao: 920/3425
validacao: 924/3425
validacao: 928/3425
validacao: 931/3425
validacao: 935/3425
validacao: 939/3425
validacao: 942/3425
validacao: 946/3425
validacao: 950/3425
validacao: 953/3425
validacao: 957/3425
validacao: 960/3425
validacao: 964/3425
validacao: 967/3425
validacao: 971/3425
validacao: 974/3425
validacao: 978/3425
validacao: 982/3425
validacao: 985/3425
validacao: 989/3425
validacao: 993/3425
validacao: 996/3425
validacao: 1000/3425
validacao: 1003/3425
validacao: 1007/3425
validacao: 1011/3425
validacao: 1014/3425
validacao: 1018/3425
validacao: 1022/3425
validacao: 1025/3425
validacao: 1029/3425
validacao: 1033/3425
validacao: 1037/3425
validacao: 1041/3425
validacao: 1044/3425
validacao: 1048/3425
validacao: 1052/3425
validacao: 1056/3425
validacao: 1060/3425
validacao: 1064/3425
validacao: 1067/3425
validacao: 1071/3425
validacao: 1075/3425
validacao: 1079/3425
validacao: 1083/3425
validacao: 1087/3425
validacao: 1091/3425
validacao: 1095/3425
validacao: 1098/3425
validacao: 1102/3425
validacao: 1106/3425
validacao: 1110/3425
validacao: 1114/3425
validacao: 1118/3425
validacao: 1121/3425
validacao: 1125/3425
validacao: 1129/3425
validacao: 1133/3425
validacao: 1137/3425
validacao: 1141/3425
validacao: 1145/3425
validacao: 1149/3425
validacao: 1152/3425
validacao: 1156/3425
validacao: 1160/3425
validacao: 1164/3425
validacao: 1167/3425
validacao: 1171/3425
validacao: 1174/3425
validacao: 1178/3425
validacao: 1182/3425
validacao: 1186/3425
validacao: 1189/3425
validacao: 1193/3425
validacao: 1197/3425
validacao: 1201/3425
validacao: 1205/3425
validacao: 1209/3425
validacao: 1212/3425
validacao: 1216/3425
validacao: 1220/3425
validacao: 1224/3425
validacao: 1228/3425
validacao: 1231/3425
validacao: 1235/3425
validacao: 1239/3425
validacao: 1243/3425
validacao: 1247/3425
validacao: 1251/3425
validacao: 1254/3425
validacao: 1258/3425
validacao: 1262/3425
validacao: 1265/3425
validacao: 1269/3425
validacao: 1273/3425
validacao: 1277/3425
validacao: 1281/3425
validacao: 1284/3425
validacao: 1288/3425
validacao: 1292/3425
validacao: 1295/3425
validacao: 1299/3425
validacao: 1302/3425
validacao: 1306/3425
validacao: 1310/3425
validacao: 1313/3425
validacao: 1317/3425
validacao: 1321/3425
validacao: 1325/3425
validacao: 1328/3425
validacao: 1332/3425
validacao: 1336/3425
validacao: 1340/3425
validacao: 1343/3425
validacao: 1347/3425
validacao: 1351/3425
validacao: 1354/3425
validacao: 1358/3425
validacao: 1362/3425
validacao: 1366/3425
validacao: 1370/3425
validacao: 1374/3425
validacao: 1377/3425
validacao: 1381/3425
validacao: 1385/3425
validacao: 1389/3425
validacao: 1393/3425
validacao: 1397/3425
validacao: 1401/3425
validacao: 1405/3425
validacao: 1408/3425
validacao: 1412/3425
validacao: 1416/3425
validacao: 1420/3425
validacao: 1424/3425
validacao: 1427/3425
validacao: 1431/3425
validacao: 1435/3425
validacao: 1439/3425
validacao: 1442/3425
validacao: 1446/3425
validacao: 1450/3425
validacao: 1454/3425
validacao: 1458/3425
validacao: 1461/3425
validacao: 1465/3425
validacao: 1469/3425
validacao: 1473/3425
validacao: 1476/3425
validacao: 1480/3425
validacao: 1484/3425
validacao: 1488/3425
validacao: 1492/3425
validacao: 1495/3425
validacao: 1499/3425
validacao: 1503/3425
validacao: 1507/3425
validacao: 1510/3425
validacao: 1514/3425
validacao: 1518/3425
validacao: 1522/3425
validacao: 1526/3425
validacao: 1529/3425
validacao: 1533/3425
validacao: 1537/3425
validacao: 1541/3425
validacao: 1544/3425
validacao: 1548/3425
validacao: 1552/3425
validacao: 1556/3425
validacao: 1559/3425
validacao: 1563/3425
validacao: 1567/3425
validacao: 1571/3425
validacao: 1574/3425
validacao: 1578/3425
validacao: 1582/3425
validacao: 1585/3425
validacao: 1589/3425
validacao: 1593/3425
validacao: 1596/3425
validacao: 1600/3425
validacao: 1604/3425
validacao: 1607/3425
validacao: 1611/3425
validacao: 1615/3425
validacao: 1619/3425
validacao: 1622/3425
validacao: 1626/3425
validacao: 1630/3425
validacao: 1633/3425
validacao: 1637/3425
validacao: 1641/3425
validacao: 1644/3425
validacao: 1648/3425
validacao: 1652/3425
validacao: 1656/3425
validacao: 1659/3425
validacao: 1663/3425
validacao: 1667/3425
validacao: 1670/3425
validacao: 1674/3425
validacao: 1678/3425
validacao: 1681/3425
validacao: 1685/3425
validacao: 1689/3425
validacao: 1692/3425
validacao: 1696/3425
validacao: 1700/3425
validacao: 1703/3425
validacao: 1707/3425
validacao: 1711/3425
validacao: 1714/3425
validacao: 1718/3425
validacao: 1722/3425
validacao: 1726/3425
validacao: 1730/3425
validacao: 1733/3425
validacao: 1737/3425
validacao: 1740/3425
validacao: 1744/3425
validacao: 1748/3425
validacao: 1751/3425
validacao: 1755/3425
validacao: 1760/3425
validacao: 1763/3425
validacao: 1767/3425
validacao: 1771/3425
validacao: 1776/3425
validacao: 1780/3425
validacao: 1784/3425
validacao: 1788/3425
validacao: 1792/3425
validacao: 1795/3425
validacao: 1800/3425
validacao: 1804/3425
validacao: 1808/3425
validacao: 1812/3425
validacao: 1816/3425
validacao: 1820/3425
validacao: 1824/3425
validacao: 1828/3425
validacao: 1832/3425
validacao: 1836/3425
validacao: 1840/3425
validacao: 1844/3425
validacao: 1847/3425
validacao: 1851/3425
validacao: 1855/3425
validacao: 1859/3425
validacao: 1863/3425
validacao: 1868/3425
validacao: 1872/3425
validacao: 1876/3425
validacao: 1880/3425
validacao: 1883/3425
validacao: 1887/3425
validacao: 1891/3425
validacao: 1895/3425
validacao: 1899/3425
validacao: 1903/3425
validacao: 1907/3425
validacao: 1912/3425
validacao: 1916/3425
validacao: 1920/3425
validacao: 1924/3425
validacao: 1928/3425
validacao: 1932/3425
validacao: 1936/3425
validacao: 1939/3425
validacao: 1943/3425
validacao: 1947/3425
validacao: 1951/3425
validacao: 1955/3425
validacao: 1959/3425
validacao: 1963/3425
validacao: 1967/3425
validacao: 1971/3425
validacao: 1975/3425
validacao: 1979/3425
validacao: 1983/3425
validacao: 1987/3425
validacao: 1990/3425
validacao: 1994/3425
validacao: 1999/3425
validacao: 2003/3425
validacao: 2007/3425
validacao: 2011/3425
validacao: 2015/3425
validacao: 2019/3425
validacao: 2023/3425
validacao: 2027/3425
validacao: 2031/3425
validacao: 2035/3425
validacao: 2040/3425
validacao: 2044/3425
validacao: 2047/3425
validacao: 2052/3425
validacao: 2056/3425
validacao: 2059/3425
validacao: 2063/3425
validacao: 2068/3425
validacao: 2072/3425
validacao: 2076/3425
validacao: 2081/3425
validacao: 2085/3425
validacao: 2088/3425
validacao: 2092/3425
validacao: 2096/3425
validacao: 2100/3425
validacao: 2104/3425
validacao: 2108/3425
validacao: 2112/3425
validacao: 2116/3425
validacao: 2120/3425
validacao: 2124/3425
validacao: 2128/3425
validacao: 2131/3425
validacao: 2135/3425
validacao: 2139/3425
validacao: 2142/3425
validacao: 2147/3425
validacao: 2151/3425
validacao: 2155/3425
validacao: 2159/3425
validacao: 2163/3425
validacao: 2167/3425
validacao: 2171/3425
validacao: 2175/3425
validacao: 2179/3425
validacao: 2183/3425
validacao: 2187/3425
validacao: 2191/3425
validacao: 2195/3425
validacao: 2199/3425
validacao: 2203/3425
validacao: 2208/3425
validacao: 2212/3425
validacao: 2216/3425
validacao: 2220/3425
validacao: 2224/3425
validacao: 2228/3425
validacao: 2233/3425
validacao: 2237/3425
validacao: 2240/3425
validacao: 2244/3425
validacao: 2249/3425
validacao: 2252/3425
validacao: 2256/3425
validacao: 2260/3425
validacao: 2264/3425
validacao: 2268/3425
validacao: 2272/3425
validacao: 2275/3425
validacao: 2279/3425
validacao: 2283/3425
validacao: 2287/3425
validacao: 2291/3425
validacao: 2295/3425
validacao: 2298/3425
validacao: 2302/3425
validacao: 2306/3425
validacao: 2310/3425
validacao: 2314/3425
validacao: 2318/3425
validacao: 2322/3425
validacao: 2326/3425
validacao: 2330/3425
validacao: 2334/3425
validacao: 2338/3425
validacao: 2342/3425
validacao: 2346/3425
validacao: 2350/3425
validacao: 2354/3425
validacao: 2358/3425
validacao: 2362/3425
validacao: 2366/3425
validacao: 2370/3425
validacao: 2374/3425
validacao: 2378/3425
validacao: 2382/3425
validacao: 2386/3425
validacao: 2390/3425
validacao: 2394/3425
validacao: 2398/3425
validacao: 2402/3425
validacao: 2406/3425
validacao: 2410/3425
validacao: 2413/3425
validacao: 2417/3425
validacao: 2421/3425
validacao: 2425/3425
validacao: 2429/3425
validacao: 2433/3425
validacao: 2437/3425
validacao: 2441/3425
validacao: 2445/3425
validacao: 2449/3425
validacao: 2453/3425
validacao: 2457/3425
validacao: 2461/3425
validacao: 2464/3425
validacao: 2468/3425
validacao: 2473/3425
validacao: 2477/3425
validacao: 2480/3425
validacao: 2484/3425
validacao: 2489/3425
validacao: 2492/3425
validacao: 2496/3425
validacao: 2500/3425
validacao: 2505/3425
validacao: 2509/3425
validacao: 2513/3425
validacao: 2517/3425
validacao: 2521/3425
validacao: 2525/3425
validacao: 2529/3425
validacao: 2533/3425
validacao: 2537/3425
validacao: 2541/3425
validacao: 2545/3425
validacao: 2549/3425
validacao: 2553/3425
validacao: 2557/3425
validacao: 2561/3425
validacao: 2565/3425
validacao: 2569/3425
validacao: 2573/3425
validacao: 2576/3425
validacao: 2580/3425
validacao: 2584/3425
validacao: 2588/3425
validacao: 2592/3425
validacao: 2596/3425
validacao: 2600/3425
validacao: 2604/3425
validacao: 2608/3425
validacao: 2612/3425
validacao: 2616/3425
validacao: 2620/3425
validacao: 2624/3425
validacao: 2628/3425
validacao: 2632/3425
validacao: 2636/3425
validacao: 2640/3425
validacao: 2643/3425
validacao: 2648/3425
validacao: 2652/3425
validacao: 2656/3425
validacao: 2659/3425
validacao: 2664/3425
validacao: 2668/3425
validacao: 2672/3425
validacao: 2676/3425
validacao: 2680/3425
validacao: 2683/3425
validacao: 2687/3425
validacao: 2691/3425
validacao: 2695/3425
validacao: 2699/3425
validacao: 2703/3425
validacao: 2707/3425
validacao: 2711/3425
validacao: 2715/3425
validacao: 2719/3425
validacao: 2723/3425
validacao: 2727/3425
validacao: 2731/3425
validacao: 2735/3425
validacao: 2739/3425
validacao: 2742/3425
validacao: 2746/3425
validacao: 2751/3425
validacao: 2755/3425
validacao: 2758/3425
validacao: 2763/3425
validacao: 2767/3425
validacao: 2771/3425
validacao: 2775/3425
validacao: 2779/3425
validacao: 2782/3425
validacao: 2787/3425
validacao: 2791/3425
validacao: 2795/3425
validacao: 2799/3425
validacao: 2803/3425
validacao: 2806/3425
validacao: 2810/3425
validacao: 2814/3425
validacao: 2818/3425
validacao: 2822/3425
validacao: 2825/3425
validacao: 2829/3425
validacao: 2834/3425
validacao: 2838/3425
validacao: 2842/3425
validacao: 2846/3425
validacao: 2850/3425
validacao: 2854/3425
validacao: 2858/3425
validacao: 2862/3425
validacao: 2866/3425
validacao: 2870/3425
validacao: 2874/3425
validacao: 2878/3425
validacao: 2882/3425
validacao: 2886/3425
validacao: 2890/3425
validacao: 2894/3425
validacao: 2898/3425
validacao: 2902/3425
validacao: 2906/3425
validacao: 2910/3425
validacao: 2914/3425
validacao: 2919/3425
validacao: 2923/3425
validacao: 2927/3425
validacao: 2931/3425
validacao: 2936/3425
validacao: 2939/3425
validacao: 2943/3425
validacao: 2947/3425
validacao: 2952/3425
validacao: 2955/3425
validacao: 2959/3425
validacao: 2963/3425
validacao: 2966/3425
validacao: 2970/3425
validacao: 2974/3425
validacao: 2978/3425
validacao: 2982/3425
validacao: 2986/3425
validacao: 2990/3425
validacao: 2994/3425
validacao: 2999/3425
validacao: 3003/3425
validacao: 3007/3425
validacao: 3011/3425
validacao: 3015/3425
validacao: 3019/3425
validacao: 3023/3425
validacao: 3027/3425
validacao: 3030/3425
validacao: 3034/3425
validacao: 3038/3425
validacao: 3042/3425
validacao: 3046/3425
validacao: 3050/3425
validacao: 3054/3425
validacao: 3058/3425
validacao: 3062/3425
validacao: 3066/3425
validacao: 3070/3425
validacao: 3074/3425
validacao: 3078/3425
validacao: 3082/3425
validacao: 3086/3425
validacao: 3090/3425
validacao: 3094/3425
validacao: 3098/3425
validacao: 3101/3425
validacao: 3105/3425
validacao: 3109/3425
validacao: 3112/3425
validacao: 3116/3425
validacao: 3120/3425
validacao: 3124/3425
validacao: 3129/3425
validacao: 3133/3425
validacao: 3137/3425
validacao: 3141/3425
validacao: 3145/3425
validacao: 3149/3425
validacao: 3153/3425
validacao: 3157/3425
validacao: 3161/3425
validacao: 3165/3425
validacao: 3169/3425
validacao: 3173/3425
validacao: 3177/3425
validacao: 3181/3425
validacao: 3185/3425
validacao: 3189/3425
validacao: 3194/3425
validacao: 3198/3425
validacao: 3202/3425
validacao: 3205/3425
validacao: 3209/3425
validacao: 3213/3425
validacao: 3217/3425
validacao: 3221/3425
validacao: 3225/3425
validacao: 3229/3425
validacao: 3234/3425
validacao: 3238/3425
validacao: 3242/3425
validacao: 3246/3425
validacao: 3250/3425
validacao: 3253/3425
validacao: 3257/3425
validacao: 3261/3425
validacao: 3265/3425
validacao: 3269/3425
validacao: 3273/3425
validacao: 3277/3425
validacao: 3281/3425
validacao: 3285/3425
validacao: 3289/3425
validacao: 3293/3425
validacao: 3297/3425
validacao: 3301/3425
validacao: 3305/3425
validacao: 3309/3425
validacao: 3314/3425
validacao: 3318/3425
validacao: 3322/3425
validacao: 3326/3425
validacao: 3330/3425
validacao: 3334/3425
validacao: 3338/3425
validacao: 3342/3425
validacao: 3346/3425
validacao: 3350/3425
validacao: 3354/3425
validacao: 3358/3425
validacao: 3363/3425
validacao: 3366/3425
validacao: 3370/3425
validacao: 3374/3425
validacao: 3378/3425
validacao: 3382/3425
validacao: 3386/3425
validacao: 3390/3425
validacao: 3394/3425
validacao: 3397/3425
validacao: 3401/3425
validacao: 3405/3425
validacao: 3409/3425
validacao: 3413/3425
validacao: 3417/3425
validacao: 3421/3425
validacao: 3425/3425
Validacao oficial: F1=0.782888 AP medio=0.884193
F1=0.782933 IoU=0.643295 AUPRC=0.798283 FPR tile=0.00291886
Resultados: "/home/root/thiago/benchmark/codigos_c/official_results_zcu104/20211119_173838/dataset_starcop/mobilenet_v3_dpu_512/rep2"
