============================================================
METHANE SEGMENTATION ZCU104 OPTIMIZED BENCHMARK
============================================================
Batch: 1 ALWAYS
Profile: max-e2e
Dataset images: 5
Runners: 2
Pre workers: 2
Post workers: 1
Slots/runner: 1
Pin: no
DPU subgraphs: 1 | CPU fallback subgraphs: 1
Input  : [1,512,512,4] INT8 fix=5
Output : [1,512,512,1] FLOAT32

============================================================
max_end_to_end_throughput
============================================================
batch              = 1
runners            = 2
pre_workers        = 2
post_workers       = 1
slots_per_runner   = 1
completed          = 5
wall_s             = 1.051715
THROUGHPUT FPS     = 4.754141
POWER sensors/samples = 1/7.000000
POWER mean/min/max W = 19.889143/14.850000/26.362000
ENERGY estimated J   = 20.917702

FPS EQUIVALENT FROM PER-JOB LATENCY
 average = 2.130174
 min     = 1.806627
 max     = 2.778217
 p95     = 1.815412
 p99     = 1.808377

LATENCY ms
 mean   = 469.445146
 median = 527.500520
 min    = 359.943050
 max    = 553.517780
 p90    = 548.160704
 p95    = 550.839242
 p99    = 552.982072
 stddev = 87.289286
 CV     = 0.185941
 jitter p99-p50 = 25.481552 ms

DPU STAGE ms
 mean = 181.821726
 p95  = 183.370240
 p99  = 183.499816

PREPROCESS mean = 165.278722 ms
POSTPROCESS mean = 6.406212 ms

INTER-COMPLETION ms
 mean = 172.651983
 p95  = 341.546932
 p99  = 343.632914
OUTPUT-CADENCE FPS
 average(system wall) = 4.754141
 min = 2.905672
 max = 161.323368
 p95 = 2.927855
 p99 = 2.910082

Results saved to:
/home/root/Benchmark_ZCU104/results_all_models/methane_depth_reduced/runs/30_pre_workers__max_e2e__r2_pre2_post1_spr1_nopin__rep1__n5__samples5__cpu0
