XModel: 1 subgrafos DPU, 1 CPU; 3425 amostras
Executando model_only...
model_only: 0/3425
model_only: 31/3425
model_only: 79/3425
model_only: 126/3425
model_only: 174/3425
model_only: 220/3425
model_only: 268/3425
model_only: 315/3425
model_only: 363/3425
model_only: 410/3425
model_only: 457/3425
model_only: 504/3425
model_only: 552/3425
model_only: 600/3425
model_only: 647/3425
model_only: 694/3425
model_only: 741/3425
model_only: 789/3425
model_only: 836/3425
model_only: 883/3425
model_only: 930/3425
model_only: 978/3425
model_only: 1026/3425
model_only: 1072/3425
model_only: 1120/3425
model_only: 1167/3425
model_only: 1215/3425
model_only: 1262/3425
model_only: 1309/3425
model_only: 1356/3425
model_only: 1404/3425
model_only: 1451/3425
model_only: 1498/3425
model_only: 1545/3425
model_only: 1593/3425
model_only: 1640/3425
model_only: 1687/3425
model_only: 1735/3425
model_only: 1782/3425
model_only: 1830/3425
model_only: 1877/3425
model_only: 1924/3425
model_only: 1971/3425
model_only: 2019/3425
model_only: 2066/3425
model_only: 2113/3425
model_only: 2161/3425
model_only: 2208/3425
model_only: 2256/3425
model_only: 2303/3425
model_only: 2350/3425
model_only: 2397/3425
model_only: 2445/3425
model_only: 2492/3425
model_only: 2540/3425
model_only: 2587/3425
model_only: 2634/3425
model_only: 2682/3425
model_only: 2729/3425
model_only: 2776/3425
model_only: 2823/3425
model_only: 2871/3425
model_only: 2918/3425
model_only: 2966/3425
model_only: 3013/3425
model_only: 3060/3425
model_only: 3108/3425
model_only: 3155/3425
model_only: 3202/3425
model_only: 3249/3425
model_only: 3297/3425
model_only: 3344/3425
model_only: 3391/3425
model_only: 3425/3425
model_only: 3425 inferencias em 72.396 s; 47.3092 FPS de throughput; 23.6587 FPS por latencia; latencia media 42.2677 ms; p99 44.572 ms
Executando end_to_end...
end_to_end: 0/3425
end_to_end: 8/3425
end_to_end: 15/3425
end_to_end: 21/3425
end_to_end: 28/3425
end_to_end: 35/3425
end_to_end: 41/3425
end_to_end: 48/3425
end_to_end: 55/3425
end_to_end: 61/3425
end_to_end: 67/3425
end_to_end: 74/3425
end_to_end: 81/3425
end_to_end: 87/3425
end_to_end: 95/3425
end_to_end: 101/3425
end_to_end: 108/3425
end_to_end: 115/3425
end_to_end: 122/3425
end_to_end: 129/3425
end_to_end: 136/3425
end_to_end: 142/3425
end_to_end: 149/3425
end_to_end: 156/3425
end_to_end: 163/3425
end_to_end: 171/3425
end_to_end: 178/3425
end_to_end: 184/3425
end_to_end: 192/3425
end_to_end: 199/3425
end_to_end: 206/3425
end_to_end: 213/3425
end_to_end: 220/3425
end_to_end: 228/3425
end_to_end: 234/3425
end_to_end: 242/3425
end_to_end: 249/3425
end_to_end: 256/3425
end_to_end: 263/3425
end_to_end: 270/3425
end_to_end: 277/3425
end_to_end: 284/3425
end_to_end: 291/3425
end_to_end: 298/3425
end_to_end: 305/3425
end_to_end: 310/3425
end_to_end: 317/3425
end_to_end: 324/3425
end_to_end: 332/3425
end_to_end: 338/3425
end_to_end: 345/3425
end_to_end: 352/3425
end_to_end: 359/3425
end_to_end: 366/3425
end_to_end: 373/3425
end_to_end: 380/3425
end_to_end: 387/3425
end_to_end: 394/3425
end_to_end: 402/3425
end_to_end: 408/3425
end_to_end: 416/3425
end_to_end: 422/3425
end_to_end: 430/3425
end_to_end: 437/3425
end_to_end: 444/3425
end_to_end: 450/3425
end_to_end: 458/3425
end_to_end: 464/3425
end_to_end: 470/3425
end_to_end: 478/3425
end_to_end: 484/3425
end_to_end: 492/3425
end_to_end: 499/3425
end_to_end: 506/3425
end_to_end: 513/3425
end_to_end: 520/3425
end_to_end: 527/3425
end_to_end: 534/3425
end_to_end: 542/3425
end_to_end: 549/3425
end_to_end: 555/3425
end_to_end: 561/3425
end_to_end: 568/3425
end_to_end: 575/3425
end_to_end: 582/3425
end_to_end: 589/3425
end_to_end: 596/3425
end_to_end: 603/3425
end_to_end: 610/3425
end_to_end: 617/3425
end_to_end: 623/3425
end_to_end: 631/3425
end_to_end: 637/3425
end_to_end: 644/3425
end_to_end: 651/3425
end_to_end: 657/3425
end_to_end: 665/3425
end_to_end: 671/3425
end_to_end: 678/3425
end_to_end: 685/3425
end_to_end: 692/3425
end_to_end: 698/3425
end_to_end: 706/3425
end_to_end: 712/3425
end_to_end: 719/3425
end_to_end: 726/3425
end_to_end: 733/3425
end_to_end: 739/3425
end_to_end: 747/3425
end_to_end: 754/3425
end_to_end: 760/3425
end_to_end: 768/3425
end_to_end: 774/3425
end_to_end: 782/3425
end_to_end: 788/3425
end_to_end: 795/3425
end_to_end: 802/3425
end_to_end: 808/3425
end_to_end: 816/3425
end_to_end: 823/3425
end_to_end: 830/3425
end_to_end: 837/3425
end_to_end: 844/3425
end_to_end: 851/3425
end_to_end: 858/3425
end_to_end: 864/3425
end_to_end: 872/3425
end_to_end: 878/3425
end_to_end: 885/3425
end_to_end: 892/3425
end_to_end: 899/3425
end_to_end: 906/3425
end_to_end: 914/3425
end_to_end: 920/3425
end_to_end: 927/3425
end_to_end: 934/3425
end_to_end: 940/3425
end_to_end: 946/3425
end_to_end: 953/3425
end_to_end: 959/3425
end_to_end: 965/3425
end_to_end: 971/3425
end_to_end: 978/3425
end_to_end: 984/3425
end_to_end: 991/3425
end_to_end: 997/3425
end_to_end: 1003/3425
end_to_end: 1010/3425
end_to_end: 1016/3425
end_to_end: 1023/3425
end_to_end: 1029/3425
end_to_end: 1037/3425
end_to_end: 1043/3425
end_to_end: 1051/3425
end_to_end: 1057/3425
end_to_end: 1065/3425
end_to_end: 1071/3425
end_to_end: 1079/3425
end_to_end: 1085/3425
end_to_end: 1093/3425
end_to_end: 1099/3425
end_to_end: 1107/3425
end_to_end: 1114/3425
end_to_end: 1121/3425
end_to_end: 1128/3425
end_to_end: 1135/3425
end_to_end: 1142/3425
end_to_end: 1149/3425
end_to_end: 1156/3425
end_to_end: 1162/3425
end_to_end: 1168/3425
end_to_end: 1175/3425
end_to_end: 1182/3425
end_to_end: 1188/3425
end_to_end: 1195/3425
end_to_end: 1202/3425
end_to_end: 1208/3425
end_to_end: 1216/3425
end_to_end: 1222/3425
end_to_end: 1229/3425
end_to_end: 1236/3425
end_to_end: 1242/3425
end_to_end: 1250/3425
end_to_end: 1256/3425
end_to_end: 1262/3425
end_to_end: 1269/3425
end_to_end: 1276/3425
end_to_end: 1282/3425
end_to_end: 1289/3425
end_to_end: 1296/3425
end_to_end: 1302/3425
end_to_end: 1308/3425
end_to_end: 1314/3425
end_to_end: 1320/3425
end_to_end: 1328/3425
end_to_end: 1334/3425
end_to_end: 1340/3425
end_to_end: 1347/3425
end_to_end: 1354/3425
end_to_end: 1360/3425
end_to_end: 1367/3425
end_to_end: 1374/3425
end_to_end: 1380/3425
end_to_end: 1388/3425
end_to_end: 1395/3425
end_to_end: 1402/3425
end_to_end: 1408/3425
end_to_end: 1416/3425
end_to_end: 1422/3425
end_to_end: 1429/3425
end_to_end: 1436/3425
end_to_end: 1443/3425
end_to_end: 1449/3425
end_to_end: 1457/3425
end_to_end: 1464/3425
end_to_end: 1470/3425
end_to_end: 1477/3425
end_to_end: 1484/3425
end_to_end: 1491/3425
end_to_end: 1497/3425
end_to_end: 1503/3425
end_to_end: 1511/3425
end_to_end: 1517/3425
end_to_end: 1524/3425
end_to_end: 1531/3425
end_to_end: 1537/3425
end_to_end: 1544/3425
end_to_end: 1551/3425
end_to_end: 1557/3425
end_to_end: 1564/3425
end_to_end: 1571/3425
end_to_end: 1577/3425
end_to_end: 1584/3425
end_to_end: 1591/3425
end_to_end: 1597/3425
end_to_end: 1604/3425
end_to_end: 1611/3425
end_to_end: 1617/3425
end_to_end: 1624/3425
end_to_end: 1631/3425
end_to_end: 1637/3425
end_to_end: 1644/3425
end_to_end: 1650/3425
end_to_end: 1657/3425
end_to_end: 1663/3425
end_to_end: 1670/3425
end_to_end: 1676/3425
end_to_end: 1683/3425
end_to_end: 1690/3425
end_to_end: 1696/3425
end_to_end: 1702/3425
end_to_end: 1709/3425
end_to_end: 1716/3425
end_to_end: 1722/3425
end_to_end: 1730/3425
end_to_end: 1738/3425
end_to_end: 1745/3425
end_to_end: 1752/3425
end_to_end: 1761/3425
end_to_end: 1768/3425
end_to_end: 1776/3425
end_to_end: 1783/3425
end_to_end: 1791/3425
end_to_end: 1797/3425
end_to_end: 1806/3425
end_to_end: 1811/3425
end_to_end: 1818/3425
end_to_end: 1827/3425
end_to_end: 1834/3425
end_to_end: 1841/3425
end_to_end: 1848/3425
end_to_end: 1857/3425
end_to_end: 1864/3425
end_to_end: 1872/3425
end_to_end: 1880/3425
end_to_end: 1887/3425
end_to_end: 1894/3425
end_to_end: 1902/3425
end_to_end: 1910/3425
end_to_end: 1917/3425
end_to_end: 1925/3425
end_to_end: 1932/3425
end_to_end: 1940/3425
end_to_end: 1947/3425
end_to_end: 1955/3425
end_to_end: 1962/3425
end_to_end: 1970/3425
end_to_end: 1977/3425
end_to_end: 1985/3425
end_to_end: 1991/3425
end_to_end: 2000/3425
end_to_end: 2007/3425
end_to_end: 2014/3425
end_to_end: 2022/3425
end_to_end: 2030/3425
end_to_end: 2038/3425
end_to_end: 2046/3425
end_to_end: 2053/3425
end_to_end: 2060/3425
end_to_end: 2069/3425
end_to_end: 2078/3425
end_to_end: 2083/3425
end_to_end: 2090/3425
end_to_end: 2097/3425
end_to_end: 2104/3425
end_to_end: 2112/3425
end_to_end: 2119/3425
end_to_end: 2126/3425
end_to_end: 2133/3425
end_to_end: 2141/3425
end_to_end: 2148/3425
end_to_end: 2156/3425
end_to_end: 2162/3425
end_to_end: 2171/3425
end_to_end: 2178/3425
end_to_end: 2186/3425
end_to_end: 2194/3425
end_to_end: 2201/3425
end_to_end: 2210/3425
end_to_end: 2218/3425
end_to_end: 2227/3425
end_to_end: 2234/3425
end_to_end: 2242/3425
end_to_end: 2249/3425
end_to_end: 2256/3425
end_to_end: 2264/3425
end_to_end: 2270/3425
end_to_end: 2277/3425
end_to_end: 2284/3425
end_to_end: 2292/3425
end_to_end: 2298/3425
end_to_end: 2306/3425
end_to_end: 2311/3425
end_to_end: 2318/3425
end_to_end: 2326/3425
end_to_end: 2332/3425
end_to_end: 2340/3425
end_to_end: 2348/3425
end_to_end: 2355/3425
end_to_end: 2363/3425
end_to_end: 2371/3425
end_to_end: 2379/3425
end_to_end: 2385/3425
end_to_end: 2393/3425
end_to_end: 2400/3425
end_to_end: 2408/3425
end_to_end: 2414/3425
end_to_end: 2422/3425
end_to_end: 2429/3425
end_to_end: 2436/3425
end_to_end: 2444/3425
end_to_end: 2452/3425
end_to_end: 2458/3425
end_to_end: 2465/3425
end_to_end: 2473/3425
end_to_end: 2481/3425
end_to_end: 2488/3425
end_to_end: 2495/3425
end_to_end: 2503/3425
end_to_end: 2511/3425
end_to_end: 2519/3425
end_to_end: 2527/3425
end_to_end: 2534/3425
end_to_end: 2540/3425
end_to_end: 2548/3425
end_to_end: 2555/3425
end_to_end: 2563/3425
end_to_end: 2571/3425
end_to_end: 2575/3425
end_to_end: 2583/3425
end_to_end: 2591/3425
end_to_end: 2597/3425
end_to_end: 2605/3425
end_to_end: 2612/3425
end_to_end: 2620/3425
end_to_end: 2628/3425
end_to_end: 2635/3425
end_to_end: 2641/3425
end_to_end: 2648/3425
end_to_end: 2656/3425
end_to_end: 2664/3425
end_to_end: 2671/3425
end_to_end: 2678/3425
end_to_end: 2685/3425
end_to_end: 2693/3425
end_to_end: 2700/3425
end_to_end: 2708/3425
end_to_end: 2716/3425
end_to_end: 2724/3425
end_to_end: 2730/3425
end_to_end: 2738/3425
end_to_end: 2744/3425
end_to_end: 2752/3425
end_to_end: 2760/3425
end_to_end: 2767/3425
end_to_end: 2775/3425
end_to_end: 2782/3425
end_to_end: 2790/3425
end_to_end: 2797/3425
end_to_end: 2804/3425
end_to_end: 2811/3425
end_to_end: 2818/3425
end_to_end: 2826/3425
end_to_end: 2833/3425
end_to_end: 2838/3425
end_to_end: 2847/3425
end_to_end: 2854/3425
end_to_end: 2860/3425
end_to_end: 2868/3425
end_to_end: 2877/3425
end_to_end: 2884/3425
end_to_end: 2892/3425
end_to_end: 2900/3425
end_to_end: 2907/3425
end_to_end: 2914/3425
end_to_end: 2924/3425
end_to_end: 2931/3425
end_to_end: 2939/3425
end_to_end: 2945/3425
end_to_end: 2953/3425
end_to_end: 2960/3425
end_to_end: 2967/3425
end_to_end: 2974/3425
end_to_end: 2981/3425
end_to_end: 2989/3425
end_to_end: 2997/3425
end_to_end: 3006/3425
end_to_end: 3012/3425
end_to_end: 3020/3425
end_to_end: 3027/3425
end_to_end: 3034/3425
end_to_end: 3041/3425
end_to_end: 3048/3425
end_to_end: 3056/3425
end_to_end: 3063/3425
end_to_end: 3071/3425
end_to_end: 3078/3425
end_to_end: 3085/3425
end_to_end: 3093/3425
end_to_end: 3100/3425
end_to_end: 3105/3425
end_to_end: 3111/3425
end_to_end: 3119/3425
end_to_end: 3126/3425
end_to_end: 3134/3425
end_to_end: 3142/3425
end_to_end: 3150/3425
end_to_end: 3158/3425
end_to_end: 3164/3425
end_to_end: 3172/3425
end_to_end: 3180/3425
end_to_end: 3187/3425
end_to_end: 3195/3425
end_to_end: 3200/3425
end_to_end: 3207/3425
end_to_end: 3214/3425
end_to_end: 3222/3425
end_to_end: 3228/3425
end_to_end: 3236/3425
end_to_end: 3242/3425
end_to_end: 3250/3425
end_to_end: 3257/3425
end_to_end: 3265/3425
end_to_end: 3273/3425
end_to_end: 3279/3425
end_to_end: 3285/3425
end_to_end: 3292/3425
end_to_end: 3299/3425
end_to_end: 3308/3425
end_to_end: 3315/3425
end_to_end: 3324/3425
end_to_end: 3330/3425
end_to_end: 3338/3425
end_to_end: 3346/3425
end_to_end: 3350/3425
end_to_end: 3358/3425
end_to_end: 3364/3425
end_to_end: 3370/3425
end_to_end: 3378/3425
end_to_end: 3384/3425
end_to_end: 3393/3425
end_to_end: 3399/3425
end_to_end: 3407/3425
end_to_end: 3415/3425
end_to_end: 3422/3425
end_to_end: 3425/3425
end_to_end: 3425 inferencias em 484.257 s; 7.0727 FPS de throughput; 3.0183 FPS por latencia; latencia media 331.312 ms; p99 416.269 ms
Validando segmentacao...
validacao: 0/3425
validacao: 1/3425
validacao: 4/3425
validacao: 8/3425
validacao: 11/3425
validacao: 15/3425
validacao: 18/3425
validacao: 22/3425
validacao: 25/3425
validacao: 29/3425
validacao: 32/3425
validacao: 36/3425
validacao: 39/3425
validacao: 43/3425
validacao: 46/3425
validacao: 50/3425
validacao: 53/3425
validacao: 57/3425
validacao: 60/3425
validacao: 64/3425
validacao: 67/3425
validacao: 70/3425
validacao: 74/3425
validacao: 77/3425
validacao: 81/3425
validacao: 84/3425
validacao: 87/3425
validacao: 91/3425
validacao: 94/3425
validacao: 98/3425
validacao: 101/3425
validacao: 105/3425
validacao: 108/3425
validacao: 112/3425
validacao: 115/3425
validacao: 119/3425
validacao: 122/3425
validacao: 126/3425
validacao: 129/3425
validacao: 133/3425
validacao: 136/3425
validacao: 140/3425
validacao: 143/3425
validacao: 146/3425
validacao: 150/3425
validacao: 153/3425
validacao: 157/3425
validacao: 161/3425
validacao: 164/3425
validacao: 168/3425
validacao: 171/3425
validacao: 175/3425
validacao: 179/3425
validacao: 182/3425
validacao: 186/3425
validacao: 189/3425
validacao: 193/3425
validacao: 196/3425
validacao: 200/3425
validacao: 203/3425
validacao: 207/3425
validacao: 211/3425
validacao: 214/3425
validacao: 218/3425
validacao: 221/3425
validacao: 225/3425
validacao: 228/3425
validacao: 232/3425
validacao: 236/3425
validacao: 239/3425
validacao: 243/3425
validacao: 247/3425
validacao: 250/3425
validacao: 253/3425
validacao: 257/3425
validacao: 261/3425
validacao: 264/3425
validacao: 268/3425
validacao: 271/3425
validacao: 275/3425
validacao: 278/3425
validacao: 282/3425
validacao: 285/3425
validacao: 289/3425
validacao: 293/3425
validacao: 296/3425
validacao: 300/3425
validacao: 303/3425
validacao: 307/3425
validacao: 311/3425
validacao: 314/3425
validacao: 318/3425
validacao: 321/3425
validacao: 325/3425
validacao: 328/3425
validacao: 332/3425
validacao: 335/3425
validacao: 339/3425
validacao: 342/3425
validacao: 346/3425
validacao: 349/3425
validacao: 353/3425
validacao: 356/3425
validacao: 360/3425
validacao: 364/3425
validacao: 367/3425
validacao: 371/3425
validacao: 374/3425
validacao: 378/3425
validacao: 381/3425
validacao: 385/3425
validacao: 388/3425
validacao: 392/3425
validacao: 395/3425
validacao: 399/3425
validacao: 402/3425
validacao: 406/3425
validacao: 410/3425
validacao: 413/3425
validacao: 417/3425
validacao: 420/3425
validacao: 424/3425
validacao: 428/3425
validacao: 431/3425
validacao: 435/3425
validacao: 438/3425
validacao: 442/3425
validacao: 445/3425
validacao: 449/3425
validacao: 452/3425
validacao: 456/3425
validacao: 459/3425
validacao: 463/3425
validacao: 466/3425
validacao: 470/3425
validacao: 473/3425
validacao: 477/3425
validacao: 481/3425
validacao: 484/3425
validacao: 488/3425
validacao: 491/3425
validacao: 495/3425
validacao: 498/3425
validacao: 502/3425
validacao: 505/3425
validacao: 509/3425
validacao: 512/3425
validacao: 516/3425
validacao: 520/3425
validacao: 523/3425
validacao: 527/3425
validacao: 530/3425
validacao: 534/3425
validacao: 538/3425
validacao: 541/3425
validacao: 545/3425
validacao: 548/3425
validacao: 552/3425
validacao: 555/3425
validacao: 559/3425
validacao: 562/3425
validacao: 566/3425
validacao: 570/3425
validacao: 573/3425
validacao: 577/3425
validacao: 580/3425
validacao: 584/3425
validacao: 587/3425
validacao: 591/3425
validacao: 594/3425
validacao: 598/3425
validacao: 601/3425
validacao: 605/3425
validacao: 608/3425
validacao: 612/3425
validacao: 615/3425
validacao: 619/3425
validacao: 623/3425
validacao: 626/3425
validacao: 630/3425
validacao: 633/3425
validacao: 637/3425
validacao: 641/3425
validacao: 644/3425
validacao: 648/3425
validacao: 651/3425
validacao: 654/3425
validacao: 658/3425
validacao: 661/3425
validacao: 665/3425
validacao: 669/3425
validacao: 672/3425
validacao: 676/3425
validacao: 679/3425
validacao: 683/3425
validacao: 686/3425
validacao: 690/3425
validacao: 693/3425
validacao: 697/3425
validacao: 700/3425
validacao: 704/3425
validacao: 707/3425
validacao: 711/3425
validacao: 714/3425
validacao: 718/3425
validacao: 721/3425
validacao: 725/3425
validacao: 728/3425
validacao: 732/3425
validacao: 735/3425
validacao: 739/3425
validacao: 742/3425
validacao: 746/3425
validacao: 749/3425
validacao: 753/3425
validacao: 756/3425
validacao: 760/3425
validacao: 764/3425
validacao: 767/3425
validacao: 771/3425
validacao: 774/3425
validacao: 778/3425
validacao: 781/3425
validacao: 785/3425
validacao: 788/3425
validacao: 792/3425
validacao: 796/3425
validacao: 799/3425
validacao: 803/3425
validacao: 806/3425
validacao: 810/3425
validacao: 813/3425
validacao: 817/3425
validacao: 821/3425
validacao: 824/3425
validacao: 828/3425
validacao: 831/3425
validacao: 835/3425
validacao: 838/3425
validacao: 842/3425
validacao: 845/3425
validacao: 849/3425
validacao: 853/3425
validacao: 856/3425
validacao: 860/3425
validacao: 863/3425
validacao: 867/3425
validacao: 870/3425
validacao: 874/3425
validacao: 877/3425
validacao: 881/3425
validacao: 885/3425
validacao: 888/3425
validacao: 892/3425
validacao: 895/3425
validacao: 899/3425
validacao: 902/3425
validacao: 906/3425
validacao: 910/3425
validacao: 913/3425
validacao: 917/3425
validacao: 920/3425
validacao: 924/3425
validacao: 927/3425
validacao: 930/3425
validacao: 934/3425
validacao: 937/3425
validacao: 940/3425
validacao: 944/3425
validacao: 947/3425
validacao: 950/3425
validacao: 954/3425
validacao: 957/3425
validacao: 960/3425
validacao: 963/3425
validacao: 967/3425
validacao: 970/3425
validacao: 974/3425
validacao: 977/3425
validacao: 980/3425
validacao: 984/3425
validacao: 987/3425
validacao: 990/3425
validacao: 994/3425
validacao: 997/3425
validacao: 1000/3425
validacao: 1004/3425
validacao: 1007/3425
validacao: 1011/3425
validacao: 1014/3425
validacao: 1017/3425
validacao: 1021/3425
validacao: 1024/3425
validacao: 1028/3425
validacao: 1031/3425
validacao: 1035/3425
validacao: 1039/3425
validacao: 1042/3425
validacao: 1046/3425
validacao: 1049/3425
validacao: 1053/3425
validacao: 1056/3425
validacao: 1060/3425
validacao: 1063/3425
validacao: 1067/3425
validacao: 1070/3425
validacao: 1074/3425
validacao: 1077/3425
validacao: 1081/3425
validacao: 1085/3425
validacao: 1088/3425
validacao: 1092/3425
validacao: 1095/3425
validacao: 1099/3425
validacao: 1102/3425
validacao: 1106/3425
validacao: 1110/3425
validacao: 1113/3425
validacao: 1117/3425
validacao: 1120/3425
validacao: 1124/3425
validacao: 1127/3425
validacao: 1131/3425
validacao: 1135/3425
validacao: 1138/3425
validacao: 1142/3425
validacao: 1145/3425
validacao: 1149/3425
validacao: 1152/3425
validacao: 1156/3425
validacao: 1159/3425
validacao: 1163/3425
validacao: 1166/3425
validacao: 1170/3425
validacao: 1173/3425
validacao: 1177/3425
validacao: 1180/3425
validacao: 1184/3425
validacao: 1187/3425
validacao: 1190/3425
validacao: 1194/3425
validacao: 1197/3425
validacao: 1201/3425
validacao: 1205/3425
validacao: 1208/3425
validacao: 1212/3425
validacao: 1215/3425
validacao: 1219/3425
validacao: 1222/3425
validacao: 1226/3425
validacao: 1229/3425
validacao: 1233/3425
validacao: 1236/3425
validacao: 1240/3425
validacao: 1243/3425
validacao: 1247/3425
validacao: 1250/3425
validacao: 1254/3425
validacao: 1257/3425
validacao: 1261/3425
validacao: 1264/3425
validacao: 1268/3425
validacao: 1271/3425
validacao: 1275/3425
validacao: 1278/3425
validacao: 1282/3425
validacao: 1285/3425
validacao: 1289/3425
validacao: 1292/3425
validacao: 1296/3425
validacao: 1299/3425
validacao: 1302/3425
validacao: 1306/3425
validacao: 1309/3425
validacao: 1312/3425
validacao: 1316/3425
validacao: 1319/3425
validacao: 1323/3425
validacao: 1326/3425
validacao: 1330/3425
validacao: 1333/3425
validacao: 1337/3425
validacao: 1340/3425
validacao: 1344/3425
validacao: 1347/3425
validacao: 1350/3425
validacao: 1354/3425
validacao: 1357/3425
validacao: 1361/3425
validacao: 1364/3425
validacao: 1368/3425
validacao: 1371/3425
validacao: 1375/3425
validacao: 1379/3425
validacao: 1382/3425
validacao: 1386/3425
validacao: 1390/3425
validacao: 1393/3425
validacao: 1397/3425
validacao: 1400/3425
validacao: 1404/3425
validacao: 1407/3425
validacao: 1411/3425
validacao: 1414/3425
validacao: 1418/3425
validacao: 1422/3425
validacao: 1425/3425
validacao: 1428/3425
validacao: 1432/3425
validacao: 1436/3425
validacao: 1439/3425
validacao: 1442/3425
validacao: 1446/3425
validacao: 1449/3425
validacao: 1453/3425
validacao: 1456/3425
validacao: 1460/3425
validacao: 1464/3425
validacao: 1467/3425
validacao: 1470/3425
validacao: 1474/3425
validacao: 1477/3425
validacao: 1481/3425
validacao: 1485/3425
validacao: 1488/3425
validacao: 1491/3425
validacao: 1495/3425
validacao: 1498/3425
validacao: 1502/3425
validacao: 1505/3425
validacao: 1509/3425
validacao: 1513/3425
validacao: 1516/3425
validacao: 1520/3425
validacao: 1523/3425
validacao: 1527/3425
validacao: 1530/3425
validacao: 1534/3425
validacao: 1537/3425
validacao: 1541/3425
validacao: 1544/3425
validacao: 1548/3425
validacao: 1551/3425
validacao: 1554/3425
validacao: 1558/3425
validacao: 1561/3425
validacao: 1565/3425
validacao: 1569/3425
validacao: 1572/3425
validacao: 1576/3425
validacao: 1579/3425
validacao: 1582/3425
validacao: 1586/3425
validacao: 1589/3425
validacao: 1593/3425
validacao: 1596/3425
validacao: 1599/3425
validacao: 1603/3425
validacao: 1606/3425
validacao: 1610/3425
validacao: 1613/3425
validacao: 1616/3425
validacao: 1620/3425
validacao: 1623/3425
validacao: 1627/3425
validacao: 1630/3425
validacao: 1634/3425
validacao: 1637/3425
validacao: 1640/3425
validacao: 1644/3425
validacao: 1647/3425
validacao: 1651/3425
validacao: 1654/3425
validacao: 1657/3425
validacao: 1661/3425
validacao: 1664/3425
validacao: 1668/3425
validacao: 1671/3425
validacao: 1675/3425
validacao: 1678/3425
validacao: 1681/3425
validacao: 1685/3425
validacao: 1688/3425
validacao: 1692/3425
validacao: 1695/3425
validacao: 1699/3425
validacao: 1702/3425
validacao: 1705/3425
validacao: 1709/3425
validacao: 1712/3425
validacao: 1716/3425
validacao: 1719/3425
validacao: 1723/3425
validacao: 1726/3425
validacao: 1730/3425
validacao: 1734/3425
validacao: 1737/3425
validacao: 1741/3425
validacao: 1745/3425
validacao: 1748/3425
validacao: 1752/3425
validacao: 1756/3425
validacao: 1760/3425
validacao: 1763/3425
validacao: 1767/3425
validacao: 1771/3425
validacao: 1775/3425
validacao: 1778/3425
validacao: 1782/3425
validacao: 1785/3425
validacao: 1789/3425
validacao: 1793/3425
validacao: 1796/3425
validacao: 1800/3425
validacao: 1804/3425
validacao: 1808/3425
validacao: 1811/3425
validacao: 1815/3425
validacao: 1819/3425
validacao: 1823/3425
validacao: 1826/3425
validacao: 1830/3425
validacao: 1834/3425
validacao: 1837/3425
validacao: 1841/3425
validacao: 1845/3425
validacao: 1848/3425
validacao: 1852/3425
validacao: 1855/3425
validacao: 1859/3425
validacao: 1863/3425
validacao: 1867/3425
validacao: 1871/3425
validacao: 1875/3425
validacao: 1878/3425
validacao: 1882/3425
validacao: 1886/3425
validacao: 1889/3425
validacao: 1893/3425
validacao: 1896/3425
validacao: 1900/3425
validacao: 1904/3425
validacao: 1907/3425
validacao: 1911/3425
validacao: 1915/3425
validacao: 1919/3425
validacao: 1923/3425
validacao: 1926/3425
validacao: 1930/3425
validacao: 1934/3425
validacao: 1937/3425
validacao: 1941/3425
validacao: 1945/3425
validacao: 1948/3425
validacao: 1952/3425
validacao: 1955/3425
validacao: 1959/3425
validacao: 1963/3425
validacao: 1967/3425
validacao: 1970/3425
validacao: 1974/3425
validacao: 1978/3425
validacao: 1981/3425
validacao: 1985/3425
validacao: 1989/3425
validacao: 1992/3425
validacao: 1996/3425
validacao: 2000/3425
validacao: 2004/3425
validacao: 2007/3425
validacao: 2011/3425
validacao: 2014/3425
validacao: 2018/3425
validacao: 2022/3425
validacao: 2026/3425
validacao: 2030/3425
validacao: 2033/3425
validacao: 2037/3425
validacao: 2041/3425
validacao: 2045/3425
validacao: 2049/3425
validacao: 2052/3425
validacao: 2056/3425
validacao: 2060/3425
validacao: 2063/3425
validacao: 2067/3425
validacao: 2071/3425
validacao: 2075/3425
validacao: 2079/3425
validacao: 2083/3425
validacao: 2086/3425
validacao: 2090/3425
validacao: 2093/3425
validacao: 2097/3425
validacao: 2101/3425
validacao: 2104/3425
validacao: 2108/3425
validacao: 2112/3425
validacao: 2115/3425
validacao: 2119/3425
validacao: 2123/3425
validacao: 2126/3425
validacao: 2130/3425
validacao: 2134/3425
validacao: 2137/3425
validacao: 2141/3425
validacao: 2144/3425
validacao: 2148/3425
validacao: 2152/3425
validacao: 2156/3425
validacao: 2160/3425
validacao: 2163/3425
validacao: 2167/3425
validacao: 2171/3425
validacao: 2174/3425
validacao: 2178/3425
validacao: 2182/3425
validacao: 2186/3425
validacao: 2189/3425
validacao: 2193/3425
validacao: 2196/3425
validacao: 2200/3425
validacao: 2204/3425
validacao: 2208/3425
validacao: 2211/3425
validacao: 2215/3425
validacao: 2219/3425
validacao: 2223/3425
validacao: 2227/3425
validacao: 2231/3425
validacao: 2235/3425
validacao: 2238/3425
validacao: 2242/3425
validacao: 2245/3425
validacao: 2249/3425
validacao: 2253/3425
validacao: 2256/3425
validacao: 2260/3425
validacao: 2263/3425
validacao: 2267/3425
validacao: 2270/3425
validacao: 2274/3425
validacao: 2278/3425
validacao: 2281/3425
validacao: 2285/3425
validacao: 2289/3425
validacao: 2292/3425
validacao: 2296/3425
validacao: 2299/3425
validacao: 2303/3425
validacao: 2307/3425
validacao: 2310/3425
validacao: 2314/3425
validacao: 2317/3425
validacao: 2321/3425
validacao: 2325/3425
validacao: 2328/3425
validacao: 2331/3425
validacao: 2335/3425
validacao: 2339/3425
validacao: 2342/3425
validacao: 2346/3425
validacao: 2350/3425
validacao: 2354/3425
validacao: 2357/3425
validacao: 2361/3425
validacao: 2365/3425
validacao: 2368/3425
validacao: 2372/3425
validacao: 2376/3425
validacao: 2380/3425
validacao: 2384/3425
validacao: 2387/3425
validacao: 2391/3425
validacao: 2394/3425
validacao: 2398/3425
validacao: 2401/3425
validacao: 2405/3425
validacao: 2409/3425
validacao: 2412/3425
validacao: 2416/3425
validacao: 2419/3425
validacao: 2423/3425
validacao: 2427/3425
validacao: 2430/3425
validacao: 2434/3425
validacao: 2438/3425
validacao: 2442/3425
validacao: 2445/3425
validacao: 2449/3425
validacao: 2452/3425
validacao: 2456/3425
validacao: 2459/3425
validacao: 2463/3425
validacao: 2466/3425
validacao: 2470/3425
validacao: 2474/3425
validacao: 2478/3425
validacao: 2481/3425
validacao: 2485/3425
validacao: 2489/3425
validacao: 2492/3425
validacao: 2496/3425
validacao: 2500/3425
validacao: 2504/3425
validacao: 2508/3425
validacao: 2511/3425
validacao: 2515/3425
validacao: 2519/3425
validacao: 2523/3425
validacao: 2526/3425
validacao: 2530/3425
validacao: 2533/3425
validacao: 2537/3425
validacao: 2541/3425
validacao: 2545/3425
validacao: 2548/3425
validacao: 2552/3425
validacao: 2555/3425
validacao: 2559/3425
validacao: 2563/3425
validacao: 2567/3425
validacao: 2570/3425
validacao: 2574/3425
validacao: 2578/3425
validacao: 2581/3425
validacao: 2585/3425
validacao: 2588/3425
validacao: 2592/3425
validacao: 2596/3425
validacao: 2599/3425
validacao: 2603/3425
validacao: 2606/3425
validacao: 2610/3425
validacao: 2614/3425
validacao: 2618/3425
validacao: 2621/3425
validacao: 2625/3425
validacao: 2629/3425
validacao: 2633/3425
validacao: 2636/3425
validacao: 2640/3425
validacao: 2643/3425
validacao: 2647/3425
validacao: 2651/3425
validacao: 2654/3425
validacao: 2658/3425
validacao: 2662/3425
validacao: 2666/3425
validacao: 2669/3425
validacao: 2673/3425
validacao: 2676/3425
validacao: 2680/3425
validacao: 2683/3425
validacao: 2687/3425
validacao: 2690/3425
validacao: 2694/3425
validacao: 2698/3425
validacao: 2702/3425
validacao: 2706/3425
validacao: 2709/3425
validacao: 2713/3425
validacao: 2717/3425
validacao: 2720/3425
validacao: 2724/3425
validacao: 2727/3425
validacao: 2731/3425
validacao: 2735/3425
validacao: 2738/3425
validacao: 2742/3425
validacao: 2746/3425
validacao: 2749/3425
validacao: 2753/3425
validacao: 2757/3425
validacao: 2760/3425
validacao: 2764/3425
validacao: 2768/3425
validacao: 2772/3425
validacao: 2775/3425
validacao: 2779/3425
validacao: 2783/3425
validacao: 2787/3425
validacao: 2790/3425
validacao: 2794/3425
validacao: 2798/3425
validacao: 2801/3425
validacao: 2805/3425
validacao: 2808/3425
validacao: 2812/3425
validacao: 2816/3425
validacao: 2819/3425
validacao: 2823/3425
validacao: 2826/3425
validacao: 2830/3425
validacao: 2834/3425
validacao: 2838/3425
validacao: 2842/3425
validacao: 2845/3425
validacao: 2849/3425
validacao: 2852/3425
validacao: 2856/3425
validacao: 2860/3425
validacao: 2864/3425
validacao: 2868/3425
validacao: 2871/3425
validacao: 2875/3425
validacao: 2879/3425
validacao: 2883/3425
validacao: 2886/3425
validacao: 2890/3425
validacao: 2894/3425
validacao: 2898/3425
validacao: 2901/3425
validacao: 2905/3425
validacao: 2908/3425
validacao: 2912/3425
validacao: 2916/3425
validacao: 2920/3425
validacao: 2924/3425
validacao: 2928/3425
validacao: 2932/3425
validacao: 2935/3425
validacao: 2939/3425
validacao: 2943/3425
validacao: 2946/3425
validacao: 2950/3425
validacao: 2954/3425
validacao: 2957/3425
validacao: 2961/3425
validacao: 2965/3425
validacao: 2968/3425
validacao: 2972/3425
validacao: 2975/3425
validacao: 2979/3425
validacao: 2983/3425
validacao: 2986/3425
validacao: 2990/3425
validacao: 2994/3425
validacao: 2998/3425
validacao: 3001/3425
validacao: 3005/3425
validacao: 3009/3425
validacao: 3012/3425
validacao: 3016/3425
validacao: 3020/3425
validacao: 3023/3425
validacao: 3027/3425
validacao: 3031/3425
validacao: 3034/3425
validacao: 3038/3425
validacao: 3041/3425
validacao: 3045/3425
validacao: 3048/3425
validacao: 3052/3425
validacao: 3056/3425
validacao: 3059/3425
validacao: 3063/3425
validacao: 3067/3425
validacao: 3071/3425
validacao: 3074/3425
validacao: 3078/3425
validacao: 3081/3425
validacao: 3085/3425
validacao: 3089/3425
validacao: 3092/3425
validacao: 3096/3425
validacao: 3100/3425
validacao: 3103/3425
validacao: 3107/3425
validacao: 3110/3425
validacao: 3114/3425
validacao: 3118/3425
validacao: 3121/3425
validacao: 3125/3425
validacao: 3129/3425
validacao: 3133/3425
validacao: 3136/3425
validacao: 3140/3425
validacao: 3144/3425
validacao: 3148/3425
validacao: 3151/3425
validacao: 3155/3425
validacao: 3158/3425
validacao: 3162/3425
validacao: 3166/3425
validacao: 3169/3425
validacao: 3173/3425
validacao: 3177/3425
validacao: 3181/3425
validacao: 3185/3425
validacao: 3189/3425
validacao: 3192/3425
validacao: 3196/3425
validacao: 3200/3425
validacao: 3203/3425
validacao: 3207/3425
validacao: 3211/3425
validacao: 3214/3425
validacao: 3218/3425
validacao: 3222/3425
validacao: 3226/3425
validacao: 3229/3425
validacao: 3233/3425
validacao: 3237/3425
validacao: 3240/3425
validacao: 3244/3425
validacao: 3248/3425
validacao: 3251/3425
validacao: 3255/3425
validacao: 3259/3425
validacao: 3263/3425
validacao: 3266/3425
validacao: 3270/3425
validacao: 3273/3425
validacao: 3277/3425
validacao: 3281/3425
validacao: 3284/3425
validacao: 3288/3425
validacao: 3291/3425
validacao: 3295/3425
validacao: 3299/3425
validacao: 3303/3425
validacao: 3307/3425
validacao: 3310/3425
validacao: 3315/3425
validacao: 3318/3425
validacao: 3322/3425
validacao: 3326/3425
validacao: 3330/3425
validacao: 3333/3425
validacao: 3337/3425
validacao: 3341/3425
validacao: 3344/3425
validacao: 3348/3425
validacao: 3352/3425
validacao: 3355/3425
validacao: 3359/3425
validacao: 3363/3425
validacao: 3366/3425
validacao: 3370/3425
validacao: 3374/3425
validacao: 3377/3425
validacao: 3381/3425
validacao: 3384/3425
validacao: 3388/3425
validacao: 3392/3425
validacao: 3395/3425
validacao: 3399/3425
validacao: 3403/3425
validacao: 3406/3425
validacao: 3410/3425
validacao: 3414/3425
validacao: 3417/3425
validacao: 3421/3425
validacao: 3425/3425
Validacao oficial: F1=0.615134 AP medio=0.608302
F1=0.619582 IoU=0.448836 AUPRC=0.553424 FPR tile=0.0233508
Resultados: "/home/root/thiago/benchmark/codigos_c/official_results_zcu104/20211119_173838/dataset_starcop/attentiongates_dpu_only_remaining/rep1"
